[0.003s][info][gc] Using Parallel
[0.004s][info][gc,init] Version: 16.0.1+9 (release)
[0.004s][info][gc,init] CPUs: 8 total, 8 available
[0.004s][info][gc,init] Memory: 32117M
[0.004s][info][gc,init] Large Page Support: Disabled
[0.004s][info][gc,init] NUMA Support: Disabled
[0.004s][info][gc,init] Compressed Oops: Enabled (Zero based)
[0.004s][info][gc,init] Alignments: Space 512K, Generation 512K, Heap 2M
[0.004s][info][gc,init] Heap Min Capacity: 2054M
[0.004s][info][gc,init] Heap Initial Capacity: 2054M
[0.004s][info][gc,init] Heap Max Capacity: 3G
[0.004s][info][gc,init] Pre-touch: Disabled
[0.004s][info][gc,init] Parallel Workers: 4
[0.004s][info][gc,metaspace] CDS disabled.
[0.004s][info][gc,metaspace] Compressed class space mapped at: 0x0000000800000000-0x0000000840000000, reserved size: 1073741824
[0.004s][info][gc,metaspace] Narrow klass base: 0x0000000800000000, Narrow klass shift: 0, Narrow klass range: 0x40000000
[0.544s][info][safepoint   ] Safepoint "ICBufferFull", Time since last: 521651169 ns, Reaching safepoint: 137004 ns, At safepoint: 2300 ns, Total: 139304 ns
[0.800s][info][gc,start    ] GC(0) Pause Young (Metadata GC Threshold)
[0.805s][debug][gc,phases   ] GC(0) Scavenge 4.890ms
[0.805s][debug][gc,ref      ] GC(0) Skipped phase 1 of Reference Processing: no references
[0.805s][debug][gc,ref      ] GC(0) Skipped phase 3 of Reference Processing: no references
[0.805s][debug][gc,phases   ] GC(0) Reference Processing 0.099ms
[0.805s][debug][gc,phases   ] GC(0) Weak Processing 0.252ms
[0.805s][debug][gc,age      ] GC(0) Desired survivor size 536870912 bytes, new threshold 7 (max threshold 15)
[0.805s][info ][gc,heap     ] GC(0) PSYoungGen: 167772K(1572864K)->7845K(1572864K) Eden: 167772K(1048576K)->0K(1048576K) From: 0K(524288K)->7845K(524288K)
[0.805s][info ][gc,heap     ] GC(0) ParOldGen: 0K(6144K)->88K(6144K)
[0.805s][info ][gc,metaspace] GC(0) Metaspace: 21005K(21248K)->21005K(21248K) NonClass: 18640K(18752K)->18640K(18752K) Class: 2365K(2496K)->2365K(2496K)
[0.805s][info ][gc          ] GC(0) Pause Young (Metadata GC Threshold) 163M->7M(1542M) 5.648ms
[0.805s][info ][gc,cpu      ] GC(0) User=0.02s Sys=0.01s Real=0.00s
[0.805s][debug][gc,phases   ] GC(1) Pre Compact 0.010ms
[0.805s][info ][gc,start    ] GC(1) Pause Full (Metadata GC Threshold)
[0.805s][info ][gc,phases,start] GC(1) Marking Phase
[0.808s][debug][gc,phases      ] GC(1) Par Mark 3.222ms
[0.808s][debug][gc,ref         ] GC(1) Skipped phase 1 of Reference Processing: no references
[0.809s][debug][gc,ref         ] GC(1) Skipped phase 3 of Reference Processing: no references
[0.809s][debug][gc,phases      ] GC(1) Reference Processing 0.033ms
[0.809s][debug][gc,phases      ] GC(1) Weak Processing 0.102ms
[0.809s][debug][gc,phases      ] GC(1) ClassLoaderData 0.013ms
[0.809s][debug][gc,phases      ] GC(1) Trigger cleanups 0.000ms
[0.811s][debug][gc,phases      ] GC(1) Class Unloading 1.999ms
[0.811s][info ][gc,phases      ] GC(1) Marking Phase 5.453ms
[0.811s][info ][gc,phases,start] GC(1) Summary Phase
[0.811s][info ][gc,phases      ] GC(1) Summary Phase 0.006ms
[0.811s][info ][gc,phases,start] GC(1) Adjust Roots
[0.814s][info ][gc,phases      ] GC(1) Adjust Roots 3.631ms
[0.814s][info ][gc,phases,start] GC(1) Compaction Phase
[0.822s][info ][gc,phases      ] GC(1) Compaction Phase 8.112ms
[0.823s][info ][gc,phases,start] GC(1) Post Compact
[0.823s][info ][gc,phases      ] GC(1) Post Compact 0.461ms
[0.823s][info ][gc,heap        ] GC(1) PSYoungGen: 7845K(1572864K)->2150K(1572864K) Eden: 0K(1048576K)->0K(1048576K) From: 7845K(524288K)->2150K(524288K)
[0.823s][info ][gc,heap        ] GC(1) ParOldGen: 88K(6144K)->5687K(6144K)
[0.823s][info ][gc,metaspace   ] GC(1) Metaspace: 21005K(21248K)->21005K(21248K) NonClass: 18640K(18752K)->18640K(18752K) Class: 2365K(2496K)->2365K(2496K)
[0.823s][info ][gc             ] GC(1) Pause Full (Metadata GC Threshold) 7M->7M(1542M) 17.819ms
[0.823s][info ][gc,cpu         ] GC(1) User=0.04s Sys=0.02s Real=0.02s
[0.823s][info ][safepoint      ] Safepoint "CollectForMetadataAllocation", Time since last: 255761181 ns, Reaching safepoint: 97803 ns, At safepoint: 23579017 ns, Total: 23676820 ns
[0.998s][info ][safepoint      ] Safepoint "ICBufferFull", Time since last: 174711215 ns, Reaching safepoint: 76003 ns, At safepoint: 10600 ns, Total: 86603 ns
[1.009s][info ][safepoint      ] Safepoint "ICBufferFull", Time since last: 10889531 ns, Reaching safepoint: 54502 ns, At safepoint: 2100 ns, Total: 56602 ns
[1.017s][info ][safepoint      ] Safepoint "ICBufferFull", Time since last: 7915641 ns, Reaching safepoint: 51701 ns, At safepoint: 6100 ns, Total: 57801 ns
[1.029s][info ][safepoint      ] Safepoint "ICBufferFull", Time since last: 12544682 ns, Reaching safepoint: 51402 ns, At safepoint: 9300 ns, Total: 60702 ns
[1.033s][info ][safepoint      ] Safepoint "ICBufferFull", Time since last: 3395003 ns, Reaching safepoint: 99503 ns, At safepoint: 3700 ns, Total: 103203 ns
[1.037s][info ][safepoint      ] Safepoint "ICBufferFull", Time since last: 4294531 ns, Reaching safepoint: 43501 ns, At safepoint: 3800 ns, Total: 47301 ns
[1.041s][info ][safepoint      ] Safepoint "ICBufferFull", Time since last: 3438805 ns, Reaching safepoint: 43401 ns, At safepoint: 5501 ns, Total: 48902 ns
[1.044s][info ][safepoint      ] Safepoint "ICBufferFull", Time since last: 3355902 ns, Reaching safepoint: 39101 ns, At safepoint: 1400 ns, Total: 40501 ns
[1.047s][info ][safepoint      ] Safepoint "ICBufferFull", Time since last: 2747683 ns, Reaching safepoint: 98603 ns, At safepoint: 3501 ns, Total: 102104 ns
[1.053s][info ][safepoint      ] Safepoint "ICBufferFull", Time since last: 6192788 ns, Reaching safepoint: 56502 ns, At safepoint: 1300 ns, Total: 57802 ns
[1.054s][info ][safepoint      ] Safepoint "ICBufferFull", Time since last: 564617 ns, Reaching safepoint: 18000 ns, At safepoint: 1100 ns, Total: 19100 ns
[1.055s][info ][safepoint      ] Safepoint "ICBufferFull", Time since last: 1068833 ns, Reaching safepoint: 29901 ns, At safepoint: 5000 ns, Total: 34901 ns
[1.142s][info ][safepoint      ] Safepoint "ICBufferFull", Time since last: 87243354 ns, Reaching safepoint: 175205 ns, At safepoint: 6201 ns, Total: 181406 ns
[1.143s][info ][safepoint      ] Safepoint "ICBufferFull", Time since last: 1086733 ns, Reaching safepoint: 45501 ns, At safepoint: 1400 ns, Total: 46901 ns
[1.145s][info ][safepoint      ] Safepoint "ICBufferFull", Time since last: 1166236 ns, Reaching safepoint: 18700 ns, At safepoint: 1200 ns, Total: 19900 ns
[1.146s][info ][safepoint      ] Safepoint "ICBufferFull", Time since last: 852526 ns, Reaching safepoint: 52702 ns, At safepoint: 5900 ns, Total: 58602 ns
[1.147s][info ][safepoint      ] Safepoint "ICBufferFull", Time since last: 1197436 ns, Reaching safepoint: 37402 ns, At safepoint: 5700 ns, Total: 43102 ns
[1.148s][info ][safepoint      ] Safepoint "ICBufferFull", Time since last: 875726 ns, Reaching safepoint: 23001 ns, At safepoint: 1500 ns, Total: 24501 ns
[1.149s][info ][safepoint      ] Safepoint "ICBufferFull", Time since last: 1201237 ns, Reaching safepoint: 96003 ns, At safepoint: 4300 ns, Total: 100303 ns
[1.150s][info ][safepoint      ] Safepoint "ICBufferFull", Time since last: 892927 ns, Reaching safepoint: 21701 ns, At safepoint: 1500 ns, Total: 23201 ns
[1.151s][info ][safepoint      ] Safepoint "ICBufferFull", Time since last: 1160935 ns, Reaching safepoint: 43201 ns, At safepoint: 1500 ns, Total: 44701 ns
[1.152s][info ][safepoint      ] Safepoint "ICBufferFull", Time since last: 890627 ns, Reaching safepoint: 89003 ns, At safepoint: 4100 ns, Total: 93103 ns
[1.153s][info ][safepoint      ] Safepoint "ICBufferFull", Time since last: 1251838 ns, Reaching safepoint: 113204 ns, At safepoint: 4600 ns, Total: 117804 ns
[1.155s][info ][safepoint      ] Safepoint "ICBufferFull", Time since last: 1249938 ns, Reaching safepoint: 50801 ns, At safepoint: 2400 ns, Total: 53201 ns
[1.156s][info ][safepoint      ] Safepoint "ICBufferFull", Time since last: 840926 ns, Reaching safepoint: 31101 ns, At safepoint: 1600 ns, Total: 32701 ns
[1.157s][info ][safepoint      ] Safepoint "ICBufferFull", Time since last: 1647750 ns, Reaching safepoint: 30401 ns, At safepoint: 4400 ns, Total: 34801 ns
[1.159s][info ][safepoint      ] Safepoint "ICBufferFull", Time since last: 1803055 ns, Reaching safepoint: 48202 ns, At safepoint: 15900 ns, Total: 64102 ns
[1.161s][info ][safepoint      ] Safepoint "ICBufferFull", Time since last: 2141965 ns, Reaching safepoint: 63902 ns, At safepoint: 2300 ns, Total: 66202 ns
[1.170s][info ][safepoint      ] Safepoint "ICBufferFull", Time since last: 8831269 ns, Reaching safepoint: 59302 ns, At safepoint: 2000 ns, Total: 61302 ns
[1.191s][info ][safepoint      ] Safepoint "ICBufferFull", Time since last: 20376820 ns, Reaching safepoint: 57301 ns, At safepoint: 1900 ns, Total: 59201 ns
[1.194s][info ][safepoint      ] Safepoint "ICBufferFull", Time since last: 3284100 ns, Reaching safepoint: 52102 ns, At safepoint: 6100 ns, Total: 58202 ns
[1.235s][info ][safepoint      ] Safepoint "ICBufferFull", Time since last: 40694938 ns, Reaching safepoint: 83903 ns, At safepoint: 6300 ns, Total: 90203 ns
[1.235s][info ][safepoint      ] Safepoint "ICBufferFull", Time since last: 588918 ns, Reaching safepoint: 19600 ns, At safepoint: 1000 ns, Total: 20600 ns
[1.240s][info ][safepoint      ] Safepoint "ICBufferFull", Time since last: 4680943 ns, Reaching safepoint: 39401 ns, At safepoint: 6500 ns, Total: 45901 ns
[1.253s][info ][safepoint      ] Safepoint "ICBufferFull", Time since last: 12291674 ns, Reaching safepoint: 30401 ns, At safepoint: 2000 ns, Total: 32401 ns
[1.290s][info ][safepoint      ] Safepoint "ICBufferFull", Time since last: 37246633 ns, Reaching safepoint: 53102 ns, At safepoint: 2000 ns, Total: 55102 ns
[1.291s][info ][safepoint      ] Safepoint "ICBufferFull", Time since last: 1269039 ns, Reaching safepoint: 22000 ns, At safepoint: 1000 ns, Total: 23000 ns
[1.293s][info ][safepoint      ] Safepoint "ICBufferFull", Time since last: 1977860 ns, Reaching safepoint: 24201 ns, At safepoint: 1100 ns, Total: 25301 ns
[1.294s][info ][safepoint      ] Safepoint "ICBufferFull", Time since last: 1207637 ns, Reaching safepoint: 27601 ns, At safepoint: 1100 ns, Total: 28701 ns
[1.296s][info ][safepoint      ] Safepoint "ICBufferFull", Time since last: 1892657 ns, Reaching safepoint: 18801 ns, At safepoint: 4400 ns, Total: 23201 ns
[1.298s][info ][safepoint      ] Safepoint "ICBufferFull", Time since last: 1630750 ns, Reaching safepoint: 17700 ns, At safepoint: 900 ns, Total: 18600 ns
[1.299s][info ][safepoint      ] Safepoint "ICBufferFull", Time since last: 782024 ns, Reaching safepoint: 16001 ns, At safepoint: 1200 ns, Total: 17201 ns
[1.299s][info ][safepoint      ] Safepoint "ICBufferFull", Time since last: 514315 ns, Reaching safepoint: 14601 ns, At safepoint: 700 ns, Total: 15301 ns
[1.300s][info ][safepoint      ] Safepoint "ICBufferFull", Time since last: 891427 ns, Reaching safepoint: 13200 ns, At safepoint: 1000 ns, Total: 14200 ns
[1.303s][info ][safepoint      ] Safepoint "ICBufferFull", Time since last: 2344872 ns, Reaching safepoint: 22900 ns, At safepoint: 1300 ns, Total: 24200 ns
[1.303s][info ][safepoint      ] Safepoint "ICBufferFull", Time since last: 666921 ns, Reaching safepoint: 14800 ns, At safepoint: 1000 ns, Total: 15800 ns
[1.304s][info ][safepoint      ] Safepoint "ICBufferFull", Time since last: 817425 ns, Reaching safepoint: 16000 ns, At safepoint: 1500 ns, Total: 17500 ns
[1.305s][info ][safepoint      ] Safepoint "ICBufferFull", Time since last: 1079533 ns, Reaching safepoint: 27501 ns, At safepoint: 1500 ns, Total: 29001 ns
[1.307s][info ][safepoint      ] Safepoint "ICBufferFull", Time since last: 1924459 ns, Reaching safepoint: 31301 ns, At safepoint: 1400 ns, Total: 32701 ns
[1.309s][info ][safepoint      ] Safepoint "ICBufferFull", Time since last: 1563947 ns, Reaching safepoint: 32601 ns, At safepoint: 1000 ns, Total: 33601 ns
[1.310s][info ][safepoint      ] Safepoint "ICBufferFull", Time since last: 1129635 ns, Reaching safepoint: 37201 ns, At safepoint: 1300 ns, Total: 38501 ns
[1.311s][info ][safepoint      ] Safepoint "ICBufferFull", Time since last: 1242738 ns, Reaching safepoint: 21700 ns, At safepoint: 1100 ns, Total: 22800 ns
[1.313s][info ][safepoint      ] Safepoint "ICBufferFull", Time since last: 2052563 ns, Reaching safepoint: 25101 ns, At safepoint: 1800 ns, Total: 26901 ns
[1.315s][info ][safepoint      ] Safepoint "ICBufferFull", Time since last: 2188966 ns, Reaching safepoint: 28001 ns, At safepoint: 1500 ns, Total: 29501 ns
[1.321s][info ][safepoint      ] Safepoint "ICBufferFull", Time since last: 5944481 ns, Reaching safepoint: 77702 ns, At safepoint: 2100 ns, Total: 79802 ns
[1.326s][info ][safepoint      ] Safepoint "ICBufferFull", Time since last: 4349333 ns, Reaching safepoint: 30001 ns, At safepoint: 1500 ns, Total: 31501 ns
[1.329s][info ][safepoint      ] Safepoint "ICBufferFull", Time since last: 2851186 ns, Reaching safepoint: 40202 ns, At safepoint: 11900 ns, Total: 52102 ns
[1.331s][info ][safepoint      ] Safepoint "ICBufferFull", Time since last: 1827056 ns, Reaching safepoint: 35901 ns, At safepoint: 8700 ns, Total: 44601 ns
[1.332s][info ][safepoint      ] Safepoint "ICBufferFull", Time since last: 1676851 ns, Reaching safepoint: 36501 ns, At safepoint: 1700 ns, Total: 38201 ns
[1.333s][info ][safepoint      ] Safepoint "ICBufferFull", Time since last: 532916 ns, Reaching safepoint: 87303 ns, At safepoint: 5400 ns, Total: 92703 ns
[1.335s][info ][safepoint      ] Safepoint "ICBufferFull", Time since last: 1789255 ns, Reaching safepoint: 21400 ns, At safepoint: 1800 ns, Total: 23200 ns
[1.336s][info ][safepoint      ] Safepoint "ICBufferFull", Time since last: 1644950 ns, Reaching safepoint: 22701 ns, At safepoint: 1500 ns, Total: 24201 ns
[1.338s][info ][safepoint      ] Safepoint "ICBufferFull", Time since last: 1698952 ns, Reaching safepoint: 21700 ns, At safepoint: 1600 ns, Total: 23300 ns
[1.341s][info ][safepoint      ] Safepoint "ICBufferFull", Time since last: 2611680 ns, Reaching safepoint: 41901 ns, At safepoint: 2400 ns, Total: 44301 ns
[1.342s][info ][safepoint      ] Safepoint "ICBufferFull", Time since last: 1585148 ns, Reaching safepoint: 46802 ns, At safepoint: 2400 ns, Total: 49202 ns
[1.344s][info ][safepoint      ] Safepoint "ICBufferFull", Time since last: 1614149 ns, Reaching safepoint: 31201 ns, At safepoint: 900 ns, Total: 32101 ns
[1.346s][info ][safepoint      ] Safepoint "ICBufferFull", Time since last: 1691252 ns, Reaching safepoint: 17800 ns, At safepoint: 5100 ns, Total: 22900 ns
[1.348s][info ][safepoint      ] Safepoint "ICBufferFull", Time since last: 1823756 ns, Reaching safepoint: 89302 ns, At safepoint: 4901 ns, Total: 94203 ns
[1.350s][info ][safepoint      ] Safepoint "ICBufferFull", Time since last: 2191566 ns, Reaching safepoint: 48102 ns, At safepoint: 1600 ns, Total: 49702 ns
[1.352s][info ][safepoint      ] Safepoint "ICBufferFull", Time since last: 1881257 ns, Reaching safepoint: 43201 ns, At safepoint: 1500 ns, Total: 44701 ns
[1.355s][info ][safepoint      ] Safepoint "ICBufferFull", Time since last: 2648781 ns, Reaching safepoint: 28101 ns, At safepoint: 1100 ns, Total: 29201 ns
[1.368s][info ][safepoint      ] Safepoint "ICBufferFull", Time since last: 12965994 ns, Reaching safepoint: 68602 ns, At safepoint: 6701 ns, Total: 75303 ns
[1.369s][info ][safepoint      ] Safepoint "ICBufferFull", Time since last: 1095433 ns, Reaching safepoint: 33601 ns, At safepoint: 1600 ns, Total: 35201 ns
[1.371s][info ][safepoint      ] Safepoint "ICBufferFull", Time since last: 1762254 ns, Reaching safepoint: 22800 ns, At safepoint: 1500 ns, Total: 24300 ns
[1.371s][info ][safepoint      ] Safepoint "ICBufferFull", Time since last: 527716 ns, Reaching safepoint: 19801 ns, At safepoint: 1500 ns, Total: 21301 ns
[1.373s][info ][safepoint      ] Safepoint "ICBufferFull", Time since last: 1973260 ns, Reaching safepoint: 25001 ns, At safepoint: 1500 ns, Total: 26501 ns
[1.377s][info ][safepoint      ] Safepoint "ICBufferFull", Time since last: 4154626 ns, Reaching safepoint: 47102 ns, At safepoint: 3300 ns, Total: 50402 ns
[1.381s][info ][safepoint      ] Safepoint "ICBufferFull", Time since last: 3698912 ns, Reaching safepoint: 32201 ns, At safepoint: 1500 ns, Total: 33701 ns
[1.387s][info ][safepoint      ] Safepoint "ICBufferFull", Time since last: 5667073 ns, Reaching safepoint: 43501 ns, At safepoint: 2500 ns, Total: 46001 ns
[1.388s][info ][safepoint      ] Safepoint "ICBufferFull", Time since last: 1434344 ns, Reaching safepoint: 30601 ns, At safepoint: 4200 ns, Total: 34801 ns
[1.389s][info ][safepoint      ] Safepoint "ICBufferFull", Time since last: 525916 ns, Reaching safepoint: 16900 ns, At safepoint: 1100 ns, Total: 18000 ns
[1.392s][info ][safepoint      ] Safepoint "ICBufferFull", Time since last: 2923189 ns, Reaching safepoint: 27701 ns, At safepoint: 1400 ns, Total: 29101 ns
[1.393s][info ][safepoint      ] Safepoint "ICBufferFull", Time since last: 918428 ns, Reaching safepoint: 19601 ns, At safepoint: 700 ns, Total: 20301 ns
[1.395s][info ][safepoint      ] Safepoint "ICBufferFull", Time since last: 2655481 ns, Reaching safepoint: 19400 ns, At safepoint: 4900 ns, Total: 24300 ns
[1.396s][info ][safepoint      ] Safepoint "ICBufferFull", Time since last: 542317 ns, Reaching safepoint: 17500 ns, At safepoint: 3700 ns, Total: 21200 ns
[1.398s][info ][safepoint      ] Safepoint "ICBufferFull", Time since last: 1691652 ns, Reaching safepoint: 15600 ns, At safepoint: 600 ns, Total: 16200 ns
[1.399s][info ][safepoint      ] Safepoint "ICBufferFull", Time since last: 1619150 ns, Reaching safepoint: 28601 ns, At safepoint: 4100 ns, Total: 32701 ns
[1.400s][info ][safepoint      ] Safepoint "ICBufferFull", Time since last: 558217 ns, Reaching safepoint: 26300 ns, At safepoint: 900 ns, Total: 27200 ns
[1.403s][info ][safepoint      ] Safepoint "ICBufferFull", Time since last: 3184397 ns, Reaching safepoint: 25401 ns, At safepoint: 4000 ns, Total: 29401 ns
[1.423s][info ][safepoint      ] Safepoint "ICBufferFull", Time since last: 19744901 ns, Reaching safepoint: 47701 ns, At safepoint: 1900 ns, Total: 49601 ns
[1.423s][info ][safepoint      ] Safepoint "ICBufferFull", Time since last: 561418 ns, Reaching safepoint: 22000 ns, At safepoint: 600 ns, Total: 22600 ns
[1.441s][info ][safepoint      ] Safepoint "ICBufferFull", Time since last: 17517233 ns, Reaching safepoint: 50802 ns, At safepoint: 2900 ns, Total: 53702 ns
[1.442s][info ][safepoint      ] Safepoint "ICBufferFull", Time since last: 1170135 ns, Reaching safepoint: 31301 ns, At safepoint: 1300 ns, Total: 32601 ns
[1.443s][info ][safepoint      ] Safepoint "ICBufferFull", Time since last: 820025 ns, Reaching safepoint: 13401 ns, At safepoint: 800 ns, Total: 14201 ns
[1.444s][info ][safepoint      ] Safepoint "ICBufferFull", Time since last: 824225 ns, Reaching safepoint: 84302 ns, At safepoint: 4101 ns, Total: 88403 ns
[1.446s][info ][safepoint      ] Safepoint "ICBufferFull", Time since last: 1669150 ns, Reaching safepoint: 23701 ns, At safepoint: 1300 ns, Total: 25001 ns
[1.448s][info ][safepoint      ] Safepoint "ICBufferFull", Time since last: 2034562 ns, Reaching safepoint: 33201 ns, At safepoint: 1300 ns, Total: 34501 ns
[1.449s][info ][safepoint      ] Safepoint "ICBufferFull", Time since last: 887827 ns, Reaching safepoint: 23701 ns, At safepoint: 700 ns, Total: 24401 ns
[1.450s][info ][safepoint      ] Safepoint "ICBufferFull", Time since last: 980530 ns, Reaching safepoint: 31201 ns, At safepoint: 800 ns, Total: 32001 ns
[1.452s][info ][safepoint      ] Safepoint "ICBufferFull", Time since last: 2083763 ns, Reaching safepoint: 31101 ns, At safepoint: 1200 ns, Total: 32301 ns
[1.453s][info ][safepoint      ] Safepoint "ICBufferFull", Time since last: 1192736 ns, Reaching safepoint: 23101 ns, At safepoint: 700 ns, Total: 23801 ns
[1.454s][info ][safepoint      ] Safepoint "ICBufferFull", Time since last: 1073233 ns, Reaching safepoint: 20900 ns, At safepoint: 800 ns, Total: 21700 ns
[1.455s][info ][safepoint      ] Safepoint "ICBufferFull", Time since last: 1274539 ns, Reaching safepoint: 17901 ns, At safepoint: 1000 ns, Total: 18901 ns
[1.459s][info ][safepoint      ] Safepoint "ICBufferFull", Time since last: 3422704 ns, Reaching safepoint: 31601 ns, At safepoint: 2400 ns, Total: 34001 ns
[1.460s][info ][safepoint      ] Safepoint "ICBufferFull", Time since last: 878327 ns, Reaching safepoint: 39101 ns, At safepoint: 1700 ns, Total: 40801 ns
[1.461s][info ][safepoint      ] Safepoint "ICBufferFull", Time since last: 1528646 ns, Reaching safepoint: 55802 ns, At safepoint: 2800 ns, Total: 58602 ns
[1.462s][info ][safepoint      ] Safepoint "ICBufferFull", Time since last: 564117 ns, Reaching safepoint: 32801 ns, At safepoint: 2300 ns, Total: 35101 ns
[1.463s][info ][safepoint      ] Safepoint "ICBufferFull", Time since last: 1505146 ns, Reaching safepoint: 24301 ns, At safepoint: 1000 ns, Total: 25301 ns
[1.465s][info ][safepoint      ] Safepoint "ICBufferFull", Time since last: 1391142 ns, Reaching safepoint: 44302 ns, At safepoint: 2200 ns, Total: 46502 ns
[1.466s][info ][safepoint      ] Safepoint "ICBufferFull", Time since last: 1413643 ns, Reaching safepoint: 19500 ns, At safepoint: 1200 ns, Total: 20700 ns
[1.468s][info ][safepoint      ] Safepoint "ICBufferFull", Time since last: 1411543 ns, Reaching safepoint: 20601 ns, At safepoint: 3200 ns, Total: 23801 ns
[1.469s][info ][safepoint      ] Safepoint "ICBufferFull", Time since last: 1355441 ns, Reaching safepoint: 19401 ns, At safepoint: 6500 ns, Total: 25901 ns
[1.471s][info ][safepoint      ] Safepoint "ICBufferFull", Time since last: 1405243 ns, Reaching safepoint: 19400 ns, At safepoint: 1300 ns, Total: 20700 ns
[1.472s][info ][safepoint      ] Safepoint "ICBufferFull", Time since last: 1400743 ns, Reaching safepoint: 18500 ns, At safepoint: 1501 ns, Total: 20001 ns
[1.473s][info ][safepoint      ] Safepoint "ICBufferFull", Time since last: 1336040 ns, Reaching safepoint: 18301 ns, At safepoint: 1500 ns, Total: 19801 ns
[1.475s][info ][safepoint      ] Safepoint "ICBufferFull", Time since last: 1529646 ns, Reaching safepoint: 88503 ns, At safepoint: 5500 ns, Total: 94003 ns
[1.477s][info ][safepoint      ] Safepoint "ICBufferFull", Time since last: 2080863 ns, Reaching safepoint: 36002 ns, At safepoint: 2300 ns, Total: 38302 ns
[1.478s][info ][safepoint      ] Safepoint "ICBufferFull", Time since last: 1328240 ns, Reaching safepoint: 24001 ns, At safepoint: 2200 ns, Total: 26201 ns
[1.480s][info ][safepoint      ] Safepoint "ICBufferFull", Time since last: 1370042 ns, Reaching safepoint: 104203 ns, At safepoint: 5500 ns, Total: 109703 ns
[1.482s][info ][safepoint      ] Safepoint "ICBufferFull", Time since last: 1611249 ns, Reaching safepoint: 18400 ns, At safepoint: 1500 ns, Total: 19900 ns
[1.483s][info ][safepoint      ] Safepoint "ICBufferFull", Time since last: 1279639 ns, Reaching safepoint: 19701 ns, At safepoint: 1600 ns, Total: 21301 ns
[1.484s][info ][safepoint      ] Safepoint "ICBufferFull", Time since last: 1299640 ns, Reaching safepoint: 18300 ns, At safepoint: 2000 ns, Total: 20300 ns
[1.485s][info ][safepoint      ] Safepoint "ICBufferFull", Time since last: 1288939 ns, Reaching safepoint: 17901 ns, At safepoint: 1500 ns, Total: 19401 ns
[1.487s][info ][safepoint      ] Safepoint "ICBufferFull", Time since last: 1506346 ns, Reaching safepoint: 18900 ns, At safepoint: 1800 ns, Total: 20700 ns
[1.488s][info ][safepoint      ] Safepoint "ICBufferFull", Time since last: 531917 ns, Reaching safepoint: 28201 ns, At safepoint: 1100 ns, Total: 29301 ns
[1.491s][info ][safepoint      ] Safepoint "ICBufferFull", Time since last: 3113594 ns, Reaching safepoint: 22001 ns, At safepoint: 2200 ns, Total: 24201 ns
[1.492s][info ][safepoint      ] Safepoint "ICBufferFull", Time since last: 1312240 ns, Reaching safepoint: 18600 ns, At safepoint: 1301 ns, Total: 19901 ns
[1.493s][info ][safepoint      ] Safepoint "ICBufferFull", Time since last: 520315 ns, Reaching safepoint: 17401 ns, At safepoint: 1100 ns, Total: 18501 ns
[1.494s][info ][safepoint      ] Safepoint "ICBufferFull", Time since last: 1688151 ns, Reaching safepoint: 20501 ns, At safepoint: 1900 ns, Total: 22401 ns
[1.496s][info ][safepoint      ] Safepoint "ICBufferFull", Time since last: 1547347 ns, Reaching safepoint: 22601 ns, At safepoint: 1600 ns, Total: 24201 ns
[1.497s][info ][safepoint      ] Safepoint "ICBufferFull", Time since last: 625219 ns, Reaching safepoint: 35601 ns, At safepoint: 1500 ns, Total: 37101 ns
[1.498s][info ][safepoint      ] Safepoint "ICBufferFull", Time since last: 1784854 ns, Reaching safepoint: 30101 ns, At safepoint: 800 ns, Total: 30901 ns
[1.500s][info ][safepoint      ] Safepoint "ICBufferFull", Time since last: 1708452 ns, Reaching safepoint: 32201 ns, At safepoint: 1300 ns, Total: 33501 ns
[1.501s][info ][safepoint      ] Safepoint "ICBufferFull", Time since last: 1174536 ns, Reaching safepoint: 20901 ns, At safepoint: 900 ns, Total: 21801 ns
[1.503s][info ][safepoint      ] Safepoint "ICBufferFull", Time since last: 1237937 ns, Reaching safepoint: 29701 ns, At safepoint: 1000 ns, Total: 30701 ns
[1.504s][info ][safepoint      ] Safepoint "ICBufferFull", Time since last: 971730 ns, Reaching safepoint: 27701 ns, At safepoint: 900 ns, Total: 28601 ns
[1.505s][info ][safepoint      ] Safepoint "ICBufferFull", Time since last: 1149935 ns, Reaching safepoint: 16000 ns, At safepoint: 800 ns, Total: 16800 ns
[1.506s][info ][safepoint      ] Safepoint "ICBufferFull", Time since last: 1450044 ns, Reaching safepoint: 31801 ns, At safepoint: 4400 ns, Total: 36201 ns
[1.508s][info ][safepoint      ] Safepoint "ICBufferFull", Time since last: 1348041 ns, Reaching safepoint: 14501 ns, At safepoint: 900 ns, Total: 15401 ns
[1.509s][info ][safepoint      ] Safepoint "ICBufferFull", Time since last: 1688251 ns, Reaching safepoint: 31701 ns, At safepoint: 1300 ns, Total: 33001 ns
[1.510s][info ][safepoint      ] Safepoint "ICBufferFull", Time since last: 1092933 ns, Reaching safepoint: 40102 ns, At safepoint: 1300 ns, Total: 41402 ns
[1.511s][info ][safepoint      ] Safepoint "ICBufferFull", Time since last: 1058232 ns, Reaching safepoint: 36401 ns, At safepoint: 1500 ns, Total: 37901 ns
[1.512s][info ][safepoint      ] Safepoint "ICBufferFull", Time since last: 950029 ns, Reaching safepoint: 21301 ns, At safepoint: 6100 ns, Total: 27401 ns
[1.514s][info ][safepoint      ] Safepoint "ICBufferFull", Time since last: 994630 ns, Reaching safepoint: 52102 ns, At safepoint: 6900 ns, Total: 59002 ns
[1.515s][info ][safepoint      ] Safepoint "ICBufferFull", Time since last: 1040231 ns, Reaching safepoint: 41602 ns, At safepoint: 1400 ns, Total: 43002 ns
[1.515s][info ][safepoint      ] Safepoint "ICBufferFull", Time since last: 526416 ns, Reaching safepoint: 20300 ns, At safepoint: 1100 ns, Total: 21400 ns
[1.517s][info ][safepoint      ] Safepoint "ICBufferFull", Time since last: 1563448 ns, Reaching safepoint: 35801 ns, At safepoint: 1300 ns, Total: 37101 ns
[1.517s][info ][safepoint      ] Safepoint "ICBufferFull", Time since last: 666820 ns, Reaching safepoint: 20801 ns, At safepoint: 1200 ns, Total: 22001 ns
[1.518s][info ][safepoint      ] Safepoint "ICBufferFull", Time since last: 722122 ns, Reaching safepoint: 21401 ns, At safepoint: 9400 ns, Total: 30801 ns
[1.519s][info ][safepoint      ] Safepoint "ICBufferFull", Time since last: 683521 ns, Reaching safepoint: 28701 ns, At safepoint: 1000 ns, Total: 29701 ns
[1.520s][info ][safepoint      ] Safepoint "ICBufferFull", Time since last: 732922 ns, Reaching safepoint: 33301 ns, At safepoint: 800 ns, Total: 34101 ns
[1.520s][info ][safepoint      ] Safepoint "ICBufferFull", Time since last: 672020 ns, Reaching safepoint: 27401 ns, At safepoint: 700 ns, Total: 28101 ns
[1.521s][info ][safepoint      ] Safepoint "ICBufferFull", Time since last: 676921 ns, Reaching safepoint: 28001 ns, At safepoint: 5700 ns, Total: 33701 ns
[1.522s][info ][safepoint      ] Safepoint "ICBufferFull", Time since last: 930228 ns, Reaching safepoint: 26701 ns, At safepoint: 900 ns, Total: 27601 ns
[1.523s][info ][safepoint      ] Safepoint "ICBufferFull", Time since last: 1153235 ns, Reaching safepoint: 94003 ns, At safepoint: 4100 ns, Total: 98103 ns
[1.524s][info ][safepoint      ] Safepoint "ICBufferFull", Time since last: 899528 ns, Reaching safepoint: 13000 ns, At safepoint: 700 ns, Total: 13700 ns
[1.525s][info ][safepoint      ] Safepoint "ICBufferFull", Time since last: 885527 ns, Reaching safepoint: 15100 ns, At safepoint: 1300 ns, Total: 16400 ns
[1.526s][info ][safepoint      ] Safepoint "ICBufferFull", Time since last: 901128 ns, Reaching safepoint: 82802 ns, At safepoint: 4500 ns, Total: 87302 ns
[1.527s][info ][safepoint      ] Safepoint "ICBufferFull", Time since last: 1149435 ns, Reaching safepoint: 19701 ns, At safepoint: 4500 ns, Total: 24201 ns
[1.528s][info ][safepoint      ] Safepoint "ICBufferFull", Time since last: 851426 ns, Reaching safepoint: 14900 ns, At safepoint: 4601 ns, Total: 19501 ns
[1.532s][info ][safepoint      ] Safepoint "ICBufferFull", Time since last: 4291130 ns, Reaching safepoint: 38601 ns, At safepoint: 1400 ns, Total: 40001 ns
[1.536s][info ][safepoint      ] Safepoint "ICBufferFull", Time since last: 3995522 ns, Reaching safepoint: 17600 ns, At safepoint: 1301 ns, Total: 18901 ns
[1.540s][info ][safepoint      ] Safepoint "ICBufferFull", Time since last: 3891518 ns, Reaching safepoint: 16200 ns, At safepoint: 1200 ns, Total: 17400 ns
[1.545s][info ][safepoint      ] Safepoint "ICBufferFull", Time since last: 4158727 ns, Reaching safepoint: 18001 ns, At safepoint: 1800 ns, Total: 19801 ns
[1.549s][info ][safepoint      ] Safepoint "ICBufferFull", Time since last: 4061723 ns, Reaching safepoint: 18801 ns, At safepoint: 1100 ns, Total: 19901 ns
[1.550s][info ][safepoint      ] Safepoint "ICBufferFull", Time since last: 1446744 ns, Reaching safepoint: 16400 ns, At safepoint: 1300 ns, Total: 17700 ns
[1.551s][info ][safepoint      ] Safepoint "ICBufferFull", Time since last: 1199037 ns, Reaching safepoint: 15800 ns, At safepoint: 1200 ns, Total: 17000 ns
[1.553s][info ][safepoint      ] Safepoint "ICBufferFull", Time since last: 1167436 ns, Reaching safepoint: 26601 ns, At safepoint: 700 ns, Total: 27301 ns
[1.554s][info ][safepoint      ] Safepoint "ICBufferFull", Time since last: 1188036 ns, Reaching safepoint: 15000 ns, At safepoint: 5700 ns, Total: 20700 ns
[1.556s][info ][safepoint      ] Safepoint "ICBufferFull", Time since last: 2033162 ns, Reaching safepoint: 36601 ns, At safepoint: 7201 ns, Total: 43802 ns
[1.559s][info ][safepoint      ] Safepoint "ICBufferFull", Time since last: 3130695 ns, Reaching safepoint: 35801 ns, At safepoint: 1500 ns, Total: 37301 ns
[1.560s][info ][safepoint      ] Safepoint "ICBufferFull", Time since last: 746123 ns, Reaching safepoint: 16900 ns, At safepoint: 1000 ns, Total: 17900 ns
[1.563s][info ][safepoint      ] Safepoint "ICBufferFull", Time since last: 3587109 ns, Reaching safepoint: 45102 ns, At safepoint: 2000 ns, Total: 47102 ns
[1.566s][info ][safepoint      ] Safepoint "ICBufferFull", Time since last: 2007861 ns, Reaching safepoint: 123204 ns, At safepoint: 4300 ns, Total: 127504 ns
[1.568s][info ][safepoint      ] Safepoint "ICBufferFull", Time since last: 2146765 ns, Reaching safepoint: 34601 ns, At safepoint: 1000 ns, Total: 35601 ns
[1.569s][info ][safepoint      ] Safepoint "ICBufferFull", Time since last: 1016231 ns, Reaching safepoint: 16101 ns, At safepoint: 1000 ns, Total: 17101 ns
[1.703s][info ][safepoint      ] Safepoint "ICBufferFull", Time since last: 134011677 ns, Reaching safepoint: 194406 ns, At safepoint: 7500 ns, Total: 201906 ns
[2.077s][info ][safepoint      ] Safepoint "ICBufferFull", Time since last: 373244855 ns, Reaching safepoint: 405812 ns, At safepoint: 7501 ns, Total: 413313 ns
[2.309s][info ][gc,start       ] GC(2) Pause Young (Metadata GC Threshold)
[2.346s][debug][gc,phases      ] GC(2) Scavenge 37.105ms
[2.346s][debug][gc,ref         ] GC(2) Skipped phase 1 of Reference Processing: no references
[2.346s][debug][gc,ref         ] GC(2) Skipped phase 3 of Reference Processing: no references
[2.346s][debug][gc,phases      ] GC(2) Reference Processing 0.192ms
[2.347s][debug][gc,phases      ] GC(2) Weak Processing 0.853ms
[2.347s][debug][gc,age         ] GC(2) Desired survivor size 536870912 bytes, new threshold 7 (max threshold 15)
[2.347s][info ][gc,heap        ] GC(2) PSYoungGen: 470995K(1572864K)->53821K(1572864K) Eden: 468844K(1048576K)->0K(1048576K) From: 2150K(524288K)->53821K(524288K)
[2.347s][info ][gc,heap        ] GC(2) ParOldGen: 5687K(6144K)->5703K(6144K)
[2.347s][info ][gc,metaspace   ] GC(2) Metaspace: 35130K(35456K)->35130K(35456K) NonClass: 30717K(30912K)->30717K(30912K) Class: 4412K(4544K)->4412K(4544K)
[2.347s][info ][gc             ] GC(2) Pause Young (Metadata GC Threshold) 465M->58M(1542M) 38.311ms
[2.347s][info ][gc,cpu         ] GC(2) User=0.11s Sys=0.04s Real=0.04s
[2.347s][debug][gc,phases      ] GC(3) Pre Compact 0.009ms
[2.347s][info ][gc,start       ] GC(3) Pause Full (Metadata GC Threshold)
[2.347s][info ][gc,phases,start] GC(3) Marking Phase
[2.371s][debug][gc,phases      ] GC(3) Par Mark 23.715ms
[2.371s][debug][gc,ref         ] GC(3) Skipped phase 1 of Reference Processing: no references
[2.371s][debug][gc,ref         ] GC(3) Skipped phase 3 of Reference Processing: no references
[2.371s][debug][gc,phases      ] GC(3) Reference Processing 0.100ms
[2.372s][debug][gc,phases      ] GC(3) Weak Processing 0.266ms
[2.372s][debug][gc,phases      ] GC(3) ClassLoaderData 0.111ms
[2.372s][debug][gc,phases      ] GC(3) Trigger cleanups 0.001ms
[2.378s][debug][gc,phases      ] GC(3) Class Unloading 6.739ms
[2.378s][info ][gc,phases      ] GC(3) Marking Phase 30.938ms
[2.378s][info ][gc,phases,start] GC(3) Summary Phase
[2.378s][info ][gc,phases      ] GC(3) Summary Phase 0.007ms
[2.378s][info ][gc,phases,start] GC(3) Adjust Roots
[2.389s][info ][gc,phases      ] GC(3) Adjust Roots 10.625ms
[2.389s][info ][gc,phases,start] GC(3) Compaction Phase
[2.677s][info ][gc,phases      ] GC(3) Compaction Phase 288.074ms
[2.677s][info ][gc,phases,start] GC(3) Post Compact
[2.678s][info ][gc,phases      ] GC(3) Post Compact 0.548ms
[2.678s][info ][gc,heap        ] GC(3) PSYoungGen: 53821K(1572864K)->53170K(1572864K) Eden: 0K(1048576K)->0K(1048576K) From: 53821K(524288K)->53170K(524288K)
[2.678s][info ][gc,heap        ] GC(3) ParOldGen: 5703K(6144K)->6120K(6144K)
[2.678s][info ][gc,metaspace   ] GC(3) Metaspace: 35130K(35456K)->35120K(35456K) NonClass: 30717K(30912K)->30710K(30912K) Class: 4412K(4544K)->4409K(4544K)
[2.678s][info ][gc             ] GC(3) Pause Full (Metadata GC Threshold) 58M->57M(1542M) 330.296ms
[2.678s][info ][gc,cpu         ] GC(3) User=0.70s Sys=0.00s Real=0.34s
[2.678s][info ][safepoint      ] Safepoint "CollectForMetadataAllocation", Time since last: 232177663 ns, Reaching safepoint: 225507 ns, At safepoint: 368734519 ns, Total: 368960026 ns
[2.830s][info ][safepoint      ] Safepoint "ICBufferFull", Time since last: 152034025 ns, Reaching safepoint: 255708 ns, At safepoint: 6300 ns, Total: 262008 ns
[2.894s][info ][safepoint      ] Safepoint "ICBufferFull", Time since last: 63578034 ns, Reaching safepoint: 194606 ns, At safepoint: 23101 ns, Total: 217707 ns
[3.002s][info ][safepoint      ] Safepoint "ICBufferFull", Time since last: 108070188 ns, Reaching safepoint: 220707 ns, At safepoint: 30001 ns, Total: 250708 ns
[3.208s][info ][safepoint      ] Safepoint "ICBufferFull", Time since last: 205156441 ns, Reaching safepoint: 236208 ns, At safepoint: 21200 ns, Total: 257408 ns
[3.208s][info ][safepoint      ] Safepoint "ICBufferFull", Time since last: 58502 ns, Reaching safepoint: 95203 ns, At safepoint: 21101 ns, Total: 116304 ns
[3.285s][info ][safepoint      ] Safepoint "ICBufferFull", Time since last: 77259150 ns, Reaching safepoint: 183106 ns, At safepoint: 19600 ns, Total: 202706 ns
[3.424s][info ][safepoint      ] Safepoint "ICBufferFull", Time since last: 138106002 ns, Reaching safepoint: 211607 ns, At safepoint: 26200 ns, Total: 237807 ns
[3.462s][info ][safepoint      ] Safepoint "ICBufferFull", Time since last: 34299344 ns, Reaching safepoint: 4345932 ns, At safepoint: 31701 ns, Total: 4377633 ns
[3.469s][info ][safepoint      ] Safepoint "ICBufferFull", Time since last: 7048415 ns, Reaching safepoint: 135304 ns, At safepoint: 24700 ns, Total: 160004 ns
[3.470s][info ][safepoint      ] Safepoint "ICBufferFull", Time since last: 202007 ns, Reaching safepoint: 95703 ns, At safepoint: 17100 ns, Total: 112803 ns
[3.485s][info ][safepoint      ] Safepoint "ICBufferFull", Time since last: 15210263 ns, Reaching safepoint: 305909 ns, At safepoint: 24801 ns, Total: 330710 ns
[3.486s][info ][safepoint      ] Safepoint "ICBufferFull", Time since last: 105403 ns, Reaching safepoint: 248808 ns, At safepoint: 24700 ns, Total: 273508 ns
[3.486s][info ][safepoint      ] Safepoint "ICBufferFull", Time since last: 38602 ns, Reaching safepoint: 45101 ns, At safepoint: 22501 ns, Total: 67602 ns
[3.495s][info ][safepoint      ] Safepoint "ICBufferFull", Time since last: 9434087 ns, Reaching safepoint: 124203 ns, At safepoint: 26901 ns, Total: 151104 ns
[3.497s][info ][safepoint      ] Safepoint "ICBufferFull", Time since last: 1824656 ns, Reaching safepoint: 110003 ns, At safepoint: 23201 ns, Total: 133204 ns
[3.499s][info ][safepoint      ] Safepoint "ICBufferFull", Time since last: 1423443 ns, Reaching safepoint: 68602 ns, At safepoint: 20801 ns, Total: 89403 ns
[3.501s][info ][safepoint      ] Safepoint "ICBufferFull", Time since last: 1690751 ns, Reaching safepoint: 524516 ns, At safepoint: 18101 ns, Total: 542617 ns
[3.503s][info ][safepoint      ] Safepoint "ICBufferFull", Time since last: 1866657 ns, Reaching safepoint: 102803 ns, At safepoint: 22600 ns, Total: 125403 ns
[3.507s][info ][safepoint      ] Safepoint "ICBufferFull", Time since last: 4189428 ns, Reaching safepoint: 114503 ns, At safepoint: 23501 ns, Total: 138004 ns
[3.516s][info ][safepoint      ] Safepoint "ICBufferFull", Time since last: 8538460 ns, Reaching safepoint: 131204 ns, At safepoint: 35001 ns, Total: 166205 ns
[3.521s][info ][safepoint      ] Safepoint "ICBufferFull", Time since last: 5222159 ns, Reaching safepoint: 117003 ns, At safepoint: 26001 ns, Total: 143004 ns
[3.662s][info ][safepoint      ] Safepoint "ICBufferFull", Time since last: 138639618 ns, Reaching safepoint: 2298570 ns, At safepoint: 26801 ns, Total: 2325371 ns
[3.714s][info ][safepoint      ] Safepoint "ICBufferFull", Time since last: 47971860 ns, Reaching safepoint: 3350502 ns, At safepoint: 33001 ns, Total: 3383503 ns
[3.721s][info ][safepoint      ] Safepoint "ICBufferFull", Time since last: 7158117 ns, Reaching safepoint: 106204 ns, At safepoint: 28201 ns, Total: 134405 ns
[3.729s][info ][safepoint      ] Safepoint "ICBufferFull", Time since last: 7726935 ns, Reaching safepoint: 202306 ns, At safepoint: 22800 ns, Total: 225106 ns
[3.745s][info ][safepoint      ] Safepoint "ICBufferFull", Time since last: 15340767 ns, Reaching safepoint: 143105 ns, At safepoint: 25200 ns, Total: 168305 ns
[3.757s][info ][safepoint      ] Safepoint "ICBufferFull", Time since last: 12598684 ns, Reaching safepoint: 149304 ns, At safepoint: 24701 ns, Total: 174005 ns
[3.774s][info ][safepoint      ] Safepoint "ICBufferFull", Time since last: 16813612 ns, Reaching safepoint: 100703 ns, At safepoint: 23100 ns, Total: 123803 ns
[3.788s][info ][safepoint      ] Safepoint "ICBufferFull", Time since last: 13418709 ns, Reaching safepoint: 132004 ns, At safepoint: 25900 ns, Total: 157904 ns
[3.795s][info ][safepoint      ] Safepoint "ICBufferFull", Time since last: 7236121 ns, Reaching safepoint: 131104 ns, At safepoint: 28400 ns, Total: 159504 ns
[3.810s][info ][safepoint      ] Safepoint "ICBufferFull", Time since last: 10721027 ns, Reaching safepoint: 4217628 ns, At safepoint: 27901 ns, Total: 4245529 ns
[3.832s][info ][safepoint      ] Safepoint "ICBufferFull", Time since last: 21982569 ns, Reaching safepoint: 125603 ns, At safepoint: 23701 ns, Total: 149304 ns
[3.837s][info ][safepoint      ] Safepoint "ICBufferFull", Time since last: 4747445 ns, Reaching safepoint: 135504 ns, At safepoint: 32201 ns, Total: 167705 ns
[3.857s][info ][safepoint      ] Safepoint "ICBufferFull", Time since last: 19077780 ns, Reaching safepoint: 386012 ns, At safepoint: 28301 ns, Total: 414313 ns
[3.878s][debug][gc,phases      ] GC(4) Pre Compact 0.026ms
[3.878s][info ][gc,start       ] GC(4) Pause Full (Ergonomics)
[3.878s][info ][gc,phases,start] GC(4) Marking Phase
[3.973s][debug][gc,phases      ] GC(4) Par Mark 94.685ms
[3.973s][debug][gc,ref         ] GC(4) Skipped phase 1 of Reference Processing: no references
[3.973s][debug][gc,ref         ] GC(4) Skipped phase 3 of Reference Processing: no references
[3.973s][debug][gc,phases      ] GC(4) Reference Processing 0.346ms
[3.974s][debug][gc,phases      ] GC(4) Weak Processing 0.592ms
[3.974s][debug][gc,phases      ] GC(4) ClassLoaderData 0.039ms
[3.974s][debug][gc,phases      ] GC(4) Trigger cleanups 0.000ms
[3.979s][debug][gc,phases      ] GC(4) Class Unloading 5.313ms
[3.979s][info ][gc,phases      ] GC(4) Marking Phase 101.043ms
[3.979s][info ][gc,phases,start] GC(4) Summary Phase
[3.979s][info ][gc,phases      ] GC(4) Summary Phase 0.024ms
[3.979s][info ][gc,phases,start] GC(4) Adjust Roots
[3.991s][info ][gc,phases      ] GC(4) Adjust Roots 11.803ms
[3.991s][info ][gc,phases,start] GC(4) Compaction Phase
[4.205s][info ][gc,phases      ] GC(4) Compaction Phase 214.249ms
[4.205s][info ][gc,phases,start] GC(4) Post Compact
[4.208s][info ][gc,phases      ] GC(4) Post Compact 3.466ms
[4.209s][info ][gc,heap        ] GC(4) PSYoungGen: 1101746K(1572864K)->140807K(1572864K) Eden: 1048576K(1048576K)->140807K(1048576K) From: 53170K(524288K)->0K(524288K)
[4.209s][info ][gc,heap        ] GC(4) ParOldGen: 6120K(6144K)->6115K(18944K)
[4.209s][info ][gc,metaspace   ] GC(4) Metaspace: 47394K(47872K)->47394K(47872K) NonClass: 40520K(40768K)->40520K(40768K) Class: 6873K(7104K)->6873K(7104K)
[4.209s][info ][gc             ] GC(4) Pause Full (Ergonomics) 1081M->143M(1554M) 330.798ms
[4.209s][info ][gc,cpu         ] GC(4) User=1.19s Sys=0.00s Real=0.32s
[4.212s][info ][safepoint      ] Safepoint "ParallelGCFailedAllocation", Time since last: 20899436 ns, Reaching safepoint: 124203 ns, At safepoint: 334561380 ns, Total: 334685583 ns
[4.224s][info ][safepoint      ] Safepoint "ICBufferFull", Time since last: 9610792 ns, Reaching safepoint: 146004 ns, At safepoint: 1947160 ns, Total: 2093164 ns
[4.235s][info ][safepoint      ] Safepoint "ICBufferFull", Time since last: 11178540 ns, Reaching safepoint: 142704 ns, At safepoint: 35901 ns, Total: 178605 ns
[4.252s][info ][safepoint      ] Safepoint "ICBufferFull", Time since last: 16046889 ns, Reaching safepoint: 91702 ns, At safepoint: 19001 ns, Total: 110703 ns
[4.266s][info ][safepoint      ] Safepoint "ICBufferFull", Time since last: 13509411 ns, Reaching safepoint: 623619 ns, At safepoint: 27501 ns, Total: 651120 ns
[4.280s][info ][safepoint      ] Safepoint "ICBufferFull", Time since last: 14007226 ns, Reaching safepoint: 128404 ns, At safepoint: 25301 ns, Total: 153705 ns
[4.287s][info ][safepoint      ] Safepoint "ICBufferFull", Time since last: 7224219 ns, Reaching safepoint: 116704 ns, At safepoint: 38001 ns, Total: 154705 ns
[4.298s][info ][safepoint      ] Safepoint "ICBufferFull", Time since last: 10257912 ns, Reaching safepoint: 159505 ns, At safepoint: 31601 ns, Total: 191106 ns
[4.301s][info ][safepoint      ] Safepoint "ICBufferFull", Time since last: 3089694 ns, Reaching safepoint: 91703 ns, At safepoint: 27101 ns, Total: 118804 ns
[4.309s][info ][safepoint      ] Safepoint "ICBufferFull", Time since last: 8110846 ns, Reaching safepoint: 135205 ns, At safepoint: 22900 ns, Total: 158105 ns
[4.331s][info ][safepoint      ] Safepoint "ICBufferFull", Time since last: 21486854 ns, Reaching safepoint: 130304 ns, At safepoint: 21501 ns, Total: 151805 ns
[4.336s][info ][safepoint      ] Safepoint "ICBufferFull", Time since last: 4899749 ns, Reaching safepoint: 341610 ns, At safepoint: 26201 ns, Total: 367811 ns
[4.347s][info ][safepoint      ] Safepoint "ICBufferFull", Time since last: 10922132 ns, Reaching safepoint: 129704 ns, At safepoint: 26601 ns, Total: 156305 ns
[4.370s][info ][safepoint      ] Safepoint "ICBufferFull", Time since last: 18627267 ns, Reaching safepoint: 4264129 ns, At safepoint: 26801 ns, Total: 4290930 ns
[4.375s][info ][safepoint      ] Safepoint "ICBufferFull", Time since last: 4931850 ns, Reaching safepoint: 137105 ns, At safepoint: 30800 ns, Total: 167905 ns
[4.381s][info ][safepoint      ] Safepoint "ICBufferFull", Time since last: 5461767 ns, Reaching safepoint: 137304 ns, At safepoint: 23901 ns, Total: 161205 ns
[4.390s][info ][safepoint      ] Safepoint "ICBufferFull", Time since last: 8908671 ns, Reaching safepoint: 136004 ns, At safepoint: 25501 ns, Total: 161505 ns
[4.399s][info ][gc,start       ] GC(5) Pause Young (Allocation Failure)
[4.490s][debug][gc,phases      ] GC(5) Scavenge 91.017ms
[4.490s][debug][gc,ref         ] GC(5) Skipped phase 1 of Reference Processing: no references
[4.490s][debug][gc,ref         ] GC(5) Skipped phase 3 of Reference Processing: no references
[4.490s][debug][gc,phases      ] GC(5) Reference Processing 0.247ms
[4.491s][debug][gc,phases      ] GC(5) Weak Processing 1.153ms
[4.491s][debug][gc,age         ] GC(5) Desired survivor size 536870912 bytes, new threshold 7 (max threshold 15)
[4.491s][info ][gc,heap        ] GC(5) PSYoungGen: 1048576K(1572864K)->145671K(1572864K) Eden: 1048576K(1048576K)->0K(1048576K) From: 0K(524288K)->145671K(524288K)
[4.491s][info ][gc,heap        ] GC(5) ParOldGen: 6115K(18944K)->6123K(18944K)
[4.491s][info ][gc,metaspace   ] GC(5) Metaspace: 47448K(47936K)->47448K(47936K) NonClass: 40564K(40832K)->40564K(40832K) Class: 6884K(7104K)->6884K(7104K)
[4.491s][info ][gc             ] GC(5) Pause Young (Allocation Failure) 1029M->148M(1554M) 92.557ms
[4.491s][info ][gc,cpu         ] GC(5) User=0.34s Sys=0.04s Real=0.09s
[4.491s][info ][safepoint      ] Safepoint "ParallelGCFailedAllocation", Time since last: 8575660 ns, Reaching safepoint: 111604 ns, At safepoint: 92649819 ns, Total: 92761423 ns
[4.499s][info ][safepoint      ] Safepoint "ICBufferFull", Time since last: 7833738 ns, Reaching safepoint: 106503 ns, At safepoint: 24001 ns, Total: 130504 ns
[4.535s][info ][safepoint      ] Safepoint "ICBufferFull", Time since last: 36145700 ns, Reaching safepoint: 152405 ns, At safepoint: 27200 ns, Total: 179605 ns
[4.540s][info ][safepoint      ] Safepoint "ICBufferFull", Time since last: 3491807 ns, Reaching safepoint: 615018 ns, At safepoint: 29201 ns, Total: 644219 ns
[4.544s][info ][safepoint      ] Safepoint "ICBufferFull", Time since last: 3867218 ns, Reaching safepoint: 331810 ns, At safepoint: 28301 ns, Total: 360111 ns
[4.553s][info ][safepoint      ] Safepoint "ICBufferFull", Time since last: 9483188 ns, Reaching safepoint: 120904 ns, At safepoint: 26001 ns, Total: 146905 ns
[4.563s][info ][safepoint      ] Safepoint "ICBufferFull", Time since last: 4733444 ns, Reaching safepoint: 4274130 ns, At safepoint: 32501 ns, Total: 4306631 ns
[4.574s][info ][safepoint      ] Safepoint "ICBufferFull", Time since last: 11054136 ns, Reaching safepoint: 128204 ns, At safepoint: 22901 ns, Total: 151105 ns
[4.577s][info ][safepoint      ] Safepoint "ICBufferFull", Time since last: 3355402 ns, Reaching safepoint: 108203 ns, At safepoint: 22001 ns, Total: 130204 ns
[4.586s][info ][safepoint      ] Safepoint "ICBufferFull", Time since last: 9056876 ns, Reaching safepoint: 117103 ns, At safepoint: 28801 ns, Total: 145904 ns
[4.590s][info ][safepoint      ] Safepoint "ICBufferFull", Time since last: 3053093 ns, Reaching safepoint: 166605 ns, At safepoint: 23601 ns, Total: 190206 ns
[4.594s][info ][safepoint      ] Safepoint "ICBufferFull", Time since last: 4288530 ns, Reaching safepoint: 107103 ns, At safepoint: 22901 ns, Total: 130004 ns
[4.597s][info ][safepoint      ] Safepoint "ICBufferFull", Time since last: 2553078 ns, Reaching safepoint: 105803 ns, At safepoint: 24901 ns, Total: 130704 ns
[4.600s][info ][safepoint      ] Safepoint "ICBufferFull", Time since last: 3535407 ns, Reaching safepoint: 101303 ns, At safepoint: 23301 ns, Total: 124604 ns
[4.604s][info ][safepoint      ] Safepoint "ICBufferFull", Time since last: 3776015 ns, Reaching safepoint: 100403 ns, At safepoint: 19901 ns, Total: 120304 ns
[4.610s][info ][safepoint      ] Safepoint "ICBufferFull", Time since last: 3427004 ns, Reaching safepoint: 2139165 ns, At safepoint: 24401 ns, Total: 2163566 ns
[4.616s][info ][safepoint      ] Safepoint "ICBufferFull", Time since last: 5741175 ns, Reaching safepoint: 121003 ns, At safepoint: 22601 ns, Total: 143604 ns
[4.632s][info ][safepoint      ] Safepoint "ICBufferFull", Time since last: 16371598 ns, Reaching safepoint: 127204 ns, At safepoint: 24201 ns, Total: 151405 ns
[4.635s][info ][safepoint      ] Safepoint "ICBufferFull", Time since last: 2842886 ns, Reaching safepoint: 90903 ns, At safepoint: 26001 ns, Total: 116904 ns
[4.639s][info ][safepoint      ] Safepoint "ICBufferFull", Time since last: 3947520 ns, Reaching safepoint: 115503 ns, At safepoint: 24601 ns, Total: 140104 ns
[4.642s][info ][safepoint      ] Safepoint "ICBufferFull", Time since last: 2601479 ns, Reaching safepoint: 109004 ns, At safepoint: 29700 ns, Total: 138704 ns
[4.663s][info ][safepoint      ] Safepoint "ICBufferFull", Time since last: 17376229 ns, Reaching safepoint: 3160596 ns, At safepoint: 29601 ns, Total: 3190197 ns
[4.839s][info ][gc,start       ] GC(6) Pause Young (Allocation Failure)
[4.910s][debug][gc,phases      ] GC(6) Scavenge 71.132ms
[4.910s][debug][gc,ref         ] GC(6) Skipped phase 1 of Reference Processing: no references
[4.911s][debug][gc,ref         ] GC(6) Skipped phase 3 of Reference Processing: no references
[4.911s][debug][gc,phases      ] GC(6) Reference Processing 0.303ms
[4.912s][debug][gc,phases      ] GC(6) Weak Processing 1.474ms
[4.912s][debug][gc,age         ] GC(6) Desired survivor size 536870912 bytes, new threshold 7 (max threshold 15)
[4.912s][info ][gc,heap        ] GC(6) PSYoungGen: 1194247K(1572864K)->149126K(1572864K) Eden: 1048576K(1048576K)->0K(1048576K) From: 145671K(524288K)->149126K(524288K)
[4.912s][info ][gc,heap        ] GC(6) ParOldGen: 6123K(18944K)->6131K(18944K)
[4.912s][info ][gc,metaspace   ] GC(6) Metaspace: 49017K(49472K)->49017K(49472K) NonClass: 41922K(42176K)->41922K(42176K) Class: 7095K(7296K)->7095K(7296K)
[4.912s][info ][gc             ] GC(6) Pause Young (Allocation Failure) 1172M->151M(1554M) 73.054ms
[4.912s][info ][gc,cpu         ] GC(6) User=0.18s Sys=0.10s Real=0.07s
[4.912s][info ][safepoint      ] Safepoint "ParallelGCFailedAllocation", Time since last: 176376367 ns, Reaching safepoint: 177505 ns, At safepoint: 73166726 ns, Total: 73344231 ns
[5.250s][info ][gc,start       ] GC(7) Pause Young (Allocation Failure)
[5.322s][debug][gc,phases      ] GC(7) Scavenge 71.740ms
[5.322s][debug][gc,ref         ] GC(7) Skipped phase 1 of Reference Processing: no references
[5.322s][debug][gc,ref         ] GC(7) Skipped phase 3 of Reference Processing: no references
[5.322s][debug][gc,phases      ] GC(7) Reference Processing 0.389ms
[5.324s][debug][gc,phases      ] GC(7) Weak Processing 1.481ms
[5.324s][debug][gc,age         ] GC(7) Desired survivor size 236978176 bytes, new threshold 8 (max threshold 15)
[5.324s][info ][gc,heap        ] GC(7) PSYoungGen: 1197702K(1572864K)->157266K(1865728K) Eden: 1048576K(1048576K)->0K(1341440K) From: 149126K(524288K)->157266K(524288K)
[5.324s][info ][gc,heap        ] GC(7) ParOldGen: 6131K(18944K)->6139K(18944K)
[5.324s][info ][gc,metaspace   ] GC(7) Metaspace: 51519K(51968K)->51519K(51968K) NonClass: 43939K(44160K)->43939K(44160K) Class: 7580K(7808K)->7580K(7808K)
[5.324s][info ][gc             ] GC(7) Pause Young (Allocation Failure) 1175M->159M(1840M) 73.752ms
[5.324s][info ][gc,cpu         ] GC(7) User=0.35s Sys=0.01s Real=0.07s
[5.324s][info ][safepoint      ] Safepoint "ParallelGCFailedAllocation", Time since last: 336439737 ns, Reaching safepoint: 1022831 ns, At safepoint: 73850547 ns, Total: 74873378 ns
[5.812s][info ][gc,start       ] GC(8) Pause Young (Allocation Failure)
[5.895s][debug][gc,phases      ] GC(8) Scavenge 83.272ms
[5.895s][debug][gc,ref         ] GC(8) Skipped phase 1 of Reference Processing: no references
[5.896s][debug][gc,ref         ] GC(8) Skipped phase 3 of Reference Processing: no references
[5.896s][debug][gc,phases      ] GC(8) Reference Processing 0.298ms
[5.897s][debug][gc,phases      ] GC(8) Weak Processing 1.364ms
[5.897s][debug][gc,age         ] GC(8) Desired survivor size 250609664 bytes, new threshold 9 (max threshold 15)
[5.897s][info ][gc,heap        ] GC(8) PSYoungGen: 1498706K(1865728K)->162634K(1572864K) Eden: 1341440K(1341440K)->0K(1341440K) From: 157266K(524288K)->162634K(231424K)
[5.897s][info ][gc,heap        ] GC(8) ParOldGen: 6139K(18944K)->6147K(18944K)
[5.897s][info ][gc,metaspace   ] GC(8) Metaspace: 52171K(52608K)->52171K(52608K) NonClass: 44525K(44736K)->44525K(44736K) Class: 7645K(7872K)->7645K(7872K)
[5.897s][info ][gc             ] GC(8) Pause Young (Allocation Failure) 1469M->164M(1554M) 85.098ms
[5.897s][info ][gc,cpu         ] GC(8) User=0.28s Sys=0.05s Real=0.08s
[5.897s][info ][safepoint      ] Safepoint "ParallelGCFailedAllocation", Time since last: 488066451 ns, Reaching safepoint: 246808 ns, At safepoint: 85223093 ns, Total: 85469901 ns
[6.219s][info ][gc,start       ] GC(9) Pause Young (Allocation Failure)
[6.315s][debug][gc,phases      ] GC(9) Scavenge 95.501ms
[6.315s][debug][gc,ref         ] GC(9) Skipped phase 1 of Reference Processing: no references
[6.315s][debug][gc,ref         ] GC(9) Skipped phase 3 of Reference Processing: no references
[6.315s][debug][gc,phases      ] GC(9) Reference Processing 0.378ms
[6.317s][debug][gc,phases      ] GC(9) Weak Processing 1.383ms
[6.317s][debug][gc,age         ] GC(9) Desired survivor size 261095424 bytes, new threshold 10 (max threshold 15)
[6.317s][info ][gc,heap        ] GC(9) PSYoungGen: 1504074K(1572864K)->169358K(1831936K) Eden: 1341440K(1341440K)->0K(1587200K) From: 162634K(231424K)->169358K(244736K)
[6.317s][info ][gc,heap        ] GC(9) ParOldGen: 6147K(18944K)->6147K(18944K)
[6.317s][info ][gc,metaspace   ] GC(9) Metaspace: 52210K(52672K)->52210K(52672K) NonClass: 44565K(44800K)->44565K(44800K) Class: 7645K(7872K)->7645K(7872K)
[6.317s][info ][gc             ] GC(9) Pause Young (Allocation Failure) 1474M->171M(1807M) 97.411ms
[6.317s][info ][gc,cpu         ] GC(9) User=0.30s Sys=0.09s Real=0.09s
[6.317s][info ][safepoint      ] Safepoint "ParallelGCFailedAllocation", Time since last: 321817992 ns, Reaching safepoint: 143005 ns, At safepoint: 97529067 ns, Total: 97672072 ns
[6.630s][info ][gc,start       ] GC(10) Pause Young (Allocation Failure)
[6.704s][debug][gc,phases      ] GC(10) Scavenge 73.949ms
[6.704s][debug][gc,ref         ] GC(10) Skipped phase 1 of Reference Processing: no references
[6.704s][debug][gc,ref         ] GC(10) Skipped phase 3 of Reference Processing: no references
[6.704s][debug][gc,phases      ] GC(10) Reference Processing 0.292ms
[6.705s][debug][gc,phases      ] GC(10) Weak Processing 1.408ms
[6.705s][debug][gc,age         ] GC(10) Desired survivor size 268435456 bytes, new threshold 11 (max threshold 15)
[6.705s][info ][gc,heap        ] GC(10) PSYoungGen: 1756558K(1831936K)->173731K(1761280K) Eden: 1587200K(1587200K)->0K(1587200K) From: 169358K(244736K)->173731K(174080K)
[6.705s][info ][gc,heap        ] GC(10) ParOldGen: 6147K(18944K)->6160K(18944K)
[6.705s][info ][gc,metaspace   ] GC(10) Metaspace: 52724K(53184K)->52724K(53184K) NonClass: 44996K(45248K)->44996K(45248K) Class: 7728K(7936K)->7728K(7936K)
[6.705s][info ][gc             ] GC(10) Pause Young (Allocation Failure) 1721M->175M(1738M) 75.794ms
[6.705s][info ][gc,cpu         ] GC(10) User=0.29s Sys=0.00s Real=0.07s
[6.706s][info ][safepoint      ] Safepoint "ParallelGCFailedAllocation", Time since last: 312687115 ns, Reaching safepoint: 180106 ns, At safepoint: 75933910 ns, Total: 76114016 ns
[7.143s][info ][gc,start       ] GC(11) Pause Young (Allocation Failure)
[7.210s][debug][gc,phases      ] GC(11) Scavenge 67.044ms
[7.210s][debug][gc,ref         ] GC(11) Skipped phase 1 of Reference Processing: no references
[7.210s][debug][gc,ref         ] GC(11) Skipped phase 3 of Reference Processing: no references
[7.210s][debug][gc,phases      ] GC(11) Reference Processing 0.310ms
[7.211s][debug][gc,phases      ] GC(11) Weak Processing 1.280ms
[7.211s][debug][gc,age         ] GC(11) Desired survivor size 271056896 bytes, new threshold 12 (max threshold 15)
[7.211s][info ][gc,heap        ] GC(11) PSYoungGen: 1760931K(1761280K)->169498K(1829888K) Eden: 1587200K(1587200K)->0K(1567744K) From: 173731K(174080K)->169498K(262144K)
[7.211s][info ][gc,heap        ] GC(11) ParOldGen: 6160K(18944K)->6168K(18944K)
[7.211s][info ][gc,metaspace   ] GC(11) Metaspace: 53648K(54144K)->53648K(54144K) NonClass: 45800K(46080K)->45800K(46080K) Class: 7848K(8064K)->7848K(8064K)
[7.211s][info ][gc             ] GC(11) Pause Young (Allocation Failure) 1725M->171M(1805M) 68.809ms
[7.211s][info ][gc,cpu         ] GC(11) User=0.26s Sys=0.02s Real=0.07s
[7.212s][info ][safepoint      ] Safepoint "ParallelGCFailedAllocation", Time since last: 436608086 ns, Reaching safepoint: 497115 ns, At safepoint: 68927597 ns, Total: 69424712 ns
[7.552s][info ][gc,start       ] GC(12) Pause Young (Allocation Failure)
[7.624s][debug][gc,phases      ] GC(12) Scavenge 71.692ms
[7.624s][debug][gc,ref         ] GC(12) Skipped phase 1 of Reference Processing: no references
[7.624s][debug][gc,ref         ] GC(12) Skipped phase 3 of Reference Processing: no references
[7.624s][debug][gc,phases      ] GC(12) Reference Processing 0.316ms
[7.626s][debug][gc,phases      ] GC(12) Weak Processing 1.534ms
[7.626s][debug][gc,age         ] GC(12) Desired survivor size 270532608 bytes, new threshold 13 (max threshold 15)
[7.626s][info ][gc,heap        ] GC(12) PSYoungGen: 1737242K(1829888K)->166510K(1832448K) Eden: 1567744K(1567744K)->0K(1567744K) From: 169498K(262144K)->166510K(264704K)
[7.626s][info ][gc,heap        ] GC(12) ParOldGen: 6168K(18944K)->6176K(18944K)
[7.626s][info ][gc,metaspace   ] GC(12) Metaspace: 54106K(54592K)->54106K(54592K) NonClass: 46212K(46464K)->46212K(46464K) Class: 7894K(8128K)->7894K(8128K)
[7.626s][info ][gc             ] GC(12) Pause Young (Allocation Failure) 1702M->168M(1808M) 73.690ms
[7.626s][info ][gc,cpu         ] GC(12) User=0.29s Sys=0.00s Real=0.07s
[7.626s][info ][safepoint      ] Safepoint "ParallelGCFailedAllocation", Time since last: 340503462 ns, Reaching safepoint: 243807 ns, At safepoint: 73798346 ns, Total: 74042153 ns
[7.895s][info ][gc,start       ] GC(13) Pause Young (Allocation Failure)
[7.966s][debug][gc,phases      ] GC(13) Scavenge 70.879ms
[7.966s][debug][gc,ref         ] GC(13) Skipped phase 1 of Reference Processing: no references
[7.966s][debug][gc,ref         ] GC(13) Skipped phase 3 of Reference Processing: no references
[7.966s][debug][gc,phases      ] GC(13) Reference Processing 0.313ms
[7.968s][debug][gc,phases      ] GC(13) Weak Processing 1.445ms
[7.968s][debug][gc,age         ] GC(13) Desired survivor size 269484032 bytes, new threshold 14 (max threshold 15)
[7.968s][info ][gc,heap        ] GC(13) PSYoungGen: 1734254K(1832448K)->167006K(1833984K) Eden: 1567744K(1567744K)->0K(1569792K) From: 166510K(264704K)->167006K(264192K)
[7.968s][info ][gc,heap        ] GC(13) ParOldGen: 6176K(18944K)->6184K(18944K)
[7.968s][info ][gc,metaspace   ] GC(13) Metaspace: 54263K(54720K)->54263K(54720K) NonClass: 46356K(46592K)->46356K(46592K) Class: 7907K(8128K)->7907K(8128K)
[7.968s][info ][gc             ] GC(13) Pause Young (Allocation Failure) 1699M->169M(1809M) 72.777ms
[7.968s][info ][gc,cpu         ] GC(13) User=0.32s Sys=0.00s Real=0.07s
[7.968s][info ][safepoint      ] Safepoint "ParallelGCFailedAllocation", Time since last: 268645375 ns, Reaching safepoint: 217607 ns, At safepoint: 72880817 ns, Total: 73098424 ns
[8.294s][info ][safepoint      ] Safepoint "ICBufferFull", Time since last: 325697512 ns, Reaching safepoint: 272708 ns, At safepoint: 28801 ns, Total: 301509 ns
[8.329s][info ][gc,start       ] GC(14) Pause Young (Allocation Failure)
[8.399s][debug][gc,phases      ] GC(14) Scavenge 69.173ms
[8.399s][debug][gc,ref         ] GC(14) Skipped phase 1 of Reference Processing: no references
[8.399s][debug][gc,ref         ] GC(14) Skipped phase 3 of Reference Processing: no references
[8.399s][debug][gc,phases      ] GC(14) Reference Processing 0.300ms
[8.400s][debug][gc,phases      ] GC(14) Weak Processing 1.382ms
[8.400s][debug][gc,age         ] GC(14) Desired survivor size 267911168 bytes, new threshold 15 (max threshold 15)
[8.400s][info ][gc,heap        ] GC(14) PSYoungGen: 1736798K(1833984K)->168046K(1832960K) Eden: 1569792K(1569792K)->0K(1569792K) From: 167006K(264192K)->168046K(263168K)
[8.400s][info ][gc,heap        ] GC(14) ParOldGen: 6184K(18944K)->6184K(18944K)
[8.400s][info ][gc,metaspace   ] GC(14) Metaspace: 54479K(54912K)->54479K(54912K) NonClass: 46547K(46784K)->46547K(46784K) Class: 7931K(8128K)->7931K(8128K)
[8.400s][info ][gc             ] GC(14) Pause Young (Allocation Failure) 1702M->170M(1808M) 71.011ms
[8.400s][info ][gc,cpu         ] GC(14) User=0.29s Sys=0.00s Real=0.08s
[8.401s][info ][safepoint      ] Safepoint "ParallelGCFailedAllocation", Time since last: 35437778 ns, Reaching safepoint: 113504 ns, At safepoint: 71116964 ns, Total: 71230468 ns
[8.658s][info ][safepoint      ] Safepoint "ICBufferFull", Time since last: 255515276 ns, Reaching safepoint: 2306070 ns, At safepoint: 29601 ns, Total: 2335671 ns
[8.785s][info ][gc,start       ] GC(15) Pause Young (Allocation Failure)
[8.861s][debug][gc,phases      ] GC(15) Scavenge 76.748ms
[8.861s][debug][gc,ref         ] GC(15) Skipped phase 1 of Reference Processing: no references
[8.862s][debug][gc,ref         ] GC(15) Skipped phase 3 of Reference Processing: no references
[8.862s][debug][gc,phases      ] GC(15) Reference Processing 0.362ms
[8.863s][debug][gc,phases      ] GC(15) Weak Processing 1.551ms
[8.863s][debug][gc,age         ] GC(15) Desired survivor size 266862592 bytes, new threshold 15 (max threshold 15)
[8.863s][info ][gc,heap        ] GC(15) PSYoungGen: 1737838K(1832960K)->170643K(1836544K) Eden: 1569792K(1569792K)->0K(1574912K) From: 168046K(263168K)->170643K(261632K)
[8.863s][info ][gc,heap        ] GC(15) ParOldGen: 6184K(18944K)->6184K(18944K)
[8.863s][info ][gc,metaspace   ] GC(15) Metaspace: 54501K(54976K)->54501K(54976K) NonClass: 46567K(46848K)->46567K(46848K) Class: 7933K(8128K)->7933K(8128K)
[8.863s][info ][gc             ] GC(15) Pause Young (Allocation Failure) 1703M->172M(1812M) 78.802ms
[8.863s][info ][gc,cpu         ] GC(15) User=0.30s Sys=0.00s Real=0.08s
[8.863s][info ][safepoint      ] Safepoint "ParallelGCFailedAllocation", Time since last: 126039235 ns, Reaching safepoint: 164505 ns, At safepoint: 78910202 ns, Total: 79074707 ns
[9.203s][info ][gc,start       ] GC(16) Pause Young (Allocation Failure)
[9.275s][debug][gc,phases      ] GC(16) Scavenge 71.845ms
[9.275s][debug][gc,ref         ] GC(16) Skipped phase 1 of Reference Processing: no references
[9.275s][debug][gc,ref         ] GC(16) Skipped phase 3 of Reference Processing: no references
[9.275s][debug][gc,phases      ] GC(16) Reference Processing 0.317ms
[9.276s][debug][gc,phases      ] GC(16) Weak Processing 1.337ms
[9.276s][debug][gc,age         ] GC(16) Desired survivor size 266338304 bytes, new threshold 15 (max threshold 15)
[9.276s][info ][gc,heap        ] GC(16) PSYoungGen: 1745555K(1836544K)->174035K(1835520K) Eden: 1574912K(1574912K)->0K(1574912K) From: 170643K(261632K)->174035K(260608K)
[9.276s][info ][gc,heap        ] GC(16) ParOldGen: 6184K(18944K)->6184K(18944K)
[9.276s][info ][gc,metaspace   ] GC(16) Metaspace: 54510K(54976K)->54510K(54976K) NonClass: 46576K(46848K)->46576K(46848K) Class: 7934K(8128K)->7934K(8128K)
[9.276s][info ][gc             ] GC(16) Pause Young (Allocation Failure) 1710M->175M(1811M) 73.640ms
[9.276s][info ][gc,cpu         ] GC(16) User=0.29s Sys=0.00s Real=0.07s
[9.277s][info ][safepoint      ] Safepoint "ParallelGCFailedAllocation", Time since last: 339147021 ns, Reaching safepoint: 176505 ns, At safepoint: 73749544 ns, Total: 73926049 ns
[9.578s][info ][gc,start       ] GC(17) Pause Young (Allocation Failure)
[9.652s][debug][gc,phases      ] GC(17) Scavenge 73.689ms
[9.652s][debug][gc,ref         ] GC(17) Skipped phase 1 of Reference Processing: no references
[9.652s][debug][gc,ref         ] GC(17) Skipped phase 3 of Reference Processing: no references
[9.652s][debug][gc,phases      ] GC(17) Reference Processing 0.315ms
[9.654s][debug][gc,phases      ] GC(17) Weak Processing 1.376ms
[9.654s][debug][gc,age         ] GC(17) Desired survivor size 266338304 bytes, new threshold 15 (max threshold 15)
[9.654s][info ][gc,heap        ] GC(17) PSYoungGen: 1748947K(1835520K)->176803K(1837056K) Eden: 1574912K(1574912K)->0K(1576960K) From: 174035K(260608K)->176803K(260096K)
[9.654s][info ][gc,heap        ] GC(17) ParOldGen: 6184K(18944K)->6192K(18944K)
[9.654s][info ][gc,metaspace   ] GC(17) Metaspace: 55182K(55616K)->55182K(55616K) NonClass: 47128K(47360K)->47128K(47360K) Class: 8053K(8256K)->8053K(8256K)
[9.654s][info ][gc             ] GC(17) Pause Young (Allocation Failure) 1713M->178M(1812M) 75.544ms
[9.654s][info ][gc,cpu         ] GC(17) User=0.30s Sys=0.00s Real=0.07s
[9.654s][info ][safepoint      ] Safepoint "ParallelGCFailedAllocation", Time since last: 300725952 ns, Reaching safepoint: 860126 ns, At safepoint: 75654203 ns, Total: 76514329 ns
[10.055s][info ][gc,start       ] GC(18) Pause Young (Allocation Failure)
[10.129s][debug][gc,phases      ] GC(18) Scavenge 74.487ms
[10.129s][debug][gc,ref         ] GC(18) Skipped phase 1 of Reference Processing: no references
[10.130s][debug][gc,ref         ] GC(18) Skipped phase 3 of Reference Processing: no references
[10.130s][debug][gc,phases      ] GC(18) Reference Processing 0.336ms
[10.131s][debug][gc,phases      ] GC(18) Weak Processing 1.343ms
[10.131s][debug][gc,age         ] GC(18) Desired survivor size 264765440 bytes, new threshold 15 (max threshold 15)
[10.131s][info ][gc,heap        ] GC(18) PSYoungGen: 1753763K(1837056K)->175258K(1837056K) Eden: 1576960K(1576960K)->0K(1576960K) From: 176803K(260096K)->175258K(260096K)
[10.131s][info ][gc,heap        ] GC(18) ParOldGen: 6192K(18944K)->8107K(18944K)
[10.131s][info ][gc,metaspace   ] GC(18) Metaspace: 55893K(56448K)->55893K(56448K) NonClass: 47744K(48064K)->47744K(48064K) Class: 8149K(8384K)->8149K(8384K)
[10.131s][info ][gc             ] GC(18) Pause Young (Allocation Failure) 1718M->179M(1812M) 76.309ms
[10.131s][info ][gc,cpu         ] GC(18) User=0.30s Sys=0.00s Real=0.08s
[10.131s][info ][safepoint      ] Safepoint "ParallelGCFailedAllocation", Time since last: 400598491 ns, Reaching safepoint: 224407 ns, At safepoint: 76420326 ns, Total: 76644733 ns
[10.422s][info ][gc,start       ] GC(19) Pause Young (Allocation Failure)
[10.507s][debug][gc,phases      ] GC(19) Scavenge 85.699ms
[10.507s][debug][gc,ref         ] GC(19) Skipped phase 1 of Reference Processing: no references
[10.507s][debug][gc,ref         ] GC(19) Skipped phase 3 of Reference Processing: no references
[10.507s][debug][gc,phases      ] GC(19) Reference Processing 0.039ms
[10.509s][debug][gc,phases      ] GC(19) Weak Processing 1.474ms
[10.509s][debug][gc,age         ] GC(19) Desired survivor size 258473984 bytes, new threshold 15 (max threshold 15)
[10.509s][info ][gc,heap        ] GC(19) PSYoungGen: 1752218K(1837056K)->124581K(1844736K) Eden: 1576960K(1576960K)->0K(1586176K) From: 175258K(260096K)->124581K(258560K)
[10.509s][info ][gc,heap        ] GC(19) ParOldGen: 8107K(18944K)->59335K(59392K)
[10.509s][info ][gc,metaspace   ] GC(19) Metaspace: 56734K(57280K)->56734K(57280K) NonClass: 48478K(48768K)->48478K(48768K) Class: 8256K(8512K)->8256K(8512K)
[10.509s][info ][gc             ] GC(19) Pause Young (Allocation Failure) 1719M->179M(1859M) 87.369ms
[10.509s][info ][gc,cpu         ] GC(19) User=0.32s Sys=0.02s Real=0.08s
[10.509s][debug][gc,phases      ] GC(20) Pre Compact 0.014ms
[10.509s][info ][gc,start       ] GC(20) Pause Full (Ergonomics)
[10.509s][info ][gc,phases,start] GC(20) Marking Phase
[10.592s][debug][gc,phases      ] GC(20) Par Mark 83.331ms
[10.592s][debug][gc,ref         ] GC(20) Skipped phase 1 of Reference Processing: no references
[10.593s][debug][gc,ref         ] GC(20) Skipped phase 3 of Reference Processing: no references
[10.593s][debug][gc,phases      ] GC(20) Reference Processing 0.138ms
[10.593s][debug][gc,phases      ] GC(20) Weak Processing 0.482ms
[10.593s][debug][gc,phases      ] GC(20) ClassLoaderData 0.046ms
[10.593s][debug][gc,phases      ] GC(20) Trigger cleanups 0.000ms
[10.600s][debug][gc,phases      ] GC(20) Class Unloading 7.048ms
[10.600s][info ][gc,phases      ] GC(20) Marking Phase 91.144ms
[10.600s][info ][gc,phases,start] GC(20) Summary Phase
[10.600s][info ][gc,phases      ] GC(20) Summary Phase 0.011ms
[10.600s][info ][gc,phases,start] GC(20) Adjust Roots
[10.622s][info ][gc,phases      ] GC(20) Adjust Roots 21.424ms
[10.622s][info ][gc,phases,start] GC(20) Compaction Phase
[11.328s][info ][gc,phases      ] GC(20) Compaction Phase 705.978ms
[11.328s][info ][gc,phases,start] GC(20) Post Compact
[11.329s][info ][gc,phases      ] GC(20) Post Compact 0.938ms
[11.329s][info ][gc,heap        ] GC(20) PSYoungGen: 124581K(1844736K)->124213K(1844736K) Eden: 0K(1586176K)->0K(1586176K) From: 124581K(258560K)->124213K(258560K)
[11.329s][info ][gc,heap        ] GC(20) ParOldGen: 59335K(59392K)->58934K(97280K)
[11.329s][info ][gc,metaspace   ] GC(20) Metaspace: 56734K(57280K)->56734K(57280K) NonClass: 48478K(48768K)->48478K(48768K) Class: 8256K(8512K)->8256K(8512K)
[11.329s][info ][gc             ] GC(20) Pause Full (Ergonomics) 179M->178M(1896M) 819.728ms
[11.329s][info ][gc,cpu         ] GC(20) User=1.99s Sys=0.02s Real=0.82s
[11.329s][info ][safepoint      ] Safepoint "ParallelGCFailedAllocation", Time since last: 290029326 ns, Reaching safepoint: 532116 ns, At safepoint: 907277013 ns, Total: 907809129 ns
[11.640s][info ][gc,start       ] GC(21) Pause Young (Allocation Failure)
[11.732s][debug][gc,phases      ] GC(21) Scavenge 91.429ms
[11.732s][debug][gc,ref         ] GC(21) Skipped phase 1 of Reference Processing: no references
[11.732s][debug][gc,ref         ] GC(21) Skipped phase 3 of Reference Processing: no references
[11.732s][debug][gc,phases      ] GC(21) Reference Processing 0.097ms
[11.733s][debug][gc,phases      ] GC(21) Weak Processing 1.032ms
[11.733s][debug][gc,age         ] GC(21) Desired survivor size 266862592 bytes, new threshold 15 (max threshold 15)
[11.733s][info ][gc,heap        ] GC(21) PSYoungGen: 1710389K(1844736K)->40707K(1627136K) Eden: 1586176K(1586176K)->0K(1586176K) From: 124213K(258560K)->40707K(40960K)
[11.733s][info ][gc,heap        ] GC(21) ParOldGen: 58934K(97280K)->146271K(146432K)
[11.733s][info ][gc,metaspace   ] GC(21) Metaspace: 60153K(60608K)->60153K(60608K) NonClass: 51466K(51712K)->51466K(51712K) Class: 8686K(8896K)->8686K(8896K)
[11.733s][info ][gc             ] GC(21) Pause Young (Allocation Failure) 1727M->182M(1732M) 92.700ms
[11.733s][info ][gc,cpu         ] GC(21) User=0.42s Sys=0.04s Real=0.09s
[11.733s][debug][gc,phases      ] GC(22) Pre Compact 0.011ms
[11.733s][info ][gc,start       ] GC(22) Pause Full (Ergonomics)
[11.733s][info ][gc,phases,start] GC(22) Marking Phase
[11.816s][debug][gc,phases      ] GC(22) Par Mark 83.171ms
[11.816s][debug][gc,ref         ] GC(22) Skipped phase 1 of Reference Processing: no references
[11.817s][debug][gc,ref         ] GC(22) Skipped phase 3 of Reference Processing: no references
[11.817s][debug][gc,phases      ] GC(22) Reference Processing 0.193ms
[11.817s][debug][gc,phases      ] GC(22) Weak Processing 0.482ms
[11.817s][debug][gc,phases      ] GC(22) ClassLoaderData 0.050ms
[11.817s][debug][gc,phases      ] GC(22) Trigger cleanups 0.000ms
[11.824s][debug][gc,phases      ] GC(22) Class Unloading 6.790ms
[11.824s][info ][gc,phases      ] GC(22) Marking Phase 90.772ms
[11.824s][info ][gc,phases,start] GC(22) Summary Phase
[11.824s][info ][gc,phases      ] GC(22) Summary Phase 0.007ms
[11.824s][info ][gc,phases,start] GC(22) Adjust Roots
[11.836s][info ][gc,phases      ] GC(22) Adjust Roots 12.240ms
[11.836s][info ][gc,phases,start] GC(22) Compaction Phase
[12.041s][info ][gc,phases      ] GC(22) Compaction Phase 205.031ms
[12.041s][info ][gc,phases,start] GC(22) Post Compact
[12.042s][info ][gc,phases      ] GC(22) Post Compact 0.806ms
[12.042s][info ][gc,heap        ] GC(22) PSYoungGen: 40707K(1627136K)->40509K(1627136K) Eden: 0K(1586176K)->0K(1586176K) From: 40707K(40960K)->40509K(40960K)
[12.042s][info ][gc,heap        ] GC(22) ParOldGen: 146271K(146432K)->145957K(220160K)
[12.042s][info ][gc,metaspace   ] GC(22) Metaspace: 60153K(60608K)->60153K(60608K) NonClass: 51466K(51712K)->51466K(51712K) Class: 8686K(8896K)->8686K(8896K)
[12.042s][info ][gc             ] GC(22) Pause Full (Ergonomics) 182M->182M(1804M) 309.100ms
[12.042s][info ][gc,cpu         ] GC(22) User=1.18s Sys=0.00s Real=0.31s
[12.042s][info ][safepoint      ] Safepoint "ParallelGCFailedAllocation", Time since last: 311174370 ns, Reaching safepoint: 212507 ns, At safepoint: 401978734 ns, Total: 402191241 ns
[12.503s][info ][gc,start       ] GC(23) Pause Young (Allocation Failure)
[12.578s][debug][gc,phases      ] GC(23) Scavenge 75.794ms
[12.578s][debug][gc,ref         ] GC(23) Skipped phase 1 of Reference Processing: no references
[12.578s][debug][gc,ref         ] GC(23) Skipped phase 3 of Reference Processing: no references
[12.579s][debug][gc,phases      ] GC(23) Reference Processing 0.107ms
[12.579s][debug][gc,phases      ] GC(23) Weak Processing 0.651ms
[12.579s][debug][gc,age         ] GC(23) Desired survivor size 262668288 bytes, new threshold 15 (max threshold 15)
[12.579s][info ][gc,heap        ] GC(23) PSYoungGen: 1626685K(1627136K)->91933K(1840640K) Eden: 1586176K(1586176K)->0K(1580032K) From: 40509K(40960K)->91933K(260608K)
[12.579s][info ][gc,heap        ] GC(23) ParOldGen: 145957K(220160K)->154628K(220160K)
[12.579s][info ][gc,metaspace   ] GC(23) Metaspace: 60522K(60992K)->60522K(60992K) NonClass: 51788K(52032K)->51788K(52032K) Class: 8733K(8960K)->8733K(8960K)
[12.579s][info ][gc             ] GC(23) Pause Young (Allocation Failure) 1731M->240M(2012M) 76.683ms
[12.579s][info ][gc,cpu         ] GC(23) User=0.27s Sys=0.00s Real=0.08s
[12.579s][info ][safepoint      ] Safepoint "ParallelGCFailedAllocation", Time since last: 460125604 ns, Reaching safepoint: 130404 ns, At safepoint: 76781037 ns, Total: 76911441 ns
[12.888s][info ][gc,start       ] GC(24) Pause Young (Allocation Failure)
[12.941s][debug][gc,phases      ] GC(24) Scavenge 52.716ms
[12.941s][debug][gc,ref         ] GC(24) Skipped phase 1 of Reference Processing: no references
[12.941s][debug][gc,ref         ] GC(24) Skipped phase 3 of Reference Processing: no references
[12.941s][debug][gc,phases      ] GC(24) Reference Processing 0.107ms
[12.942s][debug][gc,phases      ] GC(24) Weak Processing 0.625ms
[12.942s][debug][gc,age         ] GC(24) Desired survivor size 258473984 bytes, new threshold 15 (max threshold 15)
[12.942s][info ][gc,heap        ] GC(24) PSYoungGen: 1671965K(1840640K)->87488K(1836544K) Eden: 1580032K(1580032K)->0K(1580032K) From: 91933K(260608K)->87488K(256512K)
[12.942s][info ][gc,heap        ] GC(24) ParOldGen: 154628K(220160K)->162937K(220160K)
[12.942s][info ][gc,metaspace   ] GC(24) Metaspace: 61221K(61760K)->61221K(61760K) NonClass: 52390K(52672K)->52390K(52672K) Class: 8830K(9088K)->8830K(9088K)
[12.942s][info ][gc             ] GC(24) Pause Young (Allocation Failure) 1783M->244M(2008M) 53.592ms
[12.942s][info ][gc,cpu         ] GC(24) User=0.20s Sys=0.00s Real=0.06s
[12.942s][info ][safepoint      ] Safepoint "ParallelGCFailedAllocation", Time since last: 308638694 ns, Reaching safepoint: 226807 ns, At safepoint: 53693534 ns, Total: 53920341 ns
[13.256s][info ][gc,start       ] GC(25) Pause Young (Allocation Failure)
[13.301s][debug][gc,phases      ] GC(25) Scavenge 44.542ms
[13.301s][debug][gc,ref         ] GC(25) Skipped phase 1 of Reference Processing: no references
[13.301s][debug][gc,ref         ] GC(25) Skipped phase 3 of Reference Processing: no references
[13.301s][debug][gc,phases      ] GC(25) Reference Processing 0.123ms
[13.302s][debug][gc,phases      ] GC(25) Weak Processing 0.617ms
[13.302s][debug][gc,age         ] GC(25) Desired survivor size 252706816 bytes, new threshold 15 (max threshold 15)
[13.302s][info ][gc,heap        ] GC(25) PSYoungGen: 1667520K(1836544K)->91264K(1850368K) Eden: 1580032K(1580032K)->0K(1597952K) From: 87488K(256512K)->91264K(252416K)
[13.302s][info ][gc,heap        ] GC(25) ParOldGen: 162937K(220160K)->166041K(220160K)
[13.302s][info ][gc,metaspace   ] GC(25) Metaspace: 61354K(61888K)->61354K(61888K) NonClass: 52524K(52800K)->52524K(52800K) Class: 8830K(9088K)->8830K(9088K)
[13.302s][info ][gc             ] GC(25) Pause Young (Allocation Failure) 1787M->251M(2022M) 45.419ms
[13.302s][info ][gc,cpu         ] GC(25) User=0.18s Sys=0.00s Real=0.05s
[13.302s][info ][safepoint      ] Safepoint "ParallelGCFailedAllocation", Time since last: 314397570 ns, Reaching safepoint: 215206 ns, At safepoint: 45546186 ns, Total: 45761392 ns
[13.682s][info ][gc,start       ] GC(26) Pause Young (Allocation Failure)
[13.726s][debug][gc,phases      ] GC(26) Scavenge 43.798ms
[13.726s][debug][gc,ref         ] GC(26) Skipped phase 1 of Reference Processing: no references
[13.726s][debug][gc,ref         ] GC(26) Skipped phase 3 of Reference Processing: no references
[13.726s][debug][gc,phases      ] GC(26) Reference Processing 0.194ms
[13.727s][debug][gc,phases      ] GC(26) Weak Processing 0.754ms
[13.727s][debug][gc,age         ] GC(26) Desired survivor size 245366784 bytes, new threshold 15 (max threshold 15)
[13.727s][info ][gc,heap        ] GC(26) PSYoungGen: 1689216K(1850368K)->96240K(1844736K) Eden: 1597952K(1597952K)->0K(1597952K) From: 91264K(252416K)->96240K(246784K)
[13.727s][info ][gc,heap        ] GC(26) ParOldGen: 166041K(220160K)->168041K(220160K)
[13.727s][info ][gc,metaspace   ] GC(26) Metaspace: 61516K(62080K)->61516K(62080K) NonClass: 52685K(52992K)->52685K(52992K) Class: 8830K(9088K)->8830K(9088K)
[13.727s][info ][gc             ] GC(26) Pause Young (Allocation Failure) 1811M->258M(2016M) 44.915ms
[13.727s][info ][gc,cpu         ] GC(26) User=0.18s Sys=0.00s Real=0.04s
[13.727s][info ][safepoint      ] Safepoint "ParallelGCFailedAllocation", Time since last: 379696058 ns, Reaching safepoint: 224006 ns, At safepoint: 45050772 ns, Total: 45274778 ns
[14.046s][info ][gc,start       ] GC(27) Pause Young (Allocation Failure)
[14.088s][debug][gc,phases      ] GC(27) Scavenge 42.445ms
[14.088s][debug][gc,ref         ] GC(27) Skipped phase 1 of Reference Processing: no references
[14.088s][debug][gc,ref         ] GC(27) Skipped phase 3 of Reference Processing: no references
[14.088s][debug][gc,phases      ] GC(27) Reference Processing 0.099ms
[14.089s][debug][gc,phases      ] GC(27) Weak Processing 0.781ms
[14.089s][debug][gc,age         ] GC(27) Desired survivor size 235929600 bytes, new threshold 15 (max threshold 15)
[14.089s][info ][gc,heap        ] GC(27) PSYoungGen: 1694192K(1844736K)->106208K(1866752K) Eden: 1597952K(1597952K)->0K(1627136K) From: 96240K(246784K)->106208K(239616K)
[14.089s][info ][gc,heap        ] GC(27) ParOldGen: 168041K(220160K)->169497K(220160K)
[14.089s][info ][gc,metaspace   ] GC(27) Metaspace: 61573K(62144K)->61573K(62144K) NonClass: 52742K(53056K)->52742K(53056K) Class: 8830K(9088K)->8830K(9088K)
[14.089s][info ][gc             ] GC(27) Pause Young (Allocation Failure) 1818M->269M(2038M) 43.464ms
[14.089s][info ][gc,cpu         ] GC(27) User=0.18s Sys=0.01s Real=0.04s
[14.089s][info ][safepoint      ] Safepoint "ParallelGCFailedAllocation", Time since last: 318658699 ns, Reaching safepoint: 138804 ns, At safepoint: 43580127 ns, Total: 43718931 ns
[14.400s][info ][gc,start       ] GC(28) Pause Young (Allocation Failure)
[14.449s][debug][gc,phases      ] GC(28) Scavenge 49.350ms
[14.449s][debug][gc,ref         ] GC(28) Skipped phase 1 of Reference Processing: no references
[14.449s][debug][gc,ref         ] GC(28) Skipped phase 3 of Reference Processing: no references
[14.449s][debug][gc,phases      ] GC(28) Reference Processing 0.103ms
[14.450s][debug][gc,phases      ] GC(28) Weak Processing 0.571ms
[14.450s][debug][gc,age         ] GC(28) Desired survivor size 225443840 bytes, new threshold 15 (max threshold 15)
[14.450s][info ][gc,heap        ] GC(28) PSYoungGen: 1733344K(1866752K)->117392K(1857536K) Eden: 1627136K(1627136K)->0K(1627136K) From: 106208K(239616K)->117392K(230400K)
[14.450s][info ][gc,heap        ] GC(28) ParOldGen: 169497K(220160K)->170789K(220160K)
[14.450s][info ][gc,metaspace   ] GC(28) Metaspace: 61791K(62272K)->61791K(62272K) NonClass: 52940K(53184K)->52940K(53184K) Class: 8851K(9088K)->8851K(9088K)
[14.450s][info ][gc             ] GC(28) Pause Young (Allocation Failure) 1858M->281M(2029M) 50.164ms
[14.450s][info ][gc,cpu         ] GC(28) User=0.21s Sys=0.00s Real=0.05s
[14.450s][info ][safepoint      ] Safepoint "ParallelGCFailedAllocation", Time since last: 310071138 ns, Reaching safepoint: 191005 ns, At safepoint: 50290431 ns, Total: 50481436 ns
[14.793s][info ][gc,start       ] GC(29) Pause Young (Allocation Failure)
[14.837s][debug][gc,phases      ] GC(29) Scavenge 43.932ms
[14.837s][debug][gc,ref         ] GC(29) Skipped phase 1 of Reference Processing: no references
[14.837s][debug][gc,ref         ] GC(29) Skipped phase 3 of Reference Processing: no references
[14.837s][debug][gc,phases      ] GC(29) Reference Processing 0.096ms
[14.838s][debug][gc,phases      ] GC(29) Weak Processing 0.567ms
[14.838s][debug][gc,age         ] GC(29) Desired survivor size 215482368 bytes, new threshold 15 (max threshold 15)
[14.838s][info ][gc,heap        ] GC(29) PSYoungGen: 1744528K(1857536K)->119296K(1886720K) Eden: 1627136K(1627136K)->0K(1666560K) From: 117392K(230400K)->119296K(220160K)
[14.838s][info ][gc,heap        ] GC(29) ParOldGen: 170789K(220160K)->172157K(220160K)
[14.838s][info ][gc,metaspace   ] GC(29) Metaspace: 61837K(62336K)->61837K(62336K) NonClass: 52986K(53248K)->52986K(53248K) Class: 8851K(9088K)->8851K(9088K)
[14.838s][info ][gc             ] GC(29) Pause Young (Allocation Failure) 1870M->284M(2057M) 44.733ms
[14.838s][info ][gc,cpu         ] GC(29) User=0.17s Sys=0.00s Real=0.05s
[14.838s][info ][safepoint      ] Safepoint "ParallelGCFailedAllocation", Time since last: 343162346 ns, Reaching safepoint: 173605 ns, At safepoint: 44859465 ns, Total: 45033070 ns
[15.189s][info ][safepoint      ] Safepoint "ParallelGCFailedAllocation", Time since last: 351163589 ns, Reaching safepoint: 150805 ns, At safepoint: 30701 ns, Total: 181506 ns
[15.190s][info ][gc,start       ] GC(30) Pause Young (Allocation Failure)
[15.236s][debug][gc,phases      ] GC(30) Scavenge 46.412ms
[15.236s][debug][gc,ref         ] GC(30) Skipped phase 1 of Reference Processing: no references
[15.236s][debug][gc,ref         ] GC(30) Skipped phase 3 of Reference Processing: no references
[15.236s][debug][gc,phases      ] GC(30) Reference Processing 0.106ms
[15.237s][debug][gc,phases      ] GC(30) Weak Processing 0.570ms
[15.237s][debug][gc,age         ] GC(30) Desired survivor size 207093760 bytes, new threshold 15 (max threshold 15)
[15.237s][info ][gc,heap        ] GC(30) PSYoungGen: 1785856K(1886720K)->121760K(1876992K) Eden: 1666560K(1666560K)->0K(1666560K) From: 119296K(220160K)->121760K(210432K)
[15.237s][info ][gc,heap        ] GC(30) ParOldGen: 172162K(220160K)->172682K(220160K)
[15.237s][info ][gc,metaspace   ] GC(30) Metaspace: 61844K(62400K)->61844K(62400K) NonClass: 52992K(53312K)->52992K(53312K) Class: 8851K(9088K)->8851K(9088K)
[15.237s][info ][gc             ] GC(30) Pause Young (Allocation Failure) 1912M->287M(2048M) 47.223ms
[15.237s][info ][gc,cpu         ] GC(30) User=0.14s Sys=0.04s Real=0.04s
[15.237s][info ][safepoint      ] Safepoint "ParallelGCFailedAllocation", Time since last: 111903 ns, Reaching safepoint: 88403 ns, At safepoint: 47327841 ns, Total: 47416244 ns
[15.474s][info ][safepoint      ] Safepoint "ICBufferFull", Time since last: 236396696 ns, Reaching safepoint: 202006 ns, At safepoint: 28601 ns, Total: 230607 ns
[15.483s][info ][safepoint      ] Safepoint "ICBufferFull", Time since last: 8898170 ns, Reaching safepoint: 141005 ns, At safepoint: 33701 ns, Total: 174706 ns
[15.490s][info ][safepoint      ] Safepoint "ICBufferFull", Time since last: 6523998 ns, Reaching safepoint: 412613 ns, At safepoint: 22801 ns, Total: 435414 ns
[15.491s][info ][safepoint      ] Safepoint "ICBufferFull", Time since last: 1211436 ns, Reaching safepoint: 95303 ns, At safepoint: 19901 ns, Total: 115204 ns
[15.494s][info ][safepoint      ] Safepoint "ICBufferFull", Time since last: 2944090 ns, Reaching safepoint: 116503 ns, At safepoint: 30201 ns, Total: 146704 ns
[15.496s][info ][safepoint      ] Safepoint "ICBufferFull", Time since last: 1793955 ns, Reaching safepoint: 107303 ns, At safepoint: 22201 ns, Total: 129504 ns
[15.499s][info ][safepoint      ] Safepoint "ICBufferFull", Time since last: 2425973 ns, Reaching safepoint: 104104 ns, At safepoint: 28000 ns, Total: 132104 ns
[15.503s][info ][safepoint      ] Safepoint "ICBufferFull", Time since last: 3856018 ns, Reaching safepoint: 285809 ns, At safepoint: 25100 ns, Total: 310909 ns
[15.507s][info ][safepoint      ] Safepoint "ICBufferFull", Time since last: 3879218 ns, Reaching safepoint: 336211 ns, At safepoint: 27700 ns, Total: 363911 ns
[15.539s][info ][safepoint      ] Safepoint "ICBufferFull", Time since last: 32242482 ns, Reaching safepoint: 214006 ns, At safepoint: 33101 ns, Total: 247107 ns
[15.555s][info ][gc,start       ] GC(31) Pause Young (Allocation Failure)
[15.595s][debug][gc,phases      ] GC(31) Scavenge 39.756ms
[15.595s][debug][gc,ref         ] GC(31) Skipped phase 1 of Reference Processing: no references
[15.595s][debug][gc,ref         ] GC(31) Skipped phase 3 of Reference Processing: no references
[15.595s][debug][gc,phases      ] GC(31) Reference Processing 0.116ms
[15.595s][debug][gc,phases      ] GC(31) Weak Processing 0.588ms
[15.595s][debug][gc,age         ] GC(31) Desired survivor size 199229440 bytes, new threshold 15 (max threshold 15)
[15.595s][info ][gc,heap        ] GC(31) PSYoungGen: 1788320K(1876992K)->118576K(1902592K) Eden: 1666560K(1666560K)->0K(1700352K) From: 121760K(210432K)->118576K(202240K)
[15.595s][info ][gc,heap        ] GC(31) ParOldGen: 172682K(220160K)->173738K(220160K)
[15.595s][info ][gc,metaspace   ] GC(31) Metaspace: 61975K(62528K)->61975K(62528K) NonClass: 53092K(53440K)->53092K(53440K) Class: 8882K(9088K)->8882K(9088K)
[15.595s][info ][gc             ] GC(31) Pause Young (Allocation Failure) 1915M->285M(2073M) 40.621ms
[15.595s][info ][gc,cpu         ] GC(31) User=0.16s Sys=0.00s Real=0.04s
[15.596s][info ][safepoint      ] Safepoint "ParallelGCFailedAllocation", Time since last: 15007557 ns, Reaching safepoint: 389712 ns, At safepoint: 40732440 ns, Total: 41122152 ns
[15.598s][info ][safepoint      ] Safepoint "ICBufferFull", Time since last: 2041062 ns, Reaching safepoint: 110004 ns, At safepoint: 24800 ns, Total: 134804 ns
[15.599s][info ][safepoint      ] Safepoint "ICBufferFull", Time since last: 877127 ns, Reaching safepoint: 107203 ns, At safepoint: 26401 ns, Total: 133604 ns
[15.602s][info ][safepoint      ] Safepoint "ICBufferFull", Time since last: 2799885 ns, Reaching safepoint: 101203 ns, At safepoint: 23801 ns, Total: 125004 ns
[15.610s][info ][safepoint      ] Safepoint "ICBufferFull", Time since last: 7324523 ns, Reaching safepoint: 677721 ns, At safepoint: 28501 ns, Total: 706222 ns
[15.619s][info ][safepoint      ] Safepoint "ICBufferFull", Time since last: 8756866 ns, Reaching safepoint: 131904 ns, At safepoint: 28401 ns, Total: 160305 ns
[15.620s][info ][safepoint      ] Safepoint "ICBufferFull", Time since last: 897927 ns, Reaching safepoint: 110404 ns, At safepoint: 33801 ns, Total: 144205 ns
[15.621s][info ][safepoint      ] Safepoint "ICBufferFull", Time since last: 882727 ns, Reaching safepoint: 104303 ns, At safepoint: 27701 ns, Total: 132004 ns
[15.622s][info ][safepoint      ] Safepoint "ICBufferFull", Time since last: 870426 ns, Reaching safepoint: 98403 ns, At safepoint: 27201 ns, Total: 125604 ns
[15.624s][info ][safepoint      ] Safepoint "ICBufferFull", Time since last: 1737653 ns, Reaching safepoint: 111503 ns, At safepoint: 32001 ns, Total: 143504 ns
[15.626s][info ][safepoint      ] Safepoint "ICBufferFull", Time since last: 1939059 ns, Reaching safepoint: 82803 ns, At safepoint: 27301 ns, Total: 110104 ns
[15.627s][info ][safepoint      ] Safepoint "ICBufferFull", Time since last: 870726 ns, Reaching safepoint: 107603 ns, At safepoint: 41302 ns, Total: 148905 ns
[15.628s][info ][safepoint      ] Safepoint "ICBufferFull", Time since last: 821625 ns, Reaching safepoint: 440913 ns, At safepoint: 23101 ns, Total: 464014 ns
[15.631s][info ][safepoint      ] Safepoint "ICBufferFull", Time since last: 2432574 ns, Reaching safepoint: 318710 ns, At safepoint: 29400 ns, Total: 348110 ns
[15.634s][info ][safepoint      ] Safepoint "ICBufferFull", Time since last: 2894289 ns, Reaching safepoint: 104003 ns, At safepoint: 22100 ns, Total: 126103 ns
[15.636s][info ][safepoint      ] Safepoint "ICBufferFull", Time since last: 1880258 ns, Reaching safepoint: 105403 ns, At safepoint: 25301 ns, Total: 130704 ns
[15.642s][info ][safepoint      ] Safepoint "ICBufferFull", Time since last: 6628801 ns, Reaching safepoint: 115404 ns, At safepoint: 23201 ns, Total: 138605 ns
[15.643s][info ][safepoint      ] Safepoint "ICBufferFull", Time since last: 808324 ns, Reaching safepoint: 99003 ns, At safepoint: 21401 ns, Total: 120404 ns
[15.644s][info ][safepoint      ] Safepoint "ICBufferFull", Time since last: 777423 ns, Reaching safepoint: 92603 ns, At safepoint: 23801 ns, Total: 116404 ns
[15.647s][info ][safepoint      ] Safepoint "ICBufferFull", Time since last: 2728483 ns, Reaching safepoint: 112004 ns, At safepoint: 25300 ns, Total: 137304 ns
[15.648s][info ][safepoint      ] Safepoint "ICBufferFull", Time since last: 824125 ns, Reaching safepoint: 96903 ns, At safepoint: 20301 ns, Total: 117204 ns
[15.649s][info ][safepoint      ] Safepoint "ICBufferFull", Time since last: 808925 ns, Reaching safepoint: 98303 ns, At safepoint: 23000 ns, Total: 121303 ns
[15.652s][info ][safepoint      ] Safepoint "ICBufferFull", Time since last: 2537477 ns, Reaching safepoint: 101504 ns, At safepoint: 23700 ns, Total: 125204 ns
[15.653s][info ][safepoint      ] Safepoint "ICBufferFull", Time since last: 745823 ns, Reaching safepoint: 94503 ns, At safepoint: 25801 ns, Total: 120304 ns
[15.800s][info ][safepoint      ] Safepoint "ICBufferFull", Time since last: 147492789 ns, Reaching safepoint: 120604 ns, At safepoint: 33801 ns, Total: 154405 ns
[15.947s][info ][safepoint      ] Safepoint "ICBufferFull", Time since last: 146925073 ns, Reaching safepoint: 146804 ns, At safepoint: 21501 ns, Total: 168305 ns
[15.948s][info ][safepoint      ] Safepoint "ICBufferFull", Time since last: 1020331 ns, Reaching safepoint: 106103 ns, At safepoint: 21001 ns, Total: 127104 ns
[15.949s][info ][safepoint      ] Safepoint "ICBufferFull", Time since last: 897127 ns, Reaching safepoint: 103903 ns, At safepoint: 18101 ns, Total: 122004 ns
[15.951s][info ][safepoint      ] Safepoint "ICBufferFull", Time since last: 933328 ns, Reaching safepoint: 101703 ns, At safepoint: 22601 ns, Total: 124304 ns
[15.951s][info ][safepoint      ] Safepoint "ICBufferFull", Time since last: 823425 ns, Reaching safepoint: 107903 ns, At safepoint: 23501 ns, Total: 131404 ns
[15.958s][info ][gc,start       ] GC(32) Pause Young (Allocation Failure)
[15.996s][debug][gc,phases      ] GC(32) Scavenge 38.912ms
[15.997s][debug][gc,ref         ] GC(32) Skipped phase 1 of Reference Processing: no references
[15.997s][debug][gc,ref         ] GC(32) Skipped phase 3 of Reference Processing: no references
[15.997s][debug][gc,phases      ] GC(32) Reference Processing 0.093ms
[15.997s][debug][gc,phases      ] GC(32) Weak Processing 0.591ms
[15.997s][debug][gc,age         ] GC(32) Desired survivor size 191889408 bytes, new threshold 15 (max threshold 15)
[15.997s][info ][gc,heap        ] GC(32) PSYoungGen: 1818928K(1902592K)->116816K(1894912K) Eden: 1700352K(1700352K)->0K(1700352K) From: 118576K(202240K)->116816K(194560K)
[15.997s][info ][gc,heap        ] GC(32) ParOldGen: 173738K(220160K)->176346K(220160K)
[15.997s][info ][gc,metaspace   ] GC(32) Metaspace: 62010K(62528K)->62010K(62528K) NonClass: 53127K(53440K)->53127K(53440K) Class: 8882K(9088K)->8882K(9088K)
[15.997s][info ][gc             ] GC(32) Pause Young (Allocation Failure) 1945M->286M(2065M) 39.739ms
[15.997s][info ][gc,cpu         ] GC(32) User=0.13s Sys=0.03s Real=0.03s
[15.997s][info ][safepoint      ] Safepoint "ParallelGCFailedAllocation", Time since last: 5884679 ns, Reaching safepoint: 114803 ns, At safepoint: 39874214 ns, Total: 39989017 ns
[16.002s][info ][safepoint      ] Safepoint "ICBufferFull", Time since last: 4393134 ns, Reaching safepoint: 71402 ns, At safepoint: 24501 ns, Total: 95903 ns
[16.003s][info ][safepoint      ] Safepoint "ICBufferFull", Time since last: 972129 ns, Reaching safepoint: 104704 ns, At safepoint: 24500 ns, Total: 129204 ns
[16.022s][info ][safepoint      ] Safepoint "ICBufferFull", Time since last: 14584944 ns, Reaching safepoint: 4315032 ns, At safepoint: 31601 ns, Total: 4346633 ns
[16.023s][info ][safepoint      ] Safepoint "ICBufferFull", Time since last: 1066332 ns, Reaching safepoint: 116104 ns, At safepoint: 23300 ns, Total: 139404 ns
[16.024s][info ][safepoint      ] Safepoint "ICBufferFull", Time since last: 963030 ns, Reaching safepoint: 108603 ns, At safepoint: 21001 ns, Total: 129604 ns
[16.027s][info ][safepoint      ] Safepoint "ICBufferFull", Time since last: 2216767 ns, Reaching safepoint: 107903 ns, At safepoint: 26501 ns, Total: 134404 ns
[16.027s][info ][safepoint      ] Safepoint "ICBufferFull", Time since last: 769424 ns, Reaching safepoint: 114803 ns, At safepoint: 26001 ns, Total: 140804 ns
[16.028s][info ][safepoint      ] Safepoint "ICBufferFull", Time since last: 791124 ns, Reaching safepoint: 119104 ns, At safepoint: 27700 ns, Total: 146804 ns
[16.030s][info ][safepoint      ] Safepoint "ICBufferFull", Time since last: 1040232 ns, Reaching safepoint: 124804 ns, At safepoint: 23301 ns, Total: 148105 ns
[16.030s][info ][safepoint      ] Safepoint "ICBufferFull", Time since last: 775523 ns, Reaching safepoint: 109304 ns, At safepoint: 23600 ns, Total: 132904 ns
[16.033s][info ][safepoint      ] Safepoint "ICBufferFull", Time since last: 2507577 ns, Reaching safepoint: 107303 ns, At safepoint: 38601 ns, Total: 145904 ns
[16.034s][info ][safepoint      ] Safepoint "ICBufferFull", Time since last: 795524 ns, Reaching safepoint: 101003 ns, At safepoint: 24101 ns, Total: 125104 ns
[16.038s][info ][safepoint      ] Safepoint "ICBufferFull", Time since last: 4227029 ns, Reaching safepoint: 109603 ns, At safepoint: 45902 ns, Total: 155505 ns
[16.039s][info ][safepoint      ] Safepoint "ICBufferFull", Time since last: 781323 ns, Reaching safepoint: 168105 ns, At safepoint: 24801 ns, Total: 192906 ns
[16.041s][info ][safepoint      ] Safepoint "ICBufferFull", Time since last: 1957060 ns, Reaching safepoint: 107503 ns, At safepoint: 21401 ns, Total: 128904 ns
[16.045s][info ][safepoint      ] Safepoint "ICBufferFull", Time since last: 3579909 ns, Reaching safepoint: 111503 ns, At safepoint: 22601 ns, Total: 134104 ns
[16.046s][info ][safepoint      ] Safepoint "ICBufferFull", Time since last: 964629 ns, Reaching safepoint: 105903 ns, At safepoint: 18601 ns, Total: 124504 ns
[16.047s][info ][safepoint      ] Safepoint "ICBufferFull", Time since last: 993530 ns, Reaching safepoint: 102503 ns, At safepoint: 31301 ns, Total: 133804 ns
[16.048s][info ][safepoint      ] Safepoint "ICBufferFull", Time since last: 875027 ns, Reaching safepoint: 99203 ns, At safepoint: 23201 ns, Total: 122404 ns
[16.049s][info ][safepoint      ] Safepoint "ICBufferFull", Time since last: 846325 ns, Reaching safepoint: 104403 ns, At safepoint: 42402 ns, Total: 146805 ns
[16.089s][info ][safepoint      ] Safepoint "ICBufferFull", Time since last: 39464901 ns, Reaching safepoint: 138504 ns, At safepoint: 25801 ns, Total: 164305 ns
[16.090s][info ][safepoint      ] Safepoint "ICBufferFull", Time since last: 815825 ns, Reaching safepoint: 96103 ns, At safepoint: 21201 ns, Total: 117304 ns
[16.096s][info ][safepoint      ] Safepoint "ICBufferFull", Time since last: 5815977 ns, Reaching safepoint: 261408 ns, At safepoint: 27500 ns, Total: 288908 ns
[16.097s][info ][safepoint      ] Safepoint "ICBufferFull", Time since last: 775324 ns, Reaching safepoint: 101203 ns, At safepoint: 22601 ns, Total: 123804 ns
[16.098s][info ][safepoint      ] Safepoint "ICBufferFull", Time since last: 742222 ns, Reaching safepoint: 100403 ns, At safepoint: 20801 ns, Total: 121204 ns
[16.106s][info ][safepoint      ] Safepoint "ICBufferFull", Time since last: 7454527 ns, Reaching safepoint: 393612 ns, At safepoint: 29801 ns, Total: 423413 ns
[16.107s][info ][safepoint      ] Safepoint "ICBufferFull", Time since last: 983130 ns, Reaching safepoint: 102703 ns, At safepoint: 35101 ns, Total: 137804 ns
[16.114s][info ][safepoint      ] Safepoint "ICBufferFull", Time since last: 4993952 ns, Reaching safepoint: 2142365 ns, At safepoint: 20601 ns, Total: 2162966 ns
[16.118s][info ][safepoint      ] Safepoint "ICBufferFull", Time since last: 775223 ns, Reaching safepoint: 3194598 ns, At safepoint: 31001 ns, Total: 3225599 ns
[16.130s][info ][safepoint      ] Safepoint "ICBufferFull", Time since last: 11458548 ns, Reaching safepoint: 145805 ns, At safepoint: 25801 ns, Total: 171606 ns
[16.133s][info ][safepoint      ] Safepoint "ICBufferFull", Time since last: 3607809 ns, Reaching safepoint: 143305 ns, At safepoint: 27301 ns, Total: 170606 ns
[16.134s][info ][safepoint      ] Safepoint "ICBufferFull", Time since last: 787524 ns, Reaching safepoint: 108903 ns, At safepoint: 28101 ns, Total: 137004 ns
[16.136s][info ][safepoint      ] Safepoint "ICBufferFull", Time since last: 1369841 ns, Reaching safepoint: 117604 ns, At safepoint: 39901 ns, Total: 157505 ns
[16.137s][info ][safepoint      ] Safepoint "ICBufferFull", Time since last: 761023 ns, Reaching safepoint: 110704 ns, At safepoint: 28001 ns, Total: 138705 ns
[16.138s][info ][safepoint      ] Safepoint "ICBufferFull", Time since last: 735522 ns, Reaching safepoint: 130104 ns, At safepoint: 20701 ns, Total: 150805 ns
[16.141s][info ][safepoint      ] Safepoint "ICBufferFull", Time since last: 3691212 ns, Reaching safepoint: 111103 ns, At safepoint: 22501 ns, Total: 133604 ns
[16.142s][info ][safepoint      ] Safepoint "ICBufferFull", Time since last: 903228 ns, Reaching safepoint: 99803 ns, At safepoint: 27600 ns, Total: 127403 ns
[16.143s][info ][safepoint      ] Safepoint "ICBufferFull", Time since last: 835726 ns, Reaching safepoint: 100803 ns, At safepoint: 23101 ns, Total: 123904 ns
[16.144s][info ][safepoint      ] Safepoint "ICBufferFull", Time since last: 750822 ns, Reaching safepoint: 102304 ns, At safepoint: 27700 ns, Total: 130004 ns
[16.151s][info ][safepoint      ] Safepoint "ICBufferFull", Time since last: 6912311 ns, Reaching safepoint: 120104 ns, At safepoint: 22600 ns, Total: 142704 ns
[16.153s][info ][safepoint      ] Safepoint "ICBufferFull", Time since last: 1565248 ns, Reaching safepoint: 120203 ns, At safepoint: 27601 ns, Total: 147804 ns
[16.154s][info ][safepoint      ] Safepoint "ICBufferFull", Time since last: 776024 ns, Reaching safepoint: 104203 ns, At safepoint: 29601 ns, Total: 133804 ns
[16.158s][info ][safepoint      ] Safepoint "ICBufferFull", Time since last: 755823 ns, Reaching safepoint: 3179997 ns, At safepoint: 32701 ns, Total: 3212698 ns
[16.162s][info ][safepoint      ] Safepoint "ICBufferFull", Time since last: 4181227 ns, Reaching safepoint: 132704 ns, At safepoint: 23301 ns, Total: 156005 ns
[16.163s][info ][safepoint      ] Safepoint "ICBufferFull", Time since last: 845226 ns, Reaching safepoint: 102403 ns, At safepoint: 23000 ns, Total: 125403 ns
[16.165s][info ][safepoint      ] Safepoint "ICBufferFull", Time since last: 1547248 ns, Reaching safepoint: 73702 ns, At safepoint: 25701 ns, Total: 99403 ns
[16.167s][info ][safepoint      ] Safepoint "ICBufferFull", Time since last: 1534246 ns, Reaching safepoint: 99603 ns, At safepoint: 23901 ns, Total: 123504 ns
[16.172s][info ][safepoint      ] Safepoint "ICBufferFull", Time since last: 5612971 ns, Reaching safepoint: 120204 ns, At safepoint: 20500 ns, Total: 140704 ns
[16.173s][info ][safepoint      ] Safepoint "ICBufferFull", Time since last: 790324 ns, Reaching safepoint: 99803 ns, At safepoint: 20301 ns, Total: 120104 ns
[16.174s][info ][safepoint      ] Safepoint "ICBufferFull", Time since last: 755523 ns, Reaching safepoint: 99803 ns, At safepoint: 20501 ns, Total: 120304 ns
[16.176s][info ][safepoint      ] Safepoint "ICBufferFull", Time since last: 1569447 ns, Reaching safepoint: 105704 ns, At safepoint: 23500 ns, Total: 129204 ns
[16.177s][info ][safepoint      ] Safepoint "ICBufferFull", Time since last: 758823 ns, Reaching safepoint: 99703 ns, At safepoint: 20501 ns, Total: 120204 ns
[16.178s][info ][safepoint      ] Safepoint "ICBufferFull", Time since last: 752523 ns, Reaching safepoint: 101403 ns, At safepoint: 21201 ns, Total: 122604 ns
[16.178s][info ][safepoint      ] Safepoint "ICBufferFull", Time since last: 749822 ns, Reaching safepoint: 105704 ns, At safepoint: 27901 ns, Total: 133605 ns
[16.180s][info ][safepoint      ] Safepoint "ICBufferFull", Time since last: 973529 ns, Reaching safepoint: 109603 ns, At safepoint: 24301 ns, Total: 133904 ns
[16.181s][info ][safepoint      ] Safepoint "ICBufferFull", Time since last: 1396043 ns, Reaching safepoint: 98603 ns, At safepoint: 20800 ns, Total: 119403 ns
[16.182s][info ][safepoint      ] Safepoint "ICBufferFull", Time since last: 832426 ns, Reaching safepoint: 98403 ns, At safepoint: 23200 ns, Total: 121603 ns
[16.190s][info ][safepoint      ] Safepoint "ICBufferFull", Time since last: 7504429 ns, Reaching safepoint: 112403 ns, At safepoint: 25001 ns, Total: 137404 ns
[16.195s][info ][safepoint      ] Safepoint "ICBufferFull", Time since last: 4942750 ns, Reaching safepoint: 86703 ns, At safepoint: 24301 ns, Total: 111004 ns
[16.196s][info ][safepoint      ] Safepoint "ICBufferFull", Time since last: 754923 ns, Reaching safepoint: 110603 ns, At safepoint: 21101 ns, Total: 131704 ns
[16.198s][info ][safepoint      ] Safepoint "ICBufferFull", Time since last: 2325171 ns, Reaching safepoint: 103403 ns, At safepoint: 22600 ns, Total: 126003 ns
[16.199s][info ][safepoint      ] Safepoint "ICBufferFull", Time since last: 756323 ns, Reaching safepoint: 88603 ns, At safepoint: 24101 ns, Total: 112704 ns
[16.200s][info ][safepoint      ] Safepoint "ICBufferFull", Time since last: 820325 ns, Reaching safepoint: 91003 ns, At safepoint: 25000 ns, Total: 116003 ns
[16.202s][info ][safepoint      ] Safepoint "ICBufferFull", Time since last: 2008462 ns, Reaching safepoint: 102403 ns, At safepoint: 25900 ns, Total: 128303 ns
[16.210s][info ][safepoint      ] Safepoint "ICBufferFull", Time since last: 5142957 ns, Reaching safepoint: 3186697 ns, At safepoint: 28601 ns, Total: 3215298 ns
[16.222s][info ][safepoint      ] Safepoint "ICBufferFull", Time since last: 11799659 ns, Reaching safepoint: 115504 ns, At safepoint: 21500 ns, Total: 137004 ns
[16.223s][info ][safepoint      ] Safepoint "ICBufferFull", Time since last: 810325 ns, Reaching safepoint: 91403 ns, At safepoint: 22200 ns, Total: 113603 ns
[16.224s][info ][safepoint      ] Safepoint "ICBufferFull", Time since last: 727723 ns, Reaching safepoint: 99603 ns, At safepoint: 20200 ns, Total: 119803 ns
[16.225s][info ][safepoint      ] Safepoint "ICBufferFull", Time since last: 734323 ns, Reaching safepoint: 111603 ns, At safepoint: 23701 ns, Total: 135304 ns
[16.226s][info ][safepoint      ] Safepoint "ICBufferFull", Time since last: 614518 ns, Reaching safepoint: 90903 ns, At safepoint: 20801 ns, Total: 111704 ns
[16.230s][info ][safepoint      ] Safepoint "ICBufferFull", Time since last: 4226228 ns, Reaching safepoint: 128304 ns, At safepoint: 24301 ns, Total: 152605 ns
[16.231s][info ][safepoint      ] Safepoint "ICBufferFull", Time since last: 797824 ns, Reaching safepoint: 105604 ns, At safepoint: 26000 ns, Total: 131604 ns
[16.232s][info ][safepoint      ] Safepoint "ICBufferFull", Time since last: 741823 ns, Reaching safepoint: 102203 ns, At safepoint: 19901 ns, Total: 122104 ns
[16.233s][info ][safepoint      ] Safepoint "ICBufferFull", Time since last: 796724 ns, Reaching safepoint: 101903 ns, At safepoint: 21401 ns, Total: 123304 ns
[16.234s][info ][safepoint      ] Safepoint "ICBufferFull", Time since last: 708421 ns, Reaching safepoint: 62202 ns, At safepoint: 22401 ns, Total: 84603 ns
[16.236s][info ][safepoint      ] Safepoint "ICBufferFull", Time since last: 2418873 ns, Reaching safepoint: 92703 ns, At safepoint: 23501 ns, Total: 116204 ns
[16.237s][info ][safepoint      ] Safepoint "ICBufferFull", Time since last: 906928 ns, Reaching safepoint: 111603 ns, At safepoint: 23501 ns, Total: 135104 ns
[16.238s][info ][safepoint      ] Safepoint "ICBufferFull", Time since last: 797524 ns, Reaching safepoint: 98003 ns, At safepoint: 18400 ns, Total: 116403 ns
[16.239s][info ][safepoint      ] Safepoint "ICBufferFull", Time since last: 746323 ns, Reaching safepoint: 101603 ns, At safepoint: 26501 ns, Total: 128104 ns
[16.240s][info ][safepoint      ] Safepoint "ICBufferFull", Time since last: 750923 ns, Reaching safepoint: 105403 ns, At safepoint: 21901 ns, Total: 127304 ns
[16.242s][info ][safepoint      ] Safepoint "ICBufferFull", Time since last: 1912258 ns, Reaching safepoint: 111703 ns, At safepoint: 20001 ns, Total: 131704 ns
[16.243s][info ][safepoint      ] Safepoint "ICBufferFull", Time since last: 824725 ns, Reaching safepoint: 102603 ns, At safepoint: 22001 ns, Total: 124604 ns
[16.244s][info ][safepoint      ] Safepoint "ICBufferFull", Time since last: 889927 ns, Reaching safepoint: 119904 ns, At safepoint: 28001 ns, Total: 147905 ns
[16.245s][info ][safepoint      ] Safepoint "ICBufferFull", Time since last: 765823 ns, Reaching safepoint: 106703 ns, At safepoint: 19601 ns, Total: 126304 ns
[16.246s][info ][safepoint      ] Safepoint "ICBufferFull", Time since last: 720222 ns, Reaching safepoint: 101903 ns, At safepoint: 22600 ns, Total: 124503 ns
[16.248s][info ][safepoint      ] Safepoint "ICBufferFull", Time since last: 1971660 ns, Reaching safepoint: 111504 ns, At safepoint: 20800 ns, Total: 132304 ns
[16.249s][info ][safepoint      ] Safepoint "ICBufferFull", Time since last: 787224 ns, Reaching safepoint: 106204 ns, At safepoint: 18000 ns, Total: 124204 ns
[16.249s][info ][safepoint      ] Safepoint "ICBufferFull", Time since last: 727222 ns, Reaching safepoint: 102003 ns, At safepoint: 19401 ns, Total: 121404 ns
[16.250s][info ][safepoint      ] Safepoint "ICBufferFull", Time since last: 768123 ns, Reaching safepoint: 102504 ns, At safepoint: 19900 ns, Total: 122404 ns
[16.251s][info ][safepoint      ] Safepoint "ICBufferFull", Time since last: 720422 ns, Reaching safepoint: 98103 ns, At safepoint: 22501 ns, Total: 120604 ns
[16.253s][info ][safepoint      ] Safepoint "ICBufferFull", Time since last: 1936259 ns, Reaching safepoint: 79902 ns, At safepoint: 23901 ns, Total: 103803 ns
[16.254s][info ][safepoint      ] Safepoint "ICBufferFull", Time since last: 1059432 ns, Reaching safepoint: 55902 ns, At safepoint: 26401 ns, Total: 82303 ns
[16.258s][info ][safepoint      ] Safepoint "ICBufferFull", Time since last: 1700351 ns, Reaching safepoint: 2112665 ns, At safepoint: 26400 ns, Total: 2139065 ns
[16.282s][info ][safepoint      ] Safepoint "ICBufferFull", Time since last: 23481815 ns, Reaching safepoint: 125504 ns, At safepoint: 29901 ns, Total: 155405 ns
[16.283s][info ][safepoint      ] Safepoint "ICBufferFull", Time since last: 1033031 ns, Reaching safepoint: 102404 ns, At safepoint: 27800 ns, Total: 130204 ns
[16.286s][info ][safepoint      ] Safepoint "ICBufferFull", Time since last: 2459175 ns, Reaching safepoint: 100603 ns, At safepoint: 22101 ns, Total: 122704 ns
[16.287s][info ][safepoint      ] Safepoint "ICBufferFull", Time since last: 869226 ns, Reaching safepoint: 62502 ns, At safepoint: 23801 ns, Total: 86303 ns
[16.303s][info ][safepoint      ] Safepoint "ICBufferFull", Time since last: 15904884 ns, Reaching safepoint: 118304 ns, At safepoint: 31901 ns, Total: 150205 ns
[16.304s][info ][safepoint      ] Safepoint "ICBufferFull", Time since last: 1790554 ns, Reaching safepoint: 67702 ns, At safepoint: 29501 ns, Total: 97203 ns
[16.310s][info ][safepoint      ] Safepoint "ICBufferFull", Time since last: 1992361 ns, Reaching safepoint: 3238698 ns, At safepoint: 32701 ns, Total: 3271399 ns
[16.320s][info ][safepoint      ] Safepoint "ICBufferFull", Time since last: 8270352 ns, Reaching safepoint: 2176666 ns, At safepoint: 30601 ns, Total: 2207267 ns
[16.323s][info ][safepoint      ] Safepoint "ICBufferFull", Time since last: 2512377 ns, Reaching safepoint: 111803 ns, At safepoint: 25201 ns, Total: 137004 ns
[16.326s][info ][safepoint      ] Safepoint "ICBufferFull", Time since last: 3104095 ns, Reaching safepoint: 108703 ns, At safepoint: 23301 ns, Total: 132004 ns
[16.329s][info ][safepoint      ] Safepoint "ICBufferFull", Time since last: 2596779 ns, Reaching safepoint: 315309 ns, At safepoint: 25001 ns, Total: 340310 ns
[16.332s][info ][safepoint      ] Safepoint "ICBufferFull", Time since last: 2323871 ns, Reaching safepoint: 112403 ns, At safepoint: 23001 ns, Total: 135404 ns
[16.336s][info ][safepoint      ] Safepoint "ICBufferFull", Time since last: 4237429 ns, Reaching safepoint: 180805 ns, At safepoint: 31001 ns, Total: 211806 ns
[16.337s][info ][safepoint      ] Safepoint "ICBufferFull", Time since last: 1073033 ns, Reaching safepoint: 114903 ns, At safepoint: 25001 ns, Total: 139904 ns
[16.338s][info ][safepoint      ] Safepoint "ICBufferFull", Time since last: 1204937 ns, Reaching safepoint: 93503 ns, At safepoint: 24600 ns, Total: 118103 ns
[16.341s][info ][safepoint      ] Safepoint "ICBufferFull", Time since last: 2464876 ns, Reaching safepoint: 94102 ns, At safepoint: 27001 ns, Total: 121103 ns
[16.349s][info ][safepoint      ] Safepoint "ICBufferFull", Time since last: 8081346 ns, Reaching safepoint: 168605 ns, At safepoint: 22501 ns, Total: 191106 ns
[16.351s][info ][safepoint      ] Safepoint "ICBufferFull", Time since last: 1419643 ns, Reaching safepoint: 91803 ns, At safepoint: 29101 ns, Total: 120904 ns
[16.354s][info ][safepoint      ] Safepoint "ICBufferFull", Time since last: 2419874 ns, Reaching safepoint: 120803 ns, At safepoint: 81303 ns, Total: 202106 ns
[16.384s][info ][safepoint      ] Safepoint "ICBufferFull", Time since last: 29941311 ns, Reaching safepoint: 350111 ns, At safepoint: 24901 ns, Total: 375012 ns
[16.387s][info ][safepoint      ] Safepoint "ICBufferFull", Time since last: 2987091 ns, Reaching safepoint: 106203 ns, At safepoint: 28101 ns, Total: 134304 ns
[16.389s][info ][safepoint      ] Safepoint "ICBufferFull", Time since last: 1821655 ns, Reaching safepoint: 99603 ns, At safepoint: 23001 ns, Total: 122604 ns
[16.397s][info ][safepoint      ] Safepoint "ICBufferFull", Time since last: 7846339 ns, Reaching safepoint: 110303 ns, At safepoint: 28401 ns, Total: 138704 ns
[16.399s][info ][safepoint      ] Safepoint "ICBufferFull", Time since last: 1610449 ns, Reaching safepoint: 96403 ns, At safepoint: 28801 ns, Total: 125204 ns
[16.400s][info ][safepoint      ] Safepoint "ICBufferFull", Time since last: 1653250 ns, Reaching safepoint: 109903 ns, At safepoint: 27701 ns, Total: 137604 ns
[16.404s][info ][safepoint      ] Safepoint "ICBufferFull", Time since last: 3020392 ns, Reaching safepoint: 108403 ns, At safepoint: 23501 ns, Total: 131904 ns
[16.430s][info ][gc,start       ] GC(33) Pause Young (Allocation Failure)
[16.462s][debug][gc,phases      ] GC(33) Scavenge 32.496ms
[16.462s][debug][gc,ref         ] GC(33) Skipped phase 1 of Reference Processing: no references
[16.462s][debug][gc,ref         ] GC(33) Skipped phase 3 of Reference Processing: no references
[16.462s][debug][gc,phases      ] GC(33) Reference Processing 0.154ms
[16.463s][debug][gc,phases      ] GC(33) Weak Processing 0.731ms
[16.463s][debug][gc,age         ] GC(33) Desired survivor size 186646528 bytes, new threshold 15 (max threshold 15)
[16.463s][info ][gc,heap        ] GC(33) PSYoungGen: 1817168K(1894912K)->111888K(1914880K) Eden: 1700352K(1700352K)->0K(1727488K) From: 116816K(194560K)->111888K(187392K)
[16.463s][info ][gc,heap        ] GC(33) ParOldGen: 176346K(220160K)->179826K(220160K)
[16.463s][info ][gc,metaspace   ] GC(33) Metaspace: 62034K(62528K)->62034K(62528K) NonClass: 53152K(53440K)->53152K(53440K) Class: 8882K(9088K)->8882K(9088K)
[16.463s][info ][gc             ] GC(33) Pause Young (Allocation Failure) 1946M->284M(2085M) 33.544ms
[16.463s][info ][gc,cpu         ] GC(33) User=0.15s Sys=0.00s Real=0.03s
[16.463s][info ][safepoint      ] Safepoint "ParallelGCFailedAllocation", Time since last: 25990891 ns, Reaching safepoint: 134104 ns, At safepoint: 33657125 ns, Total: 33791229 ns
[16.475s][info ][safepoint      ] Safepoint "ICBufferFull", Time since last: 11217942 ns, Reaching safepoint: 123403 ns, At safepoint: 30301 ns, Total: 153704 ns
[16.488s][info ][safepoint      ] Safepoint "ICBufferFull", Time since last: 12840491 ns, Reaching safepoint: 121704 ns, At safepoint: 36301 ns, Total: 158005 ns
[16.490s][info ][safepoint      ] Safepoint "ICBufferFull", Time since last: 1747053 ns, Reaching safepoint: 146405 ns, At safepoint: 62601 ns, Total: 209006 ns
[16.508s][info ][safepoint      ] Safepoint "ICBufferFull", Time since last: 18411061 ns, Reaching safepoint: 122504 ns, At safepoint: 22000 ns, Total: 144504 ns
[16.510s][info ][safepoint      ] Safepoint "ICBufferFull", Time since last: 1238138 ns, Reaching safepoint: 101403 ns, At safepoint: 25801 ns, Total: 127204 ns
[16.524s][info ][safepoint      ] Safepoint "ICBufferFull", Time since last: 13991426 ns, Reaching safepoint: 123404 ns, At safepoint: 28400 ns, Total: 151804 ns
[16.526s][info ][safepoint      ] Safepoint "ICBufferFull", Time since last: 2034662 ns, Reaching safepoint: 106904 ns, At safepoint: 25200 ns, Total: 132104 ns
[16.528s][info ][safepoint      ] Safepoint "ICBufferFull", Time since last: 1794955 ns, Reaching safepoint: 107303 ns, At safepoint: 21501 ns, Total: 128804 ns
[16.530s][info ][safepoint      ] Safepoint "ICBufferFull", Time since last: 1790154 ns, Reaching safepoint: 106304 ns, At safepoint: 33901 ns, Total: 140205 ns
[16.531s][info ][safepoint      ] Safepoint "ICBufferFull", Time since last: 919928 ns, Reaching safepoint: 105903 ns, At safepoint: 27701 ns, Total: 133604 ns
[16.533s][info ][safepoint      ] Safepoint "ICBufferFull", Time since last: 1787654 ns, Reaching safepoint: 105803 ns, At safepoint: 22401 ns, Total: 128204 ns
[16.535s][info ][safepoint      ] Safepoint "ICBufferFull", Time since last: 1788955 ns, Reaching safepoint: 93202 ns, At safepoint: 29301 ns, Total: 122503 ns
[16.537s][info ][safepoint      ] Safepoint "ICBufferFull", Time since last: 1932759 ns, Reaching safepoint: 97203 ns, At safepoint: 24401 ns, Total: 121604 ns
[16.539s][info ][safepoint      ] Safepoint "ICBufferFull", Time since last: 1770154 ns, Reaching safepoint: 95103 ns, At safepoint: 25300 ns, Total: 120403 ns
[16.543s][info ][safepoint      ] Safepoint "ICBufferFull", Time since last: 3883619 ns, Reaching safepoint: 817824 ns, At safepoint: 24601 ns, Total: 842425 ns
[16.546s][info ][safepoint      ] Safepoint "ICBufferFull", Time since last: 1313640 ns, Reaching safepoint: 1007531 ns, At safepoint: 26001 ns, Total: 1033532 ns
[16.559s][info ][safepoint      ] Safepoint "ICBufferFull", Time since last: 9665594 ns, Reaching safepoint: 3173797 ns, At safepoint: 29500 ns, Total: 3203297 ns
[16.560s][info ][safepoint      ] Safepoint "ICBufferFull", Time since last: 1630050 ns, Reaching safepoint: 90703 ns, At safepoint: 24201 ns, Total: 114904 ns
[16.563s][info ][safepoint      ] Safepoint "ICBufferFull", Time since last: 1799254 ns, Reaching safepoint: 580618 ns, At safepoint: 28701 ns, Total: 609319 ns
[16.565s][info ][safepoint      ] Safepoint "ICBufferFull", Time since last: 2412373 ns, Reaching safepoint: 112904 ns, At safepoint: 19500 ns, Total: 132404 ns
[16.566s][info ][safepoint      ] Safepoint "ICBufferFull", Time since last: 1058833 ns, Reaching safepoint: 106503 ns, At safepoint: 17100 ns, Total: 123603 ns
[16.568s][info ][safepoint      ] Safepoint "ICBufferFull", Time since last: 1865257 ns, Reaching safepoint: 110103 ns, At safepoint: 19001 ns, Total: 129104 ns
[16.570s][info ][safepoint      ] Safepoint "ICBufferFull", Time since last: 1395343 ns, Reaching safepoint: 110403 ns, At safepoint: 23401 ns, Total: 133804 ns
[16.572s][info ][safepoint      ] Safepoint "ICBufferFull", Time since last: 1865456 ns, Reaching safepoint: 112304 ns, At safepoint: 21600 ns, Total: 133904 ns
[16.574s][info ][safepoint      ] Safepoint "ICBufferFull", Time since last: 1887658 ns, Reaching safepoint: 95603 ns, At safepoint: 22001 ns, Total: 117604 ns
[16.575s][info ][safepoint      ] Safepoint "ICBufferFull", Time since last: 953429 ns, Reaching safepoint: 101703 ns, At safepoint: 19100 ns, Total: 120803 ns
[16.577s][info ][safepoint      ] Safepoint "ICBufferFull", Time since last: 1794155 ns, Reaching safepoint: 93803 ns, At safepoint: 17100 ns, Total: 110903 ns
[16.579s][info ][safepoint      ] Safepoint "ICBufferFull", Time since last: 1821656 ns, Reaching safepoint: 109603 ns, At safepoint: 23201 ns, Total: 132804 ns
[16.581s][info ][safepoint      ] Safepoint "ICBufferFull", Time since last: 1919258 ns, Reaching safepoint: 98403 ns, At safepoint: 25801 ns, Total: 124204 ns
[16.583s][info ][safepoint      ] Safepoint "ICBufferFull", Time since last: 1559947 ns, Reaching safepoint: 94903 ns, At safepoint: 23601 ns, Total: 118504 ns
[16.584s][info ][safepoint      ] Safepoint "ICBufferFull", Time since last: 1068633 ns, Reaching safepoint: 91502 ns, At safepoint: 24401 ns, Total: 115903 ns
[16.587s][info ][safepoint      ] Safepoint "ICBufferFull", Time since last: 3084894 ns, Reaching safepoint: 107203 ns, At safepoint: 28401 ns, Total: 135604 ns
[16.595s][info ][safepoint      ] Safepoint "ICBufferFull", Time since last: 8314253 ns, Reaching safepoint: 118304 ns, At safepoint: 25101 ns, Total: 143405 ns
[16.598s][info ][safepoint      ] Safepoint "ICBufferFull", Time since last: 2120064 ns, Reaching safepoint: 91603 ns, At safepoint: 21801 ns, Total: 113404 ns
[16.599s][info ][safepoint      ] Safepoint "ICBufferFull", Time since last: 1635149 ns, Reaching safepoint: 95803 ns, At safepoint: 22801 ns, Total: 118604 ns
[16.600s][info ][safepoint      ] Safepoint "ICBufferFull", Time since last: 948329 ns, Reaching safepoint: 94603 ns, At safepoint: 22000 ns, Total: 116603 ns
[16.682s][info ][safepoint      ] Safepoint "ICBufferFull", Time since last: 77194450 ns, Reaching safepoint: 4256830 ns, At safepoint: 28201 ns, Total: 4285031 ns
[16.698s][info ][safepoint      ] Safepoint "ICBufferFull", Time since last: 14800350 ns, Reaching safepoint: 801125 ns, At safepoint: 28000 ns, Total: 829125 ns
[16.699s][info ][safepoint      ] Safepoint "ICBufferFull", Time since last: 1512447 ns, Reaching safepoint: 103303 ns, At safepoint: 29401 ns, Total: 132704 ns
[16.701s][info ][safepoint      ] Safepoint "ICBufferFull", Time since last: 1342440 ns, Reaching safepoint: 87403 ns, At safepoint: 39001 ns, Total: 126404 ns
[16.702s][info ][safepoint      ] Safepoint "ICBufferFull", Time since last: 1577448 ns, Reaching safepoint: 115204 ns, At safepoint: 23901 ns, Total: 139105 ns
[16.706s][info ][safepoint      ] Safepoint "ICBufferFull", Time since last: 2983190 ns, Reaching safepoint: 197206 ns, At safepoint: 25701 ns, Total: 222907 ns
[16.735s][info ][safepoint      ] Safepoint "ICBufferFull", Time since last: 29213189 ns, Reaching safepoint: 118804 ns, At safepoint: 21501 ns, Total: 140305 ns
[16.736s][info ][safepoint      ] Safepoint "ICBufferFull", Time since last: 1061132 ns, Reaching safepoint: 101003 ns, At safepoint: 22801 ns, Total: 123804 ns
[16.740s][info ][safepoint      ] Safepoint "ICBufferFull", Time since last: 3588809 ns, Reaching safepoint: 110403 ns, At safepoint: 22101 ns, Total: 132504 ns
[16.743s][info ][safepoint      ] Safepoint "ICBufferFull", Time since last: 2495476 ns, Reaching safepoint: 111303 ns, At safepoint: 19501 ns, Total: 130804 ns
[16.751s][info ][safepoint      ] Safepoint "ICBufferFull", Time since last: 8376155 ns, Reaching safepoint: 124204 ns, At safepoint: 32301 ns, Total: 156505 ns
[16.770s][info ][safepoint      ] Safepoint "ICBufferFull", Time since last: 14576143 ns, Reaching safepoint: 4259530 ns, At safepoint: 29301 ns, Total: 4288831 ns
[16.771s][info ][safepoint      ] Safepoint "ICBufferFull", Time since last: 1000830 ns, Reaching safepoint: 100704 ns, At safepoint: 22400 ns, Total: 123104 ns
[16.774s][info ][safepoint      ] Safepoint "ICBufferFull", Time since last: 3240399 ns, Reaching safepoint: 116003 ns, At safepoint: 21001 ns, Total: 137004 ns
[16.777s][info ][safepoint      ] Safepoint "ICBufferFull", Time since last: 1963860 ns, Reaching safepoint: 113903 ns, At safepoint: 21101 ns, Total: 135004 ns
[16.778s][info ][safepoint      ] Safepoint "ICBufferFull", Time since last: 1717352 ns, Reaching safepoint: 96503 ns, At safepoint: 23301 ns, Total: 119804 ns
[16.781s][info ][safepoint      ] Safepoint "ICBufferFull", Time since last: 2074563 ns, Reaching safepoint: 108003 ns, At safepoint: 19301 ns, Total: 127304 ns
[16.782s][info ][safepoint      ] Safepoint "ICBufferFull", Time since last: 1102233 ns, Reaching safepoint: 102504 ns, At safepoint: 23600 ns, Total: 126104 ns
[16.798s][info ][safepoint      ] Safepoint "ICBufferFull", Time since last: 16474302 ns, Reaching safepoint: 123704 ns, At safepoint: 21400 ns, Total: 145104 ns
[16.800s][info ][safepoint      ] Safepoint "ICBufferFull", Time since last: 1743553 ns, Reaching safepoint: 105203 ns, At safepoint: 22001 ns, Total: 127204 ns
[16.802s][info ][safepoint      ] Safepoint "ICBufferFull", Time since last: 1910158 ns, Reaching safepoint: 116004 ns, At safepoint: 25201 ns, Total: 141205 ns
[16.807s][info ][safepoint      ] Safepoint "ICBufferFull", Time since last: 4283630 ns, Reaching safepoint: 403812 ns, At safepoint: 34201 ns, Total: 438013 ns
[16.814s][info ][safepoint      ] Safepoint "ICBufferFull", Time since last: 4412635 ns, Reaching safepoint: 2126864 ns, At safepoint: 25901 ns, Total: 2152765 ns
[16.816s][info ][safepoint      ] Safepoint "ICBufferFull", Time since last: 2136565 ns, Reaching safepoint: 119804 ns, At safepoint: 36501 ns, Total: 156305 ns
[16.820s][info ][safepoint      ] Safepoint "ICBufferFull", Time since last: 4206828 ns, Reaching safepoint: 63702 ns, At safepoint: 27401 ns, Total: 91103 ns
[16.822s][info ][safepoint      ] Safepoint "ICBufferFull", Time since last: 1520746 ns, Reaching safepoint: 107903 ns, At safepoint: 35601 ns, Total: 143504 ns
[16.837s][info ][safepoint      ] Safepoint "ICBufferFull", Time since last: 14653147 ns, Reaching safepoint: 141304 ns, At safepoint: 25501 ns, Total: 166805 ns
[16.844s][info ][safepoint      ] Safepoint "ICBufferFull", Time since last: 6675503 ns, Reaching safepoint: 130804 ns, At safepoint: 31001 ns, Total: 161805 ns
[16.846s][info ][safepoint      ] Safepoint "ICBufferFull", Time since last: 1481545 ns, Reaching safepoint: 591718 ns, At safepoint: 23701 ns, Total: 615419 ns
[16.849s][info ][safepoint      ] Safepoint "ICBufferFull", Time since last: 3694412 ns, Reaching safepoint: 113004 ns, At safepoint: 37901 ns, Total: 150905 ns
[16.851s][info ][safepoint      ] Safepoint "ICBufferFull", Time since last: 1123934 ns, Reaching safepoint: 105003 ns, At safepoint: 33301 ns, Total: 138304 ns
[16.854s][info ][safepoint      ] Safepoint "ICBufferFull", Time since last: 3120295 ns, Reaching safepoint: 96803 ns, At safepoint: 33601 ns, Total: 130404 ns
[16.870s][info ][gc,start       ] GC(34) Pause Young (Allocation Failure)
[16.899s][debug][gc,phases      ] GC(34) Scavenge 28.467ms
[16.899s][debug][gc,ref         ] GC(34) Skipped phase 1 of Reference Processing: no references
[16.899s][debug][gc,ref         ] GC(34) Skipped phase 3 of Reference Processing: no references
[16.899s][debug][gc,phases      ] GC(34) Reference Processing 0.080ms
[16.900s][debug][gc,phases      ] GC(34) Weak Processing 0.570ms
[16.900s][debug][gc,age         ] GC(34) Desired survivor size 182976512 bytes, new threshold 15 (max threshold 15)
[16.900s][info ][gc,heap        ] GC(34) PSYoungGen: 1839376K(1914880K)->102224K(1909760K) Eden: 1727488K(1727488K)->0K(1727488K) From: 111888K(187392K)->102224K(182272K)
[16.900s][info ][gc,heap        ] GC(34) ParOldGen: 179826K(220160K)->182594K(220160K)
[16.900s][info ][gc,metaspace   ] GC(34) Metaspace: 62087K(62592K)->62087K(62592K) NonClass: 53204K(53504K)->53204K(53504K) Class: 8882K(9088K)->8882K(9088K)
[16.900s][info ][gc             ] GC(34) Pause Young (Allocation Failure) 1971M->278M(2080M) 29.272ms
[16.900s][info ][gc,cpu         ] GC(34) User=0.10s Sys=0.01s Real=0.03s
[16.900s][info ][safepoint      ] Safepoint "ParallelGCFailedAllocation", Time since last: 13273204 ns, Reaching safepoint: 3184097 ns, At safepoint: 29390695 ns, Total: 32574792 ns
[16.902s][info ][safepoint      ] Safepoint "ICBufferFull", Time since last: 1988460 ns, Reaching safepoint: 299809 ns, At safepoint: 51602 ns, Total: 351411 ns
[16.907s][info ][safepoint      ] Safepoint "ICBufferFull", Time since last: 4335332 ns, Reaching safepoint: 521116 ns, At safepoint: 31101 ns, Total: 552217 ns
[16.913s][info ][safepoint      ] Safepoint "ICBufferFull", Time since last: 1527546 ns, Reaching safepoint: 4281031 ns, At safepoint: 34701 ns, Total: 4315732 ns
[16.925s][info ][safepoint      ] Safepoint "ICBufferFull", Time since last: 12207571 ns, Reaching safepoint: 120704 ns, At safepoint: 32401 ns, Total: 153105 ns
[16.927s][info ][safepoint      ] Safepoint "ICBufferFull", Time since last: 1635550 ns, Reaching safepoint: 91502 ns, At safepoint: 26001 ns, Total: 117503 ns
[16.933s][info ][safepoint      ] Safepoint "ICBufferFull", Time since last: 6310492 ns, Reaching safepoint: 118104 ns, At safepoint: 35601 ns, Total: 153705 ns
[16.943s][info ][safepoint      ] Safepoint "ICBufferFull", Time since last: 9503689 ns, Reaching safepoint: 114004 ns, At safepoint: 29501 ns, Total: 143505 ns
[16.945s][info ][safepoint      ] Safepoint "ICBufferFull", Time since last: 1421943 ns, Reaching safepoint: 102303 ns, At safepoint: 27601 ns, Total: 129904 ns
[16.952s][info ][safepoint      ] Safepoint "ICBufferFull", Time since last: 7027114 ns, Reaching safepoint: 111803 ns, At safepoint: 25801 ns, Total: 137604 ns
[16.954s][info ][safepoint      ] Safepoint "ICBufferFull", Time since last: 2439974 ns, Reaching safepoint: 114704 ns, At safepoint: 41601 ns, Total: 156305 ns
[16.958s][info ][safepoint      ] Safepoint "ICBufferFull", Time since last: 3703313 ns, Reaching safepoint: 122804 ns, At safepoint: 27300 ns, Total: 150104 ns
[16.960s][info ][safepoint      ] Safepoint "ICBufferFull", Time since last: 1800955 ns, Reaching safepoint: 105603 ns, At safepoint: 22701 ns, Total: 128304 ns
[16.962s][info ][safepoint      ] Safepoint "ICBufferFull", Time since last: 1571648 ns, Reaching safepoint: 107203 ns, At safepoint: 24701 ns, Total: 131904 ns
[16.966s][info ][safepoint      ] Safepoint "ICBufferFull", Time since last: 3396903 ns, Reaching safepoint: 313710 ns, At safepoint: 25801 ns, Total: 339511 ns
[16.968s][info ][safepoint      ] Safepoint "ICBufferFull", Time since last: 2375772 ns, Reaching safepoint: 187606 ns, At safepoint: 20000 ns, Total: 207606 ns
[16.980s][info ][safepoint      ] Safepoint "ICBufferFull", Time since last: 11674356 ns, Reaching safepoint: 117703 ns, At safepoint: 23901 ns, Total: 141604 ns
[16.982s][info ][safepoint      ] Safepoint "ICBufferFull", Time since last: 1517546 ns, Reaching safepoint: 100603 ns, At safepoint: 23201 ns, Total: 123804 ns
[16.983s][info ][safepoint      ] Safepoint "ICBufferFull", Time since last: 1422843 ns, Reaching safepoint: 102703 ns, At safepoint: 22801 ns, Total: 125504 ns
[16.984s][info ][safepoint      ] Safepoint "ICBufferFull", Time since last: 933129 ns, Reaching safepoint: 98803 ns, At safepoint: 23400 ns, Total: 122203 ns
[16.986s][info ][safepoint      ] Safepoint "ICBufferFull", Time since last: 1351041 ns, Reaching safepoint: 89903 ns, At safepoint: 20801 ns, Total: 110704 ns
[16.987s][info ][safepoint      ] Safepoint "ICBufferFull", Time since last: 1528546 ns, Reaching safepoint: 87603 ns, At safepoint: 21201 ns, Total: 108804 ns
[16.989s][info ][safepoint      ] Safepoint "ICBufferFull", Time since last: 1565247 ns, Reaching safepoint: 115504 ns, At safepoint: 26901 ns, Total: 142405 ns
[17.000s][info ][safepoint      ] Safepoint "ICBufferFull", Time since last: 10860830 ns, Reaching safepoint: 115504 ns, At safepoint: 23000 ns, Total: 138504 ns
[17.001s][info ][safepoint      ] Safepoint "ICBufferFull", Time since last: 960430 ns, Reaching safepoint: 109303 ns, At safepoint: 29401 ns, Total: 138704 ns
[17.003s][info ][safepoint      ] Safepoint "ICBufferFull", Time since last: 1365941 ns, Reaching safepoint: 105104 ns, At safepoint: 26600 ns, Total: 131704 ns
[17.004s][info ][safepoint      ] Safepoint "ICBufferFull", Time since last: 1498146 ns, Reaching safepoint: 53502 ns, At safepoint: 31101 ns, Total: 84603 ns
[17.006s][info ][safepoint      ] Safepoint "ICBufferFull", Time since last: 1418043 ns, Reaching safepoint: 303909 ns, At safepoint: 22301 ns, Total: 326210 ns
[17.008s][info ][safepoint      ] Safepoint "ICBufferFull", Time since last: 2199667 ns, Reaching safepoint: 107503 ns, At safepoint: 26501 ns, Total: 134004 ns
[17.009s][info ][safepoint      ] Safepoint "ICBufferFull", Time since last: 964629 ns, Reaching safepoint: 113004 ns, At safepoint: 21400 ns, Total: 134404 ns
[17.014s][info ][safepoint      ] Safepoint "ICBufferFull", Time since last: 1604149 ns, Reaching safepoint: 3186797 ns, At safepoint: 21201 ns, Total: 3207998 ns
[17.016s][info ][safepoint      ] Safepoint "ICBufferFull", Time since last: 1739953 ns, Reaching safepoint: 100203 ns, At safepoint: 22100 ns, Total: 122303 ns
[17.018s][info ][safepoint      ] Safepoint "ICBufferFull", Time since last: 1343641 ns, Reaching safepoint: 92503 ns, At safepoint: 24701 ns, Total: 117204 ns
[17.019s][info ][safepoint      ] Safepoint "ICBufferFull", Time since last: 1281539 ns, Reaching safepoint: 94203 ns, At safepoint: 25801 ns, Total: 120004 ns
[17.038s][info ][safepoint      ] Safepoint "ICBufferFull", Time since last: 18534864 ns, Reaching safepoint: 122504 ns, At safepoint: 28000 ns, Total: 150504 ns
[17.040s][info ][safepoint      ] Safepoint "ICBufferFull", Time since last: 2107265 ns, Reaching safepoint: 102403 ns, At safepoint: 26200 ns, Total: 128603 ns
[17.042s][info ][safepoint      ] Safepoint "ICBufferFull", Time since last: 1859857 ns, Reaching safepoint: 92703 ns, At safepoint: 55102 ns, Total: 147805 ns
[17.100s][info ][safepoint      ] Safepoint "ICBufferFull", Time since last: 57674255 ns, Reaching safepoint: 128604 ns, At safepoint: 27901 ns, Total: 156505 ns
[17.104s][info ][safepoint      ] Safepoint "ICBufferFull", Time since last: 4008622 ns, Reaching safepoint: 88003 ns, At safepoint: 20200 ns, Total: 108203 ns
[17.110s][info ][safepoint      ] Safepoint "ICBufferFull", Time since last: 3899419 ns, Reaching safepoint: 2160666 ns, At safepoint: 22300 ns, Total: 2182966 ns
[17.122s][info ][safepoint      ] Safepoint "ICBufferFull", Time since last: 12202872 ns, Reaching safepoint: 124304 ns, At safepoint: 25001 ns, Total: 149305 ns
[17.125s][info ][safepoint      ] Safepoint "ICBufferFull", Time since last: 2077263 ns, Reaching safepoint: 116103 ns, At safepoint: 21001 ns, Total: 137104 ns
[17.126s][info ][safepoint      ] Safepoint "ICBufferFull", Time since last: 1349541 ns, Reaching safepoint: 99303 ns, At safepoint: 21501 ns, Total: 120804 ns
[17.127s][info ][safepoint      ] Safepoint "ICBufferFull", Time since last: 994230 ns, Reaching safepoint: 108103 ns, At safepoint: 18801 ns, Total: 126904 ns
[17.129s][info ][safepoint      ] Safepoint "ICBufferFull", Time since last: 1285539 ns, Reaching safepoint: 76402 ns, At safepoint: 19501 ns, Total: 95903 ns
[17.130s][info ][safepoint      ] Safepoint "ICBufferFull", Time since last: 1502946 ns, Reaching safepoint: 108003 ns, At safepoint: 24001 ns, Total: 132004 ns
[17.133s][info ][safepoint      ] Safepoint "ICBufferFull", Time since last: 2418673 ns, Reaching safepoint: 92303 ns, At safepoint: 24301 ns, Total: 116604 ns
[17.135s][info ][safepoint      ] Safepoint "ICBufferFull", Time since last: 2105864 ns, Reaching safepoint: 89803 ns, At safepoint: 21100 ns, Total: 110903 ns
[17.137s][info ][safepoint      ] Safepoint "ICBufferFull", Time since last: 1763954 ns, Reaching safepoint: 90903 ns, At safepoint: 23100 ns, Total: 114003 ns
[17.142s][info ][safepoint      ] Safepoint "ICBufferFull", Time since last: 5377964 ns, Reaching safepoint: 107103 ns, At safepoint: 20301 ns, Total: 127404 ns
[17.144s][info ][safepoint      ] Safepoint "ICBufferFull", Time since last: 1408743 ns, Reaching safepoint: 98703 ns, At safepoint: 23001 ns, Total: 121704 ns
[17.145s][info ][safepoint      ] Safepoint "ICBufferFull", Time since last: 1362141 ns, Reaching safepoint: 91303 ns, At safepoint: 18100 ns, Total: 109403 ns
[17.147s][info ][safepoint      ] Safepoint "ICBufferFull", Time since last: 1934859 ns, Reaching safepoint: 77403 ns, At safepoint: 24400 ns, Total: 101803 ns
[17.151s][info ][safepoint      ] Safepoint "ICBufferFull", Time since last: 4043124 ns, Reaching safepoint: 103803 ns, At safepoint: 24600 ns, Total: 128403 ns
[17.153s][info ][safepoint      ] Safepoint "ICBufferFull", Time since last: 1319741 ns, Reaching safepoint: 96803 ns, At safepoint: 18600 ns, Total: 115403 ns
[17.154s][info ][safepoint      ] Safepoint "ICBufferFull", Time since last: 1282739 ns, Reaching safepoint: 100303 ns, At safepoint: 24901 ns, Total: 125204 ns
[17.158s][info ][safepoint      ] Safepoint "ICBufferFull", Time since last: 3829717 ns, Reaching safepoint: 116403 ns, At safepoint: 20601 ns, Total: 137004 ns
[17.170s][info ][safepoint      ] Safepoint "ICBufferFull", Time since last: 7329223 ns, Reaching safepoint: 4276030 ns, At safepoint: 28801 ns, Total: 4304831 ns
[17.171s][info ][safepoint      ] Safepoint "ICBufferFull", Time since last: 1113934 ns, Reaching safepoint: 89703 ns, At safepoint: 22200 ns, Total: 111903 ns
[17.173s][info ][safepoint      ] Safepoint "ICBufferFull", Time since last: 1833056 ns, Reaching safepoint: 113103 ns, At safepoint: 21801 ns, Total: 134904 ns
[17.175s][info ][safepoint      ] Safepoint "ICBufferFull", Time since last: 1657151 ns, Reaching safepoint: 97102 ns, At safepoint: 18901 ns, Total: 116003 ns
[17.177s][info ][safepoint      ] Safepoint "ICBufferFull", Time since last: 1680751 ns, Reaching safepoint: 116104 ns, At safepoint: 21100 ns, Total: 137204 ns
[17.178s][info ][safepoint      ] Safepoint "ICBufferFull", Time since last: 1417944 ns, Reaching safepoint: 105003 ns, At safepoint: 23500 ns, Total: 128503 ns
[17.179s][info ][safepoint      ] Safepoint "ICBufferFull", Time since last: 1121035 ns, Reaching safepoint: 79002 ns, At safepoint: 21001 ns, Total: 100003 ns
[17.181s][info ][safepoint      ] Safepoint "ICBufferFull", Time since last: 1414843 ns, Reaching safepoint: 92003 ns, At safepoint: 19600 ns, Total: 111603 ns
[17.183s][info ][safepoint      ] Safepoint "ICBufferFull", Time since last: 1421243 ns, Reaching safepoint: 99503 ns, At safepoint: 22001 ns, Total: 121504 ns
[17.184s][info ][safepoint      ] Safepoint "ICBufferFull", Time since last: 1635550 ns, Reaching safepoint: 94103 ns, At safepoint: 22300 ns, Total: 116403 ns
[17.185s][info ][safepoint      ] Safepoint "ICBufferFull", Time since last: 908128 ns, Reaching safepoint: 101903 ns, At safepoint: 21601 ns, Total: 123504 ns
[17.187s][info ][safepoint      ] Safepoint "ICBufferFull", Time since last: 1616849 ns, Reaching safepoint: 91803 ns, At safepoint: 23801 ns, Total: 115604 ns
[17.189s][info ][safepoint      ] Safepoint "ICBufferFull", Time since last: 2085163 ns, Reaching safepoint: 110003 ns, At safepoint: 26801 ns, Total: 136804 ns
[17.194s][info ][safepoint      ] Safepoint "ICBufferFull", Time since last: 4598640 ns, Reaching safepoint: 126704 ns, At safepoint: 21901 ns, Total: 148605 ns
[17.196s][info ][safepoint      ] Safepoint "ICBufferFull", Time since last: 1790954 ns, Reaching safepoint: 95403 ns, At safepoint: 18601 ns, Total: 114004 ns
[17.214s][info ][safepoint      ] Safepoint "ICBufferFull", Time since last: 14512641 ns, Reaching safepoint: 3217298 ns, At safepoint: 20401 ns, Total: 3237699 ns
[17.225s][info ][safepoint      ] Safepoint "ICBufferFull", Time since last: 11539851 ns, Reaching safepoint: 118604 ns, At safepoint: 40501 ns, Total: 159105 ns
[17.227s][info ][safepoint      ] Safepoint "ICBufferFull", Time since last: 1749353 ns, Reaching safepoint: 118804 ns, At safepoint: 28701 ns, Total: 147505 ns
[17.229s][info ][safepoint      ] Safepoint "ICBufferFull", Time since last: 1336741 ns, Reaching safepoint: 95203 ns, At safepoint: 28500 ns, Total: 123703 ns
[17.231s][info ][safepoint      ] Safepoint "ICBufferFull", Time since last: 1594749 ns, Reaching safepoint: 986330 ns, At safepoint: 26001 ns, Total: 1012331 ns
[17.232s][info ][safepoint      ] Safepoint "ICBufferFull", Time since last: 898627 ns, Reaching safepoint: 103103 ns, At safepoint: 22001 ns, Total: 125104 ns
[17.245s][info ][safepoint      ] Safepoint "ICBufferFull", Time since last: 12254673 ns, Reaching safepoint: 124204 ns, At safepoint: 25801 ns, Total: 150005 ns
[17.247s][info ][safepoint      ] Safepoint "ICBufferFull", Time since last: 2421973 ns, Reaching safepoint: 110004 ns, At safepoint: 37601 ns, Total: 147605 ns
[17.251s][info ][safepoint      ] Safepoint "ICBufferFull", Time since last: 3152896 ns, Reaching safepoint: 115703 ns, At safepoint: 42602 ns, Total: 158305 ns
[17.252s][info ][safepoint      ] Safepoint "ICBufferFull", Time since last: 1505245 ns, Reaching safepoint: 111804 ns, At safepoint: 23700 ns, Total: 135504 ns
[17.258s][info ][safepoint      ] Safepoint "ICBufferFull", Time since last: 2569379 ns, Reaching safepoint: 3182097 ns, At safepoint: 31401 ns, Total: 3213498 ns
[17.265s][info ][gc,start       ] GC(35) Pause Young (Allocation Failure)
[17.288s][debug][gc,phases      ] GC(35) Scavenge 23.023ms
[17.288s][debug][gc,ref         ] GC(35) Skipped phase 1 of Reference Processing: no references
[17.288s][debug][gc,ref         ] GC(35) Skipped phase 3 of Reference Processing: no references
[17.288s][debug][gc,phases      ] GC(35) Reference Processing 0.073ms
[17.289s][debug][gc,phases      ] GC(35) Weak Processing 0.651ms
[17.289s][debug][gc,age         ] GC(35) Desired survivor size 180879360 bytes, new threshold 15 (max threshold 15)
[17.289s][info ][gc,heap        ] GC(35) PSYoungGen: 1829712K(1909760K)->94336K(1920512K) Eden: 1727488K(1727488K)->0K(1741824K) From: 102224K(182272K)->94336K(178688K)
[17.289s][info ][gc,heap        ] GC(35) ParOldGen: 182594K(220160K)->183022K(220160K)
[17.289s][info ][gc,metaspace   ] GC(35) Metaspace: 62107K(62592K)->62107K(62592K) NonClass: 53224K(53504K)->53224K(53504K) Class: 8882K(9088K)->8882K(9088K)
[17.289s][info ][gc             ] GC(35) Pause Young (Allocation Failure) 1965M->270M(2090M) 23.915ms
[17.289s][info ][gc,cpu         ] GC(35) User=0.12s Sys=0.00s Real=0.02s
[17.289s][info ][safepoint      ] Safepoint "ParallelGCFailedAllocation", Time since last: 3928919 ns, Reaching safepoint: 3175297 ns, At safepoint: 24033531 ns, Total: 27208828 ns
[17.302s][info ][safepoint      ] Safepoint "ICBufferFull", Time since last: 12340876 ns, Reaching safepoint: 101803 ns, At safepoint: 26301 ns, Total: 128104 ns
[17.308s][info ][safepoint      ] Safepoint "ICBufferFull", Time since last: 5851678 ns, Reaching safepoint: 116504 ns, At safepoint: 61102 ns, Total: 177606 ns
[17.309s][info ][safepoint      ] Safepoint "ICBufferFull", Time since last: 1411342 ns, Reaching safepoint: 111604 ns, At safepoint: 21801 ns, Total: 133405 ns
[17.311s][info ][safepoint      ] Safepoint "ICBufferFull", Time since last: 1275138 ns, Reaching safepoint: 108204 ns, At safepoint: 21500 ns, Total: 129704 ns
[17.312s][info ][safepoint      ] Safepoint "ICBufferFull", Time since last: 1064933 ns, Reaching safepoint: 106303 ns, At safepoint: 17200 ns, Total: 123503 ns
[17.317s][info ][safepoint      ] Safepoint "ICBufferFull", Time since last: 4574840 ns, Reaching safepoint: 120303 ns, At safepoint: 23901 ns, Total: 144204 ns
[17.339s][info ][safepoint      ] Safepoint "ICBufferFull", Time since last: 22322580 ns, Reaching safepoint: 126104 ns, At safepoint: 26200 ns, Total: 152304 ns
[17.341s][info ][safepoint      ] Safepoint "ICBufferFull", Time since last: 1395943 ns, Reaching safepoint: 106103 ns, At safepoint: 29001 ns, Total: 135104 ns
[17.347s][info ][safepoint      ] Safepoint "ICBufferFull", Time since last: 6634102 ns, Reaching safepoint: 74502 ns, At safepoint: 29501 ns, Total: 104003 ns
[17.348s][info ][safepoint      ] Safepoint "ICBufferFull", Time since last: 1023731 ns, Reaching safepoint: 96003 ns, At safepoint: 24701 ns, Total: 120704 ns
[17.353s][info ][safepoint      ] Safepoint "ICBufferFull", Time since last: 4242929 ns, Reaching safepoint: 57102 ns, At safepoint: 29001 ns, Total: 86103 ns
[17.365s][info ][safepoint      ] Safepoint "ICBufferFull", Time since last: 11350645 ns, Reaching safepoint: 346511 ns, At safepoint: 26401 ns, Total: 372912 ns
[17.367s][info ][safepoint      ] Safepoint "ICBufferFull", Time since last: 2140565 ns, Reaching safepoint: 103203 ns, At safepoint: 26201 ns, Total: 129404 ns
[17.370s][info ][safepoint      ] Safepoint "ICBufferFull", Time since last: 2593879 ns, Reaching safepoint: 104103 ns, At safepoint: 46901 ns, Total: 151004 ns
[17.374s][info ][safepoint      ] Safepoint "ICBufferFull", Time since last: 958429 ns, Reaching safepoint: 3216098 ns, At safepoint: 24201 ns, Total: 3240299 ns
[17.376s][info ][safepoint      ] Safepoint "ICBufferFull", Time since last: 1928959 ns, Reaching safepoint: 94803 ns, At safepoint: 24800 ns, Total: 119603 ns
[17.378s][info ][safepoint      ] Safepoint "ICBufferFull", Time since last: 1609049 ns, Reaching safepoint: 105704 ns, At safepoint: 30301 ns, Total: 136005 ns
[17.379s][info ][safepoint      ] Safepoint "ICBufferFull", Time since last: 1536146 ns, Reaching safepoint: 114304 ns, At safepoint: 23101 ns, Total: 137405 ns
[17.386s][info ][safepoint      ] Safepoint "ICBufferFull", Time since last: 6473297 ns, Reaching safepoint: 120903 ns, At safepoint: 22601 ns, Total: 143504 ns
[17.387s][info ][safepoint      ] Safepoint "ICBufferFull", Time since last: 958129 ns, Reaching safepoint: 98803 ns, At safepoint: 21901 ns, Total: 120704 ns
[17.392s][info ][safepoint      ] Safepoint "ICBufferFull", Time since last: 4479836 ns, Reaching safepoint: 121004 ns, At safepoint: 29001 ns, Total: 150005 ns
[17.394s][info ][safepoint      ] Safepoint "ICBufferFull", Time since last: 1890357 ns, Reaching safepoint: 133104 ns, At safepoint: 22601 ns, Total: 155705 ns
[17.395s][info ][safepoint      ] Safepoint "ICBufferFull", Time since last: 1619249 ns, Reaching safepoint: 109804 ns, At safepoint: 20400 ns, Total: 130204 ns
[17.396s][info ][safepoint      ] Safepoint "ICBufferFull", Time since last: 941129 ns, Reaching safepoint: 91003 ns, At safepoint: 22700 ns, Total: 113703 ns
[17.412s][info ][safepoint      ] Safepoint "ICBufferFull", Time since last: 10197911 ns, Reaching safepoint: 5332462 ns, At safepoint: 38501 ns, Total: 5370963 ns
[17.418s][info ][safepoint      ] Safepoint "ICBufferFull", Time since last: 1841856 ns, Reaching safepoint: 4279031 ns, At safepoint: 32201 ns, Total: 4311232 ns
[17.421s][info ][safepoint      ] Safepoint "ICBufferFull", Time since last: 2979390 ns, Reaching safepoint: 111804 ns, At safepoint: 72402 ns, Total: 184206 ns
[17.423s][info ][safepoint      ] Safepoint "ICBufferFull", Time since last: 1874657 ns, Reaching safepoint: 108703 ns, At safepoint: 67702 ns, Total: 176405 ns
[17.425s][info ][safepoint      ] Safepoint "ICBufferFull", Time since last: 1467945 ns, Reaching safepoint: 118904 ns, At safepoint: 19600 ns, Total: 138504 ns
[17.428s][info ][safepoint      ] Safepoint "ICBufferFull", Time since last: 3374103 ns, Reaching safepoint: 98603 ns, At safepoint: 28301 ns, Total: 126904 ns
[17.430s][info ][safepoint      ] Safepoint "ICBufferFull", Time since last: 1494245 ns, Reaching safepoint: 114304 ns, At safepoint: 35801 ns, Total: 150105 ns
[17.440s][info ][safepoint      ] Safepoint "ICBufferFull", Time since last: 10174910 ns, Reaching safepoint: 118503 ns, At safepoint: 24201 ns, Total: 142704 ns
[17.470s][info ][safepoint      ] Safepoint "ICBufferFull", Time since last: 27555839 ns, Reaching safepoint: 2161166 ns, At safepoint: 24700 ns, Total: 2185866 ns
[17.697s][info ][gc,start       ] GC(36) Pause Young (Allocation Failure)
[17.716s][debug][gc,phases      ] GC(36) Scavenge 18.991ms
[17.716s][debug][gc,ref         ] GC(36) Skipped phase 1 of Reference Processing: no references
[17.716s][debug][gc,ref         ] GC(36) Skipped phase 3 of Reference Processing: no references
[17.716s][debug][gc,phases      ] GC(36) Reference Processing 0.083ms
[17.717s][debug][gc,phases      ] GC(36) Weak Processing 0.611ms
[17.717s][debug][gc,age         ] GC(36) Desired survivor size 179830784 bytes, new threshold 15 (max threshold 15)
[17.717s][info ][gc,heap        ] GC(36) PSYoungGen: 1836160K(1920512K)->85104K(1918464K) Eden: 1741824K(1741824K)->0K(1741824K) From: 94336K(178688K)->85104K(176640K)
[17.717s][info ][gc,heap        ] GC(36) ParOldGen: 183022K(220160K)->183382K(220160K)
[17.717s][info ][gc,metaspace   ] GC(36) Metaspace: 62537K(63104K)->62537K(63104K) NonClass: 53582K(53888K)->53582K(53888K) Class: 8955K(9216K)->8955K(9216K)
[17.717s][info ][gc             ] GC(36) Pause Young (Allocation Failure) 1971M->262M(2088M) 19.860ms
[17.717s][info ][gc,cpu         ] GC(36) User=0.08s Sys=0.00s Real=0.02s
[17.717s][info ][safepoint      ] Safepoint "ParallelGCFailedAllocation", Time since last: 226264589 ns, Reaching safepoint: 381511 ns, At safepoint: 19978308 ns, Total: 20359819 ns
[17.807s][info ][safepoint      ] Safepoint "ICBufferFull", Time since last: 89653930 ns, Reaching safepoint: 165805 ns, At safepoint: 27301 ns, Total: 193106 ns
[17.874s][info ][safepoint      ] Safepoint "ICBufferFull", Time since last: 67065641 ns, Reaching safepoint: 160605 ns, At safepoint: 30501 ns, Total: 191106 ns
[17.875s][info ][safepoint      ] Safepoint "ICBufferFull", Time since last: 1016831 ns, Reaching safepoint: 97103 ns, At safepoint: 19500 ns, Total: 116603 ns
[17.876s][info ][safepoint      ] Safepoint "ICBufferFull", Time since last: 877427 ns, Reaching safepoint: 114204 ns, At safepoint: 25900 ns, Total: 140104 ns
[17.954s][info ][safepoint      ] Safepoint "ICBufferFull", Time since last: 78130679 ns, Reaching safepoint: 128804 ns, At safepoint: 38901 ns, Total: 167705 ns
[18.006s][info ][safepoint      ] Safepoint "ICBufferFull", Time since last: 51159958 ns, Reaching safepoint: 100403 ns, At safepoint: 22100 ns, Total: 122503 ns
[18.121s][info ][safepoint      ] Safepoint "ParallelGCFailedAllocation", Time since last: 115028002 ns, Reaching safepoint: 146904 ns, At safepoint: 30901 ns, Total: 177805 ns
[18.125s][info ][gc,start       ] GC(37) Pause Young (GCLocker Initiated GC)
[18.139s][debug][gc,phases      ] GC(37) Scavenge 14.204ms
[18.139s][debug][gc,ref         ] GC(37) Skipped phase 1 of Reference Processing: no references
[18.139s][debug][gc,ref         ] GC(37) Skipped phase 3 of Reference Processing: no references
[18.139s][debug][gc,phases      ] GC(37) Reference Processing 0.076ms
[18.140s][debug][gc,phases      ] GC(37) Weak Processing 0.759ms
[18.140s][debug][gc,age         ] GC(37) Desired survivor size 182976512 bytes, new threshold 15 (max threshold 15)
[18.140s][info ][gc,heap        ] GC(37) PSYoungGen: 1826928K(1918464K)->56752K(1915392K) Eden: 1741824K(1741824K)->0K(1739776K) From: 85104K(176640K)->56752K(175616K)
[18.140s][info ][gc,heap        ] GC(37) ParOldGen: 183566K(220160K)->186854K(220160K)
[18.140s][info ][gc,metaspace   ] GC(37) Metaspace: 63114K(63616K)->63114K(63616K) NonClass: 54102K(54400K)->54102K(54400K) Class: 9011K(9216K)->9011K(9216K)
[18.140s][info ][gc             ] GC(37) Pause Young (GCLocker Initiated GC) 1963M->237M(2085M) 15.181ms
[18.140s][info ][gc,cpu         ] GC(37) User=0.07s Sys=0.00s Real=0.02s
[18.140s][info ][safepoint      ] Safepoint "ParallelGCSystemGC", Time since last: 3879619 ns, Reaching safepoint: 188805 ns, At safepoint: 15291066 ns, Total: 15479871 ns
[18.210s][info ][safepoint      ] Safepoint "ICBufferFull", Time since last: 68864896 ns, Reaching safepoint: 623419 ns, At safepoint: 24401 ns, Total: 647820 ns
[18.226s][info ][safepoint      ] Safepoint "ICBufferFull", Time since last: 15902284 ns, Reaching safepoint: 132504 ns, At safepoint: 28901 ns, Total: 161405 ns
[18.229s][info ][safepoint      ] Safepoint "ICBufferFull", Time since last: 3340502 ns, Reaching safepoint: 114003 ns, At safepoint: 30901 ns, Total: 144904 ns
[18.236s][info ][safepoint      ] Safepoint "ICBufferFull", Time since last: 6353693 ns, Reaching safepoint: 127904 ns, At safepoint: 30701 ns, Total: 158605 ns
[18.253s][info ][safepoint      ] Safepoint "ICBufferFull", Time since last: 16781711 ns, Reaching safepoint: 236507 ns, At safepoint: 29501 ns, Total: 266008 ns
[18.266s][info ][safepoint      ] Safepoint "ICBufferFull", Time since last: 8756267 ns, Reaching safepoint: 4309131 ns, At safepoint: 29801 ns, Total: 4338932 ns
[18.304s][info ][safepoint      ] Safepoint "ICBufferFull", Time since last: 38125561 ns, Reaching safepoint: 167505 ns, At safepoint: 31101 ns, Total: 198606 ns
[18.522s][info ][gc,start       ] GC(38) Pause Young (Allocation Failure)
[18.534s][debug][gc,phases      ] GC(38) Scavenge 11.707ms
[18.534s][debug][gc,ref         ] GC(38) Skipped phase 1 of Reference Processing: no references
[18.534s][debug][gc,ref         ] GC(38) Skipped phase 3 of Reference Processing: no references
[18.534s][debug][gc,phases      ] GC(38) Reference Processing 0.098ms
[18.534s][debug][gc,phases      ] GC(38) Weak Processing 0.788ms
[18.534s][debug][gc,age         ] GC(38) Desired survivor size 184549376 bytes, new threshold 15 (max threshold 15)
[18.535s][info ][gc,heap        ] GC(38) PSYoungGen: 1796528K(1915392K)->55568K(1795584K) Eden: 1739776K(1739776K)->0K(1739776K) From: 56752K(175616K)->55568K(55808K)
[18.535s][info ][gc,heap        ] GC(38) ParOldGen: 186855K(220160K)->188323K(220160K)
[18.535s][info ][gc,metaspace   ] GC(38) Metaspace: 63770K(64320K)->63770K(64320K) NonClass: 54675K(54976K)->54675K(54976K) Class: 9095K(9344K)->9095K(9344K)
[18.535s][info ][gc             ] GC(38) Pause Young (Allocation Failure) 1936M->238M(1968M) 12.813ms
[18.535s][info ][gc,cpu         ] GC(38) User=0.06s Sys=0.00s Real=0.01s
[18.535s][info ][safepoint      ] Safepoint "ParallelGCFailedAllocation", Time since last: 217212512 ns, Reaching safepoint: 287109 ns, At safepoint: 12924894 ns, Total: 13212003 ns
[18.948s][info ][gc,start       ] GC(39) Pause Young (Allocation Failure)
[18.961s][debug][gc,phases      ] GC(39) Scavenge 12.318ms
[18.961s][debug][gc,ref         ] GC(39) Skipped phase 1 of Reference Processing: no references
[18.961s][debug][gc,ref         ] GC(39) Skipped phase 3 of Reference Processing: no references
[18.961s][debug][gc,phases      ] GC(39) Reference Processing 0.052ms
[18.961s][debug][gc,phases      ] GC(39) Weak Processing 0.564ms
[18.961s][debug][gc,age         ] GC(39) Desired survivor size 185073664 bytes, new threshold 15 (max threshold 15)
[18.961s][info ][gc,heap        ] GC(39) PSYoungGen: 1795344K(1795584K)->54128K(1915904K) Eden: 1739776K(1739776K)->0K(1735680K) From: 55568K(55808K)->54128K(180224K)
[18.961s][info ][gc,heap        ] GC(39) ParOldGen: 188323K(220160K)->190064K(220160K)
[18.961s][info ][gc,metaspace   ] GC(39) Metaspace: 64007K(64576K)->64007K(64576K) NonClass: 54911K(55232K)->54911K(55232K) Class: 9095K(9344K)->9095K(9344K)
[18.961s][info ][gc             ] GC(39) Pause Young (Allocation Failure) 1937M->238M(2086M) 13.094ms
[18.961s][info ][gc,cpu         ] GC(39) User=0.04s Sys=0.01s Real=0.02s
[18.961s][info ][safepoint      ] Safepoint "ParallelGCFailedAllocation", Time since last: 413264481 ns, Reaching safepoint: 383612 ns, At safepoint: 13216502 ns, Total: 13600114 ns
[19.307s][info ][gc,start       ] GC(40) Pause Young (Allocation Failure)
[19.319s][debug][gc,phases      ] GC(40) Scavenge 12.110ms
[19.319s][debug][gc,ref         ] GC(40) Skipped phase 1 of Reference Processing: no references
[19.319s][debug][gc,ref         ] GC(40) Skipped phase 3 of Reference Processing: no references
[19.319s][debug][gc,phases      ] GC(40) Reference Processing 0.047ms
[19.320s][debug][gc,phases      ] GC(40) Weak Processing 0.575ms
[19.320s][debug][gc,age         ] GC(40) Desired survivor size 184025088 bytes, new threshold 15 (max threshold 15)
[19.320s][info ][gc,heap        ] GC(40) PSYoungGen: 1789808K(1915904K)->52208K(1916416K) Eden: 1735680K(1735680K)->0K(1735680K) From: 54128K(180224K)->52208K(180736K)
[19.320s][info ][gc,heap        ] GC(40) ParOldGen: 190064K(220160K)->192480K(220160K)
[19.320s][info ][gc,metaspace   ] GC(40) Metaspace: 64024K(64576K)->64024K(64576K) NonClass: 54928K(55232K)->54928K(55232K) Class: 9095K(9344K)->9095K(9344K)
[19.320s][info ][gc             ] GC(40) Pause Young (Allocation Failure) 1933M->238M(2086M) 12.890ms
[19.320s][info ][gc,cpu         ] GC(40) User=0.04s Sys=0.00s Real=0.02s
[19.320s][info ][safepoint      ] Safepoint "ParallelGCFailedAllocation", Time since last: 345548020 ns, Reaching safepoint: 152304 ns, At safepoint: 13027997 ns, Total: 13180301 ns
[19.655s][info ][gc,start       ] GC(41) Pause Young (Allocation Failure)
[19.668s][debug][gc,phases      ] GC(41) Scavenge 12.587ms
[19.668s][debug][gc,ref         ] GC(41) Skipped phase 1 of Reference Processing: no references
[19.668s][debug][gc,ref         ] GC(41) Skipped phase 3 of Reference Processing: no references
[19.668s][debug][gc,phases      ] GC(41) Reference Processing 0.062ms
[19.669s][debug][gc,phases      ] GC(41) Weak Processing 0.563ms
[19.669s][debug][gc,age         ] GC(41) Desired survivor size 182452224 bytes, new threshold 15 (max threshold 15)
[19.669s][info ][gc,heap        ] GC(41) PSYoungGen: 1787888K(1916416K)->50208K(1918976K) Eden: 1735680K(1735680K)->0K(1739264K) From: 52208K(180736K)->50208K(179712K)
[19.669s][info ][gc,heap        ] GC(41) ParOldGen: 192480K(220160K)->194905K(220160K)
[19.669s][info ][gc,metaspace   ] GC(41) Metaspace: 64054K(64640K)->64054K(64640K) NonClass: 54958K(55296K)->54958K(55296K) Class: 9095K(9344K)->9095K(9344K)
[19.669s][info ][gc             ] GC(41) Pause Young (Allocation Failure) 1933M->239M(2089M) 13.353ms
[19.669s][info ][gc,cpu         ] GC(41) User=0.05s Sys=0.00s Real=0.01s
[19.669s][info ][safepoint      ] Safepoint "ParallelGCFailedAllocation", Time since last: 334888196 ns, Reaching safepoint: 166705 ns, At safepoint: 13461810 ns, Total: 13628515 ns
[19.977s][info ][gc,start       ] GC(42) Pause Young (Allocation Failure)
[19.988s][debug][gc,phases      ] GC(42) Scavenge 11.069ms
[19.988s][debug][gc,ref         ] GC(42) Skipped phase 1 of Reference Processing: no references
[19.988s][debug][gc,ref         ] GC(42) Skipped phase 3 of Reference Processing: no references
[19.988s][debug][gc,phases      ] GC(42) Reference Processing 0.042ms
[19.988s][debug][gc,phases      ] GC(42) Weak Processing 0.526ms
[19.988s][debug][gc,age         ] GC(42) Desired survivor size 180355072 bytes, new threshold 15 (max threshold 15)
[19.988s][info ][gc,heap        ] GC(42) PSYoungGen: 1789472K(1918976K)->46560K(1917440K) Eden: 1739264K(1739264K)->0K(1739264K) From: 50208K(179712K)->46560K(178176K)
[19.988s][info ][gc,heap        ] GC(42) ParOldGen: 194905K(220160K)->199186K(220160K)
[19.988s][info ][gc,metaspace   ] GC(42) Metaspace: 64068K(64640K)->64068K(64640K) NonClass: 54972K(55296K)->54972K(55296K) Class: 9095K(9344K)->9095K(9344K)
[19.988s][info ][gc             ] GC(42) Pause Young (Allocation Failure) 1937M->239M(2087M) 11.778ms
[19.988s][info ][gc,cpu         ] GC(42) User=0.05s Sys=0.00s Real=0.01s
[19.988s][info ][safepoint      ] Safepoint "ParallelGCFailedAllocation", Time since last: 307647466 ns, Reaching safepoint: 170605 ns, At safepoint: 11896062 ns, Total: 12066667 ns
[20.338s][info ][gc,start       ] GC(43) Pause Young (Allocation Failure)
[20.351s][debug][gc,phases      ] GC(43) Scavenge 13.470ms
[20.351s][debug][gc,ref         ] GC(43) Skipped phase 1 of Reference Processing: no references
[20.351s][debug][gc,ref         ] GC(43) Skipped phase 3 of Reference Processing: no references
[20.351s][debug][gc,phases      ] GC(43) Reference Processing 0.049ms
[20.352s][debug][gc,phases      ] GC(43) Weak Processing 0.592ms
[20.352s][debug][gc,age         ] GC(43) Desired survivor size 179306496 bytes, new threshold 15 (max threshold 15)
[20.352s][info ][gc,heap        ] GC(43) PSYoungGen: 1785824K(1917440K)->36560K(1922048K) Eden: 1739264K(1739264K)->0K(1745920K) From: 46560K(178176K)->36560K(176128K)
[20.352s][info ][gc,heap        ] GC(43) ParOldGen: 199186K(220160K)->210049K(220160K)
[20.352s][info ][gc,metaspace   ] GC(43) Metaspace: 64086K(64640K)->64086K(64640K) NonClass: 54989K(55296K)->54989K(55296K) Class: 9096K(9344K)->9096K(9344K)
[20.352s][info ][gc             ] GC(43) Pause Young (Allocation Failure) 1938M->240M(2092M) 14.260ms
[20.352s][info ][gc,cpu         ] GC(43) User=0.04s Sys=0.01s Real=0.01s
[20.352s][debug][gc,phases      ] GC(44) Pre Compact 0.011ms
[20.352s][info ][gc,start       ] GC(44) Pause Full (Ergonomics)
[20.352s][info ][gc,phases,start] GC(44) Marking Phase
[20.444s][debug][gc,phases      ] GC(44) Par Mark 92.017ms
[20.444s][debug][gc,ref         ] GC(44) Skipped phase 1 of Reference Processing: no references
[20.444s][debug][gc,ref         ] GC(44) Skipped phase 3 of Reference Processing: no references
[20.444s][debug][gc,phases      ] GC(44) Reference Processing 0.278ms
[20.445s][debug][gc,phases      ] GC(44) Weak Processing 0.551ms
[20.445s][debug][gc,phases      ] GC(44) ClassLoaderData 0.054ms
[20.445s][debug][gc,phases      ] GC(44) Trigger cleanups 0.000ms
[20.454s][debug][gc,phases      ] GC(44) Class Unloading 9.525ms
[20.454s][info ][gc,phases      ] GC(44) Marking Phase 102.520ms
[20.455s][info ][gc,phases,start] GC(44) Summary Phase
[20.455s][info ][gc,phases      ] GC(44) Summary Phase 0.008ms
[20.455s][info ][gc,phases,start] GC(44) Adjust Roots
[20.469s][info ][gc,phases      ] GC(44) Adjust Roots 14.880ms
[20.469s][info ][gc,phases,start] GC(44) Compaction Phase
[20.578s][info ][gc,phases      ] GC(44) Compaction Phase 108.911ms
[20.578s][info ][gc,phases,start] GC(44) Post Compact
[20.579s][info ][gc,phases      ] GC(44) Post Compact 0.975ms
[20.579s][info ][gc,heap        ] GC(44) PSYoungGen: 36560K(1922048K)->22684K(1922048K) Eden: 0K(1745920K)->0K(1745920K) From: 36560K(176128K)->22684K(176128K)
[20.579s][info ][gc,heap        ] GC(44) ParOldGen: 210049K(220160K)->219755K(276480K)
[20.579s][info ][gc,metaspace   ] GC(44) Metaspace: 64086K(64640K)->64086K(64640K) NonClass: 54989K(55296K)->54989K(55296K) Class: 9096K(9344K)->9096K(9344K)
[20.580s][info ][gc             ] GC(44) Pause Full (Ergonomics) 240M->236M(2147M) 227.538ms
[20.580s][info ][gc,cpu         ] GC(44) User=0.81s Sys=0.01s Real=0.23s
[20.580s][info ][safepoint      ] Safepoint "ParallelGCFailedAllocation", Time since last: 348997326 ns, Reaching safepoint: 176205 ns, At safepoint: 242053770 ns, Total: 242229975 ns
[20.930s][info ][gc,start       ] GC(45) Pause Young (Allocation Failure)
[20.963s][debug][gc,phases      ] GC(45) Scavenge 33.254ms
[20.963s][debug][gc,ref         ] GC(45) Skipped phase 1 of Reference Processing: no references
[20.963s][debug][gc,ref         ] GC(45) Skipped phase 3 of Reference Processing: no references
[20.963s][debug][gc,ref         ] GC(45) Skipped phase 4 of Reference Processing: no references
[20.963s][debug][gc,phases      ] GC(45) Reference Processing 0.029ms
[20.964s][debug][gc,phases      ] GC(45) Weak Processing 0.500ms
[20.964s][debug][gc,age         ] GC(45) Desired survivor size 179830784 bytes, new threshold 15 (max threshold 15)
[20.964s][info ][gc,heap        ] GC(45) PSYoungGen: 1768604K(1922048K)->20000K(1921024K) Eden: 1745920K(1745920K)->0K(1745920K) From: 22684K(176128K)->20000K(175104K)
[20.964s][info ][gc,heap        ] GC(45) ParOldGen: 219755K(276480K)->223229K(276480K)
[20.964s][info ][gc,metaspace   ] GC(45) Metaspace: 64137K(64704K)->64137K(64704K) NonClass: 55040K(55360K)->55040K(55360K) Class: 9096K(9344K)->9096K(9344K)
[20.964s][info ][gc             ] GC(45) Pause Young (Allocation Failure) 1941M->237M(2146M) 33.925ms
[20.964s][info ][gc,cpu         ] GC(45) User=0.13s Sys=0.00s Real=0.03s
[20.964s][info ][safepoint      ] Safepoint "ParallelGCFailedAllocation", Time since last: 347917692 ns, Reaching safepoint: 2141665 ns, At safepoint: 34040437 ns, Total: 36182102 ns
[21.315s][info ][gc,start       ] GC(46) Pause Young (Allocation Failure)
[21.323s][debug][gc,phases      ] GC(46) Scavenge 7.586ms
[21.323s][debug][gc,ref         ] GC(46) Skipped phase 1 of Reference Processing: no references
[21.323s][debug][gc,ref         ] GC(46) Skipped phase 3 of Reference Processing: no references
[21.323s][debug][gc,ref         ] GC(46) Skipped phase 4 of Reference Processing: no references
[21.323s][debug][gc,phases      ] GC(46) Reference Processing 0.025ms
[21.323s][debug][gc,phases      ] GC(46) Weak Processing 0.500ms
[21.323s][debug][gc,age         ] GC(46) Desired survivor size 179306496 bytes, new threshold 15 (max threshold 15)
[21.323s][info ][gc,heap        ] GC(46) PSYoungGen: 1765920K(1921024K)->18048K(1922048K) Eden: 1745920K(1745920K)->0K(1746432K) From: 20000K(175104K)->18048K(175616K)
[21.323s][info ][gc,heap        ] GC(46) ParOldGen: 223229K(276480K)->225335K(276480K)
[21.323s][info ][gc,metaspace   ] GC(46) Metaspace: 64155K(64704K)->64155K(64704K) NonClass: 55057K(55360K)->55057K(55360K) Class: 9097K(9344K)->9097K(9344K)
[21.323s][info ][gc             ] GC(46) Pause Young (Allocation Failure) 1942M->237M(2147M) 8.259ms
[21.323s][info ][gc,cpu         ] GC(46) User=0.02s Sys=0.01s Real=0.01s
[21.323s][info ][safepoint      ] Safepoint "ParallelGCFailedAllocation", Time since last: 350946385 ns, Reaching safepoint: 165905 ns, At safepoint: 8371855 ns, Total: 8537760 ns
[21.679s][info ][gc,start       ] GC(47) Pause Young (Allocation Failure)
[21.685s][debug][gc,phases      ] GC(47) Scavenge 5.882ms
[21.685s][debug][gc,ref         ] GC(47) Skipped phase 1 of Reference Processing: no references
[21.685s][debug][gc,ref         ] GC(47) Skipped phase 3 of Reference Processing: no references
[21.685s][debug][gc,phases      ] GC(47) Reference Processing 0.027ms
[21.686s][debug][gc,phases      ] GC(47) Weak Processing 0.530ms
[21.686s][debug][gc,age         ] GC(47) Desired survivor size 177209344 bytes, new threshold 15 (max threshold 15)
[21.686s][info ][gc,heap        ] GC(47) PSYoungGen: 1764480K(1922048K)->16864K(1921536K) Eden: 1746432K(1746432K)->0K(1746432K) From: 18048K(175616K)->16864K(175104K)
[21.686s][info ][gc,heap        ] GC(47) ParOldGen: 225335K(276480K)->226868K(276480K)
[21.686s][info ][gc,metaspace   ] GC(47) Metaspace: 64998K(65536K)->64998K(65536K) NonClass: 55772K(56064K)->55772K(56064K) Class: 9225K(9472K)->9225K(9472K)
[21.686s][info ][gc             ] GC(47) Pause Young (Allocation Failure) 1943M->238M(2146M) 6.593ms
[21.686s][info ][gc,cpu         ] GC(47) User=0.03s Sys=0.00s Real=0.00s
[21.686s][info ][safepoint      ] Safepoint "ParallelGCFailedAllocation", Time since last: 355765932 ns, Reaching safepoint: 173605 ns, At safepoint: 6703404 ns, Total: 6877009 ns
[22.027s][info ][gc,start       ] GC(48) Pause Young (Allocation Failure)
[22.034s][debug][gc,phases      ] GC(48) Scavenge 6.720ms
[22.034s][debug][gc,ref         ] GC(48) Skipped phase 1 of Reference Processing: no references
[22.034s][debug][gc,ref         ] GC(48) Skipped phase 3 of Reference Processing: no references
[22.034s][debug][gc,phases      ] GC(48) Reference Processing 0.028ms
[22.035s][debug][gc,phases      ] GC(48) Weak Processing 0.485ms
[22.035s][debug][gc,age         ] GC(48) Desired survivor size 174587904 bytes, new threshold 15 (max threshold 15)
[22.035s][info ][gc,heap        ] GC(48) PSYoungGen: 1763296K(1921536K)->10512K(1926656K) Eden: 1746432K(1746432K)->0K(1753600K) From: 16864K(175104K)->10512K(173056K)
[22.035s][info ][gc,heap        ] GC(48) ParOldGen: 226868K(276480K)->234034K(276480K)
[22.035s][info ][gc,metaspace   ] GC(48) Metaspace: 66198K(66752K)->66198K(66752K) NonClass: 56758K(57024K)->56758K(57024K) Class: 9439K(9728K)->9439K(9728K)
[22.035s][info ][gc             ] GC(48) Pause Young (Allocation Failure) 1943M->238M(2151M) 7.364ms
[22.035s][info ][gc,cpu         ] GC(48) User=0.02s Sys=0.01s Real=0.01s
[22.035s][info ][safepoint      ] Safepoint "ParallelGCFailedAllocation", Time since last: 341306592 ns, Reaching safepoint: 180906 ns, At safepoint: 7471027 ns, Total: 7651933 ns
[22.393s][info ][gc,start       ] GC(49) Pause Young (Allocation Failure)
[22.398s][debug][gc,phases      ] GC(49) Scavenge 5.543ms
[22.398s][debug][gc,ref         ] GC(49) Skipped phase 1 of Reference Processing: no references
[22.398s][debug][gc,ref         ] GC(49) Skipped phase 3 of Reference Processing: no references
[22.398s][debug][gc,phases      ] GC(49) Reference Processing 0.044ms
[22.399s][debug][gc,phases      ] GC(49) Weak Processing 0.526ms
[22.399s][debug][gc,age         ] GC(49) Desired survivor size 171442176 bytes, new threshold 15 (max threshold 15)
[22.399s][info ][gc,heap        ] GC(49) PSYoungGen: 1764112K(1926656K)->11616K(1924096K) Eden: 1753600K(1753600K)->0K(1753600K) From: 10512K(173056K)->11616K(170496K)
[22.399s][info ][gc,heap        ] GC(49) ParOldGen: 234034K(276480K)->234943K(276480K)
[22.399s][info ][gc,metaspace   ] GC(49) Metaspace: 69180K(69760K)->69180K(69760K) NonClass: 59418K(59712K)->59418K(59712K) Class: 9762K(10048K)->9762K(10048K)
[22.399s][info ][gc             ] GC(49) Pause Young (Allocation Failure) 1951M->240M(2149M) 6.263ms
[22.399s][info ][gc,cpu         ] GC(49) User=0.03s Sys=0.00s Real=0.01s
[22.399s][info ][safepoint      ] Safepoint "ParallelGCFailedAllocation", Time since last: 357597488 ns, Reaching safepoint: 189606 ns, At safepoint: 6412695 ns, Total: 6602301 ns
[22.758s][info ][gc,start       ] GC(50) Pause Young (Allocation Failure)
[22.766s][debug][gc,phases      ] GC(50) Scavenge 8.393ms
[22.766s][debug][gc,ref         ] GC(50) Skipped phase 1 of Reference Processing: no references
[22.766s][debug][gc,ref         ] GC(50) Skipped phase 3 of Reference Processing: no references
[22.766s][debug][gc,phases      ] GC(50) Reference Processing 0.045ms
[22.767s][debug][gc,phases      ] GC(50) Weak Processing 0.657ms
[22.767s][debug][gc,age         ] GC(50) Desired survivor size 166723584 bytes, new threshold 15 (max threshold 15)
[22.767s][info ][gc,heap        ] GC(50) PSYoungGen: 1765216K(1924096K)->10612K(1934336K) Eden: 1753600K(1753600K)->0K(1766912K) From: 11616K(170496K)->10612K(167424K)
[22.767s][info ][gc,heap        ] GC(50) ParOldGen: 234943K(276480K)->238018K(276480K)
[22.767s][info ][gc,metaspace   ] GC(50) Metaspace: 71266K(71936K)->71266K(71936K) NonClass: 61216K(61568K)->61216K(61568K) Class: 10050K(10368K)->10050K(10368K)
[22.767s][info ][gc             ] GC(50) Pause Young (Allocation Failure) 1953M->242M(2159M) 9.246ms
[22.767s][info ][gc,cpu         ] GC(50) User=0.04s Sys=0.00s Real=0.00s
[22.767s][info ][safepoint      ] Safepoint "ParallelGCFailedAllocation", Time since last: 354671099 ns, Reaching safepoint: 3727614 ns, At safepoint: 9365685 ns, Total: 13093299 ns
[23.118s][info ][gc,start       ] GC(51) Pause Young (Allocation Failure)
[23.125s][debug][gc,phases      ] GC(51) Scavenge 6.515ms
[23.125s][debug][gc,ref         ] GC(51) Skipped phase 1 of Reference Processing: no references
[23.125s][debug][gc,ref         ] GC(51) Skipped phase 3 of Reference Processing: no references
[23.125s][debug][gc,phases      ] GC(51) Reference Processing 0.034ms
[23.126s][debug][gc,phases      ] GC(51) Weak Processing 0.587ms
[23.126s][debug][gc,age         ] GC(51) Desired survivor size 162529280 bytes, new threshold 15 (max threshold 15)
[23.126s][info ][gc,heap        ] GC(51) PSYoungGen: 1777524K(1934336K)->7958K(1929728K) Eden: 1766912K(1766912K)->0K(1766912K) From: 10612K(167424K)->7958K(162816K)
[23.126s][info ][gc,heap        ] GC(51) ParOldGen: 238018K(276480K)->240861K(276480K)
[23.126s][info ][gc,metaspace   ] GC(51) Metaspace: 71351K(72000K)->71351K(72000K) NonClass: 61291K(61632K)->61291K(61632K) Class: 10060K(10368K)->10060K(10368K)
[23.126s][info ][gc             ] GC(51) Pause Young (Allocation Failure) 1968M->242M(2154M) 7.274ms
[23.126s][info ][gc,cpu         ] GC(51) User=0.03s Sys=0.00s Real=0.00s
[23.126s][info ][safepoint      ] Safepoint "ParallelGCFailedAllocation", Time since last: 350517073 ns, Reaching safepoint: 1108234 ns, At safepoint: 7386124 ns, Total: 8494358 ns
[23.492s][info ][gc,start       ] GC(52) Pause Young (Allocation Failure)
[23.499s][debug][gc,phases      ] GC(52) Scavenge 7.129ms
[23.499s][debug][gc,ref         ] GC(52) Skipped phase 1 of Reference Processing: no references
[23.499s][debug][gc,ref         ] GC(52) Skipped phase 3 of Reference Processing: no references
[23.499s][debug][gc,phases      ] GC(52) Reference Processing 0.049ms
[23.499s][debug][gc,phases      ] GC(52) Weak Processing 0.655ms
[23.499s][debug][gc,age         ] GC(52) Desired survivor size 157286400 bytes, new threshold 15 (max threshold 15)
[23.500s][info ][gc,heap        ] GC(52) PSYoungGen: 1774870K(1929728K)->7565K(1943552K) Eden: 1766912K(1766912K)->0K(1784832K) From: 7958K(162816K)->7565K(158720K)
[23.500s][info ][gc,heap        ] GC(52) ParOldGen: 240861K(276480K)->242162K(276480K)
[23.500s][info ][gc,metaspace   ] GC(52) Metaspace: 71891K(72448K)->71891K(72448K) NonClass: 61775K(62080K)->61775K(62080K) Class: 10115K(10368K)->10115K(10368K)
[23.500s][info ][gc             ] GC(52) Pause Young (Allocation Failure) 1968M->243M(2168M) 7.971ms
[23.500s][info ][gc,cpu         ] GC(52) User=0.04s Sys=0.00s Real=0.01s
[23.500s][info ][safepoint      ] Safepoint "ParallelGCFailedAllocation", Time since last: 365458228 ns, Reaching safepoint: 220907 ns, At safepoint: 8099547 ns, Total: 8320454 ns
[23.885s][info ][safepoint      ] Safepoint "ICBufferFull", Time since last: 384195998 ns, Reaching safepoint: 1241838 ns, At safepoint: 31301 ns, Total: 1273139 ns
[24.040s][info ][safepoint      ] Safepoint "ParallelGCFailedAllocation", Time since last: 154198095 ns, Reaching safepoint: 263008 ns, At safepoint: 42902 ns, Total: 305910 ns
[24.042s][info ][gc,start       ] GC(53) Pause Young (Allocation Failure)
[24.050s][debug][gc,phases      ] GC(53) Scavenge 8.443ms
[24.050s][debug][gc,ref         ] GC(53) Skipped phase 1 of Reference Processing: no references
[24.050s][debug][gc,ref         ] GC(53) Skipped phase 3 of Reference Processing: no references
[24.050s][debug][gc,phases      ] GC(53) Reference Processing 0.054ms
[24.051s][debug][gc,phases      ] GC(53) Weak Processing 0.608ms
[24.051s][debug][gc,age         ] GC(53) Desired survivor size 147324928 bytes, new threshold 15 (max threshold 15)
[24.051s][info ][gc,heap        ] GC(53) PSYoungGen: 1792397K(1943552K)->30451K(1938432K) Eden: 1784832K(1784832K)->0K(1784832K) From: 7565K(158720K)->30451K(153600K)
[24.051s][info ][gc,heap        ] GC(53) ParOldGen: 242164K(276480K)->242724K(276480K)
[24.051s][info ][gc,metaspace   ] GC(53) Metaspace: 72686K(73280K)->72686K(73280K) NonClass: 62488K(62848K)->62488K(62848K) Class: 10198K(10432K)->10198K(10432K)
[24.051s][info ][gc             ] GC(53) Pause Young (Allocation Failure) 1986M->266M(2163M) 9.222ms
[24.051s][info ][gc,cpu         ] GC(53) User=0.05s Sys=0.00s Real=0.01s
[24.051s][info ][safepoint      ] Safepoint "ParallelGCFailedAllocation", Time since last: 175805 ns, Reaching safepoint: 2091464 ns, At safepoint: 9336984 ns, Total: 11428448 ns
[24.136s][info ][safepoint      ] Safepoint "ICBufferFull", Time since last: 84148362 ns, Reaching safepoint: 311410 ns, At safepoint: 30401 ns, Total: 341811 ns
[24.166s][info ][safepoint      ] Safepoint "ICBufferFull", Time since last: 28441766 ns, Reaching safepoint: 2128265 ns, At safepoint: 32301 ns, Total: 2160566 ns
[24.200s][info ][safepoint      ] Safepoint "ICBufferFull", Time since last: 32979504 ns, Reaching safepoint: 419813 ns, At safepoint: 33301 ns, Total: 453114 ns
[24.240s][info ][safepoint      ] Safepoint "ICBufferFull", Time since last: 40036019 ns, Reaching safepoint: 115203 ns, At safepoint: 22601 ns, Total: 137804 ns
[24.266s][info ][safepoint      ] Safepoint "ICBufferFull", Time since last: 22522086 ns, Reaching safepoint: 3210998 ns, At safepoint: 28700 ns, Total: 3239698 ns
[24.302s][info ][safepoint      ] Safepoint "ICBufferFull", Time since last: 35734589 ns, Reaching safepoint: 239207 ns, At safepoint: 32801 ns, Total: 272008 ns
[24.426s][info ][safepoint      ] Safepoint "ICBufferFull", Time since last: 122145919 ns, Reaching safepoint: 2125765 ns, At safepoint: 30301 ns, Total: 2156066 ns
[24.472s][info ][safepoint      ] Safepoint "ParallelGCFailedAllocation", Time since last: 46203607 ns, Reaching safepoint: 222207 ns, At safepoint: 37901 ns, Total: 260108 ns
[24.482s][info ][gc,start       ] GC(54) Pause Young (GCLocker Initiated GC)
[24.490s][debug][gc,phases      ] GC(54) Scavenge 8.193ms
[24.490s][debug][gc,ref         ] GC(54) Skipped phase 1 of Reference Processing: no references
[24.490s][debug][gc,ref         ] GC(54) Skipped phase 3 of Reference Processing: no references
[24.490s][debug][gc,phases      ] GC(54) Reference Processing 0.059ms
[24.491s][debug][gc,phases      ] GC(54) Weak Processing 0.780ms
[24.491s][debug][gc,age         ] GC(54) Desired survivor size 138936320 bytes, new threshold 15 (max threshold 15)
[24.491s][info ][gc,heap        ] GC(54) PSYoungGen: 1815283K(1938432K)->27865K(1961472K) Eden: 1784832K(1784832K)->0K(1817600K) From: 30451K(153600K)->27865K(143872K)
[24.491s][info ][gc,heap        ] GC(54) ParOldGen: 243442K(276480K)->243482K(276480K)
[24.491s][info ][gc,metaspace   ] GC(54) Metaspace: 72945K(73536K)->72945K(73536K) NonClass: 62733K(63040K)->62733K(63040K) Class: 10211K(10496K)->10211K(10496K)
[24.491s][info ][gc             ] GC(54) Pause Young (GCLocker Initiated GC) 2010M->264M(2185M) 9.188ms
[24.491s][info ][gc,cpu         ] GC(54) User=0.03s Sys=0.00s Real=0.01s
[24.491s][info ][safepoint      ] Safepoint "ParallelGCSystemGC", Time since last: 9169979 ns, Reaching safepoint: 107003 ns, At safepoint: 9276983 ns, Total: 9383986 ns
[24.528s][info ][safepoint      ] Safepoint "ICBufferFull", Time since last: 36656216 ns, Reaching safepoint: 173505 ns, At safepoint: 28701 ns, Total: 202206 ns
[24.542s][info ][safepoint      ] Safepoint "ICBufferFull", Time since last: 13698217 ns, Reaching safepoint: 119004 ns, At safepoint: 30701 ns, Total: 149705 ns
[24.565s][info ][safepoint      ] Safepoint "ICBufferFull", Time since last: 21147444 ns, Reaching safepoint: 2121564 ns, At safepoint: 24901 ns, Total: 2146465 ns
[24.589s][info ][safepoint      ] Safepoint "ICBufferFull", Time since last: 23987031 ns, Reaching safepoint: 137204 ns, At safepoint: 21800 ns, Total: 159004 ns
[24.601s][info ][safepoint      ] Safepoint "ICBufferFull", Time since last: 11264343 ns, Reaching safepoint: 123404 ns, At safepoint: 94203 ns, Total: 217607 ns
[24.645s][info ][safepoint      ] Safepoint "ICBufferFull", Time since last: 44220247 ns, Reaching safepoint: 126503 ns, At safepoint: 23301 ns, Total: 149804 ns
[24.947s][info ][gc,start       ] GC(55) Pause Young (Allocation Failure)
[24.956s][debug][gc,phases      ] GC(55) Scavenge 8.738ms
[24.956s][debug][gc,ref         ] GC(55) Skipped phase 1 of Reference Processing: no references
[24.956s][debug][gc,ref         ] GC(55) Skipped phase 3 of Reference Processing: no references
[24.956s][debug][gc,phases      ] GC(55) Reference Processing 0.075ms
[24.957s][debug][gc,phases      ] GC(55) Weak Processing 0.787ms
[24.957s][debug][gc,age         ] GC(55) Desired survivor size 131072000 bytes, new threshold 15 (max threshold 15)
[24.957s][info ][gc,heap        ] GC(55) PSYoungGen: 1845465K(1961472K)->26425K(1953280K) Eden: 1817600K(1817600K)->0K(1817600K) From: 27865K(143872K)->26425K(135680K)
[24.957s][info ][gc,heap        ] GC(55) ParOldGen: 243482K(276480K)->243506K(276480K)
[24.957s][info ][gc,metaspace   ] GC(55) Metaspace: 73092K(73664K)->73092K(73664K) NonClass: 62874K(63168K)->62874K(63168K) Class: 10217K(10496K)->10217K(10496K)
[24.957s][info ][gc             ] GC(55) Pause Young (Allocation Failure) 2039M->263M(2177M) 9.760ms
[24.957s][info ][gc,cpu         ] GC(55) User=0.04s Sys=0.00s Real=0.01s
[24.957s][info ][safepoint      ] Safepoint "ParallelGCFailedAllocation", Time since last: 301703587 ns, Reaching safepoint: 268808 ns, At safepoint: 9882701 ns, Total: 10151509 ns
[25.314s][info ][gc,start       ] GC(56) Pause Young (Allocation Failure)
[25.324s][debug][gc,phases      ] GC(56) Scavenge 9.522ms
[25.324s][debug][gc,ref         ] GC(56) Skipped phase 1 of Reference Processing: no references
[25.324s][debug][gc,ref         ] GC(56) Skipped phase 3 of Reference Processing: no references
[25.324s][debug][gc,phases      ] GC(56) Reference Processing 0.055ms
[25.325s][debug][gc,phases      ] GC(56) Weak Processing 0.649ms
[25.325s][debug][gc,age         ] GC(56) Desired survivor size 123731968 bytes, new threshold 15 (max threshold 15)
[25.325s][info ][gc,heap        ] GC(56) PSYoungGen: 1844025K(1953280K)->27376K(1976320K) Eden: 1817600K(1817600K)->0K(1848320K) From: 26425K(135680K)->27376K(128000K)
[25.325s][info ][gc,heap        ] GC(56) ParOldGen: 243506K(276480K)->243514K(276480K)
[25.325s][info ][gc,metaspace   ] GC(56) Metaspace: 73106K(73664K)->73106K(73664K) NonClass: 62888K(63168K)->62888K(63168K) Class: 10217K(10496K)->10217K(10496K)
[25.325s][info ][gc             ] GC(56) Pause Young (Allocation Failure) 2038M->264M(2200M) 10.378ms
[25.325s][info ][gc,cpu         ] GC(56) User=0.04s Sys=0.00s Real=0.01s
[25.325s][info ][safepoint      ] Safepoint "ParallelGCFailedAllocation", Time since last: 355190116 ns, Reaching safepoint: 2177067 ns, At safepoint: 10500319 ns, Total: 12677386 ns
[25.694s][info ][gc,start       ] GC(57) Pause Young (Allocation Failure)
[25.703s][debug][gc,phases      ] GC(57) Scavenge 9.286ms
[25.703s][debug][gc,ref         ] GC(57) Skipped phase 1 of Reference Processing: no references
[25.703s][debug][gc,ref         ] GC(57) Skipped phase 3 of Reference Processing: no references
[25.703s][debug][gc,phases      ] GC(57) Reference Processing 0.067ms
[25.704s][debug][gc,phases      ] GC(57) Weak Processing 0.619ms
[25.704s][debug][gc,age         ] GC(57) Desired survivor size 116391936 bytes, new threshold 15 (max threshold 15)
[25.704s][info ][gc,heap        ] GC(57) PSYoungGen: 1875696K(1976320K)->28323K(1969152K) Eden: 1848320K(1848320K)->0K(1848320K) From: 27376K(128000K)->28323K(120832K)
[25.704s][info ][gc,heap        ] GC(57) ParOldGen: 243514K(276480K)->243530K(276480K)
[25.704s][info ][gc,metaspace   ] GC(57) Metaspace: 73127K(73664K)->73127K(73664K) NonClass: 62909K(63168K)->62909K(63168K) Class: 10217K(10496K)->10217K(10496K)
[25.704s][info ][gc             ] GC(57) Pause Young (Allocation Failure) 2069M->265M(2193M) 10.113ms
[25.704s][info ][gc,cpu         ] GC(57) User=0.04s Sys=0.00s Real=0.01s
[25.704s][info ][safepoint      ] Safepoint "ParallelGCFailedAllocation", Time since last: 369038938 ns, Reaching safepoint: 164005 ns, At safepoint: 10221312 ns, Total: 10385317 ns
[26.192s][info ][gc,start       ] GC(58) Pause Young (Allocation Failure)
[26.202s][debug][gc,phases      ] GC(58) Scavenge 10.046ms
[26.202s][debug][gc,ref         ] GC(58) Skipped phase 1 of Reference Processing: no references
[26.202s][debug][gc,ref         ] GC(58) Skipped phase 3 of Reference Processing: no references
[26.202s][debug][gc,phases      ] GC(58) Reference Processing 0.045ms
[26.203s][debug][gc,phases      ] GC(58) Weak Processing 0.574ms
[26.203s][debug][gc,age         ] GC(58) Desired survivor size 109576192 bytes, new threshold 15 (max threshold 15)
[26.203s][info ][gc,heap        ] GC(58) PSYoungGen: 1876643K(1969152K)->29797K(1990144K) Eden: 1848320K(1848320K)->0K(1876480K) From: 28323K(120832K)->29797K(113664K)
[26.203s][info ][gc,heap        ] GC(58) ParOldGen: 243530K(276480K)->243562K(276480K)
[26.203s][info ][gc,metaspace   ] GC(58) Metaspace: 73172K(73728K)->73172K(73728K) NonClass: 62955K(63232K)->62955K(63232K) Class: 10217K(10496K)->10217K(10496K)
[26.203s][info ][gc             ] GC(58) Pause Young (Allocation Failure) 2070M->266M(2213M) 10.811ms
[26.203s][info ][gc,cpu         ] GC(58) User=0.03s Sys=0.00s Real=0.01s
[26.203s][info ][safepoint      ] Safepoint "ParallelGCFailedAllocation", Time since last: 487699951 ns, Reaching safepoint: 170305 ns, At safepoint: 10920933 ns, Total: 11091238 ns
[26.545s][info ][gc,start       ] GC(59) Pause Young (Allocation Failure)
[26.556s][debug][gc,phases      ] GC(59) Scavenge 10.500ms
[26.556s][debug][gc,ref         ] GC(59) Skipped phase 1 of Reference Processing: no references
[26.556s][debug][gc,ref         ] GC(59) Skipped phase 3 of Reference Processing: no references
[26.556s][debug][gc,phases      ] GC(59) Reference Processing 0.065ms
[26.557s][debug][gc,phases      ] GC(59) Weak Processing 0.817ms
[26.557s][debug][gc,age         ] GC(59) Desired survivor size 102760448 bytes, new threshold 15 (max threshold 15)
[26.557s][info ][gc,heap        ] GC(59) PSYoungGen: 1906277K(1990144K)->30021K(1983488K) Eden: 1876480K(1876480K)->0K(1876480K) From: 29797K(113664K)->30021K(107008K)
[26.557s][info ][gc,heap        ] GC(59) ParOldGen: 243562K(276480K)->243618K(276480K)
[26.557s][info ][gc,metaspace   ] GC(59) Metaspace: 73187K(73728K)->73187K(73728K) NonClass: 62969K(63232K)->62969K(63232K) Class: 10217K(10496K)->10217K(10496K)
[26.557s][info ][gc             ] GC(59) Pause Young (Allocation Failure) 2099M->267M(2207M) 11.554ms
[26.557s][info ][gc,cpu         ] GC(59) User=0.04s Sys=0.00s Real=0.01s
[26.557s][info ][safepoint      ] Safepoint "ParallelGCFailedAllocation", Time since last: 341965514 ns, Reaching safepoint: 158904 ns, At safepoint: 11682256 ns, Total: 11841160 ns
[27.001s][info ][gc,start       ] GC(60) Pause Young (Allocation Failure)
[27.018s][debug][gc,phases      ] GC(60) Scavenge 17.088ms
[27.018s][debug][gc,ref         ] GC(60) Skipped phase 1 of Reference Processing: no references
[27.018s][debug][gc,ref         ] GC(60) Skipped phase 3 of Reference Processing: no references
[27.018s][debug][gc,phases      ] GC(60) Reference Processing 0.059ms
[27.019s][debug][gc,phases      ] GC(60) Weak Processing 0.674ms
[27.019s][debug][gc,age         ] GC(60) Desired survivor size 96993280 bytes, new threshold 15 (max threshold 15)
[27.019s][info ][gc,heap        ] GC(60) PSYoungGen: 1906501K(1983488K)->36266K(2002432K) Eden: 1876480K(1876480K)->0K(1902080K) From: 30021K(107008K)->36266K(100352K)
[27.019s][info ][gc,heap        ] GC(60) ParOldGen: 243618K(276480K)->243834K(276480K)
[27.019s][info ][gc,metaspace   ] GC(60) Metaspace: 73208K(73792K)->73208K(73792K) NonClass: 62990K(63296K)->62990K(63296K) Class: 10217K(10496K)->10217K(10496K)
[27.019s][info ][gc             ] GC(60) Pause Young (Allocation Failure) 2099M->273M(2225M) 17.962ms
[27.019s][info ][gc,cpu         ] GC(60) User=0.05s Sys=0.02s Real=0.02s
[27.019s][info ][safepoint      ] Safepoint "ParallelGCFailedAllocation", Time since last: 443895018 ns, Reaching safepoint: 203207 ns, At safepoint: 18073750 ns, Total: 18276957 ns
[27.445s][info ][gc,start       ] GC(61) Pause Young (Allocation Failure)
[27.461s][debug][gc,phases      ] GC(61) Scavenge 15.327ms
[27.461s][debug][gc,ref         ] GC(61) Skipped phase 1 of Reference Processing: no references
[27.461s][debug][gc,ref         ] GC(61) Skipped phase 3 of Reference Processing: no references
[27.461s][debug][gc,phases      ] GC(61) Reference Processing 0.059ms
[27.461s][debug][gc,phases      ] GC(61) Weak Processing 0.687ms
[27.461s][debug][gc,age         ] GC(61) Desired survivor size 92798976 bytes, new threshold 15 (max threshold 15)
[27.461s][info ][gc,heap        ] GC(61) PSYoungGen: 1938346K(2002432K)->39866K(1996800K) Eden: 1902080K(1902080K)->0K(1902080K) From: 36266K(100352K)->39866K(94720K)
[27.461s][info ][gc,heap        ] GC(61) ParOldGen: 243834K(276480K)->244018K(276480K)
[27.461s][info ][gc,metaspace   ] GC(61) Metaspace: 73230K(73792K)->73230K(73792K) NonClass: 63013K(63296K)->63013K(63296K) Class: 10217K(10496K)->10217K(10496K)
[27.461s][info ][gc             ] GC(61) Pause Young (Allocation Failure) 2131M->277M(2220M) 16.215ms
[27.461s][info ][gc,cpu         ] GC(61) User=0.06s Sys=0.00s Real=0.02s
[27.461s][info ][safepoint      ] Safepoint "ParallelGCFailedAllocation", Time since last: 426040574 ns, Reaching safepoint: 190506 ns, At safepoint: 16325897 ns, Total: 16516403 ns
[27.729s][info ][safepoint      ] Safepoint "ICBufferFull", Time since last: 267494147 ns, Reaching safepoint: 407512 ns, At safepoint: 31701 ns, Total: 439213 ns
[27.870s][info ][gc,start       ] GC(62) Pause Young (Allocation Failure)
[27.888s][debug][gc,phases      ] GC(62) Scavenge 17.641ms
[27.888s][debug][gc,ref         ] GC(62) Skipped phase 1 of Reference Processing: no references
[27.888s][debug][gc,ref         ] GC(62) Skipped phase 3 of Reference Processing: no references
[27.888s][debug][gc,phases      ] GC(62) Reference Processing 0.056ms
[27.888s][debug][gc,phases      ] GC(62) Weak Processing 0.621ms
[27.888s][debug][gc,age         ] GC(62) Desired survivor size 89128960 bytes, new threshold 15 (max threshold 15)
[27.888s][info ][gc,heap        ] GC(62) PSYoungGen: 1941946K(1996800K)->39916K(2010112K) Eden: 1902080K(1902080K)->0K(1919488K) From: 39866K(94720K)->39916K(90624K)
[27.888s][info ][gc,heap        ] GC(62) ParOldGen: 244018K(276480K)->244362K(276480K)
[27.888s][info ][gc,metaspace   ] GC(62) Metaspace: 73252K(73792K)->73252K(73792K) NonClass: 63031K(63296K)->63031K(63296K) Class: 10220K(10496K)->10220K(10496K)
[27.888s][info ][gc             ] GC(62) Pause Young (Allocation Failure) 2134M->277M(2233M) 18.464ms
[27.888s][info ][gc,cpu         ] GC(62) User=0.05s Sys=0.01s Real=0.01s
[27.888s][info ][safepoint      ] Safepoint "ParallelGCFailedAllocation", Time since last: 137166377 ns, Reaching safepoint: 3269200 ns, At safepoint: 18596466 ns, Total: 21865666 ns
[28.318s][info ][gc,start       ] GC(63) Pause Young (Allocation Failure)
[28.333s][debug][gc,phases      ] GC(63) Scavenge 15.070ms
[28.333s][debug][gc,ref         ] GC(63) Skipped phase 1 of Reference Processing: no references
[28.333s][debug][gc,ref         ] GC(63) Skipped phase 3 of Reference Processing: no references
[28.333s][debug][gc,phases      ] GC(63) Reference Processing 0.046ms
[28.334s][debug][gc,phases      ] GC(63) Weak Processing 0.640ms
[28.334s][debug][gc,age         ] GC(63) Desired survivor size 84934656 bytes, new threshold 15 (max threshold 15)
[28.334s][info ][gc,heap        ] GC(63) PSYoungGen: 1959404K(2010112K)->39463K(2006528K) Eden: 1919488K(1919488K)->0K(1919488K) From: 39916K(90624K)->39463K(87040K)
[28.334s][info ][gc,heap        ] GC(63) ParOldGen: 244362K(276480K)->245174K(276480K)
[28.334s][info ][gc,metaspace   ] GC(63) Metaspace: 73292K(73856K)->73292K(73856K) NonClass: 63069K(63360K)->63069K(63360K) Class: 10223K(10496K)->10223K(10496K)
[28.334s][info ][gc             ] GC(63) Pause Young (Allocation Failure) 2152M->277M(2229M) 15.914ms
[28.334s][info ][gc,cpu         ] GC(63) User=0.06s Sys=0.00s Real=0.01s
[28.334s][info ][safepoint      ] Safepoint "ParallelGCFailedAllocation", Time since last: 425142148 ns, Reaching safepoint: 4351332 ns, At safepoint: 16039489 ns, Total: 20390821 ns
[28.714s][info ][gc,start       ] GC(64) Pause Young (Allocation Failure)
[28.731s][debug][gc,phases      ] GC(64) Scavenge 17.647ms
[28.731s][debug][gc,ref         ] GC(64) Skipped phase 1 of Reference Processing: no references
[28.731s][debug][gc,ref         ] GC(64) Skipped phase 3 of Reference Processing: no references
[28.731s][debug][gc,phases      ] GC(64) Reference Processing 0.047ms
[28.732s][debug][gc,phases      ] GC(64) Weak Processing 0.649ms
[28.732s][debug][gc,age         ] GC(64) Desired survivor size 80740352 bytes, new threshold 15 (max threshold 15)
[28.732s][info ][gc,heap        ] GC(64) PSYoungGen: 1958951K(2006528K)->37653K(2018304K) Eden: 1919488K(1919488K)->0K(1935360K) From: 39463K(87040K)->37653K(82944K)
[28.732s][info ][gc,heap        ] GC(64) ParOldGen: 245174K(276480K)->247222K(276480K)
[28.732s][info ][gc,metaspace   ] GC(64) Metaspace: 73310K(73856K)->73310K(73856K) NonClass: 63087K(63360K)->63087K(63360K) Class: 10223K(10496K)->10223K(10496K)
[28.732s][info ][gc             ] GC(64) Pause Young (Allocation Failure) 2152M->278M(2241M) 18.484ms
[28.732s][info ][gc,cpu         ] GC(64) User=0.07s Sys=0.00s Real=0.02s
[28.732s][info ][safepoint      ] Safepoint "ParallelGCFailedAllocation", Time since last: 379118246 ns, Reaching safepoint: 559417 ns, At safepoint: 18611467 ns, Total: 19170884 ns
[29.126s][info ][gc,start       ] GC(65) Pause Young (Allocation Failure)
[29.145s][debug][gc,phases      ] GC(65) Scavenge 18.310ms
[29.145s][debug][gc,ref         ] GC(65) Skipped phase 1 of Reference Processing: no references
[29.145s][debug][gc,ref         ] GC(65) Skipped phase 3 of Reference Processing: no references
[29.145s][debug][gc,phases      ] GC(65) Reference Processing 0.036ms
[29.145s][debug][gc,phases      ] GC(65) Weak Processing 0.553ms
[29.145s][debug][gc,age         ] GC(65) Desired survivor size 76546048 bytes, new threshold 15 (max threshold 15)
[29.145s][info ][gc,heap        ] GC(65) PSYoungGen: 1973013K(2018304K)->35856K(2014208K) Eden: 1935360K(1935360K)->0K(1935360K) From: 37653K(82944K)->35856K(78848K)
[29.145s][info ][gc,heap        ] GC(65) ParOldGen: 247222K(276480K)->249314K(276480K)
[29.145s][info ][gc,metaspace   ] GC(65) Metaspace: 73326K(73856K)->73326K(73856K) NonClass: 63101K(63360K)->63101K(63360K) Class: 10224K(10496K)->10224K(10496K)
[29.145s][info ][gc             ] GC(65) Pause Young (Allocation Failure) 2168M->278M(2237M) 19.045ms
[29.145s][info ][gc,cpu         ] GC(65) User=0.08s Sys=0.00s Real=0.02s
[29.145s][info ][safepoint      ] Safepoint "ParallelGCFailedAllocation", Time since last: 391896335 ns, Reaching safepoint: 2188967 ns, At safepoint: 19171484 ns, Total: 21360451 ns
[29.557s][info ][gc,start       ] GC(66) Pause Young (Allocation Failure)
[29.573s][debug][gc,phases      ] GC(66) Scavenge 15.494ms
[29.573s][debug][gc,ref         ] GC(66) Skipped phase 1 of Reference Processing: no references
[29.573s][debug][gc,ref         ] GC(66) Skipped phase 3 of Reference Processing: no references
[29.573s][debug][gc,phases      ] GC(66) Reference Processing 0.045ms
[29.573s][debug][gc,phases      ] GC(66) Weak Processing 0.554ms
[29.573s][debug][gc,age         ] GC(66) Desired survivor size 72876032 bytes, new threshold 15 (max threshold 15)
[29.574s][info ][gc,heap        ] GC(66) PSYoungGen: 1971216K(2014208K)->36053K(2025984K) Eden: 1935360K(1935360K)->0K(1951232K) From: 35856K(78848K)->36053K(74752K)
[29.574s][info ][gc,heap        ] GC(66) ParOldGen: 249314K(276480K)->249570K(276480K)
[29.574s][info ][gc,metaspace   ] GC(66) Metaspace: 73388K(73920K)->73388K(73920K) NonClass: 63151K(63424K)->63151K(63424K) Class: 10237K(10496K)->10237K(10496K)
[29.574s][info ][gc             ] GC(66) Pause Young (Allocation Failure) 2168M->278M(2248M) 16.268ms
[29.574s][info ][gc,cpu         ] GC(66) User=0.06s Sys=0.00s Real=0.02s
[29.574s][info ][safepoint      ] Safepoint "ParallelGCFailedAllocation", Time since last: 411557135 ns, Reaching safepoint: 201306 ns, At safepoint: 16441600 ns, Total: 16642906 ns
[29.981s][info ][gc,start       ] GC(67) Pause Young (Allocation Failure)
[29.995s][debug][gc,phases      ] GC(67) Scavenge 14.321ms
[29.995s][debug][gc,ref         ] GC(67) Skipped phase 1 of Reference Processing: no references
[29.995s][debug][gc,ref         ] GC(67) Skipped phase 3 of Reference Processing: no references
[29.995s][debug][gc,ref         ] GC(67) Skipped phase 4 of Reference Processing: no references
[29.995s][debug][gc,phases      ] GC(67) Reference Processing 0.050ms
[29.996s][debug][gc,phases      ] GC(67) Weak Processing 0.568ms
[29.996s][debug][gc,age         ] GC(67) Desired survivor size 69206016 bytes, new threshold 15 (max threshold 15)
[29.996s][info ][gc,heap        ] GC(67) PSYoungGen: 1987285K(2025984K)->35523K(2022400K) Eden: 1951232K(1951232K)->0K(1951232K) From: 36053K(74752K)->35523K(71168K)
[29.996s][info ][gc,heap        ] GC(67) ParOldGen: 249570K(276480K)->250474K(276480K)
[29.996s][info ][gc,metaspace   ] GC(67) Metaspace: 73405K(73920K)->73405K(73920K) NonClass: 63168K(63424K)->63168K(63424K) Class: 10237K(10496K)->10237K(10496K)
[29.996s][info ][gc             ] GC(67) Pause Young (Allocation Failure) 2184M->279M(2245M) 15.099ms
[29.996s][info ][gc,cpu         ] GC(67) User=0.06s Sys=0.00s Real=0.01s
[29.996s][info ][safepoint      ] Safepoint "ParallelGCFailedAllocation", Time since last: 406738188 ns, Reaching safepoint: 196306 ns, At safepoint: 15223864 ns, Total: 15420170 ns
[30.426s][info ][gc,start       ] GC(68) Pause Young (Allocation Failure)
[30.441s][debug][gc,phases      ] GC(68) Scavenge 14.640ms
[30.441s][debug][gc,ref         ] GC(68) Skipped phase 1 of Reference Processing: no references
[30.441s][debug][gc,ref         ] GC(68) Skipped phase 3 of Reference Processing: no references
[30.441s][debug][gc,ref         ] GC(68) Skipped phase 4 of Reference Processing: no references
[30.441s][debug][gc,phases      ] GC(68) Reference Processing 0.028ms
[30.441s][debug][gc,phases      ] GC(68) Weak Processing 0.516ms
[30.441s][debug][gc,age         ] GC(68) Desired survivor size 69206016 bytes, new threshold 15 (max threshold 15)
[30.441s][info ][gc,heap        ] GC(68) PSYoungGen: 1986755K(2022400K)->18400K(2029568K) Eden: 1951232K(1951232K)->0K(1961984K) From: 35523K(71168K)->18400K(67584K)
[30.441s][info ][gc,heap        ] GC(68) ParOldGen: 250474K(276480K)->267944K(276480K)
[30.441s][info ][gc,metaspace   ] GC(68) Metaspace: 73417K(73984K)->73417K(73984K) NonClass: 63179K(63488K)->63179K(63488K) Class: 10237K(10496K)->10237K(10496K)
[30.441s][info ][gc             ] GC(68) Pause Young (Allocation Failure) 2184M->279M(2252M) 15.314ms
[30.441s][info ][gc,cpu         ] GC(68) User=0.06s Sys=0.00s Real=0.02s
[30.441s][debug][gc,phases      ] GC(69) Pre Compact 0.011ms
[30.441s][info ][gc,start       ] GC(69) Pause Full (Ergonomics)
[30.441s][info ][gc,phases,start] GC(69) Marking Phase
[30.540s][debug][gc,phases      ] GC(69) Par Mark 98.819ms
[30.540s][debug][gc,ref         ] GC(69) Skipped phase 1 of Reference Processing: no references
[30.541s][debug][gc,ref         ] GC(69) Skipped phase 3 of Reference Processing: no references
[30.541s][debug][gc,phases      ] GC(69) Reference Processing 0.351ms
[30.541s][debug][gc,phases      ] GC(69) Weak Processing 0.566ms
[30.541s][debug][gc,phases      ] GC(69) ClassLoaderData 0.058ms
[30.541s][debug][gc,phases      ] GC(69) Trigger cleanups 0.000ms
[30.552s][debug][gc,phases      ] GC(69) Class Unloading 10.852ms
[30.552s][info ][gc,phases      ] GC(69) Marking Phase 110.755ms
[30.552s][info ][gc,phases,start] GC(69) Summary Phase
[30.552s][info ][gc,phases      ] GC(69) Summary Phase 0.008ms
[30.552s][info ][gc,phases,start] GC(69) Adjust Roots
[30.572s][info ][gc,phases      ] GC(69) Adjust Roots 19.684ms
[30.572s][info ][gc,phases,start] GC(69) Compaction Phase
[30.717s][info ][gc,phases      ] GC(69) Compaction Phase 144.640ms
[30.717s][info ][gc,phases,start] GC(69) Post Compact
[30.718s][info ][gc,phases      ] GC(69) Post Compact 0.952ms
[30.718s][info ][gc,heap        ] GC(69) PSYoungGen: 18400K(2029568K)->895K(2029568K) Eden: 0K(1961984K)->0K(1961984K) From: 18400K(67584K)->895K(67584K)
[30.718s][info ][gc,heap        ] GC(69) ParOldGen: 267944K(276480K)->276055K(338944K)
[30.718s][info ][gc,metaspace   ] GC(69) Metaspace: 73417K(73984K)->73417K(73984K) NonClass: 63179K(63488K)->63179K(63488K) Class: 10237K(10496K)->10237K(10496K)
[30.718s][info ][gc             ] GC(69) Pause Full (Ergonomics) 279M->270M(2313M) 276.312ms
[30.718s][info ][gc,cpu         ] GC(69) User=0.97s Sys=0.00s Real=0.28s
[30.724s][info ][safepoint      ] Safepoint "ParallelGCFailedAllocation", Time since last: 430027597 ns, Reaching safepoint: 186406 ns, At safepoint: 297601164 ns, Total: 297787570 ns
[31.156s][info ][gc,start       ] GC(70) Pause Young (Allocation Failure)
[31.191s][debug][gc,phases      ] GC(70) Scavenge 35.484ms
[31.191s][debug][gc,ref         ] GC(70) Skipped phase 1 of Reference Processing: no references
[31.191s][debug][gc,ref         ] GC(70) Skipped phase 3 of Reference Processing: no references
[31.191s][debug][gc,phases      ] GC(70) Reference Processing 0.021ms
[31.192s][debug][gc,phases      ] GC(70) Weak Processing 0.501ms
[31.192s][debug][gc,age         ] GC(70) Desired survivor size 71303168 bytes, new threshold 15 (max threshold 15)
[31.192s][info ][gc,heap        ] GC(70) PSYoungGen: 1962879K(2029568K)->1872K(1964032K) Eden: 1961984K(1961984K)->0K(1961984K) From: 895K(67584K)->1872K(2048K)
[31.192s][info ][gc,heap        ] GC(70) ParOldGen: 276055K(338944K)->276103K(338944K)
[31.192s][info ][gc,metaspace   ] GC(70) Metaspace: 73511K(74048K)->73511K(74048K) NonClass: 63272K(63552K)->63272K(63552K) Class: 10239K(10496K)->10239K(10496K)
[31.192s][info ][gc             ] GC(70) Pause Young (Allocation Failure) 2186M->271M(2249M) 36.134ms
[31.192s][info ][gc,cpu         ] GC(70) User=0.13s Sys=0.01s Real=0.04s
[31.192s][info ][safepoint      ] Safepoint "ParallelGCFailedAllocation", Time since last: 431622447 ns, Reaching safepoint: 209506 ns, At safepoint: 36247304 ns, Total: 36456810 ns
[31.625s][info ][gc,start       ] GC(71) Pause Young (Allocation Failure)
[31.628s][debug][gc,phases      ] GC(71) Scavenge 3.496ms
[31.628s][debug][gc,ref         ] GC(71) Skipped phase 1 of Reference Processing: no references
[31.628s][debug][gc,ref         ] GC(71) Skipped phase 3 of Reference Processing: no references
[31.628s][debug][gc,ref         ] GC(71) Skipped phase 4 of Reference Processing: no references
[31.628s][debug][gc,phases      ] GC(71) Reference Processing 0.022ms
[31.629s][debug][gc,phases      ] GC(71) Weak Processing 0.492ms
[31.629s][debug][gc,age         ] GC(71) Desired survivor size 72351744 bytes, new threshold 15 (max threshold 15)
[31.629s][info ][gc,heap        ] GC(71) PSYoungGen: 1963856K(1964032K)->2320K(2025472K) Eden: 1961984K(1961984K)->0K(1955840K) From: 1872K(2048K)->2320K(69632K)
[31.629s][info ][gc,heap        ] GC(71) ParOldGen: 276103K(338944K)->276151K(338944K)
[31.629s][info ][gc,metaspace   ] GC(71) Metaspace: 73530K(74048K)->73530K(74048K) NonClass: 63291K(63552K)->63291K(63552K) Class: 10239K(10496K)->10239K(10496K)
[31.629s][info ][gc             ] GC(71) Pause Young (Allocation Failure) 2187M->271M(2309M) 4.158ms
[31.629s][info ][gc,cpu         ] GC(71) User=0.02s Sys=0.00s Real=0.00s
[31.629s][info ][safepoint      ] Safepoint "ParallelGCFailedAllocation", Time since last: 432488673 ns, Reaching safepoint: 272809 ns, At safepoint: 4262429 ns, Total: 4535238 ns
[32.071s][info ][gc,start       ] GC(72) Pause Young (Allocation Failure)
[32.074s][debug][gc,phases      ] GC(72) Scavenge 3.765ms
[32.075s][debug][gc,ref         ] GC(72) Skipped phase 1 of Reference Processing: no references
[32.075s][debug][gc,ref         ] GC(72) Skipped phase 3 of Reference Processing: no references
[32.075s][debug][gc,ref         ] GC(72) Skipped phase 4 of Reference Processing: no references
[32.075s][debug][gc,phases      ] GC(72) Reference Processing 0.026ms
[32.075s][debug][gc,phases      ] GC(72) Weak Processing 0.508ms
[32.075s][debug][gc,age         ] GC(72) Desired survivor size 72876032 bytes, new threshold 15 (max threshold 15)
[32.075s][info ][gc,heap        ] GC(72) PSYoungGen: 1958160K(2025472K)->2592K(1958912K) Eden: 1955840K(1955840K)->0K(1955840K) From: 2320K(69632K)->2592K(3072K)
[32.075s][info ][gc,heap        ] GC(72) ParOldGen: 276151K(338944K)->276239K(338944K)
[32.075s][info ][gc,metaspace   ] GC(72) Metaspace: 73544K(74112K)->73544K(74112K) NonClass: 63305K(63616K)->63305K(63616K) Class: 10239K(10496K)->10239K(10496K)
[32.075s][info ][gc             ] GC(72) Pause Young (Allocation Failure) 2181M->272M(2244M) 4.449ms
[32.075s][info ][gc,cpu         ] GC(72) User=0.02s Sys=0.00s Real=0.00s
[32.075s][info ][safepoint      ] Safepoint "ParallelGCFailedAllocation", Time since last: 441706054 ns, Reaching safepoint: 149905 ns, At safepoint: 4566839 ns, Total: 4716744 ns
[32.527s][info ][gc,start       ] GC(73) Pause Young (Allocation Failure)
[32.530s][debug][gc,phases      ] GC(73) Scavenge 3.383ms
[32.530s][debug][gc,ref         ] GC(73) Skipped phase 1 of Reference Processing: no references
[32.531s][debug][gc,ref         ] GC(73) Skipped phase 3 of Reference Processing: no references
[32.531s][debug][gc,ref         ] GC(73) Skipped phase 4 of Reference Processing: no references
[32.531s][debug][gc,phases      ] GC(73) Reference Processing 0.024ms
[32.531s][debug][gc,phases      ] GC(73) Weak Processing 0.518ms
[32.531s][debug][gc,age         ] GC(73) Desired survivor size 71827456 bytes, new threshold 15 (max threshold 15)
[32.531s][info ][gc,heap        ] GC(73) PSYoungGen: 1958432K(1958912K)->3008K(2027008K) Eden: 1955840K(1955840K)->0K(1955840K) From: 2592K(3072K)->3008K(71168K)
[32.531s][info ][gc,heap        ] GC(73) ParOldGen: 276239K(338944K)->276319K(338944K)
[32.531s][info ][gc,metaspace   ] GC(73) Metaspace: 73549K(74176K)->73549K(74176K) NonClass: 63309K(63680K)->63309K(63680K) Class: 10239K(10496K)->10239K(10496K)
[32.531s][info ][gc             ] GC(73) Pause Young (Allocation Failure) 2182M->272M(2310M) 4.063ms
[32.531s][info ][gc,cpu         ] GC(73) User=0.01s Sys=0.00s Real=0.01s
[32.531s][info ][safepoint      ] Safepoint "ParallelGCFailedAllocation", Time since last: 450707128 ns, Reaching safepoint: 1060633 ns, At safepoint: 4192327 ns, Total: 5252960 ns
[32.970s][info ][gc,start       ] GC(74) Pause Young (Allocation Failure)
[32.974s][debug][gc,phases      ] GC(74) Scavenge 3.758ms
[32.974s][debug][gc,ref         ] GC(74) Skipped phase 1 of Reference Processing: no references
[32.974s][debug][gc,ref         ] GC(74) Skipped phase 3 of Reference Processing: no references
[32.974s][debug][gc,ref         ] GC(74) Skipped phase 4 of Reference Processing: no references
[32.974s][debug][gc,phases      ] GC(74) Reference Processing 0.040ms
[32.974s][debug][gc,phases      ] GC(74) Weak Processing 0.480ms
[32.974s][debug][gc,age         ] GC(74) Desired survivor size 70778880 bytes, new threshold 15 (max threshold 15)
[32.974s][info ][gc,heap        ] GC(74) PSYoungGen: 1958848K(2027008K)->3472K(2025984K) Eden: 1955840K(1955840K)->0K(1955840K) From: 3008K(71168K)->3472K(70144K)
[32.974s][info ][gc,heap        ] GC(74) ParOldGen: 276319K(338944K)->276423K(338944K)
[32.974s][info ][gc,metaspace   ] GC(74) Metaspace: 73580K(74176K)->73580K(74176K) NonClass: 63341K(63680K)->63341K(63680K) Class: 10239K(10496K)->10239K(10496K)
[32.974s][info ][gc             ] GC(74) Pause Young (Allocation Failure) 2182M->273M(2309M) 4.423ms
[32.974s][info ][gc,cpu         ] GC(74) User=0.02s Sys=0.00s Real=0.00s
[32.974s][info ][safepoint      ] Safepoint "ParallelGCFailedAllocation", Time since last: 438070444 ns, Reaching safepoint: 434013 ns, At safepoint: 4532839 ns, Total: 4966852 ns
[33.395s][info ][gc,start       ] GC(75) Pause Young (Allocation Failure)
[33.399s][debug][gc,phases      ] GC(75) Scavenge 3.814ms
[33.399s][debug][gc,ref         ] GC(75) Skipped phase 1 of Reference Processing: no references
[33.399s][debug][gc,ref         ] GC(75) Skipped phase 3 of Reference Processing: no references
[33.399s][debug][gc,ref         ] GC(75) Skipped phase 4 of Reference Processing: no references
[33.399s][debug][gc,phases      ] GC(75) Reference Processing 0.040ms
[33.399s][debug][gc,phases      ] GC(75) Weak Processing 0.550ms
[33.399s][debug][gc,age         ] GC(75) Desired survivor size 68681728 bytes, new threshold 15 (max threshold 15)
[33.399s][info ][gc,heap        ] GC(75) PSYoungGen: 1959312K(2025984K)->4032K(2030080K) Eden: 1955840K(1955840K)->0K(1960960K) From: 3472K(70144K)->4032K(69120K)
[33.399s][info ][gc,heap        ] GC(75) ParOldGen: 276423K(338944K)->276439K(338944K)
[33.399s][info ][gc,metaspace   ] GC(75) Metaspace: 73616K(74176K)->73616K(74176K) NonClass: 63376K(63680K)->63376K(63680K) Class: 10240K(10496K)->10240K(10496K)
[33.399s][info ][gc             ] GC(75) Pause Young (Allocation Failure) 2183M->273M(2313M) 4.549ms
[33.399s][info ][gc,cpu         ] GC(75) User=0.02s Sys=0.00s Real=0.01s
[33.399s][info ][safepoint      ] Safepoint "ParallelGCFailedAllocation", Time since last: 416086474 ns, Reaching safepoint: 4353232 ns, At safepoint: 4668443 ns, Total: 9021675 ns
[33.826s][info ][gc,start       ] GC(76) Pause Young (Allocation Failure)
[33.831s][debug][gc,phases      ] GC(76) Scavenge 4.930ms
[33.831s][debug][gc,ref         ] GC(76) Skipped phase 1 of Reference Processing: no references
[33.831s][debug][gc,ref         ] GC(76) Skipped phase 3 of Reference Processing: no references
[33.831s][debug][gc,ref         ] GC(76) Skipped phase 4 of Reference Processing: no references
[33.831s][debug][gc,phases      ] GC(76) Reference Processing 0.027ms
[33.832s][debug][gc,phases      ] GC(76) Weak Processing 0.530ms
[33.832s][debug][gc,age         ] GC(76) Desired survivor size 66584576 bytes, new threshold 15 (max threshold 15)
[33.832s][info ][gc,heap        ] GC(76) PSYoungGen: 1964992K(2030080K)->4384K(2028032K) Eden: 1960960K(1960960K)->0K(1960960K) From: 4032K(69120K)->4384K(67072K)
[33.832s][info ][gc,heap        ] GC(76) ParOldGen: 276439K(338944K)->276695K(338944K)
[33.832s][info ][gc,metaspace   ] GC(76) Metaspace: 73635K(74240K)->73635K(74240K) NonClass: 63394K(63744K)->63394K(63744K) Class: 10240K(10496K)->10240K(10496K)
[33.832s][info ][gc             ] GC(76) Pause Young (Allocation Failure) 2188M->274M(2311M) 5.621ms
[33.832s][info ][gc,cpu         ] GC(76) User=0.02s Sys=0.00s Real=0.01s
[33.832s][info ][safepoint      ] Safepoint "ParallelGCFailedAllocation", Time since last: 426922004 ns, Reaching safepoint: 150305 ns, At safepoint: 5728974 ns, Total: 5879279 ns
[34.276s][info ][gc,start       ] GC(77) Pause Young (Allocation Failure)
[34.280s][debug][gc,phases      ] GC(77) Scavenge 4.010ms
[34.280s][debug][gc,ref         ] GC(77) Skipped phase 1 of Reference Processing: no references
[34.280s][debug][gc,ref         ] GC(77) Skipped phase 3 of Reference Processing: no references
[34.280s][debug][gc,ref         ] GC(77) Skipped phase 4 of Reference Processing: no references
[34.280s][debug][gc,phases      ] GC(77) Reference Processing 0.047ms
[34.281s][debug][gc,phases      ] GC(77) Weak Processing 0.503ms
[34.281s][debug][gc,age         ] GC(77) Desired survivor size 63963136 bytes, new threshold 15 (max threshold 15)
[34.281s][info ][gc,heap        ] GC(77) PSYoungGen: 1965344K(2028032K)->5008K(2034688K) Eden: 1960960K(1960960K)->0K(1969664K) From: 4384K(67072K)->5008K(65024K)
[34.281s][info ][gc,heap        ] GC(77) ParOldGen: 276695K(338944K)->276831K(338944K)
[34.281s][info ][gc,metaspace   ] GC(77) Metaspace: 73645K(74240K)->73645K(74240K) NonClass: 63405K(63744K)->63405K(63744K) Class: 10240K(10496K)->10240K(10496K)
[34.281s][info ][gc             ] GC(77) Pause Young (Allocation Failure) 2189M->275M(2318M) 4.706ms
[34.281s][info ][gc,cpu         ] GC(77) User=0.02s Sys=0.00s Real=0.01s
[34.281s][info ][safepoint      ] Safepoint "ParallelGCFailedAllocation", Time since last: 443884222 ns, Reaching safepoint: 176605 ns, At safepoint: 4816947 ns, Total: 4993552 ns
[34.712s][info ][gc,start       ] GC(78) Pause Young (Allocation Failure)
[34.717s][debug][gc,phases      ] GC(78) Scavenge 4.954ms
[34.717s][debug][gc,ref         ] GC(78) Skipped phase 1 of Reference Processing: no references
[34.717s][debug][gc,ref         ] GC(78) Skipped phase 3 of Reference Processing: no references
[34.717s][debug][gc,ref         ] GC(78) Skipped phase 4 of Reference Processing: no references
[34.717s][debug][gc,phases      ] GC(78) Reference Processing 0.022ms
[34.718s][debug][gc,phases      ] GC(78) Weak Processing 0.544ms
[34.718s][debug][gc,age         ] GC(78) Desired survivor size 61341696 bytes, new threshold 15 (max threshold 15)
[34.718s][info ][gc,heap        ] GC(78) PSYoungGen: 1974672K(2034688K)->5840K(2032128K) Eden: 1969664K(1969664K)->0K(1969664K) From: 5008K(65024K)->5840K(62464K)
[34.718s][info ][gc,heap        ] GC(78) ParOldGen: 276831K(338944K)->276887K(338944K)
[34.718s][info ][gc,metaspace   ] GC(78) Metaspace: 73665K(74240K)->73665K(74240K) NonClass: 63425K(63744K)->63425K(63744K) Class: 10240K(10496K)->10240K(10496K)
[34.718s][info ][gc             ] GC(78) Pause Young (Allocation Failure) 2198M->276M(2315M) 5.658ms
[34.718s][info ][gc,cpu         ] GC(78) User=0.02s Sys=0.00s Real=0.01s
[34.718s][info ][safepoint      ] Safepoint "ParallelGCFailedAllocation", Time since last: 430812723 ns, Reaching safepoint: 194906 ns, At safepoint: 5770776 ns, Total: 5965682 ns
[35.718s][info ][safepoint      ] Safepoint "Cleanup", Time since last: 1000089766 ns, Reaching safepoint: 72702 ns, At safepoint: 11301 ns, Total: 84003 ns
[36.718s][info ][safepoint      ] Safepoint "Cleanup", Time since last: 1000113767 ns, Reaching safepoint: 70302 ns, At safepoint: 8801 ns, Total: 79103 ns
[37.718s][info ][safepoint      ] Safepoint "Cleanup", Time since last: 1000123569 ns, Reaching safepoint: 67102 ns, At safepoint: 6600 ns, Total: 73702 ns
[38.719s][info ][safepoint      ] Safepoint "Cleanup", Time since last: 1000106670 ns, Reaching safepoint: 160505 ns, At safepoint: 9100 ns, Total: 169605 ns
[39.719s][info ][safepoint      ] Safepoint "Cleanup", Time since last: 1000109571 ns, Reaching safepoint: 85403 ns, At safepoint: 5900 ns, Total: 91303 ns
[40.719s][info ][safepoint      ] Safepoint "Cleanup", Time since last: 1000118472 ns, Reaching safepoint: 97803 ns, At safepoint: 10901 ns, Total: 108704 ns
[41.719s][info ][safepoint      ] Safepoint "Cleanup", Time since last: 1000075372 ns, Reaching safepoint: 99503 ns, At safepoint: 10700 ns, Total: 110203 ns
[42.719s][info ][safepoint      ] Safepoint "Cleanup", Time since last: 1000102875 ns, Reaching safepoint: 69002 ns, At safepoint: 5500 ns, Total: 74502 ns
[43.720s][info ][safepoint      ] Safepoint "Cleanup", Time since last: 1000112876 ns, Reaching safepoint: 60301 ns, At safepoint: 4201 ns, Total: 64502 ns
[44.720s][info ][safepoint      ] Safepoint "Cleanup", Time since last: 1000121477 ns, Reaching safepoint: 63202 ns, At safepoint: 7800 ns, Total: 71002 ns
[45.720s][info ][safepoint      ] Safepoint "Cleanup", Time since last: 1000119078 ns, Reaching safepoint: 171405 ns, At safepoint: 11301 ns, Total: 182706 ns
[46.720s][info ][safepoint      ] Safepoint "Cleanup", Time since last: 1000123479 ns, Reaching safepoint: 159505 ns, At safepoint: 15300 ns, Total: 174805 ns
[47.721s][info ][safepoint      ] Safepoint "Cleanup", Time since last: 1000107480 ns, Reaching safepoint: 129404 ns, At safepoint: 10701 ns, Total: 140105 ns
[48.721s][info ][safepoint      ] Safepoint "Cleanup", Time since last: 1000111981 ns, Reaching safepoint: 78003 ns, At safepoint: 7800 ns, Total: 85803 ns
[49.721s][info ][safepoint      ] Safepoint "Cleanup", Time since last: 1000106582 ns, Reaching safepoint: 134604 ns, At safepoint: 8400 ns, Total: 143004 ns
[50.721s][info ][safepoint      ] Safepoint "Cleanup", Time since last: 1000111184 ns, Reaching safepoint: 135404 ns, At safepoint: 8100 ns, Total: 143504 ns
[51.722s][info ][safepoint      ] Safepoint "Cleanup", Time since last: 1000104785 ns, Reaching safepoint: 111203 ns, At safepoint: 10201 ns, Total: 121404 ns
[52.722s][info ][safepoint      ] Safepoint "Cleanup", Time since last: 1000115386 ns, Reaching safepoint: 139304 ns, At safepoint: 8100 ns, Total: 147404 ns
[53.772s][info ][safepoint      ] Safepoint "Cleanup", Time since last: 1050145112 ns, Reaching safepoint: 116804 ns, At safepoint: 10500 ns, Total: 127304 ns
[55.580s][info ][safepoint      ] Safepoint "Cleanup", Time since last: 1808010218 ns, Reaching safepoint: 87902 ns, At safepoint: 13801 ns, Total: 101703 ns
[56.580s][info ][safepoint      ] Safepoint "Cleanup", Time since last: 1000103590 ns, Reaching safepoint: 69602 ns, At safepoint: 7700 ns, Total: 77302 ns
[57.581s][info ][safepoint      ] Safepoint "Cleanup", Time since last: 1000105291 ns, Reaching safepoint: 49202 ns, At safepoint: 7500 ns, Total: 56702 ns
[58.581s][info ][safepoint      ] Safepoint "Cleanup", Time since last: 1000127493 ns, Reaching safepoint: 48901 ns, At safepoint: 5701 ns, Total: 54602 ns
[59.581s][info ][safepoint      ] Safepoint "Cleanup", Time since last: 1000099293 ns, Reaching safepoint: 46001 ns, At safepoint: 10200 ns, Total: 56201 ns
[61.581s][info ][safepoint      ] Safepoint "Cleanup", Time since last: 2000180089 ns, Reaching safepoint: 81403 ns, At safepoint: 6100 ns, Total: 87503 ns
[62.581s][info ][safepoint      ] Safepoint "Cleanup", Time since last: 1000101397 ns, Reaching safepoint: 61901 ns, At safepoint: 10901 ns, Total: 72802 ns
[63.581s][info ][safepoint      ] Safepoint "Cleanup", Time since last: 1000101897 ns, Reaching safepoint: 53602 ns, At safepoint: 7900 ns, Total: 61502 ns
[64.582s][info ][safepoint      ] Safepoint "Cleanup", Time since last: 1000128300 ns, Reaching safepoint: 51401 ns, At safepoint: 7401 ns, Total: 58802 ns
[65.582s][info ][safepoint      ] Safepoint "Cleanup", Time since last: 1000106499 ns, Reaching safepoint: 55602 ns, At safepoint: 7400 ns, Total: 63002 ns
[66.582s][info ][safepoint      ] Safepoint "Cleanup", Time since last: 1000099901 ns, Reaching safepoint: 46602 ns, At safepoint: 8500 ns, Total: 55102 ns
[67.582s][info ][safepoint      ] Safepoint "Cleanup", Time since last: 1000100602 ns, Reaching safepoint: 80602 ns, At safepoint: 6200 ns, Total: 86802 ns
[68.582s][info ][safepoint      ] Safepoint "Cleanup", Time since last: 1000108904 ns, Reaching safepoint: 49401 ns, At safepoint: 3500 ns, Total: 52901 ns
[69.583s][info ][safepoint      ] Safepoint "Cleanup", Time since last: 1000117405 ns, Reaching safepoint: 56702 ns, At safepoint: 10200 ns, Total: 66902 ns
[70.583s][info ][safepoint      ] Safepoint "Cleanup", Time since last: 1000104305 ns, Reaching safepoint: 59702 ns, At safepoint: 7100 ns, Total: 66802 ns
[71.583s][info ][safepoint      ] Safepoint "Cleanup", Time since last: 1000099307 ns, Reaching safepoint: 49001 ns, At safepoint: 8400 ns, Total: 57401 ns
[72.583s][info ][safepoint      ] Safepoint "Cleanup", Time since last: 1000135409 ns, Reaching safepoint: 39901 ns, At safepoint: 2600 ns, Total: 42501 ns
[73.583s][info ][safepoint      ] Safepoint "Cleanup", Time since last: 1000108909 ns, Reaching safepoint: 44601 ns, At safepoint: 6200 ns, Total: 50801 ns
[73.821s][info ][gc,start       ] GC(79) Pause Young (Allocation Failure)
[73.827s][debug][gc,phases      ] GC(79) Scavenge 5.332ms
[73.827s][debug][gc,ref         ] GC(79) Skipped phase 1 of Reference Processing: no references
[73.827s][debug][gc,ref         ] GC(79) Skipped phase 3 of Reference Processing: no references
[73.827s][debug][gc,phases      ] GC(79) Reference Processing 0.026ms
[73.827s][debug][gc,phases      ] GC(79) Weak Processing 0.555ms
[73.827s][debug][gc,age         ] GC(79) Desired survivor size 58195968 bytes, new threshold 15 (max threshold 15)
[73.827s][info ][gc,heap        ] GC(79) PSYoungGen: 1975504K(2032128K)->7216K(2040320K) Eden: 1969664K(1969664K)->0K(1980416K) From: 5840K(62464K)->7216K(59904K)
[73.828s][info ][gc,heap        ] GC(79) ParOldGen: 276887K(338944K)->276943K(338944K)
[73.828s][info ][gc,metaspace   ] GC(79) Metaspace: 74062K(74688K)->74062K(74688K) NonClass: 63800K(64128K)->63800K(64128K) Class: 10261K(10560K)->10261K(10560K)
[73.828s][info ][gc             ] GC(79) Pause Young (Allocation Failure) 2199M->277M(2323M) 6.079ms
[73.828s][info ][gc,cpu         ] GC(79) User=0.02s Sys=0.01s Real=0.00s
[73.828s][info ][safepoint      ] Safepoint "ParallelGCFailedAllocation", Time since last: 238187367 ns, Reaching safepoint: 31200 ns, At safepoint: 6164489 ns, Total: 6195689 ns
[75.828s][info ][safepoint      ] Safepoint "Cleanup", Time since last: 2000152119 ns, Reaching safepoint: 50401 ns, At safepoint: 2600 ns, Total: 53001 ns
[76.828s][info ][safepoint      ] Safepoint "Cleanup", Time since last: 1000111912 ns, Reaching safepoint: 52802 ns, At safepoint: 5500 ns, Total: 58302 ns
[77.828s][info ][safepoint      ] Safepoint "Cleanup", Time since last: 1000098613 ns, Reaching safepoint: 61602 ns, At safepoint: 18901 ns, Total: 80503 ns
[78.758s][info ][safepoint      ] Safepoint "ICBufferFull", Time since last: 929318954 ns, Reaching safepoint: 200106 ns, At safepoint: 15401 ns, Total: 215507 ns
[79.758s][info ][safepoint      ] Safepoint "Cleanup", Time since last: 1000117115 ns, Reaching safepoint: 119004 ns, At safepoint: 11700 ns, Total: 130704 ns
[80.758s][info ][safepoint      ] Safepoint "Cleanup", Time since last: 1000111217 ns, Reaching safepoint: 79402 ns, At safepoint: 7800 ns, Total: 87202 ns
[81.758s][info ][safepoint      ] Safepoint "Cleanup", Time since last: 1000097417 ns, Reaching safepoint: 51602 ns, At safepoint: 8700 ns, Total: 60302 ns
[82.758s][info ][safepoint      ] Safepoint "Cleanup", Time since last: 1000100618 ns, Reaching safepoint: 81203 ns, At safepoint: 5500 ns, Total: 86703 ns
[83.759s][info ][safepoint      ] Safepoint "Cleanup", Time since last: 1000097219 ns, Reaching safepoint: 63602 ns, At safepoint: 5500 ns, Total: 69102 ns
[84.759s][info ][safepoint      ] Safepoint "Cleanup", Time since last: 1000098820 ns, Reaching safepoint: 58102 ns, At safepoint: 5300 ns, Total: 63402 ns
[85.759s][info ][safepoint      ] Safepoint "Cleanup", Time since last: 1000081821 ns, Reaching safepoint: 47502 ns, At safepoint: 4500 ns, Total: 52002 ns
[87.759s][info ][safepoint      ] Safepoint "Cleanup", Time since last: 2000168145 ns, Reaching safepoint: 64402 ns, At safepoint: 8500 ns, Total: 72902 ns
[88.759s][info ][safepoint      ] Safepoint "Cleanup", Time since last: 1000109425 ns, Reaching safepoint: 118503 ns, At safepoint: 8201 ns, Total: 126704 ns
[89.923s][info ][safepoint      ] Safepoint "Cleanup", Time since last: 1163337208 ns, Reaching safepoint: 153904 ns, At safepoint: 10201 ns, Total: 164105 ns
[90.923s][info ][safepoint      ] Safepoint "Cleanup", Time since last: 1000105526 ns, Reaching safepoint: 54102 ns, At safepoint: 4200 ns, Total: 58302 ns
[91.923s][info ][safepoint      ] Safepoint "Cleanup", Time since last: 1000104228 ns, Reaching safepoint: 69102 ns, At safepoint: 5900 ns, Total: 75002 ns
[92.923s][info ][safepoint      ] Safepoint "Cleanup", Time since last: 1000105929 ns, Reaching safepoint: 58702 ns, At safepoint: 6900 ns, Total: 65602 ns
[93.924s][info ][safepoint      ] Safepoint "Cleanup", Time since last: 1000101330 ns, Reaching safepoint: 54402 ns, At safepoint: 5500 ns, Total: 59902 ns
[94.924s][info ][safepoint      ] Safepoint "Cleanup", Time since last: 1000104831 ns, Reaching safepoint: 50702 ns, At safepoint: 9400 ns, Total: 60102 ns
[96.924s][info ][safepoint      ] Safepoint "Cleanup", Time since last: 2000190265 ns, Reaching safepoint: 51601 ns, At safepoint: 5800 ns, Total: 57401 ns
[97.924s][info ][safepoint      ] Safepoint "Cleanup", Time since last: 1000101234 ns, Reaching safepoint: 53002 ns, At safepoint: 7400 ns, Total: 60402 ns
[99.924s][info ][safepoint      ] Safepoint "Cleanup", Time since last: 2000175171 ns, Reaching safepoint: 61101 ns, At safepoint: 5701 ns, Total: 66802 ns
[101.925s][info ][safepoint      ] Safepoint "Cleanup", Time since last: 2000125672 ns, Reaching safepoint: 74603 ns, At safepoint: 6000 ns, Total: 80603 ns
[109.925s][info ][safepoint      ] Safepoint "Cleanup", Time since last: 8000576134 ns, Reaching safepoint: 47001 ns, At safepoint: 3201 ns, Total: 50202 ns
[110.925s][info ][safepoint      ] Safepoint "Cleanup", Time since last: 1000075746 ns, Reaching safepoint: 54402 ns, At safepoint: 2600 ns, Total: 57002 ns
[114.926s][info ][safepoint      ] Safepoint "Cleanup", Time since last: 4000273194 ns, Reaching safepoint: 67902 ns, At safepoint: 7701 ns, Total: 75603 ns
[118.926s][info ][safepoint      ] Safepoint "Cleanup", Time since last: 4000311511 ns, Reaching safepoint: 60402 ns, At safepoint: 6400 ns, Total: 66802 ns
[119.926s][info ][safepoint      ] Safepoint "Cleanup", Time since last: 1000114357 ns, Reaching safepoint: 44601 ns, At safepoint: 2800 ns, Total: 47401 ns
[123.927s][info ][safepoint      ] Safepoint "Cleanup", Time since last: 4000258530 ns, Reaching safepoint: 80502 ns, At safepoint: 6001 ns, Total: 86503 ns
[151.928s][info ][safepoint      ] Safepoint "Cleanup", Time since last: 28001871039 ns, Reaching safepoint: 43801 ns, At safepoint: 9401 ns, Total: 53202 ns
[164.930s][info ][safepoint      ] Safepoint "Cleanup", Time since last: 13001033900 ns, Reaching safepoint: 57102 ns, At safepoint: 7100 ns, Total: 64202 ns
[166.271s][info ][gc,start       ] GC(80) Pause Young (Allocation Failure)
[166.276s][debug][gc,phases      ] GC(80) Scavenge 4.817ms
[166.276s][debug][gc,ref         ] GC(80) Skipped phase 1 of Reference Processing: no references
[166.276s][debug][gc,ref         ] GC(80) Skipped phase 3 of Reference Processing: no references
[166.276s][debug][gc,phases      ] GC(80) Reference Processing 0.029ms
[166.277s][debug][gc,phases      ] GC(80) Weak Processing 0.578ms
[166.277s][debug][gc,age         ] GC(80) Desired survivor size 55574528 bytes, new threshold 15 (max threshold 15)
[166.277s][info ][gc,heap        ] GC(80) PSYoungGen: 1987632K(2040320K)->7248K(2037248K) Eden: 1980416K(1980416K)->0K(1980416K) From: 7216K(59904K)->7248K(56832K)
[166.277s][info ][gc,heap        ] GC(80) ParOldGen: 276943K(338944K)->277007K(338944K)
[166.277s][info ][gc,metaspace   ] GC(80) Metaspace: 74453K(75072K)->74453K(75072K) NonClass: 64161K(64512K)->64161K(64512K) Class: 10292K(10560K)->10292K(10560K)
[166.277s][info ][gc             ] GC(80) Pause Young (Allocation Failure) 2211M->277M(2320M) 5.569ms
[166.277s][info ][gc,cpu         ] GC(80) User=0.02s Sys=0.00s Real=0.00s
[166.277s][info ][safepoint      ] Safepoint "ParallelGCFailedAllocation", Time since last: 1341462544 ns, Reaching safepoint: 45001 ns, At safepoint: 5660973 ns, Total: 5705974 ns
[185.278s][info ][safepoint      ] Safepoint "Cleanup", Time since last: 19001206672 ns, Reaching safepoint: 78502 ns, At safepoint: 8200 ns, Total: 86702 ns
[190.278s][info ][safepoint      ] Safepoint "Cleanup", Time since last: 5000356110 ns, Reaching safepoint: 43901 ns, At safepoint: 2700 ns, Total: 46601 ns
[197.279s][info ][safepoint      ] Safepoint "Cleanup", Time since last: 7000484368 ns, Reaching safepoint: 52602 ns, At safepoint: 5400 ns, Total: 58002 ns
[236.282s][info ][safepoint      ] Safepoint "Cleanup", Time since last: 39002666009 ns, Reaching safepoint: 55502 ns, At safepoint: 6500 ns, Total: 62002 ns
[268.284s][info ][safepoint      ] Safepoint "Cleanup", Time since last: 32002069259 ns, Reaching safepoint: 75402 ns, At safepoint: 7301 ns, Total: 82703 ns
[270.121s][info ][gc,start       ] GC(81) Pause Young (Allocation Failure)
[270.125s][debug][gc,phases      ] GC(81) Scavenge 4.601ms
[270.125s][debug][gc,ref         ] GC(81) Skipped phase 1 of Reference Processing: no references
[270.126s][debug][gc,ref         ] GC(81) Skipped phase 3 of Reference Processing: no references
[270.126s][debug][gc,phases      ] GC(81) Reference Processing 0.045ms
[270.126s][debug][gc,phases      ] GC(81) Weak Processing 0.543ms
[270.126s][debug][gc,age         ] GC(81) Desired survivor size 52428800 bytes, new threshold 15 (max threshold 15)
[270.126s][info ][gc,heap        ] GC(81) PSYoungGen: 1987664K(2037248K)->7216K(2045952K) Eden: 1980416K(1980416K)->0K(1991680K) From: 7248K(56832K)->7216K(54272K)
[270.126s][info ][gc,heap        ] GC(81) ParOldGen: 277007K(338944K)->277047K(338944K)
[270.126s][info ][gc,metaspace   ] GC(81) Metaspace: 74458K(75072K)->74458K(75072K) NonClass: 64165K(64512K)->64165K(64512K) Class: 10292K(10560K)->10292K(10560K)
[270.126s][info ][gc             ] GC(81) Pause Young (Allocation Failure) 2211M->277M(2329M) 5.351ms
[270.126s][info ][gc,cpu         ] GC(81) User=0.02s Sys=0.00s Real=0.00s
[270.126s][info ][safepoint      ] Safepoint "ParallelGCFailedAllocation", Time since last: 1836802531 ns, Reaching safepoint: 34401 ns, At safepoint: 5440579 ns, Total: 5474980 ns
[274.126s][info ][safepoint      ] Safepoint "Cleanup", Time since last: 4000289337 ns, Reaching safepoint: 46301 ns, At safepoint: 2600 ns, Total: 48901 ns
[277.127s][info ][safepoint      ] Safepoint "Cleanup", Time since last: 3000183617 ns, Reaching safepoint: 73003 ns, At safepoint: 2400 ns, Total: 75403 ns
[286.127s][info ][safepoint      ] Safepoint "Cleanup", Time since last: 9000610874 ns, Reaching safepoint: 33101 ns, At safepoint: 3400 ns, Total: 36501 ns
[287.128s][info ][safepoint      ] Safepoint "Cleanup", Time since last: 1000120438 ns, Reaching safepoint: 50902 ns, At safepoint: 5500 ns, Total: 56402 ns
[302.129s][info ][safepoint      ] Safepoint "Cleanup", Time since last: 15000932257 ns, Reaching safepoint: 51102 ns, At safepoint: 7200 ns, Total: 58302 ns
[303.129s][info ][safepoint      ] Safepoint "Cleanup", Time since last: 1000107587 ns, Reaching safepoint: 42901 ns, At safepoint: 7101 ns, Total: 50002 ns
[317.130s][info ][safepoint      ] Safepoint "Cleanup", Time since last: 14000885864 ns, Reaching safepoint: 73902 ns, At safepoint: 7000 ns, Total: 80902 ns
[318.130s][info ][safepoint      ] Safepoint "Cleanup", Time since last: 1000095740 ns, Reaching safepoint: 93203 ns, At safepoint: 10400 ns, Total: 103603 ns
[330.131s][info ][safepoint      ] Safepoint "Cleanup", Time since last: 12000869731 ns, Reaching safepoint: 62602 ns, At safepoint: 7300 ns, Total: 69902 ns
[337.131s][info ][safepoint      ] Safepoint "Cleanup", Time since last: 7000474635 ns, Reaching safepoint: 51902 ns, At safepoint: 6400 ns, Total: 58302 ns
[368.133s][info ][safepoint      ] Safepoint "Cleanup", Time since last: 31001945800 ns, Reaching safepoint: 55502 ns, At safepoint: 6900 ns, Total: 62402 ns
[373.370s][info ][gc,start       ] GC(82) Pause Young (Allocation Failure)
[373.375s][debug][gc,phases      ] GC(82) Scavenge 4.681ms
[373.375s][debug][gc,ref         ] GC(82) Skipped phase 1 of Reference Processing: no references
[373.375s][debug][gc,ref         ] GC(82) Skipped phase 3 of Reference Processing: no references
[373.375s][debug][gc,phases      ] GC(82) Reference Processing 0.035ms
[373.375s][debug][gc,phases      ] GC(82) Weak Processing 0.562ms
[373.375s][debug][gc,age         ] GC(82) Desired survivor size 49807360 bytes, new threshold 15 (max threshold 15)
[373.375s][info ][gc,heap        ] GC(82) PSYoungGen: 1998896K(2045952K)->7296K(2042880K) Eden: 1991680K(1991680K)->0K(1991680K) From: 7216K(54272K)->7296K(51200K)
[373.375s][info ][gc,heap        ] GC(82) ParOldGen: 277047K(338944K)->277079K(338944K)
[373.375s][info ][gc,metaspace   ] GC(82) Metaspace: 74488K(75072K)->74488K(75072K) NonClass: 64190K(64512K)->64190K(64512K) Class: 10297K(10560K)->10297K(10560K)
[373.375s][info ][gc             ] GC(82) Pause Young (Allocation Failure) 2222M->277M(2326M) 5.436ms
[373.375s][info ][gc,cpu         ] GC(82) User=0.02s Sys=0.00s Real=0.00s
[373.375s][info ][safepoint      ] Safepoint "ParallelGCFailedAllocation", Time since last: 5236490694 ns, Reaching safepoint: 74903 ns, At safepoint: 5525479 ns, Total: 5600382 ns
[378.376s][info ][safepoint      ] Safepoint "Cleanup", Time since last: 5000321153 ns, Reaching safepoint: 54502 ns, At safepoint: 3100 ns, Total: 57602 ns
[410.378s][info ][safepoint      ] Safepoint "Cleanup", Time since last: 32002056078 ns, Reaching safepoint: 44602 ns, At safepoint: 13300 ns, Total: 57902 ns
[428.379s][info ][safepoint      ] Safepoint "Cleanup", Time since last: 18001156124 ns, Reaching safepoint: 49402 ns, At safepoint: 2600 ns, Total: 52002 ns
[438.253s][info ][safepoint      ] Safepoint "Cleanup", Time since last: 9873607018 ns, Reaching safepoint: 57702 ns, At safepoint: 5500 ns, Total: 63202 ns
[438.255s][info ][gc,heap,exit   ] Heap
[438.255s][info ][gc,heap,exit   ]  PSYoungGen      total 2042880K, used 1292948K [0x0000000780000000, 0x0000000800000000, 0x0000000800000000)
[438.255s][info ][gc,heap,exit   ]   eden space 1991680K, 64% used [0x0000000780000000,0x00000007ce784f70,0x00000007f9900000)
[438.255s][info ][gc,heap,exit   ]   from space 51200K, 14% used [0x00000007f9900000,0x00000007fa0200f0,0x00000007fcb00000)
[438.255s][info ][gc,heap,exit   ]   to   space 48640K, 0% used [0x00000007fd080000,0x00000007fd080000,0x0000000800000000)
[438.255s][info ][gc,heap,exit   ]  ParOldGen       total 338944K, used 277079K [0x0000000740000000, 0x0000000754b00000, 0x0000000780000000)
[438.255s][info ][gc,heap,exit   ]   object space 338944K, 81% used [0x0000000740000000,0x0000000750e95d10,0x0000000754b00000)
[438.255s][info ][gc,heap,exit   ]  Metaspace       used 74536K, committed 75136K, reserved 1114112K
[438.255s][info ][gc,heap,exit   ]   class space    used 10301K, committed 10560K, reserved 1048576K
