[0.003s][info][gc] Using Parallel
[0.004s][info][gc,init] Version: 16.0.1+9 (release)
[0.004s][info][gc,init] CPUs: 8 total, 8 available
[0.004s][info][gc,init] Memory: 32117M
[0.004s][info][gc,init] Large Page Support: Disabled
[0.004s][info][gc,init] NUMA Support: Disabled
[0.004s][info][gc,init] Compressed Oops: Enabled (Zero based)
[0.004s][info][gc,init] Alignments: Space 512K, Generation 512K, Heap 2M
[0.004s][info][gc,init] Heap Min Capacity: 2054M
[0.004s][info][gc,init] Heap Initial Capacity: 2054M
[0.004s][info][gc,init] Heap Max Capacity: 3G
[0.004s][info][gc,init] Pre-touch: Disabled
[0.004s][info][gc,init] Parallel Workers: 4
[0.004s][info][gc,metaspace] CDS disabled.
[0.004s][info][gc,metaspace] Compressed class space mapped at: 0x0000000800000000-0x0000000840000000, reserved size: 1073741824
[0.004s][info][gc,metaspace] Narrow klass base: 0x0000000800000000, Narrow klass shift: 0, Narrow klass range: 0x40000000
[0.500s][info][safepoint   ] Safepoint "ICBufferFull", Time since last: 478296074 ns, Reaching safepoint: 207106 ns, At safepoint: 1300 ns, Total: 208406 ns
[0.784s][info][gc,start    ] GC(0) Pause Young (Metadata GC Threshold)
[0.788s][debug][gc,phases   ] GC(0) Scavenge 4.521ms
[0.788s][debug][gc,ref      ] GC(0) Skipped phase 1 of Reference Processing: no references
[0.789s][debug][gc,ref      ] GC(0) Skipped phase 3 of Reference Processing: no references
[0.789s][debug][gc,phases   ] GC(0) Reference Processing 0.064ms
[0.789s][debug][gc,phases   ] GC(0) Weak Processing 0.220ms
[0.789s][debug][gc,age      ] GC(0) Desired survivor size 536870912 bytes, new threshold 7 (max threshold 15)
[0.789s][info ][gc,heap     ] GC(0) PSYoungGen: 167772K(1572864K)->7861K(1572864K) Eden: 167772K(1048576K)->0K(1048576K) From: 0K(524288K)->7861K(524288K)
[0.789s][info ][gc,heap     ] GC(0) ParOldGen: 0K(6144K)->88K(6144K)
[0.789s][info ][gc,metaspace] GC(0) Metaspace: 21014K(21248K)->21014K(21248K) NonClass: 18649K(18752K)->18649K(18752K) Class: 2365K(2496K)->2365K(2496K)
[0.789s][info ][gc          ] GC(0) Pause Young (Metadata GC Threshold) 163M->7M(1542M) 5.202ms
[0.789s][info ][gc,cpu      ] GC(0) User=0.03s Sys=0.00s Real=0.01s
[0.789s][debug][gc,phases   ] GC(1) Pre Compact 0.012ms
[0.789s][info ][gc,start    ] GC(1) Pause Full (Metadata GC Threshold)
[0.789s][info ][gc,phases,start] GC(1) Marking Phase
[0.792s][debug][gc,phases      ] GC(1) Par Mark 3.219ms
[0.792s][debug][gc,ref         ] GC(1) Skipped phase 1 of Reference Processing: no references
[0.792s][debug][gc,ref         ] GC(1) Skipped phase 3 of Reference Processing: no references
[0.792s][debug][gc,phases      ] GC(1) Reference Processing 0.047ms
[0.792s][debug][gc,phases      ] GC(1) Weak Processing 0.108ms
[0.792s][debug][gc,phases      ] GC(1) ClassLoaderData 0.009ms
[0.792s][debug][gc,phases      ] GC(1) Trigger cleanups 0.000ms
[0.794s][debug][gc,phases      ] GC(1) Class Unloading 1.752ms
[0.794s][info ][gc,phases      ] GC(1) Marking Phase 5.225ms
[0.794s][info ][gc,phases,start] GC(1) Summary Phase
[0.794s][info ][gc,phases      ] GC(1) Summary Phase 0.005ms
[0.794s][info ][gc,phases,start] GC(1) Adjust Roots
[0.797s][info ][gc,phases      ] GC(1) Adjust Roots 2.573ms
[0.797s][info ][gc,phases,start] GC(1) Compaction Phase
[0.802s][info ][gc,phases      ] GC(1) Compaction Phase 4.874ms
[0.802s][info ][gc,phases,start] GC(1) Post Compact
[0.802s][info ][gc,phases      ] GC(1) Post Compact 0.456ms
[0.802s][info ][gc,heap        ] GC(1) PSYoungGen: 7861K(1572864K)->2150K(1572864K) Eden: 0K(1048576K)->0K(1048576K) From: 7861K(524288K)->2150K(524288K)
[0.802s][info ][gc,heap        ] GC(1) ParOldGen: 88K(6144K)->5687K(6144K)
[0.802s][info ][gc,metaspace   ] GC(1) Metaspace: 21014K(21248K)->21014K(21248K) NonClass: 18649K(18752K)->18649K(18752K) Class: 2365K(2496K)->2365K(2496K)
[0.802s][info ][gc             ] GC(1) Pause Full (Metadata GC Threshold) 7M->7M(1542M) 13.250ms
[0.802s][info ][gc,cpu         ] GC(1) User=0.04s Sys=0.01s Real=0.01s
[0.802s][info ][safepoint      ] Safepoint "CollectForMetadataAllocation", Time since last: 283840189 ns, Reaching safepoint: 104504 ns, At safepoint: 18572262 ns, Total: 18676766 ns
[0.982s][info ][safepoint      ] Safepoint "ICBufferFull", Time since last: 179559533 ns, Reaching safepoint: 75802 ns, At safepoint: 6901 ns, Total: 82703 ns
[0.995s][info ][safepoint      ] Safepoint "ICBufferFull", Time since last: 12715684 ns, Reaching safepoint: 49202 ns, At safepoint: 4500 ns, Total: 53702 ns
[1.005s][info ][safepoint      ] Safepoint "ICBufferFull", Time since last: 10799727 ns, Reaching safepoint: 63002 ns, At safepoint: 6300 ns, Total: 69302 ns
[1.020s][info ][safepoint      ] Safepoint "ICBufferFull", Time since last: 14523439 ns, Reaching safepoint: 48202 ns, At safepoint: 1900 ns, Total: 50102 ns
[1.024s][info ][safepoint      ] Safepoint "ICBufferFull", Time since last: 3480405 ns, Reaching safepoint: 91803 ns, At safepoint: 12800 ns, Total: 104603 ns
[1.028s][info ][safepoint      ] Safepoint "ICBufferFull", Time since last: 4367133 ns, Reaching safepoint: 46701 ns, At safepoint: 5900 ns, Total: 52601 ns
[1.032s][info ][safepoint      ] Safepoint "ICBufferFull", Time since last: 3498306 ns, Reaching safepoint: 44801 ns, At safepoint: 2200 ns, Total: 47001 ns
[1.035s][info ][safepoint      ] Safepoint "ICBufferFull", Time since last: 3305200 ns, Reaching safepoint: 53402 ns, At safepoint: 1400 ns, Total: 54802 ns
[1.038s][info ][safepoint      ] Safepoint "ICBufferFull", Time since last: 2721082 ns, Reaching safepoint: 30701 ns, At safepoint: 1200 ns, Total: 31901 ns
[1.044s][info ][safepoint      ] Safepoint "ICBufferFull", Time since last: 6124586 ns, Reaching safepoint: 44401 ns, At safepoint: 3800 ns, Total: 48201 ns
[1.044s][info ][safepoint      ] Safepoint "ICBufferFull", Time since last: 540217 ns, Reaching safepoint: 24500 ns, At safepoint: 3600 ns, Total: 28100 ns
[1.048s][info ][safepoint      ] Safepoint "ICBufferFull", Time since last: 3725913 ns, Reaching safepoint: 90703 ns, At safepoint: 5000 ns, Total: 95703 ns
[1.128s][info ][safepoint      ] Safepoint "ICBufferFull", Time since last: 79247698 ns, Reaching safepoint: 100103 ns, At safepoint: 10400 ns, Total: 110503 ns
[1.129s][info ][safepoint      ] Safepoint "ICBufferFull", Time since last: 1333541 ns, Reaching safepoint: 49601 ns, At safepoint: 1800 ns, Total: 51401 ns
[1.130s][info ][safepoint      ] Safepoint "ICBufferFull", Time since last: 1266938 ns, Reaching safepoint: 32001 ns, At safepoint: 1000 ns, Total: 33001 ns
[1.131s][info ][safepoint      ] Safepoint "ICBufferFull", Time since last: 1043332 ns, Reaching safepoint: 31101 ns, At safepoint: 7600 ns, Total: 38701 ns
[1.133s][info ][safepoint      ] Safepoint "ICBufferFull", Time since last: 1329440 ns, Reaching safepoint: 38301 ns, At safepoint: 1901 ns, Total: 40202 ns
[1.134s][info ][safepoint      ] Safepoint "ICBufferFull", Time since last: 879026 ns, Reaching safepoint: 38901 ns, At safepoint: 3800 ns, Total: 42701 ns
[1.135s][info ][safepoint      ] Safepoint "ICBufferFull", Time since last: 1208537 ns, Reaching safepoint: 16901 ns, At safepoint: 1400 ns, Total: 18301 ns
[1.136s][info ][safepoint      ] Safepoint "ICBufferFull", Time since last: 846025 ns, Reaching safepoint: 30201 ns, At safepoint: 1200 ns, Total: 31401 ns
[1.137s][info ][safepoint      ] Safepoint "ICBufferFull", Time since last: 1119434 ns, Reaching safepoint: 15800 ns, At safepoint: 1000 ns, Total: 16800 ns
[1.138s][info ][safepoint      ] Safepoint "ICBufferFull", Time since last: 833626 ns, Reaching safepoint: 17400 ns, At safepoint: 1300 ns, Total: 18700 ns
[1.139s][info ][safepoint      ] Safepoint "ICBufferFull", Time since last: 1133535 ns, Reaching safepoint: 17800 ns, At safepoint: 1800 ns, Total: 19600 ns
[1.140s][info ][safepoint      ] Safepoint "ICBufferFull", Time since last: 1226137 ns, Reaching safepoint: 87203 ns, At safepoint: 6000 ns, Total: 93203 ns
[1.142s][info ][safepoint      ] Safepoint "ICBufferFull", Time since last: 1561447 ns, Reaching safepoint: 101403 ns, At safepoint: 4300 ns, Total: 105703 ns
[1.142s][info ][safepoint      ] Safepoint "ICBufferFull", Time since last: 505516 ns, Reaching safepoint: 14600 ns, At safepoint: 900 ns, Total: 15500 ns
[1.144s][info ][safepoint      ] Safepoint "ICBufferFull", Time since last: 1582748 ns, Reaching safepoint: 20201 ns, At safepoint: 3900 ns, Total: 24101 ns
[1.146s][info ][safepoint      ] Safepoint "ICBufferFull", Time since last: 1850456 ns, Reaching safepoint: 59402 ns, At safepoint: 4800 ns, Total: 64202 ns
[1.154s][info ][safepoint      ] Safepoint "ICBufferFull", Time since last: 8281650 ns, Reaching safepoint: 42902 ns, At safepoint: 1600 ns, Total: 44502 ns
[1.173s][info ][safepoint      ] Safepoint "ICBufferFull", Time since last: 18859370 ns, Reaching safepoint: 55102 ns, At safepoint: 1800 ns, Total: 56902 ns
[1.176s][info ][safepoint      ] Safepoint "ICBufferFull", Time since last: 2854386 ns, Reaching safepoint: 36801 ns, At safepoint: 1700 ns, Total: 38501 ns
[1.278s][info ][safepoint      ] Safepoint "ICBufferFull", Time since last: 101244763 ns, Reaching safepoint: 175505 ns, At safepoint: 10801 ns, Total: 186306 ns
[1.550s][info ][safepoint      ] Safepoint "ICBufferFull", Time since last: 272615547 ns, Reaching safepoint: 169105 ns, At safepoint: 7800 ns, Total: 176905 ns
[1.769s][info ][safepoint      ] Safepoint "ICBufferFull", Time since last: 218041396 ns, Reaching safepoint: 156005 ns, At safepoint: 4600 ns, Total: 160605 ns
[2.106s][info ][safepoint      ] Safepoint "ICBufferFull", Time since last: 337446608 ns, Reaching safepoint: 130104 ns, At safepoint: 6300 ns, Total: 136404 ns
[2.195s][info ][gc,start       ] GC(2) Pause Young (Metadata GC Threshold)
[2.228s][debug][gc,phases      ] GC(2) Scavenge 33.341ms
[2.229s][debug][gc,ref         ] GC(2) Skipped phase 1 of Reference Processing: no references
[2.229s][debug][gc,ref         ] GC(2) Skipped phase 3 of Reference Processing: no references
[2.229s][debug][gc,phases      ] GC(2) Reference Processing 0.240ms
[2.230s][debug][gc,phases      ] GC(2) Weak Processing 1.009ms
[2.230s][debug][gc,age         ] GC(2) Desired survivor size 536870912 bytes, new threshold 7 (max threshold 15)
[2.230s][info ][gc,heap        ] GC(2) PSYoungGen: 470738K(1572864K)->53965K(1572864K) Eden: 468588K(1048576K)->0K(1048576K) From: 2150K(524288K)->53965K(524288K)
[2.230s][info ][gc,heap        ] GC(2) ParOldGen: 5687K(6144K)->5703K(6144K)
[2.230s][info ][gc,metaspace   ] GC(2) Metaspace: 35182K(35456K)->35182K(35456K) NonClass: 30768K(30912K)->30768K(30912K) Class: 4414K(4544K)->4414K(4544K)
[2.230s][info ][gc             ] GC(2) Pause Young (Metadata GC Threshold) 465M->58M(1542M) 34.719ms
[2.230s][info ][gc,cpu         ] GC(2) User=0.12s Sys=0.01s Real=0.03s
[2.230s][debug][gc,phases      ] GC(3) Pre Compact 0.009ms
[2.230s][info ][gc,start       ] GC(3) Pause Full (Metadata GC Threshold)
[2.230s][info ][gc,phases,start] GC(3) Marking Phase
[2.250s][debug][gc,phases      ] GC(3) Par Mark 19.990ms
[2.250s][debug][gc,ref         ] GC(3) Skipped phase 1 of Reference Processing: no references
[2.250s][debug][gc,ref         ] GC(3) Skipped phase 3 of Reference Processing: no references
[2.250s][debug][gc,phases      ] GC(3) Reference Processing 0.061ms
[2.250s][debug][gc,phases      ] GC(3) Weak Processing 0.262ms
[2.250s][debug][gc,phases      ] GC(3) ClassLoaderData 0.093ms
[2.250s][debug][gc,phases      ] GC(3) Trigger cleanups 0.001ms
[2.257s][debug][gc,phases      ] GC(3) Class Unloading 6.520ms
[2.257s][info ][gc,phases      ] GC(3) Marking Phase 26.964ms
[2.257s][info ][gc,phases,start] GC(3) Summary Phase
[2.257s][info ][gc,phases      ] GC(3) Summary Phase 0.006ms
[2.257s][info ][gc,phases,start] GC(3) Adjust Roots
[2.267s][info ][gc,phases      ] GC(3) Adjust Roots 10.353ms
[2.267s][info ][gc,phases,start] GC(3) Compaction Phase
[2.562s][info ][gc,phases      ] GC(3) Compaction Phase 294.870ms
[2.562s][info ][gc,phases,start] GC(3) Post Compact
[2.563s][info ][gc,phases      ] GC(3) Post Compact 0.524ms
[2.563s][info ][gc,heap        ] GC(3) PSYoungGen: 53965K(1572864K)->53286K(1572864K) Eden: 0K(1048576K)->0K(1048576K) From: 53965K(524288K)->53286K(524288K)
[2.563s][info ][gc,heap        ] GC(3) ParOldGen: 5703K(6144K)->6116K(6144K)
[2.563s][info ][gc,metaspace   ] GC(3) Metaspace: 35182K(35456K)->35178K(35456K) NonClass: 30768K(30912K)->30765K(30912K) Class: 4414K(4544K)->4413K(4544K)
[2.563s][info ][gc             ] GC(3) Pause Full (Metadata GC Threshold) 58M->58M(1542M) 332.838ms
[2.563s][info ][gc,cpu         ] GC(3) User=0.70s Sys=0.00s Real=0.33s
[2.563s][info ][safepoint      ] Safepoint "CollectForMetadataAllocation", Time since last: 88716683 ns, Reaching safepoint: 257908 ns, At safepoint: 367677519 ns, Total: 367935427 ns
[2.564s][info ][safepoint      ] Safepoint "CollectForMetadataAllocation", Time since last: 59101 ns, Reaching safepoint: 922528 ns, At safepoint: 16301 ns, Total: 938829 ns
[2.691s][info ][safepoint      ] Safepoint "ICBufferFull", Time since last: 126700131 ns, Reaching safepoint: 187706 ns, At safepoint: 5800 ns, Total: 193506 ns
[2.758s][info ][safepoint      ] Safepoint "ICBufferFull", Time since last: 67503642 ns, Reaching safepoint: 216006 ns, At safepoint: 25001 ns, Total: 241007 ns
[2.861s][info ][safepoint      ] Safepoint "ICBufferFull", Time since last: 102231192 ns, Reaching safepoint: 246007 ns, At safepoint: 28901 ns, Total: 274908 ns
[2.998s][info ][safepoint      ] Safepoint "ICBufferFull", Time since last: 137306352 ns, Reaching safepoint: 211207 ns, At safepoint: 9500 ns, Total: 220707 ns
[2.999s][info ][safepoint      ] Safepoint "ICBufferFull", Time since last: 147404 ns, Reaching safepoint: 457114 ns, At safepoint: 26601 ns, Total: 483715 ns
[2.999s][info ][safepoint      ] Safepoint "ICBufferFull", Time since last: 52402 ns, Reaching safepoint: 96502 ns, At safepoint: 19801 ns, Total: 116303 ns
[2.999s][info ][safepoint      ] Safepoint "ICBufferFull", Time since last: 50202 ns, Reaching safepoint: 98303 ns, At safepoint: 17500 ns, Total: 115803 ns
[3.000s][info ][safepoint      ] Safepoint "ICBufferFull", Time since last: 72602 ns, Reaching safepoint: 87303 ns, At safepoint: 19701 ns, Total: 107004 ns
[3.000s][info ][safepoint      ] Safepoint "ICBufferFull", Time since last: 48201 ns, Reaching safepoint: 93803 ns, At safepoint: 20900 ns, Total: 114703 ns
[3.096s][info ][safepoint      ] Safepoint "ICBufferFull", Time since last: 96102807 ns, Reaching safepoint: 190205 ns, At safepoint: 18901 ns, Total: 209106 ns
[3.096s][info ][safepoint      ] Safepoint "ICBufferFull", Time since last: 59402 ns, Reaching safepoint: 96403 ns, At safepoint: 16100 ns, Total: 112503 ns
[3.096s][info ][safepoint      ] Safepoint "ICBufferFull", Time since last: 44602 ns, Reaching safepoint: 83702 ns, At safepoint: 26401 ns, Total: 110103 ns
[3.098s][info ][safepoint      ] Safepoint "ICBufferFull", Time since last: 1682051 ns, Reaching safepoint: 110303 ns, At safepoint: 24701 ns, Total: 135004 ns
[3.191s][info ][safepoint      ] Safepoint "ICBufferFull", Time since last: 90180026 ns, Reaching safepoint: 2387772 ns, At safepoint: 15001 ns, Total: 2402773 ns
[3.197s][info ][safepoint      ] Safepoint "ICBufferFull", Time since last: 6091184 ns, Reaching safepoint: 128904 ns, At safepoint: 28301 ns, Total: 157205 ns
[3.197s][info ][safepoint      ] Safepoint "ICBufferFull", Time since last: 75802 ns, Reaching safepoint: 94003 ns, At safepoint: 22401 ns, Total: 116404 ns
[3.197s][info ][safepoint      ] Safepoint "ICBufferFull", Time since last: 42501 ns, Reaching safepoint: 86902 ns, At safepoint: 19201 ns, Total: 106103 ns
[3.199s][info ][safepoint      ] Safepoint "ICBufferFull", Time since last: 1197036 ns, Reaching safepoint: 94503 ns, At safepoint: 25401 ns, Total: 119904 ns
[3.199s][info ][safepoint      ] Safepoint "ICBufferFull", Time since last: 154205 ns, Reaching safepoint: 89402 ns, At safepoint: 19301 ns, Total: 108703 ns
[3.321s][info ][safepoint      ] Safepoint "ICBufferFull", Time since last: 122198894 ns, Reaching safepoint: 316810 ns, At safepoint: 25400 ns, Total: 342210 ns
[3.324s][info ][safepoint      ] Safepoint "ICBufferFull", Time since last: 2289670 ns, Reaching safepoint: 114003 ns, At safepoint: 20101 ns, Total: 134104 ns
[3.328s][info ][safepoint      ] Safepoint "ICBufferFull", Time since last: 3535707 ns, Reaching safepoint: 127503 ns, At safepoint: 21201 ns, Total: 148704 ns
[3.341s][info ][safepoint      ] Safepoint "ICBufferFull", Time since last: 13475607 ns, Reaching safepoint: 171406 ns, At safepoint: 19600 ns, Total: 191006 ns
[3.344s][info ][safepoint      ] Safepoint "ICBufferFull", Time since last: 2356872 ns, Reaching safepoint: 93502 ns, At safepoint: 25801 ns, Total: 119303 ns
[3.345s][info ][safepoint      ] Safepoint "ICBufferFull", Time since last: 1459344 ns, Reaching safepoint: 107604 ns, At safepoint: 24400 ns, Total: 132004 ns
[3.355s][info ][safepoint      ] Safepoint "ICBufferFull", Time since last: 9121276 ns, Reaching safepoint: 118004 ns, At safepoint: 27100 ns, Total: 145104 ns
[3.357s][info ][safepoint      ] Safepoint "ICBufferFull", Time since last: 1742953 ns, Reaching safepoint: 186906 ns, At safepoint: 32401 ns, Total: 219307 ns
[3.362s][info ][safepoint      ] Safepoint "ICBufferFull", Time since last: 5502866 ns, Reaching safepoint: 114504 ns, At safepoint: 19700 ns, Total: 134204 ns
[3.364s][info ][safepoint      ] Safepoint "ICBufferFull", Time since last: 1652450 ns, Reaching safepoint: 182006 ns, At safepoint: 22300 ns, Total: 204306 ns
[3.366s][info ][safepoint      ] Safepoint "ICBufferFull", Time since last: 1242838 ns, Reaching safepoint: 586818 ns, At safepoint: 16700 ns, Total: 603518 ns
[3.369s][info ][safepoint      ] Safepoint "ICBufferFull", Time since last: 3452604 ns, Reaching safepoint: 115704 ns, At safepoint: 21701 ns, Total: 137405 ns
[3.371s][info ][safepoint      ] Safepoint "ICBufferFull", Time since last: 1337340 ns, Reaching safepoint: 126904 ns, At safepoint: 17800 ns, Total: 144704 ns
[3.373s][info ][safepoint      ] Safepoint "ICBufferFull", Time since last: 1532147 ns, Reaching safepoint: 107003 ns, At safepoint: 19901 ns, Total: 126904 ns
[3.374s][info ][safepoint      ] Safepoint "ICBufferFull", Time since last: 1294539 ns, Reaching safepoint: 101203 ns, At safepoint: 17000 ns, Total: 118203 ns
[3.374s][info ][safepoint      ] Safepoint "ICBufferFull", Time since last: 43102 ns, Reaching safepoint: 88902 ns, At safepoint: 19001 ns, Total: 107903 ns
[3.375s][info ][safepoint      ] Safepoint "ICBufferFull", Time since last: 1099833 ns, Reaching safepoint: 100503 ns, At safepoint: 21701 ns, Total: 122204 ns
[3.471s][info ][safepoint      ] Safepoint "ICBufferFull", Time since last: 95750995 ns, Reaching safepoint: 220406 ns, At safepoint: 32301 ns, Total: 252707 ns
[3.476s][info ][safepoint      ] Safepoint "ICBufferFull", Time since last: 4777745 ns, Reaching safepoint: 125703 ns, At safepoint: 22301 ns, Total: 148004 ns
[3.482s][info ][safepoint      ] Safepoint "ICBufferFull", Time since last: 5104054 ns, Reaching safepoint: 103504 ns, At safepoint: 24400 ns, Total: 127904 ns
[3.488s][info ][safepoint      ] Safepoint "ICBufferFull", Time since last: 6245189 ns, Reaching safepoint: 125604 ns, At safepoint: 21600 ns, Total: 147204 ns
[3.496s][info ][safepoint      ] Safepoint "ICBufferFull", Time since last: 7574029 ns, Reaching safepoint: 116704 ns, At safepoint: 27901 ns, Total: 144605 ns
[3.502s][info ][safepoint      ] Safepoint "ICBufferFull", Time since last: 5724073 ns, Reaching safepoint: 117903 ns, At safepoint: 15401 ns, Total: 133304 ns
[3.508s][info ][safepoint      ] Safepoint "ICBufferFull", Time since last: 6310391 ns, Reaching safepoint: 194206 ns, At safepoint: 24500 ns, Total: 218706 ns
[3.515s][info ][safepoint      ] Safepoint "ICBufferFull", Time since last: 7276720 ns, Reaching safepoint: 127204 ns, At safepoint: 26301 ns, Total: 153505 ns
[3.522s][info ][safepoint      ] Safepoint "ICBufferFull", Time since last: 6550098 ns, Reaching safepoint: 117404 ns, At safepoint: 22100 ns, Total: 139504 ns
[3.529s][info ][safepoint      ] Safepoint "ICBufferFull", Time since last: 5781575 ns, Reaching safepoint: 952329 ns, At safepoint: 26301 ns, Total: 978630 ns
[3.537s][info ][safepoint      ] Safepoint "ICBufferFull", Time since last: 7486726 ns, Reaching safepoint: 137004 ns, At safepoint: 30001 ns, Total: 167005 ns
[3.548s][info ][safepoint      ] Safepoint "ICBufferFull", Time since last: 10794626 ns, Reaching safepoint: 240908 ns, At safepoint: 27800 ns, Total: 268708 ns
[3.555s][info ][safepoint      ] Safepoint "ICBufferFull", Time since last: 7609330 ns, Reaching safepoint: 142105 ns, At safepoint: 27701 ns, Total: 169806 ns
[3.569s][info ][safepoint      ] Safepoint "ICBufferFull", Time since last: 13757215 ns, Reaching safepoint: 149105 ns, At safepoint: 33201 ns, Total: 182306 ns
[3.580s][info ][safepoint      ] Safepoint "ICBufferFull", Time since last: 10049204 ns, Reaching safepoint: 122704 ns, At safepoint: 27800 ns, Total: 150504 ns
[3.590s][info ][safepoint      ] Safepoint "ICBufferFull", Time since last: 10389914 ns, Reaching safepoint: 123704 ns, At safepoint: 21501 ns, Total: 145205 ns
[3.600s][info ][safepoint      ] Safepoint "ICBufferFull", Time since last: 9300481 ns, Reaching safepoint: 88603 ns, At safepoint: 24600 ns, Total: 113203 ns
[3.614s][info ][safepoint      ] Safepoint "ICBufferFull", Time since last: 14246031 ns, Reaching safepoint: 138304 ns, At safepoint: 20901 ns, Total: 159205 ns
[3.623s][info ][safepoint      ] Safepoint "ICBufferFull", Time since last: 9282081 ns, Reaching safepoint: 125803 ns, At safepoint: 30801 ns, Total: 156604 ns
[3.630s][info ][safepoint      ] Safepoint "ICBufferFull", Time since last: 4313831 ns, Reaching safepoint: 2142164 ns, At safepoint: 27901 ns, Total: 2170065 ns
[3.643s][info ][safepoint      ] Safepoint "ICBufferFull", Time since last: 12451777 ns, Reaching safepoint: 178805 ns, At safepoint: 20601 ns, Total: 199406 ns
[3.645s][info ][safepoint      ] Safepoint "ICBufferFull", Time since last: 2304669 ns, Reaching safepoint: 93803 ns, At safepoint: 19301 ns, Total: 113104 ns
[3.645s][info ][safepoint      ] Safepoint "ICBufferFull", Time since last: 302509 ns, Reaching safepoint: 221207 ns, At safepoint: 22000 ns, Total: 243207 ns
[3.654s][info ][safepoint      ] Safepoint "ICBufferFull", Time since last: 7991742 ns, Reaching safepoint: 115303 ns, At safepoint: 27101 ns, Total: 142404 ns
[3.661s][info ][safepoint      ] Safepoint "ICBufferFull", Time since last: 7251419 ns, Reaching safepoint: 120504 ns, At safepoint: 22401 ns, Total: 142905 ns
[3.667s][info ][safepoint      ] Safepoint "ICBufferFull", Time since last: 5653671 ns, Reaching safepoint: 116603 ns, At safepoint: 22101 ns, Total: 138704 ns
[3.684s][info ][safepoint      ] Safepoint "ICBufferFull", Time since last: 17348024 ns, Reaching safepoint: 125104 ns, At safepoint: 27401 ns, Total: 152505 ns
[3.688s][info ][safepoint      ] Safepoint "ICBufferFull", Time since last: 3807615 ns, Reaching safepoint: 97503 ns, At safepoint: 19801 ns, Total: 117304 ns
[3.692s][info ][safepoint      ] Safepoint "ICBufferFull", Time since last: 4151125 ns, Reaching safepoint: 107103 ns, At safepoint: 21101 ns, Total: 128204 ns
[3.693s][info ][safepoint      ] Safepoint "ICBufferFull", Time since last: 497715 ns, Reaching safepoint: 108003 ns, At safepoint: 31001 ns, Total: 139004 ns
[3.693s][info ][safepoint      ] Safepoint "ICBufferFull", Time since last: 40402 ns, Reaching safepoint: 84702 ns, At safepoint: 27201 ns, Total: 111903 ns
[3.698s][info ][safepoint      ] Safepoint "ICBufferFull", Time since last: 4740543 ns, Reaching safepoint: 116304 ns, At safepoint: 28601 ns, Total: 144905 ns
[3.707s][info ][safepoint      ] Safepoint "ICBufferFull", Time since last: 8124745 ns, Reaching safepoint: 189206 ns, At safepoint: 27501 ns, Total: 216707 ns
[3.710s][info ][safepoint      ] Safepoint "ICBufferFull", Time since last: 3645410 ns, Reaching safepoint: 270608 ns, At safepoint: 24201 ns, Total: 294809 ns
[3.722s][info ][safepoint      ] Safepoint "ICBufferFull", Time since last: 11207439 ns, Reaching safepoint: 469214 ns, At safepoint: 25401 ns, Total: 494615 ns
[3.739s][info ][safepoint      ] Safepoint "ICBufferFull", Time since last: 15159358 ns, Reaching safepoint: 2113864 ns, At safepoint: 33701 ns, Total: 2147565 ns
[3.743s][info ][safepoint      ] Safepoint "ICBufferFull", Time since last: 3420103 ns, Reaching safepoint: 109004 ns, At safepoint: 24600 ns, Total: 133604 ns
[3.748s][info ][safepoint      ] Safepoint "ICBufferFull", Time since last: 4355932 ns, Reaching safepoint: 651520 ns, At safepoint: 23700 ns, Total: 675220 ns
[3.752s][info ][safepoint      ] Safepoint "ICBufferFull", Time since last: 3793415 ns, Reaching safepoint: 121904 ns, At safepoint: 26601 ns, Total: 148505 ns
[3.757s][info ][safepoint      ] Safepoint "ICBufferFull", Time since last: 5323161 ns, Reaching safepoint: 115403 ns, At safepoint: 23401 ns, Total: 138804 ns
[3.764s][info ][safepoint      ] Safepoint "ICBufferFull", Time since last: 6231288 ns, Reaching safepoint: 100603 ns, At safepoint: 28301 ns, Total: 128904 ns
[3.768s][info ][safepoint      ] Safepoint "ICBufferFull", Time since last: 3837616 ns, Reaching safepoint: 195706 ns, At safepoint: 24301 ns, Total: 220007 ns
[3.771s][info ][safepoint      ] Safepoint "ICBufferFull", Time since last: 3475905 ns, Reaching safepoint: 104403 ns, At safepoint: 24901 ns, Total: 129304 ns
[3.773s][debug][gc,phases      ] GC(4) Pre Compact 0.019ms
[3.773s][info ][gc,start       ] GC(4) Pause Full (Ergonomics)
[3.773s][info ][gc,phases,start] GC(4) Marking Phase
[3.866s][debug][gc,phases      ] GC(4) Par Mark 93.561ms
[3.866s][debug][gc,ref         ] GC(4) Skipped phase 1 of Reference Processing: no references
[3.867s][debug][gc,ref         ] GC(4) Skipped phase 3 of Reference Processing: no references
[3.867s][debug][gc,phases      ] GC(4) Reference Processing 0.626ms
[3.867s][debug][gc,phases      ] GC(4) Weak Processing 0.421ms
[3.867s][debug][gc,phases      ] GC(4) ClassLoaderData 0.042ms
[3.867s][debug][gc,phases      ] GC(4) Trigger cleanups 0.000ms
[3.872s][debug][gc,phases      ] GC(4) Class Unloading 5.088ms
[3.872s][info ][gc,phases      ] GC(4) Marking Phase 99.814ms
[3.872s][info ][gc,phases,start] GC(4) Summary Phase
[3.872s][info ][gc,phases      ] GC(4) Summary Phase 0.023ms
[3.872s][info ][gc,phases,start] GC(4) Adjust Roots
[3.885s][info ][gc,phases      ] GC(4) Adjust Roots 12.581ms
[3.885s][info ][gc,phases,start] GC(4) Compaction Phase
[4.111s][info ][gc,phases      ] GC(4) Compaction Phase 225.839ms
[4.111s][info ][gc,phases,start] GC(4) Post Compact
[4.115s][info ][gc,phases      ] GC(4) Post Compact 3.553ms
[4.115s][info ][gc,heap        ] GC(4) PSYoungGen: 1101862K(1572864K)->148158K(1572864K) Eden: 1048576K(1048576K)->148158K(1048576K) From: 53286K(524288K)->0K(524288K)
[4.115s][info ][gc,heap        ] GC(4) ParOldGen: 6116K(6144K)->6108K(18944K)
[4.115s][info ][gc,metaspace   ] GC(4) Metaspace: 47511K(48000K)->47511K(48000K) NonClass: 40634K(40896K)->40634K(40896K) Class: 6877K(7104K)->6877K(7104K)
[4.115s][info ][gc             ] GC(4) Pause Full (Ergonomics) 1082M->150M(1554M) 342.041ms
[4.115s][info ][gc,cpu         ] GC(4) User=1.18s Sys=0.03s Real=0.35s
[4.115s][info ][safepoint      ] Safepoint "ParallelGCFailedAllocation", Time since last: 925028 ns, Reaching safepoint: 161204 ns, At safepoint: 342178545 ns, Total: 342339749 ns
[4.129s][info ][safepoint      ] Safepoint "ICBufferFull", Time since last: 14111927 ns, Reaching safepoint: 117203 ns, At safepoint: 23701 ns, Total: 140904 ns
[4.134s][info ][safepoint      ] Safepoint "ICBufferFull", Time since last: 5250958 ns, Reaching safepoint: 143605 ns, At safepoint: 27101 ns, Total: 170706 ns
[4.141s][info ][safepoint      ] Safepoint "ICBufferFull", Time since last: 6448395 ns, Reaching safepoint: 108303 ns, At safepoint: 21500 ns, Total: 129803 ns
[4.141s][info ][safepoint      ] Safepoint "ICBufferFull", Time since last: 141505 ns, Reaching safepoint: 85702 ns, At safepoint: 19801 ns, Total: 105503 ns
[4.145s][info ][safepoint      ] Safepoint "ICBufferFull", Time since last: 3187696 ns, Reaching safepoint: 97003 ns, At safepoint: 21201 ns, Total: 118204 ns
[4.148s][info ][safepoint      ] Safepoint "ICBufferFull", Time since last: 3077893 ns, Reaching safepoint: 58302 ns, At safepoint: 24700 ns, Total: 83002 ns
[4.153s][info ][safepoint      ] Safepoint "ICBufferFull", Time since last: 5225558 ns, Reaching safepoint: 119404 ns, At safepoint: 28401 ns, Total: 147805 ns
[4.159s][info ][safepoint      ] Safepoint "ICBufferFull", Time since last: 5478465 ns, Reaching safepoint: 118704 ns, At safepoint: 23901 ns, Total: 142605 ns
[4.164s][info ][safepoint      ] Safepoint "ICBufferFull", Time since last: 5532867 ns, Reaching safepoint: 106003 ns, At safepoint: 24401 ns, Total: 130404 ns
[4.341s][info ][safepoint      ] Safepoint "ICBufferFull", Time since last: 175987719 ns, Reaching safepoint: 207006 ns, At safepoint: 27001 ns, Total: 234007 ns
[4.408s][info ][gc,start       ] GC(5) Pause Young (Allocation Failure)
[4.495s][debug][gc,phases      ] GC(5) Scavenge 87.009ms
[4.495s][debug][gc,ref         ] GC(5) Skipped phase 1 of Reference Processing: no references
[4.495s][debug][gc,ref         ] GC(5) Skipped phase 3 of Reference Processing: no references
[4.495s][debug][gc,phases      ] GC(5) Reference Processing 0.210ms
[4.496s][debug][gc,phases      ] GC(5) Weak Processing 1.197ms
[4.497s][debug][gc,age         ] GC(5) Desired survivor size 536870912 bytes, new threshold 7 (max threshold 15)
[4.497s][info ][gc,heap        ] GC(5) PSYoungGen: 1048576K(1572864K)->150606K(1572864K) Eden: 1048576K(1048576K)->0K(1048576K) From: 0K(524288K)->150606K(524288K)
[4.497s][info ][gc,heap        ] GC(5) ParOldGen: 6108K(18944K)->6124K(18944K)
[4.497s][info ][gc,metaspace   ] GC(5) Metaspace: 49004K(49408K)->49004K(49408K) NonClass: 41917K(42112K)->41917K(42112K) Class: 7086K(7296K)->7086K(7296K)
[4.497s][info ][gc             ] GC(5) Pause Young (Allocation Failure) 1029M->153M(1554M) 88.562ms
[4.497s][info ][gc,cpu         ] GC(5) User=0.25s Sys=0.09s Real=0.09s
[4.497s][info ][safepoint      ] Safepoint "ParallelGCFailedAllocation", Time since last: 67234032 ns, Reaching safepoint: 131104 ns, At safepoint: 88669079 ns, Total: 88800183 ns
[4.765s][info ][gc,start       ] GC(6) Pause Young (Allocation Failure)
[4.844s][debug][gc,phases      ] GC(6) Scavenge 78.823ms
[4.844s][debug][gc,ref         ] GC(6) Skipped phase 1 of Reference Processing: no references
[4.844s][debug][gc,ref         ] GC(6) Skipped phase 3 of Reference Processing: no references
[4.844s][debug][gc,phases      ] GC(6) Reference Processing 0.269ms
[4.846s][debug][gc,phases      ] GC(6) Weak Processing 1.209ms
[4.846s][debug][gc,age         ] GC(6) Desired survivor size 536870912 bytes, new threshold 7 (max threshold 15)
[4.846s][info ][gc,heap        ] GC(6) PSYoungGen: 1199182K(1572864K)->156422K(1572864K) Eden: 1048576K(1048576K)->0K(1048576K) From: 150606K(524288K)->156422K(524288K)
[4.846s][info ][gc,heap        ] GC(6) ParOldGen: 6124K(18944K)->6132K(18944K)
[4.846s][info ][gc,metaspace   ] GC(6) Metaspace: 50863K(51328K)->50863K(51328K) NonClass: 43405K(43648K)->43405K(43648K) Class: 7458K(7680K)->7458K(7680K)
[4.846s][info ][gc             ] GC(6) Pause Young (Allocation Failure) 1177M->158M(1554M) 80.457ms
[4.846s][info ][gc,cpu         ] GC(6) User=0.22s Sys=0.10s Real=0.08s
[4.846s][info ][safepoint      ] Safepoint "ParallelGCFailedAllocation", Time since last: 268374711 ns, Reaching safepoint: 172505 ns, At safepoint: 80558835 ns, Total: 80731340 ns
[5.119s][info ][gc,start       ] GC(7) Pause Young (Allocation Failure)
[5.184s][debug][gc,phases      ] GC(7) Scavenge 64.704ms
[5.184s][debug][gc,ref         ] GC(7) Skipped phase 1 of Reference Processing: no references
[5.184s][debug][gc,ref         ] GC(7) Skipped phase 3 of Reference Processing: no references
[5.184s][debug][gc,phases      ] GC(7) Reference Processing 0.280ms
[5.185s][debug][gc,phases      ] GC(7) Weak Processing 1.515ms
[5.185s][debug][gc,age         ] GC(7) Desired survivor size 244318208 bytes, new threshold 8 (max threshold 15)
[5.185s][info ][gc,heap        ] GC(7) PSYoungGen: 1204998K(1572864K)->159602K(1858560K) Eden: 1048576K(1048576K)->0K(1334272K) From: 156422K(524288K)->159602K(524288K)
[5.185s][info ][gc,heap        ] GC(7) ParOldGen: 6132K(18944K)->6132K(18944K)
[5.185s][info ][gc,metaspace   ] GC(7) Metaspace: 51869K(52288K)->51869K(52288K) NonClass: 44234K(44480K)->44234K(44480K) Class: 7634K(7808K)->7634K(7808K)
[5.186s][info ][gc             ] GC(7) Pause Young (Allocation Failure) 1182M->161M(1833M) 66.673ms
[5.186s][info ][gc,cpu         ] GC(7) User=0.24s Sys=0.02s Real=0.07s
[5.186s][info ][safepoint      ] Safepoint "ParallelGCFailedAllocation", Time since last: 272835746 ns, Reaching safepoint: 236907 ns, At safepoint: 66794718 ns, Total: 67031625 ns
[5.677s][info ][gc,start       ] GC(8) Pause Young (Allocation Failure)
[5.766s][debug][gc,phases      ] GC(8) Scavenge 88.369ms
[5.766s][debug][gc,ref         ] GC(8) Skipped phase 1 of Reference Processing: no references
[5.766s][debug][gc,ref         ] GC(8) Skipped phase 3 of Reference Processing: no references
[5.766s][debug][gc,phases      ] GC(8) Reference Processing 0.209ms
[5.767s][debug][gc,phases      ] GC(8) Weak Processing 1.359ms
[5.768s][debug][gc,age         ] GC(8) Desired survivor size 257949696 bytes, new threshold 9 (max threshold 15)
[5.768s][info ][gc,heap        ] GC(8) PSYoungGen: 1493874K(1858560K)->167418K(1572864K) Eden: 1334272K(1334272K)->0K(1334272K) From: 159602K(524288K)->167418K(238592K)
[5.768s][info ][gc,heap        ] GC(8) ParOldGen: 6132K(18944K)->6140K(18944K)
[5.768s][info ][gc,metaspace   ] GC(8) Metaspace: 52184K(52608K)->52184K(52608K) NonClass: 44549K(44800K)->44549K(44800K) Class: 7635K(7808K)->7635K(7808K)
[5.768s][info ][gc             ] GC(8) Pause Young (Allocation Failure) 1464M->169M(1554M) 90.084ms
[5.768s][info ][gc,cpu         ] GC(8) User=0.28s Sys=0.08s Real=0.09s
[5.768s][info ][safepoint      ] Safepoint "ParallelGCFailedAllocation", Time since last: 489574991 ns, Reaching safepoint: 2256169 ns, At safepoint: 90217925 ns, Total: 92474094 ns
[6.035s][info ][safepoint      ] Safepoint "ParallelGCFailedAllocation", Time since last: 267193973 ns, Reaching safepoint: 202206 ns, At safepoint: 33801 ns, Total: 236007 ns
[6.036s][info ][gc,start       ] GC(9) Pause Young (Allocation Failure)
[6.113s][debug][gc,phases      ] GC(9) Scavenge 76.261ms
[6.113s][debug][gc,ref         ] GC(9) Skipped phase 1 of Reference Processing: no references
[6.113s][debug][gc,ref         ] GC(9) Skipped phase 3 of Reference Processing: no references
[6.113s][debug][gc,phases      ] GC(9) Reference Processing 0.244ms
[6.114s][debug][gc,phases      ] GC(9) Weak Processing 1.169ms
[6.114s][debug][gc,age         ] GC(9) Desired survivor size 267386880 bytes, new threshold 10 (max threshold 15)
[6.114s][info ][gc,heap        ] GC(9) PSYoungGen: 1501690K(1572864K)->171570K(1826816K) Eden: 1334272K(1334272K)->0K(1574912K) From: 167418K(238592K)->171570K(251904K)
[6.114s][info ][gc,heap        ] GC(9) ParOldGen: 6141K(18944K)->6141K(18944K)
[6.114s][info ][gc,metaspace   ] GC(9) Metaspace: 52184K(52608K)->52184K(52608K) NonClass: 44549K(44800K)->44549K(44800K) Class: 7635K(7808K)->7635K(7808K)
[6.114s][info ][gc             ] GC(9) Pause Young (Allocation Failure) 1472M->173M(1802M) 77.782ms
[6.114s][info ][gc,cpu         ] GC(9) User=0.24s Sys=0.07s Real=0.08s
[6.114s][info ][safepoint      ] Safepoint "ParallelGCFailedAllocation", Time since last: 1184236 ns, Reaching safepoint: 91303 ns, At safepoint: 77885653 ns, Total: 77976956 ns
[6.462s][info ][gc,start       ] GC(10) Pause Young (Allocation Failure)
[6.525s][debug][gc,phases      ] GC(10) Scavenge 63.766ms
[6.525s][debug][gc,ref         ] GC(10) Skipped phase 1 of Reference Processing: no references
[6.526s][debug][gc,ref         ] GC(10) Skipped phase 3 of Reference Processing: no references
[6.526s][debug][gc,phases      ] GC(10) Reference Processing 0.243ms
[6.527s][debug][gc,phases      ] GC(10) Weak Processing 1.447ms
[6.527s][debug][gc,age         ] GC(10) Desired survivor size 273154048 bytes, new threshold 11 (max threshold 15)
[6.527s][info ][gc,heap        ] GC(10) PSYoungGen: 1746482K(1826816K)->174234K(1749504K) Eden: 1574912K(1574912K)->0K(1574912K) From: 171570K(251904K)->174234K(174592K)
[6.527s][info ][gc,heap        ] GC(10) ParOldGen: 6141K(18944K)->6149K(18944K)
[6.527s][info ][gc,metaspace   ] GC(10) Metaspace: 53024K(53504K)->53024K(53504K) NonClass: 45272K(45504K)->45272K(45504K) Class: 7751K(8000K)->7751K(8000K)
[6.527s][info ][gc             ] GC(10) Pause Young (Allocation Failure) 1711M->176M(1727M) 65.615ms
[6.527s][info ][gc,cpu         ] GC(10) User=0.24s Sys=0.02s Real=0.07s
[6.527s][info ][safepoint      ] Safepoint "ParallelGCFailedAllocation", Time since last: 347135484 ns, Reaching safepoint: 220107 ns, At safepoint: 65719685 ns, Total: 65939792 ns
[6.903s][info ][safepoint      ] Safepoint "ICBufferFull", Time since last: 375302235 ns, Reaching safepoint: 303209 ns, At safepoint: 23701 ns, Total: 326910 ns
[6.945s][info ][gc,start       ] GC(11) Pause Young (Allocation Failure)
[7.016s][debug][gc,phases      ] GC(11) Scavenge 71.442ms
[7.016s][debug][gc,ref         ] GC(11) Skipped phase 1 of Reference Processing: no references
[7.016s][debug][gc,ref         ] GC(11) Skipped phase 3 of Reference Processing: no references
[7.016s][debug][gc,phases      ] GC(11) Reference Processing 0.248ms
[7.018s][debug][gc,phases      ] GC(11) Weak Processing 1.293ms
[7.018s][debug][gc,age         ] GC(11) Desired survivor size 273154048 bytes, new threshold 12 (max threshold 15)
[7.018s][info ][gc,heap        ] GC(11) PSYoungGen: 1749146K(1749504K)->166698K(1830400K) Eden: 1574912K(1574912K)->0K(1563648K) From: 174234K(174592K)->166698K(266752K)
[7.018s][info ][gc,heap        ] GC(11) ParOldGen: 6149K(18944K)->6157K(18944K)
[7.018s][info ][gc,metaspace   ] GC(11) Metaspace: 54107K(54592K)->54107K(54592K) NonClass: 46218K(46464K)->46218K(46464K) Class: 7888K(8128K)->7888K(8128K)
[7.018s][info ][gc             ] GC(11) Pause Young (Allocation Failure) 1714M->168M(1806M) 73.128ms
[7.018s][info ][gc,cpu         ] GC(11) User=0.29s Sys=0.02s Real=0.08s
[7.018s][info ][safepoint      ] Safepoint "ParallelGCFailedAllocation", Time since last: 41511154 ns, Reaching safepoint: 156405 ns, At safepoint: 73238612 ns, Total: 73395017 ns
[7.330s][info ][gc,start       ] GC(12) Pause Young (Allocation Failure)
[7.392s][debug][gc,phases      ] GC(12) Scavenge 61.340ms
[7.392s][debug][gc,ref         ] GC(12) Skipped phase 1 of Reference Processing: no references
[7.392s][debug][gc,ref         ] GC(12) Skipped phase 3 of Reference Processing: no references
[7.392s][debug][gc,phases      ] GC(12) Reference Processing 0.214ms
[7.393s][debug][gc,phases      ] GC(12) Weak Processing 1.364ms
[7.393s][debug][gc,age         ] GC(12) Desired survivor size 272629760 bytes, new threshold 13 (max threshold 15)
[7.393s][info ][gc,heap        ] GC(12) PSYoungGen: 1730346K(1830400K)->167411K(1830400K) Eden: 1563648K(1563648K)->0K(1563648K) From: 166698K(266752K)->167411K(266752K)
[7.393s][info ][gc,heap        ] GC(12) ParOldGen: 6157K(18944K)->6165K(18944K)
[7.393s][info ][gc,metaspace   ] GC(12) Metaspace: 54416K(54848K)->54416K(54848K) NonClass: 46496K(46720K)->46496K(46720K) Class: 7920K(8128K)->7920K(8128K)
[7.393s][info ][gc             ] GC(12) Pause Young (Allocation Failure) 1695M->169M(1806M) 63.048ms
[7.393s][info ][gc,cpu         ] GC(12) User=0.24s Sys=0.00s Real=0.07s
[7.393s][info ][safepoint      ] Safepoint "ParallelGCFailedAllocation", Time since last: 312140625 ns, Reaching safepoint: 204306 ns, At safepoint: 63156607 ns, Total: 63360913 ns
[7.696s][info ][gc,start       ] GC(13) Pause Young (Allocation Failure)
[7.758s][debug][gc,phases      ] GC(13) Scavenge 61.638ms
[7.758s][debug][gc,ref         ] GC(13) Skipped phase 1 of Reference Processing: no references
[7.758s][debug][gc,ref         ] GC(13) Skipped phase 3 of Reference Processing: no references
[7.758s][debug][gc,phases      ] GC(13) Reference Processing 0.235ms
[7.759s][debug][gc,phases      ] GC(13) Weak Processing 1.365ms
[7.759s][debug][gc,age         ] GC(13) Desired survivor size 271581184 bytes, new threshold 14 (max threshold 15)
[7.759s][info ][gc,heap        ] GC(13) PSYoungGen: 1731059K(1830400K)->168650K(1831936K) Eden: 1563648K(1563648K)->0K(1565696K) From: 167411K(266752K)->168650K(266240K)
[7.759s][info ][gc,heap        ] GC(13) ParOldGen: 6165K(18944K)->6173K(18944K)
[7.759s][info ][gc,metaspace   ] GC(13) Metaspace: 54437K(54848K)->54437K(54848K) NonClass: 46515K(46720K)->46515K(46720K) Class: 7921K(8128K)->7921K(8128K)
[7.759s][info ][gc             ] GC(13) Pause Young (Allocation Failure) 1696M->170M(1807M) 63.382ms
[7.759s][info ][gc,cpu         ] GC(13) User=0.24s Sys=0.00s Real=0.06s
[7.759s][info ][safepoint      ] Safepoint "ParallelGCFailedAllocation", Time since last: 302211525 ns, Reaching safepoint: 239308 ns, At safepoint: 63487216 ns, Total: 63726524 ns
[7.943s][info ][safepoint      ] Safepoint "ICBufferFull", Time since last: 183189432 ns, Reaching safepoint: 250107 ns, At safepoint: 24601 ns, Total: 274708 ns
[8.130s][info ][gc,start       ] GC(14) Pause Young (Allocation Failure)
[8.194s][debug][gc,phases      ] GC(14) Scavenge 64.433ms
[8.195s][debug][gc,ref         ] GC(14) Skipped phase 1 of Reference Processing: no references
[8.195s][debug][gc,ref         ] GC(14) Skipped phase 3 of Reference Processing: no references
[8.195s][debug][gc,phases      ] GC(14) Reference Processing 0.223ms
[8.196s][debug][gc,phases      ] GC(14) Weak Processing 1.343ms
[8.196s][debug][gc,age         ] GC(14) Desired survivor size 270532608 bytes, new threshold 15 (max threshold 15)
[8.196s][info ][gc,heap        ] GC(14) PSYoungGen: 1734346K(1831936K)->171139K(1830912K) Eden: 1565696K(1565696K)->0K(1565696K) From: 168650K(266240K)->171139K(265216K)
[8.196s][info ][gc,heap        ] GC(14) ParOldGen: 6173K(18944K)->6181K(18944K)
[8.196s][info ][gc,metaspace   ] GC(14) Metaspace: 54452K(54912K)->54452K(54912K) NonClass: 46529K(46784K)->46529K(46784K) Class: 7922K(8128K)->7922K(8128K)
[8.196s][info ][gc             ] GC(14) Pause Young (Allocation Failure) 1699M->173M(1806M) 66.138ms
[8.196s][info ][gc,cpu         ] GC(14) User=0.26s Sys=0.00s Real=0.07s
[8.196s][info ][safepoint      ] Safepoint "ParallelGCFailedAllocation", Time since last: 187038247 ns, Reaching safepoint: 162805 ns, At safepoint: 66246100 ns, Total: 66408905 ns
[8.514s][info ][gc,start       ] GC(15) Pause Young (Allocation Failure)
[8.580s][debug][gc,phases      ] GC(15) Scavenge 66.103ms
[8.580s][debug][gc,ref         ] GC(15) Skipped phase 1 of Reference Processing: no references
[8.580s][debug][gc,ref         ] GC(15) Skipped phase 3 of Reference Processing: no references
[8.580s][debug][gc,phases      ] GC(15) Reference Processing 0.218ms
[8.582s][debug][gc,phases      ] GC(15) Weak Processing 1.654ms
[8.582s][debug][gc,age         ] GC(15) Desired survivor size 270008320 bytes, new threshold 15 (max threshold 15)
[8.582s][info ][gc,heap        ] GC(15) PSYoungGen: 1736835K(1830912K)->175091K(1833472K) Eden: 1565696K(1565696K)->0K(1569280K) From: 171139K(265216K)->175091K(264192K)
[8.582s][info ][gc,heap        ] GC(15) ParOldGen: 6181K(18944K)->6189K(18944K)
[8.582s][info ][gc,metaspace   ] GC(15) Metaspace: 54466K(54912K)->54466K(54912K) NonClass: 46542K(46784K)->46542K(46784K) Class: 7924K(8128K)->7924K(8128K)
[8.582s][info ][gc             ] GC(15) Pause Young (Allocation Failure) 1702M->177M(1809M) 68.131ms
[8.582s][info ][gc,cpu         ] GC(15) User=0.27s Sys=0.00s Real=0.06s
[8.582s][info ][safepoint      ] Safepoint "ParallelGCFailedAllocation", Time since last: 317267376 ns, Reaching safepoint: 179606 ns, At safepoint: 68237859 ns, Total: 68417465 ns
[8.826s][info ][safepoint      ] Safepoint "ICBufferFull", Time since last: 240651664 ns, Reaching safepoint: 3879417 ns, At safepoint: 31201 ns, Total: 3910618 ns
[8.827s][info ][safepoint      ] Safepoint "ICBufferFull", Time since last: 702222 ns, Reaching safepoint: 172905 ns, At safepoint: 21300 ns, Total: 194205 ns
[8.828s][info ][safepoint      ] Safepoint "ICBufferFull", Time since last: 775724 ns, Reaching safepoint: 74902 ns, At safepoint: 22101 ns, Total: 97003 ns
[8.830s][info ][safepoint      ] Safepoint "ICBufferFull", Time since last: 762223 ns, Reaching safepoint: 688321 ns, At safepoint: 21100 ns, Total: 709421 ns
[8.925s][info ][gc,start       ] GC(16) Pause Young (Allocation Failure)
[8.996s][debug][gc,phases      ] GC(16) Scavenge 70.331ms
[8.996s][debug][gc,ref         ] GC(16) Skipped phase 1 of Reference Processing: no references
[8.996s][debug][gc,ref         ] GC(16) Skipped phase 3 of Reference Processing: no references
[8.996s][debug][gc,phases      ] GC(16) Reference Processing 0.255ms
[8.997s][debug][gc,phases      ] GC(16) Weak Processing 1.333ms
[8.997s][debug][gc,age         ] GC(16) Desired survivor size 270008320 bytes, new threshold 15 (max threshold 15)
[8.997s][info ][gc,heap        ] GC(16) PSYoungGen: 1744371K(1833472K)->177178K(1832960K) Eden: 1569280K(1569280K)->0K(1569280K) From: 175091K(264192K)->177178K(263680K)
[8.997s][info ][gc,heap        ] GC(16) ParOldGen: 6189K(18944K)->6197K(18944K)
[8.997s][info ][gc,metaspace   ] GC(16) Metaspace: 55455K(55936K)->55455K(55936K) NonClass: 47357K(47616K)->47357K(47616K) Class: 8097K(8320K)->8097K(8320K)
[8.997s][info ][gc             ] GC(16) Pause Young (Allocation Failure) 1709M->179M(1808M) 72.070ms
[8.997s][info ][gc,cpu         ] GC(16) User=0.28s Sys=0.00s Real=0.07s
[8.997s][info ][safepoint      ] Safepoint "ParallelGCFailedAllocation", Time since last: 95306277 ns, Reaching safepoint: 228407 ns, At safepoint: 72185179 ns, Total: 72413586 ns
[9.337s][info ][gc,start       ] GC(17) Pause Young (Allocation Failure)
[9.411s][debug][gc,phases      ] GC(17) Scavenge 73.722ms
[9.411s][debug][gc,ref         ] GC(17) Skipped phase 1 of Reference Processing: no references
[9.412s][debug][gc,ref         ] GC(17) Skipped phase 3 of Reference Processing: no references
[9.412s][debug][gc,phases      ] GC(17) Reference Processing 0.244ms
[9.413s][debug][gc,phases      ] GC(17) Weak Processing 1.323ms
[9.413s][debug][gc,age         ] GC(17) Desired survivor size 268959744 bytes, new threshold 15 (max threshold 15)
[9.413s][info ][gc,heap        ] GC(17) PSYoungGen: 1746458K(1832960K)->177338K(1834496K) Eden: 1569280K(1569280K)->0K(1570816K) From: 177178K(263680K)->177338K(263680K)
[9.413s][info ][gc,heap        ] GC(17) ParOldGen: 6197K(18944K)->6197K(18944K)
[9.413s][info ][gc,metaspace   ] GC(17) Metaspace: 55893K(56384K)->55893K(56384K) NonClass: 47756K(48064K)->47756K(48064K) Class: 8137K(8320K)->8137K(8320K)
[9.413s][info ][gc             ] GC(17) Pause Young (Allocation Failure) 1711M->179M(1810M) 75.425ms
[9.413s][info ][gc,cpu         ] GC(17) User=0.31s Sys=0.00s Real=0.08s
[9.413s][info ][safepoint      ] Safepoint "ParallelGCFailedAllocation", Time since last: 339897457 ns, Reaching safepoint: 157305 ns, At safepoint: 75528279 ns, Total: 75685584 ns
[9.742s][info ][gc,start       ] GC(18) Pause Young (Allocation Failure)
[9.814s][debug][gc,phases      ] GC(18) Scavenge 71.318ms
[9.814s][debug][gc,ref         ] GC(18) Skipped phase 1 of Reference Processing: no references
[9.814s][debug][gc,ref         ] GC(18) Skipped phase 3 of Reference Processing: no references
[9.814s][debug][gc,phases      ] GC(18) Reference Processing 0.225ms
[9.815s][debug][gc,phases      ] GC(18) Weak Processing 1.279ms
[9.815s][debug][gc,age         ] GC(18) Desired survivor size 267386880 bytes, new threshold 15 (max threshold 15)
[9.815s][info ][gc,heap        ] GC(18) PSYoungGen: 1748154K(1834496K)->177799K(1833472K) Eden: 1570816K(1570816K)->0K(1570816K) From: 177338K(263680K)->177799K(262656K)
[9.815s][info ][gc,heap        ] GC(18) ParOldGen: 6197K(18944K)->8148K(18944K)
[9.815s][info ][gc,metaspace   ] GC(18) Metaspace: 59842K(60416K)->59842K(60416K) NonClass: 51205K(51520K)->51205K(51520K) Class: 8636K(8896K)->8636K(8896K)
[9.815s][info ][gc             ] GC(18) Pause Young (Allocation Failure) 1713M->181M(1809M) 72.950ms
[9.815s][info ][gc,cpu         ] GC(18) User=0.29s Sys=0.00s Real=0.08s
[9.815s][info ][safepoint      ] Safepoint "ParallelGCFailedAllocation", Time since last: 329202334 ns, Reaching safepoint: 203006 ns, At safepoint: 73055704 ns, Total: 73258710 ns
[10.145s][info ][gc,start       ] GC(19) Pause Young (Allocation Failure)
[10.233s][debug][gc,phases      ] GC(19) Scavenge 88.016ms
[10.233s][debug][gc,ref         ] GC(19) Skipped phase 1 of Reference Processing: no references
[10.233s][debug][gc,ref         ] GC(19) Skipped phase 3 of Reference Processing: no references
[10.233s][debug][gc,phases      ] GC(19) Reference Processing 0.272ms
[10.234s][debug][gc,phases      ] GC(19) Weak Processing 1.268ms
[10.234s][debug][gc,age         ] GC(19) Desired survivor size 256901120 bytes, new threshold 15 (max threshold 15)
[10.234s][info ][gc,heap        ] GC(19) PSYoungGen: 1748615K(1833472K)->152037K(1846272K) Eden: 1570816K(1570816K)->0K(1585152K) From: 177799K(262656K)->152037K(261120K)
[10.234s][info ][gc,heap        ] GC(19) ParOldGen: 8148K(18944K)->59434K(60928K)
[10.234s][info ][gc,metaspace   ] GC(19) Metaspace: 60280K(60800K)->60280K(60800K) NonClass: 51582K(51840K)->51582K(51840K) Class: 8697K(8960K)->8697K(8960K)
[10.234s][info ][gc             ] GC(19) Pause Young (Allocation Failure) 1715M->206M(1862M) 89.709ms
[10.234s][info ][gc,cpu         ] GC(19) User=0.34s Sys=0.01s Real=0.10s
[10.234s][debug][gc,phases      ] GC(20) Pre Compact 0.010ms
[10.234s][info ][gc,start       ] GC(20) Pause Full (Ergonomics)
[10.234s][info ][gc,phases,start] GC(20) Marking Phase
[10.322s][debug][gc,phases      ] GC(20) Par Mark 87.074ms
[10.322s][debug][gc,ref         ] GC(20) Skipped phase 1 of Reference Processing: no references
[10.322s][debug][gc,ref         ] GC(20) Skipped phase 3 of Reference Processing: no references
[10.322s][debug][gc,phases      ] GC(20) Reference Processing 0.170ms
[10.322s][debug][gc,phases      ] GC(20) Weak Processing 0.481ms
[10.322s][debug][gc,phases      ] GC(20) ClassLoaderData 0.052ms
[10.322s][debug][gc,phases      ] GC(20) Trigger cleanups 0.000ms
[10.329s][debug][gc,phases      ] GC(20) Class Unloading 6.828ms
[10.329s][info ][gc,phases      ] GC(20) Marking Phase 94.707ms
[10.329s][info ][gc,phases,start] GC(20) Summary Phase
[10.329s][info ][gc,phases      ] GC(20) Summary Phase 0.008ms
[10.329s][info ][gc,phases,start] GC(20) Adjust Roots
[10.351s][info ][gc,phases      ] GC(20) Adjust Roots 21.522ms
[10.351s][info ][gc,phases,start] GC(20) Compaction Phase
[10.697s][info ][gc,phases      ] GC(20) Compaction Phase 346.684ms
[10.697s][info ][gc,phases,start] GC(20) Post Compact
[10.698s][info ][gc,phases      ] GC(20) Post Compact 0.905ms
[10.698s][info ][gc,heap        ] GC(20) PSYoungGen: 152037K(1846272K)->150048K(1846272K) Eden: 0K(1585152K)->0K(1585152K) From: 152037K(261120K)->150048K(261120K)
[10.698s][info ][gc,heap        ] GC(20) ParOldGen: 59434K(60928K)->60471K(98304K)
[10.698s][info ][gc,metaspace   ] GC(20) Metaspace: 60280K(60800K)->60280K(60800K) NonClass: 51582K(51840K)->51582K(51840K) Class: 8697K(8960K)->8697K(8960K)
[10.699s][info ][gc             ] GC(20) Pause Full (Ergonomics) 206M->205M(1899M) 464.047ms
[10.699s][info ][gc,cpu         ] GC(20) User=1.68s Sys=0.01s Real=0.46s
[10.699s][info ][safepoint      ] Safepoint "ParallelGCFailedAllocation", Time since last: 329084530 ns, Reaching safepoint: 145104 ns, At safepoint: 553909709 ns, Total: 554054813 ns
[11.052s][info ][gc,start       ] GC(21) Pause Young (Allocation Failure)
[11.160s][debug][gc,phases      ] GC(21) Scavenge 107.879ms
[11.160s][debug][gc,ref         ] GC(21) Skipped phase 1 of Reference Processing: no references
[11.160s][debug][gc,ref         ] GC(21) Skipped phase 3 of Reference Processing: no references
[11.160s][debug][gc,phases      ] GC(21) Reference Processing 0.086ms
[11.161s][debug][gc,phases      ] GC(21) Weak Processing 0.852ms
[11.161s][debug][gc,age         ] GC(21) Desired survivor size 258473984 bytes, new threshold 14 (max threshold 15)
[11.161s][info ][gc,heap        ] GC(21) PSYoungGen: 1735200K(1846272K)->89273K(1836032K) Eden: 1585152K(1585152K)->0K(1585152K) From: 150048K(261120K)->89273K(250880K)
[11.161s][info ][gc,heap        ] GC(21) ParOldGen: 60471K(98304K)->157641K(157696K)
[11.161s][info ][gc,metaspace   ] GC(21) Metaspace: 60357K(60928K)->60357K(60928K) NonClass: 51649K(51968K)->51649K(51968K) Class: 8708K(8960K)->8708K(8960K)
[11.161s][info ][gc             ] GC(21) Pause Young (Allocation Failure) 1753M->241M(1947M) 108.945ms
[11.161s][info ][gc,cpu         ] GC(21) User=0.41s Sys=0.02s Real=0.11s
[11.161s][debug][gc,phases      ] GC(22) Pre Compact 0.012ms
[11.161s][info ][gc,start       ] GC(22) Pause Full (Ergonomics)
[11.161s][info ][gc,phases,start] GC(22) Marking Phase
[11.261s][debug][gc,phases      ] GC(22) Par Mark 99.966ms
[11.261s][debug][gc,ref         ] GC(22) Skipped phase 1 of Reference Processing: no references
[11.261s][debug][gc,ref         ] GC(22) Skipped phase 3 of Reference Processing: no references
[11.261s][debug][gc,phases      ] GC(22) Reference Processing 0.153ms
[11.262s][debug][gc,phases      ] GC(22) Weak Processing 0.469ms
[11.262s][debug][gc,phases      ] GC(22) ClassLoaderData 0.048ms
[11.262s][debug][gc,phases      ] GC(22) Trigger cleanups 0.000ms
[11.268s][debug][gc,phases      ] GC(22) Class Unloading 6.381ms
[11.268s][info ][gc,phases      ] GC(22) Marking Phase 107.088ms
[11.268s][info ][gc,phases,start] GC(22) Summary Phase
[11.268s][info ][gc,phases      ] GC(22) Summary Phase 0.008ms
[11.268s][info ][gc,phases,start] GC(22) Adjust Roots
[11.281s][info ][gc,phases      ] GC(22) Adjust Roots 12.577ms
[11.281s][info ][gc,phases,start] GC(22) Compaction Phase
[11.814s][info ][gc,phases      ] GC(22) Compaction Phase 533.531ms
[11.814s][info ][gc,phases,start] GC(22) Post Compact
[11.815s][info ][gc,phases      ] GC(22) Post Compact 0.512ms
[11.815s][info ][gc,heap        ] GC(22) PSYoungGen: 89273K(1836032K)->89025K(1836032K) Eden: 0K(1585152K)->0K(1585152K) From: 89273K(250880K)->89025K(250880K)
[11.815s][info ][gc,heap        ] GC(22) ParOldGen: 157641K(157696K)->157305K(235008K)
[11.815s][info ][gc,metaspace   ] GC(22) Metaspace: 60357K(60928K)->60357K(60928K) NonClass: 51649K(51968K)->51649K(51968K) Class: 8708K(8960K)->8708K(8960K)
[11.815s][info ][gc             ] GC(22) Pause Full (Ergonomics) 241M->240M(2022M) 653.958ms
[11.815s][info ][gc,cpu         ] GC(22) User=1.81s Sys=0.01s Real=0.66s
[11.815s][info ][safepoint      ] Safepoint "ParallelGCFailedAllocation", Time since last: 353487464 ns, Reaching safepoint: 81802 ns, At safepoint: 763095713 ns, Total: 763177515 ns
[12.145s][info ][gc,start       ] GC(23) Pause Young (Allocation Failure)
[12.218s][debug][gc,phases      ] GC(23) Scavenge 72.705ms
[12.218s][debug][gc,ref         ] GC(23) Skipped phase 1 of Reference Processing: no references
[12.218s][debug][gc,ref         ] GC(23) Skipped phase 3 of Reference Processing: no references
[12.218s][debug][gc,phases      ] GC(23) Reference Processing 0.112ms
[12.219s][debug][gc,phases      ] GC(23) Weak Processing 0.574ms
[12.219s][debug][gc,age         ] GC(23) Desired survivor size 258998272 bytes, new threshold 15 (max threshold 15)
[12.219s][info ][gc,heap        ] GC(23) PSYoungGen: 1674177K(1836032K)->82672K(1843712K) Eden: 1585152K(1585152K)->0K(1591296K) From: 89025K(250880K)->82672K(252416K)
[12.219s][info ][gc,heap        ] GC(23) ParOldGen: 157305K(235008K)->166094K(235008K)
[12.219s][info ][gc,metaspace   ] GC(23) Metaspace: 61035K(61568K)->61035K(61568K) NonClass: 52243K(52544K)->52243K(52544K) Class: 8791K(9024K)->8791K(9024K)
[12.219s][info ][gc             ] GC(23) Pause Young (Allocation Failure) 1788M->242M(2030M) 73.524ms
[12.219s][info ][gc,cpu         ] GC(23) User=0.27s Sys=0.01s Real=0.07s
[12.219s][info ][safepoint      ] Safepoint "ParallelGCFailedAllocation", Time since last: 329605839 ns, Reaching safepoint: 210206 ns, At safepoint: 73628120 ns, Total: 73838326 ns
[12.583s][info ][gc,start       ] GC(24) Pause Young (Allocation Failure)
[12.627s][debug][gc,phases      ] GC(24) Scavenge 44.388ms
[12.627s][debug][gc,ref         ] GC(24) Skipped phase 1 of Reference Processing: no references
[12.627s][debug][gc,ref         ] GC(24) Skipped phase 3 of Reference Processing: no references
[12.627s][debug][gc,phases      ] GC(24) Reference Processing 0.100ms
[12.628s][debug][gc,phases      ] GC(24) Weak Processing 0.549ms
[12.628s][debug][gc,age         ] GC(24) Desired survivor size 256901120 bytes, new threshold 15 (max threshold 15)
[12.628s][info ][gc,heap        ] GC(24) PSYoungGen: 1673968K(1843712K)->89312K(1844224K) Eden: 1591296K(1591296K)->0K(1591296K) From: 82672K(252416K)->89312K(252928K)
[12.628s][info ][gc,heap        ] GC(24) ParOldGen: 166094K(235008K)->166102K(235008K)
[12.628s][info ][gc,metaspace   ] GC(24) Metaspace: 61382K(61952K)->61382K(61952K) NonClass: 52563K(52864K)->52563K(52864K) Class: 8818K(9088K)->8818K(9088K)
[12.628s][info ][gc             ] GC(24) Pause Young (Allocation Failure) 1796M->249M(2030M) 45.185ms
[12.628s][info ][gc,cpu         ] GC(24) User=0.17s Sys=0.00s Real=0.05s
[12.628s][info ][safepoint      ] Safepoint "ParallelGCFailedAllocation", Time since last: 363266352 ns, Reaching safepoint: 864526 ns, At safepoint: 45293165 ns, Total: 46157691 ns
[12.953s][info ][gc,start       ] GC(25) Pause Young (Allocation Failure)
[12.998s][debug][gc,phases      ] GC(25) Scavenge 45.577ms
[12.998s][debug][gc,ref         ] GC(25) Skipped phase 1 of Reference Processing: no references
[12.999s][debug][gc,ref         ] GC(25) Skipped phase 3 of Reference Processing: no references
[12.999s][debug][gc,phases      ] GC(25) Reference Processing 0.078ms
[12.999s][debug][gc,phases      ] GC(25) Weak Processing 0.548ms
[12.999s][debug][gc,age         ] GC(25) Desired survivor size 251658240 bytes, new threshold 15 (max threshold 15)
[12.999s][info ][gc,heap        ] GC(25) PSYoungGen: 1680608K(1844224K)->97936K(1851392K) Eden: 1591296K(1591296K)->0K(1600512K) From: 89312K(252928K)->97936K(250880K)
[12.999s][info ][gc,heap        ] GC(25) ParOldGen: 166102K(235008K)->168354K(235008K)
[12.999s][info ][gc,metaspace   ] GC(25) Metaspace: 61523K(62144K)->61523K(62144K) NonClass: 52704K(53056K)->52704K(53056K) Class: 8818K(9088K)->8818K(9088K)
[12.999s][info ][gc             ] GC(25) Pause Young (Allocation Failure) 1803M->260M(2037M) 46.346ms
[12.999s][info ][gc,cpu         ] GC(25) User=0.18s Sys=0.00s Real=0.05s
[12.999s][info ][safepoint      ] Safepoint "ParallelGCFailedAllocation", Time since last: 324432981 ns, Reaching safepoint: 202906 ns, At safepoint: 46451600 ns, Total: 46654506 ns
[13.406s][info ][gc,start       ] GC(26) Pause Young (Allocation Failure)
[13.453s][debug][gc,phases      ] GC(26) Scavenge 46.534ms
[13.453s][debug][gc,ref         ] GC(26) Skipped phase 1 of Reference Processing: no references
[13.453s][debug][gc,ref         ] GC(26) Skipped phase 3 of Reference Processing: no references
[13.453s][debug][gc,phases      ] GC(26) Reference Processing 0.072ms
[13.454s][debug][gc,phases      ] GC(26) Weak Processing 0.543ms
[13.454s][debug][gc,age         ] GC(26) Desired survivor size 242745344 bytes, new threshold 15 (max threshold 15)
[13.454s][info ][gc,heap        ] GC(26) PSYoungGen: 1698448K(1851392K)->115984K(1846272K) Eden: 1600512K(1600512K)->0K(1600512K) From: 97936K(250880K)->115984K(245760K)
[13.454s][info ][gc,heap        ] GC(26) ParOldGen: 168354K(235008K)->168946K(235008K)
[13.454s][info ][gc,metaspace   ] GC(26) Metaspace: 61632K(62208K)->61632K(62208K) NonClass: 52813K(53120K)->52813K(53120K) Class: 8818K(9088K)->8818K(9088K)
[13.454s][info ][gc             ] GC(26) Pause Young (Allocation Failure) 1823M->278M(2032M) 47.296ms
[13.454s][info ][gc,cpu         ] GC(26) User=0.23s Sys=0.00s Real=0.05s
[13.454s][info ][safepoint      ] Safepoint "ParallelGCFailedAllocation", Time since last: 407073269 ns, Reaching safepoint: 177006 ns, At safepoint: 47407228 ns, Total: 47584234 ns
[13.784s][info ][gc,start       ] GC(27) Pause Young (Allocation Failure)
[13.829s][debug][gc,phases      ] GC(27) Scavenge 44.542ms
[13.829s][debug][gc,ref         ] GC(27) Skipped phase 1 of Reference Processing: no references
[13.829s][debug][gc,ref         ] GC(27) Skipped phase 3 of Reference Processing: no references
[13.829s][debug][gc,phases      ] GC(27) Reference Processing 0.096ms
[13.829s][debug][gc,phases      ] GC(27) Weak Processing 0.575ms
[13.829s][debug][gc,age         ] GC(27) Desired survivor size 234356736 bytes, new threshold 15 (max threshold 15)
[13.829s][info ][gc,heap        ] GC(27) PSYoungGen: 1716496K(1846272K)->118512K(1868288K) Eden: 1600512K(1600512K)->0K(1631232K) From: 115984K(245760K)->118512K(237056K)
[13.829s][info ][gc,heap        ] GC(27) ParOldGen: 168946K(235008K)->170078K(235008K)
[13.829s][info ][gc,metaspace   ] GC(27) Metaspace: 61776K(62336K)->61776K(62336K) NonClass: 52937K(53248K)->52937K(53248K) Class: 8838K(9088K)->8838K(9088K)
[13.830s][info ][gc             ] GC(27) Pause Young (Allocation Failure) 1841M->281M(2054M) 45.372ms
[13.830s][info ][gc,cpu         ] GC(27) User=0.19s Sys=0.00s Real=0.05s
[13.830s][info ][safepoint      ] Safepoint "ParallelGCFailedAllocation", Time since last: 329901343 ns, Reaching safepoint: 338310 ns, At safepoint: 45474571 ns, Total: 45812881 ns
[14.195s][info ][safepoint      ] Safepoint "ICBufferFull", Time since last: 364794493 ns, Reaching safepoint: 189506 ns, At safepoint: 30700 ns, Total: 220206 ns
[14.197s][info ][gc,start       ] GC(28) Pause Young (Allocation Failure)
[14.235s][debug][gc,phases      ] GC(28) Scavenge 38.511ms
[14.235s][debug][gc,ref         ] GC(28) Skipped phase 1 of Reference Processing: no references
[14.235s][debug][gc,ref         ] GC(28) Skipped phase 3 of Reference Processing: no references
[14.235s][debug][gc,phases      ] GC(28) Reference Processing 0.091ms
[14.236s][debug][gc,phases      ] GC(28) Weak Processing 0.540ms
[14.236s][debug][gc,age         ] GC(28) Desired survivor size 227540992 bytes, new threshold 15 (max threshold 15)
[14.236s][info ][gc,heap        ] GC(28) PSYoungGen: 1749744K(1868288K)->110832K(1860096K) Eden: 1631232K(1631232K)->0K(1631232K) From: 118512K(237056K)->110832K(228864K)
[14.236s][info ][gc,heap        ] GC(28) ParOldGen: 170078K(235008K)->172470K(235008K)
[14.236s][info ][gc,metaspace   ] GC(28) Metaspace: 61906K(62400K)->61906K(62400K) NonClass: 53038K(53312K)->53038K(53312K) Class: 8868K(9088K)->8868K(9088K)
[14.236s][info ][gc             ] GC(28) Pause Young (Allocation Failure) 1874M->276M(2046M) 39.254ms
[14.236s][info ][gc,cpu         ] GC(28) User=0.16s Sys=0.00s Real=0.04s
[14.236s][info ][safepoint      ] Safepoint "ParallelGCFailedAllocation", Time since last: 2033562 ns, Reaching safepoint: 101803 ns, At safepoint: 39365586 ns, Total: 39467389 ns
[14.243s][info ][safepoint      ] Safepoint "ICBufferFull", Time since last: 6780504 ns, Reaching safepoint: 126004 ns, At safepoint: 29701 ns, Total: 155705 ns
[14.245s][info ][safepoint      ] Safepoint "ICBufferFull", Time since last: 1926258 ns, Reaching safepoint: 104503 ns, At safepoint: 26901 ns, Total: 131404 ns
[14.247s][info ][safepoint      ] Safepoint "ICBufferFull", Time since last: 2258268 ns, Reaching safepoint: 100503 ns, At safepoint: 24101 ns, Total: 124604 ns
[14.254s][info ][safepoint      ] Safepoint "ICBufferFull", Time since last: 6469694 ns, Reaching safepoint: 97003 ns, At safepoint: 19601 ns, Total: 116604 ns
[14.257s][info ][safepoint      ] Safepoint "ICBufferFull", Time since last: 2464574 ns, Reaching safepoint: 101303 ns, At safepoint: 24601 ns, Total: 125904 ns
[14.259s][info ][safepoint      ] Safepoint "ICBufferFull", Time since last: 2107464 ns, Reaching safepoint: 96602 ns, At safepoint: 20201 ns, Total: 116803 ns
[14.260s][info ][safepoint      ] Safepoint "ICBufferFull", Time since last: 1131234 ns, Reaching safepoint: 88503 ns, At safepoint: 19400 ns, Total: 107903 ns
[14.262s][info ][safepoint      ] Safepoint "ICBufferFull", Time since last: 2182566 ns, Reaching safepoint: 100003 ns, At safepoint: 20201 ns, Total: 120204 ns
[14.264s][info ][safepoint      ] Safepoint "ICBufferFull", Time since last: 1260338 ns, Reaching safepoint: 97503 ns, At safepoint: 18100 ns, Total: 115603 ns
[14.265s][info ][safepoint      ] Safepoint "ICBufferFull", Time since last: 1030431 ns, Reaching safepoint: 87003 ns, At safepoint: 17400 ns, Total: 104403 ns
[14.266s][info ][safepoint      ] Safepoint "ICBufferFull", Time since last: 803925 ns, Reaching safepoint: 88302 ns, At safepoint: 17801 ns, Total: 106103 ns
[14.267s][info ][safepoint      ] Safepoint "ICBufferFull", Time since last: 861826 ns, Reaching safepoint: 88002 ns, At safepoint: 22401 ns, Total: 110403 ns
[14.270s][info ][safepoint      ] Safepoint "ICBufferFull", Time since last: 2877787 ns, Reaching safepoint: 93003 ns, At safepoint: 20900 ns, Total: 113903 ns
[14.272s][info ][safepoint      ] Safepoint "ICBufferFull", Time since last: 2050162 ns, Reaching safepoint: 97803 ns, At safepoint: 20401 ns, Total: 118204 ns
[14.273s][info ][safepoint      ] Safepoint "ICBufferFull", Time since last: 1287038 ns, Reaching safepoint: 97103 ns, At safepoint: 26101 ns, Total: 123204 ns
[14.293s][info ][safepoint      ] Safepoint "ICBufferFull", Time since last: 16362193 ns, Reaching safepoint: 3225597 ns, At safepoint: 34301 ns, Total: 3259898 ns
[14.294s][info ][safepoint      ] Safepoint "ICBufferFull", Time since last: 863126 ns, Reaching safepoint: 442114 ns, At safepoint: 26600 ns, Total: 468714 ns
[14.308s][info ][safepoint      ] Safepoint "ICBufferFull", Time since last: 13029693 ns, Reaching safepoint: 116003 ns, At safepoint: 44202 ns, Total: 160205 ns
[14.308s][info ][safepoint      ] Safepoint "ICBufferFull", Time since last: 836925 ns, Reaching safepoint: 105003 ns, At safepoint: 26001 ns, Total: 131004 ns
[14.310s][info ][safepoint      ] Safepoint "ICBufferFull", Time since last: 1413443 ns, Reaching safepoint: 79902 ns, At safepoint: 26201 ns, Total: 106103 ns
[14.311s][info ][safepoint      ] Safepoint "ICBufferFull", Time since last: 946728 ns, Reaching safepoint: 97703 ns, At safepoint: 22201 ns, Total: 119904 ns
[14.312s][info ][safepoint      ] Safepoint "ICBufferFull", Time since last: 916327 ns, Reaching safepoint: 63702 ns, At safepoint: 34101 ns, Total: 97803 ns
[14.315s][info ][safepoint      ] Safepoint "ICBufferFull", Time since last: 2321370 ns, Reaching safepoint: 104103 ns, At safepoint: 22901 ns, Total: 127004 ns
[14.341s][info ][safepoint      ] Safepoint "ICBufferFull", Time since last: 26585501 ns, Reaching safepoint: 142204 ns, At safepoint: 21701 ns, Total: 163905 ns
[14.342s][info ][safepoint      ] Safepoint "ICBufferFull", Time since last: 907827 ns, Reaching safepoint: 106304 ns, At safepoint: 23200 ns, Total: 129504 ns
[14.343s][info ][safepoint      ] Safepoint "ICBufferFull", Time since last: 740123 ns, Reaching safepoint: 103103 ns, At safepoint: 23700 ns, Total: 126803 ns
[14.344s][info ][safepoint      ] Safepoint "ICBufferFull", Time since last: 730422 ns, Reaching safepoint: 90703 ns, At safepoint: 22101 ns, Total: 112804 ns
[14.345s][info ][safepoint      ] Safepoint "ICBufferFull", Time since last: 852426 ns, Reaching safepoint: 97502 ns, At safepoint: 20601 ns, Total: 118103 ns
[14.358s][info ][safepoint      ] Safepoint "ICBufferFull", Time since last: 13080494 ns, Reaching safepoint: 129604 ns, At safepoint: 28001 ns, Total: 157605 ns
[14.362s][info ][safepoint      ] Safepoint "ICBufferFull", Time since last: 3894417 ns, Reaching safepoint: 118404 ns, At safepoint: 27601 ns, Total: 146005 ns
[14.363s][info ][safepoint      ] Safepoint "ICBufferFull", Time since last: 944728 ns, Reaching safepoint: 98303 ns, At safepoint: 26501 ns, Total: 124804 ns
[14.366s][info ][safepoint      ] Safepoint "ICBufferFull", Time since last: 2182766 ns, Reaching safepoint: 112403 ns, At safepoint: 27801 ns, Total: 140204 ns
[14.367s][info ][safepoint      ] Safepoint "ICBufferFull", Time since last: 1422843 ns, Reaching safepoint: 103603 ns, At safepoint: 28401 ns, Total: 132004 ns
[14.371s][info ][safepoint      ] Safepoint "ICBufferFull", Time since last: 3374201 ns, Reaching safepoint: 100803 ns, At safepoint: 23101 ns, Total: 123904 ns
[14.385s][info ][safepoint      ] Safepoint "ICBufferFull", Time since last: 11392343 ns, Reaching safepoint: 3211497 ns, At safepoint: 28501 ns, Total: 3239998 ns
[14.387s][info ][safepoint      ] Safepoint "ICBufferFull", Time since last: 1905557 ns, Reaching safepoint: 97303 ns, At safepoint: 24701 ns, Total: 122004 ns
[14.389s][info ][safepoint      ] Safepoint "ICBufferFull", Time since last: 1991260 ns, Reaching safepoint: 94003 ns, At safepoint: 28701 ns, Total: 122704 ns
[14.391s][info ][safepoint      ] Safepoint "ICBufferFull", Time since last: 947028 ns, Reaching safepoint: 94203 ns, At safepoint: 23101 ns, Total: 117304 ns
[14.392s][info ][safepoint      ] Safepoint "ICBufferFull", Time since last: 1764653 ns, Reaching safepoint: 93403 ns, At safepoint: 29301 ns, Total: 122704 ns
[14.393s][info ][safepoint      ] Safepoint "ICBufferFull", Time since last: 847925 ns, Reaching safepoint: 76903 ns, At safepoint: 25600 ns, Total: 102503 ns
[14.396s][info ][safepoint      ] Safepoint "ICBufferFull", Time since last: 2041662 ns, Reaching safepoint: 81502 ns, At safepoint: 25601 ns, Total: 107103 ns
[14.397s][info ][safepoint      ] Safepoint "ICBufferFull", Time since last: 1009030 ns, Reaching safepoint: 97103 ns, At safepoint: 22601 ns, Total: 119704 ns
[14.398s][info ][safepoint      ] Safepoint "ICBufferFull", Time since last: 1364541 ns, Reaching safepoint: 111004 ns, At safepoint: 20500 ns, Total: 131504 ns
[14.399s][info ][safepoint      ] Safepoint "ICBufferFull", Time since last: 831725 ns, Reaching safepoint: 99003 ns, At safepoint: 19301 ns, Total: 118304 ns
[14.402s][info ][safepoint      ] Safepoint "ICBufferFull", Time since last: 2277968 ns, Reaching safepoint: 113104 ns, At safepoint: 25701 ns, Total: 138805 ns
[14.403s][info ][safepoint      ] Safepoint "ICBufferFull", Time since last: 1582047 ns, Reaching safepoint: 100403 ns, At safepoint: 21701 ns, Total: 122104 ns
[14.404s][info ][safepoint      ] Safepoint "ICBufferFull", Time since last: 847925 ns, Reaching safepoint: 91403 ns, At safepoint: 22001 ns, Total: 113404 ns
[14.419s][info ][safepoint      ] Safepoint "ICBufferFull", Time since last: 14828547 ns, Reaching safepoint: 110903 ns, At safepoint: 24901 ns, Total: 135804 ns
[14.420s][info ][safepoint      ] Safepoint "ICBufferFull", Time since last: 878726 ns, Reaching safepoint: 96103 ns, At safepoint: 28301 ns, Total: 124404 ns
[14.422s][info ][safepoint      ] Safepoint "ICBufferFull", Time since last: 1526946 ns, Reaching safepoint: 105703 ns, At safepoint: 20801 ns, Total: 126504 ns
[14.423s][info ][safepoint      ] Safepoint "ICBufferFull", Time since last: 1404142 ns, Reaching safepoint: 110703 ns, At safepoint: 58302 ns, Total: 169005 ns
[14.437s][info ][safepoint      ] Safepoint "ICBufferFull", Time since last: 13459106 ns, Reaching safepoint: 127504 ns, At safepoint: 26400 ns, Total: 153904 ns
[14.439s][info ][safepoint      ] Safepoint "ICBufferFull", Time since last: 2019061 ns, Reaching safepoint: 60702 ns, At safepoint: 28001 ns, Total: 88703 ns
[14.442s][info ][safepoint      ] Safepoint "ICBufferFull", Time since last: 2521076 ns, Reaching safepoint: 60002 ns, At safepoint: 22600 ns, Total: 82602 ns
[14.444s][info ][safepoint      ] Safepoint "ICBufferFull", Time since last: 1711552 ns, Reaching safepoint: 101503 ns, At safepoint: 24301 ns, Total: 125804 ns
[14.446s][info ][safepoint      ] Safepoint "ICBufferFull", Time since last: 1744052 ns, Reaching safepoint: 225907 ns, At safepoint: 19601 ns, Total: 245508 ns
[14.447s][info ][safepoint      ] Safepoint "ICBufferFull", Time since last: 1636349 ns, Reaching safepoint: 100303 ns, At safepoint: 25301 ns, Total: 125604 ns
[14.450s][info ][safepoint      ] Safepoint "ICBufferFull", Time since last: 2270468 ns, Reaching safepoint: 100903 ns, At safepoint: 21301 ns, Total: 122204 ns
[14.453s][info ][safepoint      ] Safepoint "ICBufferFull", Time since last: 2819585 ns, Reaching safepoint: 100403 ns, At safepoint: 21800 ns, Total: 122203 ns
[14.455s][info ][safepoint      ] Safepoint "ICBufferFull", Time since last: 2017761 ns, Reaching safepoint: 91103 ns, At safepoint: 19900 ns, Total: 111003 ns
[14.462s][info ][safepoint      ] Safepoint "ICBufferFull", Time since last: 7190317 ns, Reaching safepoint: 118704 ns, At safepoint: 29901 ns, Total: 148605 ns
[14.466s][info ][safepoint      ] Safepoint "ICBufferFull", Time since last: 3321100 ns, Reaching safepoint: 113003 ns, At safepoint: 22201 ns, Total: 135204 ns
[14.469s][info ][safepoint      ] Safepoint "ICBufferFull", Time since last: 1482144 ns, Reaching safepoint: 2103164 ns, At safepoint: 25701 ns, Total: 2128865 ns
[14.492s][info ][safepoint      ] Safepoint "ICBufferFull", Time since last: 22373474 ns, Reaching safepoint: 158204 ns, At safepoint: 29201 ns, Total: 187405 ns
[14.516s][info ][safepoint      ] Safepoint "ICBufferFull", Time since last: 23950722 ns, Reaching safepoint: 120303 ns, At safepoint: 30701 ns, Total: 151004 ns
[14.518s][info ][safepoint      ] Safepoint "ICBufferFull", Time since last: 2385672 ns, Reaching safepoint: 105203 ns, At safepoint: 24701 ns, Total: 129904 ns
[14.520s][info ][safepoint      ] Safepoint "ICBufferFull", Time since last: 1056232 ns, Reaching safepoint: 106503 ns, At safepoint: 29001 ns, Total: 135504 ns
[14.534s][info ][safepoint      ] Safepoint "ICBufferFull", Time since last: 14337932 ns, Reaching safepoint: 124804 ns, At safepoint: 24201 ns, Total: 149005 ns
[14.541s][info ][safepoint      ] Safepoint "ICBufferFull", Time since last: 6851806 ns, Reaching safepoint: 108003 ns, At safepoint: 21801 ns, Total: 129804 ns
[14.545s][info ][safepoint      ] Safepoint "ICBufferFull", Time since last: 3420103 ns, Reaching safepoint: 115403 ns, At safepoint: 21101 ns, Total: 136504 ns
[14.547s][info ][safepoint      ] Safepoint "ICBufferFull", Time since last: 1874457 ns, Reaching safepoint: 105403 ns, At safepoint: 23000 ns, Total: 128403 ns
[14.548s][info ][safepoint      ] Safepoint "ICBufferFull", Time since last: 1267839 ns, Reaching safepoint: 108203 ns, At safepoint: 19700 ns, Total: 127903 ns
[14.551s][info ][safepoint      ] Safepoint "ICBufferFull", Time since last: 2410573 ns, Reaching safepoint: 107203 ns, At safepoint: 22301 ns, Total: 129504 ns
[14.558s][info ][safepoint      ] Safepoint "ICBufferFull", Time since last: 7823536 ns, Reaching safepoint: 100903 ns, At safepoint: 18200 ns, Total: 119103 ns
[14.560s][info ][safepoint      ] Safepoint "ICBufferFull", Time since last: 1425643 ns, Reaching safepoint: 94003 ns, At safepoint: 20301 ns, Total: 114304 ns
[14.562s][info ][safepoint      ] Safepoint "ICBufferFull", Time since last: 1667350 ns, Reaching safepoint: 590418 ns, At safepoint: 20900 ns, Total: 611318 ns
[14.563s][info ][safepoint      ] Safepoint "ICBufferFull", Time since last: 1008031 ns, Reaching safepoint: 103703 ns, At safepoint: 15600 ns, Total: 119303 ns
[14.567s][info ][safepoint      ] Safepoint "ICBufferFull", Time since last: 3387302 ns, Reaching safepoint: 422313 ns, At safepoint: 22001 ns, Total: 444314 ns
[14.569s][info ][safepoint      ] Safepoint "ICBufferFull", Time since last: 1903357 ns, Reaching safepoint: 104703 ns, At safepoint: 19101 ns, Total: 123804 ns
[14.582s][info ][gc,start       ] GC(29) Pause Young (Allocation Failure)
[14.615s][debug][gc,phases      ] GC(29) Scavenge 32.986ms
[14.615s][debug][gc,ref         ] GC(29) Skipped phase 1 of Reference Processing: no references
[14.615s][debug][gc,ref         ] GC(29) Skipped phase 3 of Reference Processing: no references
[14.615s][debug][gc,phases      ] GC(29) Reference Processing 0.087ms
[14.616s][debug][gc,phases      ] GC(29) Weak Processing 0.501ms
[14.616s][debug][gc,age         ] GC(29) Desired survivor size 220725248 bytes, new threshold 15 (max threshold 15)
[14.616s][info ][gc,heap        ] GC(29) PSYoungGen: 1742064K(1860096K)->111664K(1881600K) Eden: 1631232K(1631232K)->0K(1659392K) From: 110832K(228864K)->111664K(222208K)
[14.616s][info ][gc,heap        ] GC(29) ParOldGen: 172470K(235008K)->173182K(235008K)
[14.616s][info ][gc,metaspace   ] GC(29) Metaspace: 61983K(62528K)->61983K(62528K) NonClass: 53114K(53440K)->53114K(53440K) Class: 8869K(9088K)->8869K(9088K)
[14.616s][info ][gc             ] GC(29) Pause Young (Allocation Failure) 1869M->278M(2067M) 33.704ms
[14.616s][info ][gc,cpu         ] GC(29) User=0.13s Sys=0.00s Real=0.04s
[14.616s][info ][safepoint      ] Safepoint "ParallelGCFailedAllocation", Time since last: 8287049 ns, Reaching safepoint: 4260529 ns, At safepoint: 33821119 ns, Total: 38081648 ns
[14.617s][info ][safepoint      ] Safepoint "ICBufferFull", Time since last: 1298339 ns, Reaching safepoint: 102403 ns, At safepoint: 25101 ns, Total: 127504 ns
[14.634s][info ][safepoint      ] Safepoint "ICBufferFull", Time since last: 16423795 ns, Reaching safepoint: 124903 ns, At safepoint: 26101 ns, Total: 151004 ns
[14.646s][info ][safepoint      ] Safepoint "ICBufferFull", Time since last: 11861958 ns, Reaching safepoint: 132604 ns, At safepoint: 23400 ns, Total: 156004 ns
[14.647s][info ][safepoint      ] Safepoint "ICBufferFull", Time since last: 1427743 ns, Reaching safepoint: 94003 ns, At safepoint: 25101 ns, Total: 119104 ns
[14.649s][info ][safepoint      ] Safepoint "ICBufferFull", Time since last: 1632949 ns, Reaching safepoint: 110403 ns, At safepoint: 25201 ns, Total: 135604 ns
[14.650s][info ][safepoint      ] Safepoint "ICBufferFull", Time since last: 965729 ns, Reaching safepoint: 96103 ns, At safepoint: 22001 ns, Total: 118104 ns
[14.652s][info ][safepoint      ] Safepoint "ICBufferFull", Time since last: 1439943 ns, Reaching safepoint: 100903 ns, At safepoint: 25401 ns, Total: 126304 ns
[14.653s][info ][safepoint      ] Safepoint "ICBufferFull", Time since last: 1591648 ns, Reaching safepoint: 114003 ns, At safepoint: 26801 ns, Total: 140804 ns
[14.655s][info ][safepoint      ] Safepoint "ICBufferFull", Time since last: 1545847 ns, Reaching safepoint: 92103 ns, At safepoint: 22200 ns, Total: 114303 ns
[14.657s][info ][safepoint      ] Safepoint "ICBufferFull", Time since last: 1889157 ns, Reaching safepoint: 94503 ns, At safepoint: 20501 ns, Total: 115004 ns
[14.658s][info ][safepoint      ] Safepoint "ICBufferFull", Time since last: 932028 ns, Reaching safepoint: 90302 ns, At safepoint: 22401 ns, Total: 112703 ns
[14.660s][info ][safepoint      ] Safepoint "ICBufferFull", Time since last: 1918758 ns, Reaching safepoint: 95403 ns, At safepoint: 22400 ns, Total: 117803 ns
[14.664s][info ][safepoint      ] Safepoint "ICBufferFull", Time since last: 3680511 ns, Reaching safepoint: 103603 ns, At safepoint: 26301 ns, Total: 129904 ns
[14.671s][info ][safepoint      ] Safepoint "ICBufferFull", Time since last: 6529597 ns, Reaching safepoint: 102903 ns, At safepoint: 33501 ns, Total: 136404 ns
[14.673s][info ][safepoint      ] Safepoint "ICBufferFull", Time since last: 2076663 ns, Reaching safepoint: 108403 ns, At safepoint: 25201 ns, Total: 133604 ns
[14.674s][info ][safepoint      ] Safepoint "ICBufferFull", Time since last: 1232337 ns, Reaching safepoint: 99603 ns, At safepoint: 18300 ns, Total: 117903 ns
[14.682s][info ][safepoint      ] Safepoint "ICBufferFull", Time since last: 3451604 ns, Reaching safepoint: 4278229 ns, At safepoint: 31801 ns, Total: 4310030 ns
[14.686s][info ][safepoint      ] Safepoint "ICBufferFull", Time since last: 3816515 ns, Reaching safepoint: 70302 ns, At safepoint: 25201 ns, Total: 95503 ns
[14.691s][info ][safepoint      ] Safepoint "ICBufferFull", Time since last: 4972550 ns, Reaching safepoint: 110303 ns, At safepoint: 21801 ns, Total: 132104 ns
[14.797s][info ][safepoint      ] Safepoint "ICBufferFull", Time since last: 105891990 ns, Reaching safepoint: 140104 ns, At safepoint: 40502 ns, Total: 180606 ns
[14.806s][info ][safepoint      ] Safepoint "ICBufferFull", Time since last: 8633460 ns, Reaching safepoint: 104503 ns, At safepoint: 25401 ns, Total: 129904 ns
[14.814s][info ][safepoint      ] Safepoint "ICBufferFull", Time since last: 7932839 ns, Reaching safepoint: 121603 ns, At safepoint: 40002 ns, Total: 161605 ns
[14.816s][info ][safepoint      ] Safepoint "ICBufferFull", Time since last: 1572347 ns, Reaching safepoint: 65902 ns, At safepoint: 23401 ns, Total: 89303 ns
[14.817s][info ][safepoint      ] Safepoint "ICBufferFull", Time since last: 1356040 ns, Reaching safepoint: 92803 ns, At safepoint: 25901 ns, Total: 118704 ns
[14.818s][info ][safepoint      ] Safepoint "ICBufferFull", Time since last: 917028 ns, Reaching safepoint: 92202 ns, At safepoint: 23301 ns, Total: 115503 ns
[14.820s][info ][safepoint      ] Safepoint "ICBufferFull", Time since last: 2105264 ns, Reaching safepoint: 93302 ns, At safepoint: 21001 ns, Total: 114303 ns
[14.841s][info ][safepoint      ] Safepoint "ICBufferFull", Time since last: 20887929 ns, Reaching safepoint: 121804 ns, At safepoint: 27601 ns, Total: 149405 ns
[14.843s][info ][safepoint      ] Safepoint "ICBufferFull", Time since last: 2084963 ns, Reaching safepoint: 98603 ns, At safepoint: 25100 ns, Total: 123703 ns
[14.849s][info ][safepoint      ] Safepoint "ICBufferFull", Time since last: 5397863 ns, Reaching safepoint: 110803 ns, At safepoint: 22801 ns, Total: 133604 ns
[14.851s][info ][safepoint      ] Safepoint "ICBufferFull", Time since last: 2041562 ns, Reaching safepoint: 102503 ns, At safepoint: 21200 ns, Total: 123703 ns
[14.853s][info ][safepoint      ] Safepoint "ICBufferFull", Time since last: 1941959 ns, Reaching safepoint: 100303 ns, At safepoint: 20800 ns, Total: 121103 ns
[14.855s][info ][safepoint      ] Safepoint "ICBufferFull", Time since last: 1825255 ns, Reaching safepoint: 96703 ns, At safepoint: 20501 ns, Total: 117204 ns
[14.864s][info ][safepoint      ] Safepoint "ICBufferFull", Time since last: 8342251 ns, Reaching safepoint: 97103 ns, At safepoint: 27201 ns, Total: 124304 ns
[14.894s][info ][safepoint      ] Safepoint "ICBufferFull", Time since last: 30053805 ns, Reaching safepoint: 117904 ns, At safepoint: 30501 ns, Total: 148405 ns
[14.896s][info ][safepoint      ] Safepoint "ICBufferFull", Time since last: 2069062 ns, Reaching safepoint: 341711 ns, At safepoint: 25400 ns, Total: 367111 ns
[14.903s][info ][safepoint      ] Safepoint "ICBufferFull", Time since last: 6413294 ns, Reaching safepoint: 119803 ns, At safepoint: 24801 ns, Total: 144604 ns
[14.908s][info ][safepoint      ] Safepoint "ICBufferFull", Time since last: 4806045 ns, Reaching safepoint: 126304 ns, At safepoint: 23400 ns, Total: 149704 ns
[14.913s][info ][safepoint      ] Safepoint "ICBufferFull", Time since last: 4785844 ns, Reaching safepoint: 98703 ns, At safepoint: 23301 ns, Total: 122004 ns
[14.923s][info ][safepoint      ] Safepoint "ICBufferFull", Time since last: 10085704 ns, Reaching safepoint: 109803 ns, At safepoint: 28501 ns, Total: 138304 ns
[14.937s][info ][safepoint      ] Safepoint "ICBufferFull", Time since last: 14321032 ns, Reaching safepoint: 171105 ns, At safepoint: 22200 ns, Total: 193305 ns
[14.939s][info ][safepoint      ] Safepoint "ICBufferFull", Time since last: 1661250 ns, Reaching safepoint: 103204 ns, At safepoint: 21900 ns, Total: 125104 ns
[14.941s][info ][safepoint      ] Safepoint "ICBufferFull", Time since last: 1317840 ns, Reaching safepoint: 99803 ns, At safepoint: 24001 ns, Total: 123804 ns
[14.942s][info ][safepoint      ] Safepoint "ICBufferFull", Time since last: 942828 ns, Reaching safepoint: 94803 ns, At safepoint: 19401 ns, Total: 114204 ns
[14.943s][info ][safepoint      ] Safepoint "ICBufferFull", Time since last: 1569447 ns, Reaching safepoint: 104103 ns, At safepoint: 23001 ns, Total: 127104 ns
[14.945s][info ][safepoint      ] Safepoint "ICBufferFull", Time since last: 1742952 ns, Reaching safepoint: 90703 ns, At safepoint: 24601 ns, Total: 115304 ns
[14.947s][info ][safepoint      ] Safepoint "ICBufferFull", Time since last: 2071562 ns, Reaching safepoint: 92003 ns, At safepoint: 22400 ns, Total: 114403 ns
[14.954s][info ][safepoint      ] Safepoint "ICBufferFull", Time since last: 6632900 ns, Reaching safepoint: 115604 ns, At safepoint: 20300 ns, Total: 135904 ns
[14.955s][info ][safepoint      ] Safepoint "ICBufferFull", Time since last: 1013731 ns, Reaching safepoint: 90103 ns, At safepoint: 29201 ns, Total: 119304 ns
[14.957s][info ][safepoint      ] Safepoint "ICBufferFull", Time since last: 1903457 ns, Reaching safepoint: 94903 ns, At safepoint: 24200 ns, Total: 119103 ns
[14.973s][info ][safepoint      ] Safepoint "ICBufferFull", Time since last: 14974752 ns, Reaching safepoint: 121103 ns, At safepoint: 31701 ns, Total: 152804 ns
[14.975s][info ][safepoint      ] Safepoint "ICBufferFull", Time since last: 2072263 ns, Reaching safepoint: 104003 ns, At safepoint: 40501 ns, Total: 144504 ns
[14.984s][info ][safepoint      ] Safepoint "ICBufferFull", Time since last: 9456485 ns, Reaching safepoint: 134804 ns, At safepoint: 31701 ns, Total: 166505 ns
[14.994s][info ][safepoint      ] Safepoint "ICBufferFull", Time since last: 9874297 ns, Reaching safepoint: 118204 ns, At safepoint: 22201 ns, Total: 140405 ns
[15.000s][info ][safepoint      ] Safepoint "ICBufferFull", Time since last: 5358061 ns, Reaching safepoint: 112404 ns, At safepoint: 25700 ns, Total: 138104 ns
[15.004s][info ][safepoint      ] Safepoint "ICBufferFull", Time since last: 3673811 ns, Reaching safepoint: 102503 ns, At safepoint: 26101 ns, Total: 128604 ns
[15.010s][info ][safepoint      ] Safepoint "ICBufferFull", Time since last: 5813975 ns, Reaching safepoint: 109503 ns, At safepoint: 22101 ns, Total: 131604 ns
[15.011s][info ][safepoint      ] Safepoint "ICBufferFull", Time since last: 882827 ns, Reaching safepoint: 96402 ns, At safepoint: 25501 ns, Total: 121903 ns
[15.013s][info ][gc,start       ] GC(30) Pause Young (Allocation Failure)
[15.050s][debug][gc,phases      ] GC(30) Scavenge 36.512ms
[15.050s][debug][gc,ref         ] GC(30) Skipped phase 1 of Reference Processing: no references
[15.050s][debug][gc,ref         ] GC(30) Skipped phase 3 of Reference Processing: no references
[15.050s][debug][gc,phases      ] GC(30) Reference Processing 0.092ms
[15.050s][debug][gc,phases      ] GC(30) Weak Processing 0.620ms
[15.050s][debug][gc,age         ] GC(30) Desired survivor size 214958080 bytes, new threshold 15 (max threshold 15)
[15.050s][info ][gc,heap        ] GC(30) PSYoungGen: 1771056K(1881600K)->105648K(1874944K) Eden: 1659392K(1659392K)->0K(1659392K) From: 111664K(222208K)->105648K(215552K)
[15.050s][info ][gc,heap        ] GC(30) ParOldGen: 173182K(235008K)->174342K(235008K)
[15.050s][info ][gc,metaspace   ] GC(30) Metaspace: 62027K(62528K)->62027K(62528K) NonClass: 53158K(53440K)->53158K(53440K) Class: 8869K(9088K)->8869K(9088K)
[15.050s][info ][gc             ] GC(30) Pause Young (Allocation Failure) 1898M->273M(2060M) 37.369ms
[15.050s][info ][gc,cpu         ] GC(30) User=0.13s Sys=0.02s Real=0.03s
[15.050s][info ][safepoint      ] Safepoint "ParallelGCFailedAllocation", Time since last: 2212867 ns, Reaching safepoint: 83502 ns, At safepoint: 37462729 ns, Total: 37546231 ns
[15.052s][info ][safepoint      ] Safepoint "ICBufferFull", Time since last: 1694351 ns, Reaching safepoint: 110103 ns, At safepoint: 25001 ns, Total: 135104 ns
[15.064s][info ][safepoint      ] Safepoint "ICBufferFull", Time since last: 11884358 ns, Reaching safepoint: 113804 ns, At safepoint: 25000 ns, Total: 138804 ns
[15.066s][info ][safepoint      ] Safepoint "ICBufferFull", Time since last: 1370742 ns, Reaching safepoint: 112003 ns, At safepoint: 22701 ns, Total: 134704 ns
[15.067s][info ][safepoint      ] Safepoint "ICBufferFull", Time since last: 1562247 ns, Reaching safepoint: 104603 ns, At safepoint: 16201 ns, Total: 120804 ns
[15.068s][info ][safepoint      ] Safepoint "ICBufferFull", Time since last: 892026 ns, Reaching safepoint: 112104 ns, At safepoint: 26501 ns, Total: 138605 ns
[15.070s][info ][safepoint      ] Safepoint "ICBufferFull", Time since last: 1527646 ns, Reaching safepoint: 99303 ns, At safepoint: 22200 ns, Total: 121503 ns
[15.072s][info ][safepoint      ] Safepoint "ICBufferFull", Time since last: 1478945 ns, Reaching safepoint: 99603 ns, At safepoint: 22201 ns, Total: 121804 ns
[15.086s][info ][safepoint      ] Safepoint "ICBufferFull", Time since last: 9620089 ns, Reaching safepoint: 4252928 ns, At safepoint: 28001 ns, Total: 4280929 ns
[15.088s][info ][safepoint      ] Safepoint "ICBufferFull", Time since last: 1930958 ns, Reaching safepoint: 103704 ns, At safepoint: 25500 ns, Total: 129204 ns
[15.089s][info ][safepoint      ] Safepoint "ICBufferFull", Time since last: 894427 ns, Reaching safepoint: 104003 ns, At safepoint: 19001 ns, Total: 123004 ns
[15.091s][info ][safepoint      ] Safepoint "ICBufferFull", Time since last: 1714652 ns, Reaching safepoint: 360611 ns, At safepoint: 26500 ns, Total: 387111 ns
[15.093s][info ][safepoint      ] Safepoint "ICBufferFull", Time since last: 2086363 ns, Reaching safepoint: 114604 ns, At safepoint: 26000 ns, Total: 140604 ns
[15.095s][info ][safepoint      ] Safepoint "ICBufferFull", Time since last: 1584048 ns, Reaching safepoint: 108203 ns, At safepoint: 24201 ns, Total: 132404 ns
[15.097s][info ][safepoint      ] Safepoint "ICBufferFull", Time since last: 2088863 ns, Reaching safepoint: 566317 ns, At safepoint: 21501 ns, Total: 587818 ns
[15.099s][info ][safepoint      ] Safepoint "ICBufferFull", Time since last: 888427 ns, Reaching safepoint: 315309 ns, At safepoint: 30601 ns, Total: 345910 ns
[15.100s][info ][safepoint      ] Safepoint "ICBufferFull", Time since last: 1516546 ns, Reaching safepoint: 106403 ns, At safepoint: 21801 ns, Total: 128204 ns
[15.114s][info ][safepoint      ] Safepoint "ICBufferFull", Time since last: 13093994 ns, Reaching safepoint: 105103 ns, At safepoint: 26301 ns, Total: 131404 ns
[15.115s][info ][safepoint      ] Safepoint "ICBufferFull", Time since last: 1561647 ns, Reaching safepoint: 176405 ns, At safepoint: 27201 ns, Total: 203606 ns
[15.116s][info ][safepoint      ] Safepoint "ICBufferFull", Time since last: 868926 ns, Reaching safepoint: 169905 ns, At safepoint: 25501 ns, Total: 195406 ns
[15.120s][info ][safepoint      ] Safepoint "ICBufferFull", Time since last: 2598178 ns, Reaching safepoint: 839526 ns, At safepoint: 24600 ns, Total: 864126 ns
[15.139s][info ][safepoint      ] Safepoint "ICBufferFull", Time since last: 18783366 ns, Reaching safepoint: 127904 ns, At safepoint: 30901 ns, Total: 158805 ns
[15.158s][info ][safepoint      ] Safepoint "ICBufferFull", Time since last: 18941470 ns, Reaching safepoint: 116304 ns, At safepoint: 26801 ns, Total: 143105 ns
[15.161s][info ][safepoint      ] Safepoint "ICBufferFull", Time since last: 2668880 ns, Reaching safepoint: 103003 ns, At safepoint: 28301 ns, Total: 131304 ns
[15.214s][info ][safepoint      ] Safepoint "ICBufferFull", Time since last: 53206403 ns, Reaching safepoint: 461614 ns, At safepoint: 34301 ns, Total: 495915 ns
[15.221s][info ][safepoint      ] Safepoint "ICBufferFull", Time since last: 4883847 ns, Reaching safepoint: 2132064 ns, At safepoint: 26601 ns, Total: 2158665 ns
[15.234s][info ][safepoint      ] Safepoint "ICBufferFull", Time since last: 9305980 ns, Reaching safepoint: 3240198 ns, At safepoint: 44501 ns, Total: 3284699 ns
[15.242s][info ][safepoint      ] Safepoint "ICBufferFull", Time since last: 8099444 ns, Reaching safepoint: 113103 ns, At safepoint: 52302 ns, Total: 165405 ns
[15.247s][info ][safepoint      ] Safepoint "ICBufferFull", Time since last: 4835345 ns, Reaching safepoint: 109904 ns, At safepoint: 33701 ns, Total: 143605 ns
[15.422s][info ][safepoint      ] Safepoint "ICBufferFull", Time since last: 174618659 ns, Reaching safepoint: 168505 ns, At safepoint: 36201 ns, Total: 204706 ns
[15.425s][info ][safepoint      ] Safepoint "ICBufferFull", Time since last: 2483175 ns, Reaching safepoint: 108003 ns, At safepoint: 27701 ns, Total: 135704 ns
[15.437s][info ][gc,start       ] GC(31) Pause Young (Allocation Failure)
[15.466s][debug][gc,phases      ] GC(31) Scavenge 28.358ms
[15.466s][debug][gc,ref         ] GC(31) Skipped phase 1 of Reference Processing: no references
[15.466s][debug][gc,ref         ] GC(31) Skipped phase 3 of Reference Processing: no references
[15.466s][debug][gc,phases      ] GC(31) Reference Processing 0.084ms
[15.467s][debug][gc,phases      ] GC(31) Weak Processing 0.546ms
[15.467s][debug][gc,age         ] GC(31) Desired survivor size 210239488 bytes, new threshold 15 (max threshold 15)
[15.467s][info ][gc,heap        ] GC(31) PSYoungGen: 1765040K(1874944K)->101824K(1891840K) Eden: 1659392K(1659392K)->0K(1681920K) From: 105648K(215552K)->101824K(209920K)
[15.467s][info ][gc,heap        ] GC(31) ParOldGen: 174342K(235008K)->176878K(235008K)
[15.467s][info ][gc,metaspace   ] GC(31) Metaspace: 62044K(62528K)->62044K(62528K) NonClass: 53174K(53440K)->53174K(53440K) Class: 8869K(9088K)->8869K(9088K)
[15.467s][info ][gc             ] GC(31) Pause Young (Allocation Failure) 1893M->272M(2077M) 29.139ms
[15.467s][info ][gc,cpu         ] GC(31) User=0.11s Sys=0.01s Real=0.03s
[15.467s][info ][safepoint      ] Safepoint "ParallelGCFailedAllocation", Time since last: 12681682 ns, Reaching safepoint: 71002 ns, At safepoint: 29239981 ns, Total: 29310983 ns
[15.471s][info ][safepoint      ] Safepoint "ICBufferFull", Time since last: 3787014 ns, Reaching safepoint: 125804 ns, At safepoint: 35301 ns, Total: 161105 ns
[15.474s][info ][safepoint      ] Safepoint "ICBufferFull", Time since last: 3633809 ns, Reaching safepoint: 54402 ns, At safepoint: 37601 ns, Total: 92003 ns
[15.490s][info ][safepoint      ] Safepoint "ICBufferFull", Time since last: 15455166 ns, Reaching safepoint: 119403 ns, At safepoint: 31301 ns, Total: 150704 ns
[15.492s][info ][safepoint      ] Safepoint "ICBufferFull", Time since last: 2144965 ns, Reaching safepoint: 101303 ns, At safepoint: 25701 ns, Total: 127004 ns
[15.509s][info ][safepoint      ] Safepoint "ICBufferFull", Time since last: 16650801 ns, Reaching safepoint: 109303 ns, At safepoint: 26001 ns, Total: 135304 ns
[15.509s][info ][safepoint      ] Safepoint "ICBufferFull", Time since last: 53202 ns, Reaching safepoint: 85202 ns, At safepoint: 25501 ns, Total: 110703 ns
[15.516s][info ][safepoint      ] Safepoint "ICBufferFull", Time since last: 6659001 ns, Reaching safepoint: 99603 ns, At safepoint: 26100 ns, Total: 125703 ns
[15.518s][info ][safepoint      ] Safepoint "ICBufferFull", Time since last: 2176566 ns, Reaching safepoint: 108103 ns, At safepoint: 25901 ns, Total: 134004 ns
[15.520s][info ][safepoint      ] Safepoint "ICBufferFull", Time since last: 2091663 ns, Reaching safepoint: 103803 ns, At safepoint: 23801 ns, Total: 127604 ns
[15.522s][info ][safepoint      ] Safepoint "ICBufferFull", Time since last: 1882357 ns, Reaching safepoint: 110003 ns, At safepoint: 23901 ns, Total: 133904 ns
[15.524s][info ][safepoint      ] Safepoint "ICBufferFull", Time since last: 1462744 ns, Reaching safepoint: 98303 ns, At safepoint: 53301 ns, Total: 151604 ns
[15.560s][info ][safepoint      ] Safepoint "ICBufferFull", Time since last: 35808279 ns, Reaching safepoint: 103403 ns, At safepoint: 32501 ns, Total: 135904 ns
[15.566s][info ][safepoint      ] Safepoint "ICBufferFull", Time since last: 5566067 ns, Reaching safepoint: 99103 ns, At safepoint: 28901 ns, Total: 128004 ns
[15.570s][info ][safepoint      ] Safepoint "ICBufferFull", Time since last: 4628840 ns, Reaching safepoint: 72802 ns, At safepoint: 26501 ns, Total: 99303 ns
[15.574s][info ][safepoint      ] Safepoint "ICBufferFull", Time since last: 3629009 ns, Reaching safepoint: 98303 ns, At safepoint: 30201 ns, Total: 128504 ns
[15.590s][info ][safepoint      ] Safepoint "ICBufferFull", Time since last: 15212758 ns, Reaching safepoint: 129004 ns, At safepoint: 35001 ns, Total: 164005 ns
[15.599s][info ][safepoint      ] Safepoint "ICBufferFull", Time since last: 8802165 ns, Reaching safepoint: 120604 ns, At safepoint: 28401 ns, Total: 149005 ns
[15.602s][info ][safepoint      ] Safepoint "ICBufferFull", Time since last: 3302899 ns, Reaching safepoint: 111503 ns, At safepoint: 26201 ns, Total: 137704 ns
[15.604s][info ][safepoint      ] Safepoint "ICBufferFull", Time since last: 2039062 ns, Reaching safepoint: 104703 ns, At safepoint: 27401 ns, Total: 132104 ns
[15.607s][info ][safepoint      ] Safepoint "ICBufferFull", Time since last: 2843785 ns, Reaching safepoint: 114204 ns, At safepoint: 20500 ns, Total: 134704 ns
[15.617s][info ][safepoint      ] Safepoint "ICBufferFull", Time since last: 9791095 ns, Reaching safepoint: 118804 ns, At safepoint: 23801 ns, Total: 142605 ns
[15.628s][info ][safepoint      ] Safepoint "ICBufferFull", Time since last: 10793525 ns, Reaching safepoint: 121803 ns, At safepoint: 22001 ns, Total: 143804 ns
[15.631s][info ][safepoint      ] Safepoint "ICBufferFull", Time since last: 2466674 ns, Reaching safepoint: 105503 ns, At safepoint: 21201 ns, Total: 126704 ns
[15.634s][info ][safepoint      ] Safepoint "ICBufferFull", Time since last: 3435404 ns, Reaching safepoint: 107003 ns, At safepoint: 21000 ns, Total: 128003 ns
[15.636s][info ][safepoint      ] Safepoint "ICBufferFull", Time since last: 1847256 ns, Reaching safepoint: 97303 ns, At safepoint: 25901 ns, Total: 123204 ns
[15.638s][info ][safepoint      ] Safepoint "ICBufferFull", Time since last: 1369741 ns, Reaching safepoint: 92403 ns, At safepoint: 21700 ns, Total: 114103 ns
[15.653s][info ][safepoint      ] Safepoint "ICBufferFull", Time since last: 14729544 ns, Reaching safepoint: 124304 ns, At safepoint: 37501 ns, Total: 161805 ns
[15.655s][info ][safepoint      ] Safepoint "ICBufferFull", Time since last: 1989560 ns, Reaching safepoint: 114803 ns, At safepoint: 34101 ns, Total: 148904 ns
[15.656s][info ][safepoint      ] Safepoint "ICBufferFull", Time since last: 1552947 ns, Reaching safepoint: 101303 ns, At safepoint: 22701 ns, Total: 124004 ns
[15.659s][info ][safepoint      ] Safepoint "ICBufferFull", Time since last: 2850286 ns, Reaching safepoint: 111503 ns, At safepoint: 23001 ns, Total: 134504 ns
[15.661s][info ][safepoint      ] Safepoint "ICBufferFull", Time since last: 2026961 ns, Reaching safepoint: 99103 ns, At safepoint: 24201 ns, Total: 123304 ns
[15.663s][info ][safepoint      ] Safepoint "ICBufferFull", Time since last: 1745652 ns, Reaching safepoint: 107003 ns, At safepoint: 23801 ns, Total: 130804 ns
[15.666s][info ][safepoint      ] Safepoint "ICBufferFull", Time since last: 2248668 ns, Reaching safepoint: 106603 ns, At safepoint: 22801 ns, Total: 129404 ns
[15.686s][info ][safepoint      ] Safepoint "ICBufferFull", Time since last: 15833877 ns, Reaching safepoint: 4244227 ns, At safepoint: 23701 ns, Total: 4267928 ns
[15.688s][info ][safepoint      ] Safepoint "ICBufferFull", Time since last: 2496975 ns, Reaching safepoint: 109904 ns, At safepoint: 20200 ns, Total: 130104 ns
[15.690s][info ][safepoint      ] Safepoint "ICBufferFull", Time since last: 1535446 ns, Reaching safepoint: 110004 ns, At safepoint: 21200 ns, Total: 131204 ns
[15.694s][info ][safepoint      ] Safepoint "ICBufferFull", Time since last: 3430404 ns, Reaching safepoint: 116003 ns, At safepoint: 22201 ns, Total: 138204 ns
[15.696s][info ][safepoint      ] Safepoint "ICBufferFull", Time since last: 2328770 ns, Reaching safepoint: 110203 ns, At safepoint: 27101 ns, Total: 137304 ns
[15.697s][info ][safepoint      ] Safepoint "ICBufferFull", Time since last: 1274539 ns, Reaching safepoint: 56101 ns, At safepoint: 26201 ns, Total: 82302 ns
[15.859s][info ][gc,start       ] GC(32) Pause Young (Allocation Failure)
[15.879s][debug][gc,phases      ] GC(32) Scavenge 20.267ms
[15.879s][debug][gc,ref         ] GC(32) Skipped phase 1 of Reference Processing: no references
[15.880s][debug][gc,ref         ] GC(32) Skipped phase 3 of Reference Processing: no references
[15.880s][debug][gc,phases      ] GC(32) Reference Processing 0.127ms
[15.880s][debug][gc,phases      ] GC(32) Weak Processing 0.600ms
[15.880s][debug][gc,age         ] GC(32) Desired survivor size 207618048 bytes, new threshold 15 (max threshold 15)
[15.880s][info ][gc,heap        ] GC(32) PSYoungGen: 1783744K(1891840K)->86193K(1887232K) Eden: 1681920K(1681920K)->0K(1681920K) From: 101824K(209920K)->86193K(205312K)
[15.880s][info ][gc,heap        ] GC(32) ParOldGen: 176878K(235008K)->180854K(235008K)
[15.880s][info ][gc,metaspace   ] GC(32) Metaspace: 62492K(62976K)->62492K(62976K) NonClass: 53549K(53824K)->53549K(53824K) Class: 8942K(9152K)->8942K(9152K)
[15.880s][info ][gc             ] GC(32) Pause Young (Allocation Failure) 1914M->260M(2072M) 21.150ms
[15.880s][info ][gc,cpu         ] GC(32) User=0.07s Sys=0.01s Real=0.02s
[15.880s][info ][safepoint      ] Safepoint "ParallelGCFailedAllocation", Time since last: 159325299 ns, Reaching safepoint: 2217867 ns, At safepoint: 21269840 ns, Total: 23487707 ns
[15.956s][info ][safepoint      ] Safepoint "ICBufferFull", Time since last: 75718981 ns, Reaching safepoint: 160905 ns, At safepoint: 28901 ns, Total: 189806 ns
[16.003s][info ][safepoint      ] Safepoint "ICBufferFull", Time since last: 46963714 ns, Reaching safepoint: 126804 ns, At safepoint: 36901 ns, Total: 163705 ns
[16.004s][info ][safepoint      ] Safepoint "ICBufferFull", Time since last: 787724 ns, Reaching safepoint: 37001 ns, At safepoint: 23200 ns, Total: 60201 ns
[16.052s][info ][safepoint      ] Safepoint "ICBufferFull", Time since last: 47543832 ns, Reaching safepoint: 149105 ns, At safepoint: 25601 ns, Total: 174706 ns
[16.082s][info ][safepoint      ] Safepoint "ICBufferFull", Time since last: 27445326 ns, Reaching safepoint: 2181966 ns, At safepoint: 27801 ns, Total: 2209767 ns
[16.223s][info ][safepoint      ] Safepoint "ICBufferFull", Time since last: 139256093 ns, Reaching safepoint: 2188966 ns, At safepoint: 29601 ns, Total: 2218567 ns
[16.234s][info ][safepoint      ] Safepoint "ICBufferFull", Time since last: 8440554 ns, Reaching safepoint: 2162765 ns, At safepoint: 28501 ns, Total: 2191266 ns
[16.251s][info ][safepoint      ] Safepoint "ICBufferFull", Time since last: 17225419 ns, Reaching safepoint: 134004 ns, At safepoint: 20600 ns, Total: 154604 ns
[16.258s][info ][safepoint      ] Safepoint "ICBufferFull", Time since last: 6427894 ns, Reaching safepoint: 124404 ns, At safepoint: 24200 ns, Total: 148604 ns
[16.265s][info ][gc,start       ] GC(33) Pause Young (Allocation Failure)
[16.279s][debug][gc,phases      ] GC(33) Scavenge 14.419ms
[16.280s][debug][gc,ref         ] GC(33) Skipped phase 1 of Reference Processing: no references
[16.280s][debug][gc,ref         ] GC(33) Skipped phase 3 of Reference Processing: no references
[16.280s][debug][gc,phases      ] GC(33) Reference Processing 0.089ms
[16.280s][debug][gc,phases      ] GC(33) Weak Processing 0.599ms
[16.280s][debug][gc,age         ] GC(33) Desired survivor size 209190912 bytes, new threshold 15 (max threshold 15)
[16.280s][info ][gc,heap        ] GC(33) PSYoungGen: 1768113K(1887232K)->60368K(1891328K) Eden: 1681920K(1681920K)->0K(1688576K) From: 86193K(205312K)->60368K(202752K)
[16.280s][info ][gc,heap        ] GC(33) ParOldGen: 180854K(235008K)->182846K(235008K)
[16.280s][info ][gc,metaspace   ] GC(33) Metaspace: 63304K(63872K)->63304K(63872K) NonClass: 54266K(54592K)->54266K(54592K) Class: 9037K(9280K)->9037K(9280K)
[16.280s][info ][gc             ] GC(33) Pause Young (Allocation Failure) 1903M->237M(2076M) 15.251ms
[16.280s][info ][gc,cpu         ] GC(33) User=0.06s Sys=0.00s Real=0.01s
[16.280s][info ][safepoint      ] Safepoint "ParallelGCFailedAllocation", Time since last: 7241018 ns, Reaching safepoint: 96503 ns, At safepoint: 15372963 ns, Total: 15469466 ns
[16.285s][info ][safepoint      ] Safepoint "ICBufferFull", Time since last: 4821445 ns, Reaching safepoint: 119004 ns, At safepoint: 27601 ns, Total: 146605 ns
[16.292s][info ][safepoint      ] Safepoint "ICBufferFull", Time since last: 6728602 ns, Reaching safepoint: 120104 ns, At safepoint: 25001 ns, Total: 145105 ns
[16.355s][info ][safepoint      ] Safepoint "ICBufferFull", Time since last: 62516182 ns, Reaching safepoint: 144004 ns, At safepoint: 21701 ns, Total: 165705 ns
[16.365s][info ][safepoint      ] Safepoint "ICBufferFull", Time since last: 9807695 ns, Reaching safepoint: 109904 ns, At safepoint: 36601 ns, Total: 146505 ns
[16.371s][info ][safepoint      ] Safepoint "ICBufferFull", Time since last: 6152985 ns, Reaching safepoint: 104603 ns, At safepoint: 30101 ns, Total: 134704 ns
[16.405s][info ][safepoint      ] Safepoint "ICBufferFull", Time since last: 33713315 ns, Reaching safepoint: 57402 ns, At safepoint: 33601 ns, Total: 91003 ns
[16.407s][info ][safepoint      ] Safepoint "ICBufferFull", Time since last: 2126264 ns, Reaching safepoint: 107503 ns, At safepoint: 25301 ns, Total: 132804 ns
[16.410s][info ][safepoint      ] Safepoint "ICBufferFull", Time since last: 2398472 ns, Reaching safepoint: 96103 ns, At safepoint: 27501 ns, Total: 123604 ns
[16.443s][info ][safepoint      ] Safepoint "ICBufferFull", Time since last: 32874990 ns, Reaching safepoint: 127204 ns, At safepoint: 27400 ns, Total: 154604 ns
[16.451s][info ][safepoint      ] Safepoint "ICBufferFull", Time since last: 7817736 ns, Reaching safepoint: 117903 ns, At safepoint: 22801 ns, Total: 140704 ns
[16.665s][info ][gc,start       ] GC(34) Pause Young (Allocation Failure)
[16.676s][debug][gc,phases      ] GC(34) Scavenge 11.249ms
[16.676s][debug][gc,ref         ] GC(34) Skipped phase 1 of Reference Processing: no references
[16.676s][debug][gc,ref         ] GC(34) Skipped phase 3 of Reference Processing: no references
[16.676s][debug][gc,phases      ] GC(34) Reference Processing 0.090ms
[16.677s][debug][gc,phases      ] GC(34) Weak Processing 0.623ms
[16.677s][debug][gc,age         ] GC(34) Desired survivor size 208666624 bytes, new threshold 15 (max threshold 15)
[16.677s][info ][gc,heap        ] GC(34) PSYoungGen: 1748944K(1891328K)->60496K(1892864K) Eden: 1688576K(1688576K)->0K(1688576K) From: 60368K(202752K)->60496K(204288K)
[16.677s][info ][gc,heap        ] GC(34) ParOldGen: 182846K(235008K)->183102K(235008K)
[16.677s][info ][gc,metaspace   ] GC(34) Metaspace: 63858K(64448K)->63858K(64448K) NonClass: 54778K(55104K)->54778K(55104K) Class: 9079K(9344K)->9079K(9344K)
[16.677s][info ][gc             ] GC(34) Pause Young (Allocation Failure) 1886M->237M(2078M) 12.158ms
[16.677s][info ][gc,cpu         ] GC(34) User=0.05s Sys=0.00s Real=0.02s
[16.677s][info ][safepoint      ] Safepoint "ParallelGCFailedAllocation", Time since last: 213839939 ns, Reaching safepoint: 231407 ns, At safepoint: 12268469 ns, Total: 12499876 ns
[16.999s][info ][gc,start       ] GC(35) Pause Young (Allocation Failure)
[17.012s][debug][gc,phases      ] GC(35) Scavenge 12.992ms
[17.012s][debug][gc,ref         ] GC(35) Skipped phase 1 of Reference Processing: no references
[17.012s][debug][gc,ref         ] GC(35) Skipped phase 3 of Reference Processing: no references
[17.012s][debug][gc,phases      ] GC(35) Reference Processing 0.095ms
[17.013s][debug][gc,phases      ] GC(35) Weak Processing 0.599ms
[17.013s][debug][gc,age         ] GC(35) Desired survivor size 207618048 bytes, new threshold 15 (max threshold 15)
[17.013s][info ][gc,heap        ] GC(35) PSYoungGen: 1749072K(1892864K)->58336K(1894400K) Eden: 1688576K(1688576K)->0K(1690624K) From: 60496K(204288K)->58336K(203776K)
[17.013s][info ][gc,heap        ] GC(35) ParOldGen: 183102K(235008K)->185252K(235008K)
[17.013s][info ][gc,metaspace   ] GC(35) Metaspace: 63934K(64512K)->63934K(64512K) NonClass: 54851K(55168K)->54851K(55168K) Class: 9082K(9344K)->9082K(9344K)
[17.013s][info ][gc             ] GC(35) Pause Young (Allocation Failure) 1886M->237M(2079M) 13.827ms
[17.013s][info ][gc,cpu         ] GC(35) User=0.06s Sys=0.00s Real=0.02s
[17.013s][info ][safepoint      ] Safepoint "ParallelGCFailedAllocation", Time since last: 321892692 ns, Reaching safepoint: 185806 ns, At safepoint: 13930919 ns, Total: 14116725 ns
[17.386s][info ][gc,start       ] GC(36) Pause Young (Allocation Failure)
[17.397s][debug][gc,phases      ] GC(36) Scavenge 11.821ms
[17.397s][debug][gc,ref         ] GC(36) Skipped phase 1 of Reference Processing: no references
[17.398s][debug][gc,ref         ] GC(36) Skipped phase 3 of Reference Processing: no references
[17.398s][debug][gc,phases      ] GC(36) Reference Processing 0.067ms
[17.398s][debug][gc,phases      ] GC(36) Weak Processing 0.562ms
[17.398s][debug][gc,age         ] GC(36) Desired survivor size 205520896 bytes, new threshold 15 (max threshold 15)
[17.398s][info ][gc,heap        ] GC(36) PSYoungGen: 1748960K(1894400K)->56064K(1893376K) Eden: 1690624K(1690624K)->0K(1690624K) From: 58336K(203776K)->56064K(202752K)
[17.398s][info ][gc,heap        ] GC(36) ParOldGen: 185252K(235008K)->187630K(235008K)
[17.398s][info ][gc,metaspace   ] GC(36) Metaspace: 63976K(64512K)->63976K(64512K) NonClass: 54892K(55168K)->54892K(55168K) Class: 9083K(9344K)->9083K(9344K)
[17.398s][info ][gc             ] GC(36) Pause Young (Allocation Failure) 1888M->237M(2078M) 12.594ms
[17.398s][info ][gc,cpu         ] GC(36) User=0.05s Sys=0.00s Real=0.01s
[17.398s][info ][safepoint      ] Safepoint "ParallelGCFailedAllocation", Time since last: 370347249 ns, Reaching safepoint: 2165265 ns, At safepoint: 12706882 ns, Total: 14872147 ns
[17.724s][info ][gc,start       ] GC(37) Pause Young (Allocation Failure)
[17.736s][debug][gc,phases      ] GC(37) Scavenge 11.809ms
[17.736s][debug][gc,ref         ] GC(37) Skipped phase 1 of Reference Processing: no references
[17.736s][debug][gc,ref         ] GC(37) Skipped phase 3 of Reference Processing: no references
[17.736s][debug][gc,phases      ] GC(37) Reference Processing 0.090ms
[17.737s][debug][gc,phases      ] GC(37) Weak Processing 0.580ms
[17.737s][debug][gc,age         ] GC(37) Desired survivor size 201850880 bytes, new threshold 15 (max threshold 15)
[17.737s][info ][gc,heap        ] GC(37) PSYoungGen: 1746688K(1893376K)->55840K(1900032K) Eden: 1690624K(1690624K)->0K(1699328K) From: 56064K(202752K)->55840K(200704K)
[17.737s][info ][gc,heap        ] GC(37) ParOldGen: 187630K(235008K)->188094K(235008K)
[17.737s][info ][gc,metaspace   ] GC(37) Metaspace: 63984K(64512K)->63984K(64512K) NonClass: 54901K(55168K)->54901K(55168K) Class: 9083K(9344K)->9083K(9344K)
[17.737s][info ][gc             ] GC(37) Pause Young (Allocation Failure) 1888M->238M(2085M) 12.631ms
[17.737s][info ][gc,cpu         ] GC(37) User=0.05s Sys=0.00s Real=0.02s
[17.737s][info ][safepoint      ] Safepoint "ParallelGCFailedAllocation", Time since last: 325854509 ns, Reaching safepoint: 172005 ns, At safepoint: 12736083 ns, Total: 12908088 ns
[18.066s][info ][gc,start       ] GC(38) Pause Young (Allocation Failure)
[18.076s][debug][gc,phases      ] GC(38) Scavenge 10.540ms
[18.076s][debug][gc,ref         ] GC(38) Skipped phase 1 of Reference Processing: no references
[18.076s][debug][gc,ref         ] GC(38) Skipped phase 3 of Reference Processing: no references
[18.076s][debug][gc,phases      ] GC(38) Reference Processing 0.055ms
[18.077s][debug][gc,phases      ] GC(38) Weak Processing 0.581ms
[18.077s][debug][gc,age         ] GC(38) Desired survivor size 198180864 bytes, new threshold 15 (max threshold 15)
[18.077s][info ][gc,heap        ] GC(38) PSYoungGen: 1755168K(1900032K)->54720K(1896448K) Eden: 1699328K(1699328K)->0K(1699328K) From: 55840K(200704K)->54720K(197120K)
[18.077s][info ][gc,heap        ] GC(38) ParOldGen: 188094K(235008K)->189495K(235008K)
[18.077s][info ][gc,metaspace   ] GC(38) Metaspace: 64060K(64576K)->64060K(64576K) NonClass: 54976K(55232K)->54976K(55232K) Class: 9083K(9344K)->9083K(9344K)
[18.077s][info ][gc             ] GC(38) Pause Young (Allocation Failure) 1897M->238M(2081M) 11.317ms
[18.077s][info ][gc,cpu         ] GC(38) User=0.05s Sys=0.00s Real=0.01s
[18.077s][info ][safepoint      ] Safepoint "ParallelGCFailedAllocation", Time since last: 328506188 ns, Reaching safepoint: 148505 ns, At safepoint: 11423044 ns, Total: 11571549 ns
[18.417s][info ][gc,start       ] GC(39) Pause Young (Allocation Failure)
[18.430s][debug][gc,phases      ] GC(39) Scavenge 12.124ms
[18.430s][debug][gc,ref         ] GC(39) Skipped phase 1 of Reference Processing: no references
[18.430s][debug][gc,ref         ] GC(39) Skipped phase 3 of Reference Processing: no references
[18.430s][debug][gc,phases      ] GC(39) Reference Processing 0.049ms
[18.430s][debug][gc,phases      ] GC(39) Weak Processing 0.505ms
[18.430s][debug][gc,age         ] GC(39) Desired survivor size 194510848 bytes, new threshold 15 (max threshold 15)
[18.430s][info ][gc,heap        ] GC(39) PSYoungGen: 1754048K(1896448K)->51472K(1907200K) Eden: 1699328K(1699328K)->0K(1713664K) From: 54720K(197120K)->51472K(193536K)
[18.430s][info ][gc,heap        ] GC(39) ParOldGen: 189495K(235008K)->193252K(235008K)
[18.430s][info ][gc,metaspace   ] GC(39) Metaspace: 64089K(64640K)->64089K(64640K) NonClass: 55005K(55296K)->55005K(55296K) Class: 9084K(9344K)->9084K(9344K)
[18.430s][info ][gc             ] GC(39) Pause Young (Allocation Failure) 1897M->238M(2092M) 12.818ms
[18.430s][info ][gc,cpu         ] GC(39) User=0.05s Sys=0.00s Real=0.01s
[18.430s][info ][safepoint      ] Safepoint "ParallelGCFailedAllocation", Time since last: 340211337 ns, Reaching safepoint: 106904 ns, At safepoint: 12921688 ns, Total: 13028592 ns
[18.784s][info ][gc,start       ] GC(40) Pause Young (Allocation Failure)
[18.795s][debug][gc,phases      ] GC(40) Scavenge 11.030ms
[18.795s][debug][gc,ref         ] GC(40) Skipped phase 1 of Reference Processing: no references
[18.795s][debug][gc,ref         ] GC(40) Skipped phase 3 of Reference Processing: no references
[18.795s][debug][gc,phases      ] GC(40) Reference Processing 0.061ms
[18.796s][debug][gc,phases      ] GC(40) Weak Processing 0.495ms
[18.796s][debug][gc,age         ] GC(40) Desired survivor size 190316544 bytes, new threshold 15 (max threshold 15)
[18.796s][info ][gc,heap        ] GC(40) PSYoungGen: 1765136K(1907200K)->47520K(1903616K) Eden: 1713664K(1713664K)->0K(1713664K) From: 51472K(193536K)->47520K(189952K)
[18.796s][info ][gc,heap        ] GC(40) ParOldGen: 193252K(235008K)->197813K(235008K)
[18.796s][info ][gc,metaspace   ] GC(40) Metaspace: 64359K(64832K)->64359K(64832K) NonClass: 55239K(55488K)->55239K(55488K) Class: 9120K(9344K)->9120K(9344K)
[18.796s][info ][gc             ] GC(40) Pause Young (Allocation Failure) 1912M->239M(2088M) 11.715ms
[18.796s][info ][gc,cpu         ] GC(40) User=0.05s Sys=0.00s Real=0.02s
[18.796s][info ][safepoint      ] Safepoint "ParallelGCFailedAllocation", Time since last: 353368434 ns, Reaching safepoint: 164405 ns, At safepoint: 11831256 ns, Total: 11995661 ns
[19.141s][info ][gc,start       ] GC(41) Pause Young (Allocation Failure)
[19.153s][debug][gc,phases      ] GC(41) Scavenge 12.148ms
[19.153s][debug][gc,ref         ] GC(41) Skipped phase 1 of Reference Processing: no references
[19.153s][debug][gc,ref         ] GC(41) Skipped phase 3 of Reference Processing: no references
[19.153s][debug][gc,phases      ] GC(41) Reference Processing 0.078ms
[19.154s][debug][gc,phases      ] GC(41) Weak Processing 0.553ms
[19.154s][debug][gc,age         ] GC(41) Desired survivor size 187170816 bytes, new threshold 15 (max threshold 15)
[19.154s][info ][gc,heap        ] GC(41) PSYoungGen: 1761184K(1903616K)->38544K(1914368K) Eden: 1713664K(1713664K)->0K(1728512K) From: 47520K(189952K)->38544K(185856K)
[19.154s][info ][gc,heap        ] GC(41) ParOldGen: 197813K(235008K)->208540K(235008K)
[19.154s][info ][gc,metaspace   ] GC(41) Metaspace: 66031K(66624K)->66031K(66624K) NonClass: 56619K(56960K)->56619K(56960K) Class: 9412K(9664K)->9412K(9664K)
[19.154s][info ][gc             ] GC(41) Pause Young (Allocation Failure) 1913M->241M(2099M) 12.930ms
[19.154s][info ][gc,cpu         ] GC(41) User=0.04s Sys=0.01s Real=0.02s
[19.154s][info ][safepoint      ] Safepoint "ParallelGCFailedAllocation", Time since last: 344835576 ns, Reaching safepoint: 142804 ns, At safepoint: 13040993 ns, Total: 13183797 ns
[19.390s][info ][safepoint      ] Safepoint "ICBufferFull", Time since last: 235927197 ns, Reaching safepoint: 349410 ns, At safepoint: 33301 ns, Total: 382711 ns
[19.594s][info ][gc,start       ] GC(42) Pause Young (Allocation Failure)
[19.605s][debug][gc,phases      ] GC(42) Scavenge 11.474ms
[19.605s][debug][gc,ref         ] GC(42) Skipped phase 1 of Reference Processing: no references
[19.605s][debug][gc,ref         ] GC(42) Skipped phase 3 of Reference Processing: no references
[19.605s][debug][gc,phases      ] GC(42) Reference Processing 0.057ms
[19.606s][debug][gc,phases      ] GC(42) Weak Processing 0.542ms
[19.606s][debug][gc,age         ] GC(42) Desired survivor size 184025088 bytes, new threshold 15 (max threshold 15)
[19.606s][info ][gc,heap        ] GC(42) PSYoungGen: 1767056K(1914368K)->33653K(1911296K) Eden: 1728512K(1728512K)->0K(1728512K) From: 38544K(185856K)->33653K(182784K)
[19.606s][info ][gc,heap        ] GC(42) ParOldGen: 208540K(235008K)->216063K(235008K)
[19.606s][info ][gc,metaspace   ] GC(42) Metaspace: 70518K(71104K)->70518K(71104K) NonClass: 60553K(60864K)->60553K(60864K) Class: 9964K(10240K)->9964K(10240K)
[19.606s][info ][gc             ] GC(42) Pause Young (Allocation Failure) 1929M->243M(2096M) 12.211ms
[19.606s][info ][gc,cpu         ] GC(42) User=0.03s Sys=0.01s Real=0.01s
[19.606s][debug][gc,phases      ] GC(43) Pre Compact 0.009ms
[19.606s][info ][gc,start       ] GC(43) Pause Full (Ergonomics)
[19.606s][info ][gc,phases,start] GC(43) Marking Phase
[19.697s][debug][gc,phases      ] GC(43) Par Mark 91.141ms
[19.697s][debug][gc,ref         ] GC(43) Skipped phase 1 of Reference Processing: no references
[19.697s][debug][gc,ref         ] GC(43) Skipped phase 3 of Reference Processing: no references
[19.697s][debug][gc,phases      ] GC(43) Reference Processing 0.282ms
[19.698s][debug][gc,phases      ] GC(43) Weak Processing 0.496ms
[19.698s][debug][gc,phases      ] GC(43) ClassLoaderData 0.054ms
[19.698s][debug][gc,phases      ] GC(43) Trigger cleanups 0.000ms
[19.707s][debug][gc,phases      ] GC(43) Class Unloading 9.032ms
[19.707s][info ][gc,phases      ] GC(43) Marking Phase 101.092ms
[19.707s][info ][gc,phases,start] GC(43) Summary Phase
[19.707s][info ][gc,phases      ] GC(43) Summary Phase 0.008ms
[19.707s][info ][gc,phases,start] GC(43) Adjust Roots
[19.723s][info ][gc,phases      ] GC(43) Adjust Roots 15.716ms
[19.723s][info ][gc,phases,start] GC(43) Compaction Phase
[19.864s][info ][gc,phases      ] GC(43) Compaction Phase 141.064ms
[19.864s][info ][gc,phases,start] GC(43) Post Compact
[19.865s][info ][gc,phases      ] GC(43) Post Compact 1.002ms
[19.865s][info ][gc,heap        ] GC(43) PSYoungGen: 33653K(1911296K)->10353K(1911296K) Eden: 0K(1728512K)->0K(1728512K) From: 33653K(182784K)->10353K(182784K)
[19.865s][info ][gc,heap        ] GC(43) ParOldGen: 216063K(235008K)->234963K(293376K)
[19.865s][info ][gc,metaspace   ] GC(43) Metaspace: 70518K(71104K)->70518K(71104K) NonClass: 60553K(60864K)->60553K(60864K) Class: 9964K(10240K)->9964K(10240K)
[19.865s][info ][gc             ] GC(43) Pause Full (Ergonomics) 243M->239M(2153M) 259.097ms
[19.865s][info ][gc,cpu         ] GC(43) User=0.94s Sys=0.00s Real=0.26s
[19.885s][info ][safepoint      ] Safepoint "ParallelGCFailedAllocation", Time since last: 201309856 ns, Reaching safepoint: 2291069 ns, At safepoint: 291542870 ns, Total: 293833939 ns
[20.258s][info ][gc,start       ] GC(44) Pause Young (Allocation Failure)
[20.283s][debug][gc,phases      ] GC(44) Scavenge 25.467ms
[20.283s][debug][gc,ref         ] GC(44) Skipped phase 1 of Reference Processing: no references
[20.283s][debug][gc,ref         ] GC(44) Skipped phase 3 of Reference Processing: no references
[20.283s][debug][gc,phases      ] GC(44) Reference Processing 0.030ms
[20.284s][debug][gc,phases      ] GC(44) Weak Processing 0.539ms
[20.284s][debug][gc,age         ] GC(44) Desired survivor size 184025088 bytes, new threshold 15 (max threshold 15)
[20.284s][info ][gc,heap        ] GC(44) PSYoungGen: 1738865K(1911296K)->11397K(1917440K) Eden: 1728512K(1728512K)->0K(1737728K) From: 10353K(182784K)->11397K(179712K)
[20.284s][info ][gc,heap        ] GC(44) ParOldGen: 234963K(293376K)->235759K(293376K)
[20.284s][info ][gc,metaspace   ] GC(44) Metaspace: 71715K(72320K)->71715K(72320K) NonClass: 61614K(61952K)->61614K(61952K) Class: 10101K(10368K)->10101K(10368K)
[20.284s][info ][gc             ] GC(44) Pause Young (Allocation Failure) 1927M->241M(2159M) 26.174ms
[20.284s][info ][gc,cpu         ] GC(44) User=0.11s Sys=0.00s Real=0.02s
[20.284s][info ][safepoint      ] Safepoint "ParallelGCFailedAllocation", Time since last: 372514805 ns, Reaching safepoint: 151204 ns, At safepoint: 26291691 ns, Total: 26442895 ns
[20.671s][info ][gc,start       ] GC(45) Pause Young (Allocation Failure)
[20.676s][debug][gc,phases      ] GC(45) Scavenge 4.990ms
[20.676s][debug][gc,ref         ] GC(45) Skipped phase 1 of Reference Processing: no references
[20.676s][debug][gc,ref         ] GC(45) Skipped phase 3 of Reference Processing: no references
[20.676s][debug][gc,phases      ] GC(45) Reference Processing 0.038ms
[20.677s][debug][gc,phases      ] GC(45) Weak Processing 0.675ms
[20.677s][debug][gc,age         ] GC(45) Desired survivor size 182452224 bytes, new threshold 15 (max threshold 15)
[20.677s][info ][gc,heap        ] GC(45) PSYoungGen: 1749125K(1917440K)->11789K(1917440K) Eden: 1737728K(1737728K)->0K(1737728K) From: 11397K(179712K)->11789K(179712K)
[20.677s][info ][gc,heap        ] GC(45) ParOldGen: 235759K(293376K)->236216K(293376K)
[20.677s][info ][gc,metaspace   ] GC(45) Metaspace: 71956K(72576K)->71956K(72576K) NonClass: 61826K(62144K)->61826K(62144K) Class: 10130K(10432K)->10130K(10432K)
[20.677s][info ][gc             ] GC(45) Pause Young (Allocation Failure) 1938M->242M(2159M) 5.877ms
[20.677s][info ][gc,cpu         ] GC(45) User=0.02s Sys=0.00s Real=0.01s
[20.677s][info ][safepoint      ] Safepoint "ParallelGCFailedAllocation", Time since last: 386394920 ns, Reaching safepoint: 240307 ns, At safepoint: 5999181 ns, Total: 6239488 ns
[20.906s][info ][safepoint      ] Safepoint "ICBufferFull", Time since last: 228884883 ns, Reaching safepoint: 486014 ns, At safepoint: 26101 ns, Total: 512115 ns
[21.080s][info ][gc,start       ] GC(46) Pause Young (Allocation Failure)
[21.089s][debug][gc,phases      ] GC(46) Scavenge 8.269ms
[21.089s][debug][gc,ref         ] GC(46) Skipped phase 1 of Reference Processing: no references
[21.089s][debug][gc,ref         ] GC(46) Skipped phase 3 of Reference Processing: no references
[21.089s][debug][gc,phases      ] GC(46) Reference Processing 0.041ms
[21.089s][debug][gc,phases      ] GC(46) Weak Processing 0.542ms
[21.089s][debug][gc,age         ] GC(46) Desired survivor size 174587904 bytes, new threshold 15 (max threshold 15)
[21.089s][info ][gc,heap        ] GC(46) PSYoungGen: 1749517K(1917440K)->35995K(1926656K) Eden: 1737728K(1737728K)->0K(1748480K) From: 11789K(179712K)->35995K(178176K)
[21.089s][info ][gc,heap        ] GC(46) ParOldGen: 236216K(293376K)->237093K(293376K)
[21.089s][info ][gc,metaspace   ] GC(46) Metaspace: 72616K(73216K)->72616K(73216K) NonClass: 62420K(62720K)->62420K(62720K) Class: 10195K(10496K)->10195K(10496K)
[21.089s][info ][gc             ] GC(46) Pause Young (Allocation Failure) 1939M->266M(2168M) 8.988ms
[21.089s][info ][gc,cpu         ] GC(46) User=0.04s Sys=0.00s Real=0.01s
[21.089s][info ][safepoint      ] Safepoint "ParallelGCFailedAllocation", Time since last: 173791027 ns, Reaching safepoint: 232907 ns, At safepoint: 9095573 ns, Total: 9328480 ns
[21.137s][info ][safepoint      ] Safepoint "ICBufferFull", Time since last: 47813138 ns, Reaching safepoint: 260608 ns, At safepoint: 29900 ns, Total: 290508 ns
[21.174s][info ][safepoint      ] Safepoint "ICBufferFull", Time since last: 36181288 ns, Reaching safepoint: 330810 ns, At safepoint: 30201 ns, Total: 361011 ns
[21.222s][info ][safepoint      ] Safepoint "ICBufferFull", Time since last: 47651633 ns, Reaching safepoint: 344510 ns, At safepoint: 25201 ns, Total: 369711 ns
[21.251s][info ][safepoint      ] Safepoint "ICBufferFull", Time since last: 29369583 ns, Reaching safepoint: 124503 ns, At safepoint: 29901 ns, Total: 154404 ns
[21.274s][info ][safepoint      ] Safepoint "ICBufferFull", Time since last: 21977361 ns, Reaching safepoint: 118804 ns, At safepoint: 27400 ns, Total: 146204 ns
[21.302s][info ][safepoint      ] Safepoint "ICBufferFull", Time since last: 28290551 ns, Reaching safepoint: 188806 ns, At safepoint: 25600 ns, Total: 214406 ns
[21.316s][info ][safepoint      ] Safepoint "ICBufferFull", Time since last: 13606309 ns, Reaching safepoint: 128104 ns, At safepoint: 35301 ns, Total: 163405 ns
[21.342s][info ][safepoint      ] Safepoint "ICBufferFull", Time since last: 25188758 ns, Reaching safepoint: 674420 ns, At safepoint: 23901 ns, Total: 698321 ns
[21.360s][info ][safepoint      ] Safepoint "ICBufferFull", Time since last: 17951139 ns, Reaching safepoint: 118904 ns, At safepoint: 29401 ns, Total: 148305 ns
[21.398s][info ][safepoint      ] Safepoint "ICBufferFull", Time since last: 38141946 ns, Reaching safepoint: 169606 ns, At safepoint: 27200 ns, Total: 196806 ns
[21.401s][info ][safepoint      ] Safepoint "ICBufferFull", Time since last: 2645180 ns, Reaching safepoint: 134304 ns, At safepoint: 30501 ns, Total: 164805 ns
[21.412s][info ][safepoint      ] Safepoint "ICBufferFull", Time since last: 11195636 ns, Reaching safepoint: 91503 ns, At safepoint: 34301 ns, Total: 125804 ns
[21.496s][info ][safepoint      ] Safepoint "ICBufferFull", Time since last: 83314205 ns, Reaching safepoint: 148004 ns, At safepoint: 30101 ns, Total: 178105 ns
[21.497s][info ][gc,start       ] GC(47) Pause Young (Allocation Failure)
[21.506s][debug][gc,phases      ] GC(47) Scavenge 9.279ms
[21.506s][debug][gc,ref         ] GC(47) Skipped phase 1 of Reference Processing: no references
[21.506s][debug][gc,ref         ] GC(47) Skipped phase 3 of Reference Processing: no references
[21.506s][debug][gc,phases      ] GC(47) Reference Processing 0.039ms
[21.507s][debug][gc,phases      ] GC(47) Weak Processing 0.543ms
[21.507s][debug][gc,age         ] GC(47) Desired survivor size 168820736 bytes, new threshold 15 (max threshold 15)
[21.507s][info ][gc,heap        ] GC(47) PSYoungGen: 1784475K(1926656K)->26370K(1918976K) Eden: 1748480K(1748480K)->0K(1748480K) From: 35995K(178176K)->26370K(170496K)
[21.507s][info ][gc,heap        ] GC(47) ParOldGen: 237093K(293376K)->241612K(293376K)
[21.507s][info ][gc,metaspace   ] GC(47) Metaspace: 72849K(73472K)->72849K(73472K) NonClass: 62647K(62976K)->62647K(62976K) Class: 10201K(10496K)->10201K(10496K)
[21.507s][info ][gc             ] GC(47) Pause Young (Allocation Failure) 1974M->261M(2160M) 9.992ms
[21.507s][info ][gc,cpu         ] GC(47) User=0.03s Sys=0.01s Real=0.01s
[21.507s][info ][safepoint      ] Safepoint "ParallelGCFailedAllocation", Time since last: 1029031 ns, Reaching safepoint: 91503 ns, At safepoint: 10104804 ns, Total: 10196307 ns
[21.880s][info ][gc,start       ] GC(48) Pause Young (Allocation Failure)
[21.887s][debug][gc,phases      ] GC(48) Scavenge 6.982ms
[21.887s][debug][gc,ref         ] GC(48) Skipped phase 1 of Reference Processing: no references
[21.887s][debug][gc,ref         ] GC(48) Skipped phase 3 of Reference Processing: no references
[21.887s][debug][gc,phases      ] GC(48) Reference Processing 0.044ms
[21.888s][debug][gc,phases      ] GC(48) Weak Processing 0.672ms
[21.888s][debug][gc,age         ] GC(48) Desired survivor size 163577856 bytes, new threshold 15 (max threshold 15)
[21.888s][info ][gc,heap        ] GC(48) PSYoungGen: 1774850K(1918976K)->24082K(1937408K) Eden: 1748480K(1748480K)->0K(1772544K) From: 26370K(170496K)->24082K(164864K)
[21.888s][info ][gc,heap        ] GC(48) ParOldGen: 241612K(293376K)->243005K(293376K)
[21.888s][info ][gc,metaspace   ] GC(48) Metaspace: 72902K(73536K)->72902K(73536K) NonClass: 62699K(63040K)->62699K(63040K) Class: 10203K(10496K)->10203K(10496K)
[21.888s][info ][gc             ] GC(48) Pause Young (Allocation Failure) 1969M->260M(2178M) 7.855ms
[21.888s][info ][gc,cpu         ] GC(48) User=0.03s Sys=0.00s Real=0.01s
[21.888s][info ][safepoint      ] Safepoint "ParallelGCFailedAllocation", Time since last: 373029314 ns, Reaching safepoint: 193806 ns, At safepoint: 7989340 ns, Total: 8183146 ns
[22.272s][info ][gc,start       ] GC(49) Pause Young (Allocation Failure)
[22.280s][debug][gc,phases      ] GC(49) Scavenge 7.533ms
[22.280s][debug][gc,ref         ] GC(49) Skipped phase 1 of Reference Processing: no references
[22.280s][debug][gc,ref         ] GC(49) Skipped phase 3 of Reference Processing: no references
[22.280s][debug][gc,phases      ] GC(49) Reference Processing 0.042ms
[22.280s][debug][gc,phases      ] GC(49) Weak Processing 0.577ms
[22.280s][debug][gc,age         ] GC(49) Desired survivor size 157286400 bytes, new threshold 15 (max threshold 15)
[22.281s][info ][gc,heap        ] GC(49) PSYoungGen: 1796626K(1937408K)->23874K(1932288K) Eden: 1772544K(1772544K)->0K(1772544K) From: 24082K(164864K)->23874K(159744K)
[22.281s][info ][gc,heap        ] GC(49) ParOldGen: 243005K(293376K)->243493K(293376K)
[22.281s][info ][gc,metaspace   ] GC(49) Metaspace: 72930K(73536K)->72930K(73536K) NonClass: 62724K(63040K)->62724K(63040K) Class: 10206K(10496K)->10206K(10496K)
[22.281s][info ][gc             ] GC(49) Pause Young (Allocation Failure) 1991M->261M(2173M) 8.295ms
[22.281s][info ][gc,cpu         ] GC(49) User=0.02s Sys=0.00s Real=0.01s
[22.281s][info ][safepoint      ] Safepoint "ParallelGCFailedAllocation", Time since last: 383867839 ns, Reaching safepoint: 75503 ns, At safepoint: 8399052 ns, Total: 8474555 ns
[22.616s][info ][gc,start       ] GC(50) Pause Young (Allocation Failure)
[22.623s][debug][gc,phases      ] GC(50) Scavenge 6.904ms
[22.623s][debug][gc,ref         ] GC(50) Skipped phase 1 of Reference Processing: no references
[22.623s][debug][gc,ref         ] GC(50) Skipped phase 3 of Reference Processing: no references
[22.623s][debug][gc,phases      ] GC(50) Reference Processing 0.048ms
[22.624s][debug][gc,phases      ] GC(50) Weak Processing 0.556ms
[22.624s][debug][gc,age         ] GC(50) Desired survivor size 151519232 bytes, new threshold 15 (max threshold 15)
[22.624s][info ][gc,heap        ] GC(50) PSYoungGen: 1796418K(1932288K)->24104K(1949184K) Eden: 1772544K(1772544K)->0K(1795584K) From: 23874K(159744K)->24104K(153600K)
[22.624s][info ][gc,heap        ] GC(50) ParOldGen: 243493K(293376K)->243517K(293376K)
[22.624s][info ][gc,metaspace   ] GC(50) Metaspace: 72984K(73600K)->72984K(73600K) NonClass: 62778K(63104K)->62778K(63104K) Class: 10206K(10496K)->10206K(10496K)
[22.624s][info ][gc             ] GC(50) Pause Young (Allocation Failure) 1992M->261M(2190M) 7.654ms
[22.624s][info ][gc,cpu         ] GC(50) User=0.02s Sys=0.00s Real=0.00s
[22.624s][info ][safepoint      ] Safepoint "ParallelGCFailedAllocation", Time since last: 335642988 ns, Reaching safepoint: 163705 ns, At safepoint: 7759433 ns, Total: 7923138 ns
[23.021s][info ][gc,start       ] GC(51) Pause Young (Allocation Failure)
[23.028s][debug][gc,phases      ] GC(51) Scavenge 7.456ms
[23.028s][debug][gc,ref         ] GC(51) Skipped phase 1 of Reference Processing: no references
[23.028s][debug][gc,ref         ] GC(51) Skipped phase 3 of Reference Processing: no references
[23.028s][debug][gc,phases      ] GC(51) Reference Processing 0.037ms
[23.029s][debug][gc,phases      ] GC(51) Weak Processing 0.594ms
[23.029s][debug][gc,age         ] GC(51) Desired survivor size 144703488 bytes, new threshold 15 (max threshold 15)
[23.029s][info ][gc,heap        ] GC(51) PSYoungGen: 1819688K(1949184K)->24374K(1943552K) Eden: 1795584K(1795584K)->0K(1795584K) From: 24104K(153600K)->24374K(147968K)
[23.029s][info ][gc,heap        ] GC(51) ParOldGen: 243517K(293376K)->243533K(293376K)
[23.029s][info ][gc,metaspace   ] GC(51) Metaspace: 73011K(73600K)->73011K(73600K) NonClass: 62805K(63104K)->62805K(63104K) Class: 10206K(10496K)->10206K(10496K)
[23.029s][info ][gc             ] GC(51) Pause Young (Allocation Failure) 2014M->261M(2184M) 8.234ms
[23.029s][info ][gc,cpu         ] GC(51) User=0.02s Sys=0.01s Real=0.01s
[23.029s][info ][safepoint      ] Safepoint "ParallelGCFailedAllocation", Time since last: 396496216 ns, Reaching safepoint: 91103 ns, At safepoint: 8333650 ns, Total: 8424753 ns
[23.413s][info ][gc,start       ] GC(52) Pause Young (Allocation Failure)
[23.422s][debug][gc,phases      ] GC(52) Scavenge 9.045ms
[23.422s][debug][gc,ref         ] GC(52) Skipped phase 1 of Reference Processing: no references
[23.422s][debug][gc,ref         ] GC(52) Skipped phase 3 of Reference Processing: no references
[23.422s][debug][gc,phases      ] GC(52) Reference Processing 0.064ms
[23.423s][debug][gc,phases      ] GC(52) Weak Processing 0.561ms
[23.423s][debug][gc,age         ] GC(52) Desired survivor size 138412032 bytes, new threshold 15 (max threshold 15)
[23.423s][info ][gc,heap        ] GC(52) PSYoungGen: 1819958K(1943552K)->25405K(1961984K) Eden: 1795584K(1795584K)->0K(1820672K) From: 24374K(147968K)->25405K(141312K)
[23.423s][info ][gc,heap        ] GC(52) ParOldGen: 243533K(293376K)->243533K(293376K)
[23.423s][info ][gc,metaspace   ] GC(52) Metaspace: 73022K(73600K)->73022K(73600K) NonClass: 62815K(63104K)->62815K(63104K) Class: 10206K(10496K)->10206K(10496K)
[23.423s][info ][gc             ] GC(52) Pause Young (Allocation Failure) 2015M->262M(2202M) 9.817ms
[23.423s][info ][gc,cpu         ] GC(52) User=0.05s Sys=0.00s Real=0.00s
[23.423s][info ][safepoint      ] Safepoint "ParallelGCFailedAllocation", Time since last: 383977438 ns, Reaching safepoint: 171905 ns, At safepoint: 9916298 ns, Total: 10088203 ns
[23.784s][info ][gc,start       ] GC(53) Pause Young (Allocation Failure)
[23.794s][debug][gc,phases      ] GC(53) Scavenge 9.422ms
[23.794s][debug][gc,ref         ] GC(53) Skipped phase 1 of Reference Processing: no references
[23.794s][debug][gc,ref         ] GC(53) Skipped phase 3 of Reference Processing: no references
[23.794s][debug][gc,phases      ] GC(53) Reference Processing 0.051ms
[23.794s][debug][gc,phases      ] GC(53) Weak Processing 0.567ms
[23.794s][debug][gc,age         ] GC(53) Desired survivor size 132120576 bytes, new threshold 15 (max threshold 15)
[23.794s][info ][gc,heap        ] GC(53) PSYoungGen: 1846077K(1961984K)->26330K(1955840K) Eden: 1820672K(1820672K)->0K(1820672K) From: 25405K(141312K)->26330K(135168K)
[23.794s][info ][gc,heap        ] GC(53) ParOldGen: 243533K(293376K)->243541K(293376K)
[23.794s][info ][gc,metaspace   ] GC(53) Metaspace: 73031K(73600K)->73031K(73600K) NonClass: 62825K(63104K)->62825K(63104K) Class: 10206K(10496K)->10206K(10496K)
[23.794s][info ][gc             ] GC(53) Pause Young (Allocation Failure) 2040M->263M(2196M) 10.170ms
[23.794s][info ][gc,cpu         ] GC(53) User=0.03s Sys=0.00s Real=0.02s
[23.795s][info ][safepoint      ] Safepoint "ParallelGCFailedAllocation", Time since last: 360952945 ns, Reaching safepoint: 164605 ns, At safepoint: 10276409 ns, Total: 10441014 ns
[24.235s][info ][gc,start       ] GC(54) Pause Young (Allocation Failure)
[24.244s][debug][gc,phases      ] GC(54) Scavenge 9.265ms
[24.244s][debug][gc,ref         ] GC(54) Skipped phase 1 of Reference Processing: no references
[24.244s][debug][gc,ref         ] GC(54) Skipped phase 3 of Reference Processing: no references
[24.244s][debug][gc,phases      ] GC(54) Reference Processing 0.035ms
[24.245s][debug][gc,phases      ] GC(54) Weak Processing 0.526ms
[24.245s][debug][gc,age         ] GC(54) Desired survivor size 125304832 bytes, new threshold 15 (max threshold 15)
[24.245s][info ][gc,heap        ] GC(54) PSYoungGen: 1847002K(1955840K)->27068K(1974784K) Eden: 1820672K(1820672K)->0K(1845760K) From: 26330K(135168K)->27068K(129024K)
[24.245s][info ][gc,heap        ] GC(54) ParOldGen: 243541K(293376K)->243541K(293376K)
[24.245s][info ][gc,metaspace   ] GC(54) Metaspace: 73057K(73664K)->73057K(73664K) NonClass: 62851K(63168K)->62851K(63168K) Class: 10206K(10496K)->10206K(10496K)
[24.245s][info ][gc             ] GC(54) Pause Young (Allocation Failure) 2041M->264M(2215M) 9.959ms
[24.245s][info ][gc,cpu         ] GC(54) User=0.04s Sys=0.00s Real=0.00s
[24.245s][info ][safepoint      ] Safepoint "ParallelGCFailedAllocation", Time since last: 439857814 ns, Reaching safepoint: 227807 ns, At safepoint: 10074603 ns, Total: 10302410 ns
[24.489s][info ][safepoint      ] Safepoint "ICBufferFull", Time since last: 240713230 ns, Reaching safepoint: 3354200 ns, At safepoint: 38602 ns, Total: 3392802 ns
[24.611s][info ][gc,start       ] GC(55) Pause Young (Allocation Failure)
[24.620s][debug][gc,phases      ] GC(55) Scavenge 8.862ms
[24.620s][debug][gc,ref         ] GC(55) Skipped phase 1 of Reference Processing: no references
[24.620s][debug][gc,ref         ] GC(55) Skipped phase 3 of Reference Processing: no references
[24.620s][debug][gc,phases      ] GC(55) Reference Processing 0.033ms
[24.620s][debug][gc,phases      ] GC(55) Weak Processing 0.564ms
[24.620s][debug][gc,age         ] GC(55) Desired survivor size 119013376 bytes, new threshold 15 (max threshold 15)
[24.620s][info ][gc,heap        ] GC(55) PSYoungGen: 1872828K(1974784K)->28147K(1968128K) Eden: 1845760K(1845760K)->0K(1845760K) From: 27068K(129024K)->28147K(122368K)
[24.620s][info ][gc,heap        ] GC(55) ParOldGen: 243541K(293376K)->243549K(293376K)
[24.620s][info ][gc,metaspace   ] GC(55) Metaspace: 73066K(73664K)->73066K(73664K) NonClass: 62859K(63168K)->62859K(63168K) Class: 10207K(10496K)->10207K(10496K)
[24.620s][info ][gc             ] GC(55) Pause Young (Allocation Failure) 2066M->265M(2208M) 9.613ms
[24.620s][info ][gc,cpu         ] GC(55) User=0.04s Sys=0.00s Real=0.01s
[24.620s][info ][safepoint      ] Safepoint "ParallelGCFailedAllocation", Time since last: 121752257 ns, Reaching safepoint: 60101 ns, At safepoint: 9718192 ns, Total: 9778293 ns
[25.056s][info ][gc,start       ] GC(56) Pause Young (Allocation Failure)
[25.073s][debug][gc,phases      ] GC(56) Scavenge 16.449ms
[25.073s][debug][gc,ref         ] GC(56) Skipped phase 1 of Reference Processing: no references
[25.073s][debug][gc,ref         ] GC(56) Skipped phase 3 of Reference Processing: no references
[25.073s][debug][gc,phases      ] GC(56) Reference Processing 0.037ms
[25.073s][debug][gc,phases      ] GC(56) Weak Processing 0.777ms
[25.073s][debug][gc,age         ] GC(56) Desired survivor size 111149056 bytes, new threshold 15 (max threshold 15)
[25.073s][info ][gc,heap        ] GC(56) PSYoungGen: 1873907K(1968128K)->37102K(1988608K) Eden: 1845760K(1845760K)->0K(1872384K) From: 28147K(122368K)->37102K(116224K)
[25.073s][info ][gc,heap        ] GC(56) ParOldGen: 243549K(293376K)->243573K(293376K)
[25.073s][info ][gc,metaspace   ] GC(56) Metaspace: 73120K(73728K)->73120K(73728K) NonClass: 62911K(63232K)->62911K(63232K) Class: 10208K(10496K)->10208K(10496K)
[25.073s][info ][gc             ] GC(56) Pause Young (Allocation Failure) 2067M->274M(2228M) 17.419ms
[25.074s][info ][gc,cpu         ] GC(56) User=0.07s Sys=0.00s Real=0.02s
[25.074s][info ][safepoint      ] Safepoint "ParallelGCFailedAllocation", Time since last: 435351877 ns, Reaching safepoint: 349710 ns, At safepoint: 17529127 ns, Total: 17878837 ns
[25.526s][info ][gc,start       ] GC(57) Pause Young (Allocation Failure)
[25.543s][debug][gc,phases      ] GC(57) Scavenge 16.575ms
[25.543s][debug][gc,ref         ] GC(57) Skipped phase 1 of Reference Processing: no references
[25.543s][debug][gc,ref         ] GC(57) Skipped phase 3 of Reference Processing: no references
[25.543s][debug][gc,phases      ] GC(57) Reference Processing 0.041ms
[25.543s][debug][gc,phases      ] GC(57) Weak Processing 0.560ms
[25.543s][debug][gc,age         ] GC(57) Desired survivor size 104333312 bytes, new threshold 15 (max threshold 15)
[25.543s][info ][gc,heap        ] GC(57) PSYoungGen: 1909486K(1988608K)->38600K(1980928K) Eden: 1872384K(1872384K)->0K(1872384K) From: 37102K(116224K)->38600K(108544K)
[25.543s][info ][gc,heap        ] GC(57) ParOldGen: 243573K(293376K)->243677K(293376K)
[25.543s][info ][gc,metaspace   ] GC(57) Metaspace: 73195K(73792K)->73195K(73792K) NonClass: 62973K(63296K)->62973K(63296K) Class: 10221K(10496K)->10221K(10496K)
[25.543s][info ][gc             ] GC(57) Pause Young (Allocation Failure) 2102M->275M(2221M) 17.307ms
[25.543s][info ][gc,cpu         ] GC(57) User=0.07s Sys=0.00s Real=0.01s
[25.543s][info ][safepoint      ] Safepoint "ParallelGCFailedAllocation", Time since last: 451701863 ns, Reaching safepoint: 589418 ns, At safepoint: 17413223 ns, Total: 18002641 ns
[25.958s][info ][gc,start       ] GC(58) Pause Young (Allocation Failure)
[25.974s][debug][gc,phases      ] GC(58) Scavenge 16.246ms
[25.974s][debug][gc,ref         ] GC(58) Skipped phase 1 of Reference Processing: no references
[25.974s][debug][gc,ref         ] GC(58) Skipped phase 3 of Reference Processing: no references
[25.974s][debug][gc,phases      ] GC(58) Reference Processing 0.049ms
[25.974s][debug][gc,phases      ] GC(58) Weak Processing 0.544ms
[25.974s][debug][gc,age         ] GC(58) Desired survivor size 98041856 bytes, new threshold 15 (max threshold 15)
[25.974s][info ][gc,heap        ] GC(58) PSYoungGen: 1910984K(1980928K)->37129K(2001408K) Eden: 1872384K(1872384K)->0K(1899520K) From: 38600K(108544K)->37129K(101888K)
[25.974s][info ][gc,heap        ] GC(58) ParOldGen: 243677K(293376K)->245504K(293376K)
[25.974s][info ][gc,metaspace   ] GC(58) Metaspace: 73246K(73792K)->73246K(73792K) NonClass: 63023K(63296K)->63023K(63296K) Class: 10223K(10496K)->10223K(10496K)
[25.974s][info ][gc             ] GC(58) Pause Young (Allocation Failure) 2104M->276M(2241M) 16.968ms
[25.975s][info ][gc,cpu         ] GC(58) User=0.05s Sys=0.02s Real=0.02s
[25.975s][info ][safepoint      ] Safepoint "ParallelGCFailedAllocation", Time since last: 414065633 ns, Reaching safepoint: 150304 ns, At safepoint: 17077313 ns, Total: 17227617 ns
[26.407s][info ][gc,start       ] GC(59) Pause Young (Allocation Failure)
[26.422s][debug][gc,phases      ] GC(59) Scavenge 15.209ms
[26.422s][debug][gc,ref         ] GC(59) Skipped phase 1 of Reference Processing: no references
[26.422s][debug][gc,ref         ] GC(59) Skipped phase 3 of Reference Processing: no references
[26.422s][debug][gc,phases      ] GC(59) Reference Processing 0.060ms
[26.423s][debug][gc,phases      ] GC(59) Weak Processing 0.511ms
[26.423s][debug][gc,age         ] GC(59) Desired survivor size 92274688 bytes, new threshold 15 (max threshold 15)
[26.423s][info ][gc,heap        ] GC(59) PSYoungGen: 1936649K(2001408K)->36468K(1995264K) Eden: 1899520K(1899520K)->0K(1899520K) From: 37129K(101888K)->36468K(95744K)
[26.423s][info ][gc,heap        ] GC(59) ParOldGen: 245504K(293376K)->246433K(293376K)
[26.423s][info ][gc,metaspace   ] GC(59) Metaspace: 73283K(73856K)->73283K(73856K) NonClass: 63058K(63360K)->63058K(63360K) Class: 10224K(10496K)->10224K(10496K)
[26.423s][info ][gc             ] GC(59) Pause Young (Allocation Failure) 2131M->276M(2235M) 15.923ms
[26.423s][info ][gc,cpu         ] GC(59) User=0.06s Sys=0.00s Real=0.01s
[26.423s][info ][safepoint      ] Safepoint "ParallelGCFailedAllocation", Time since last: 431808763 ns, Reaching safepoint: 218707 ns, At safepoint: 16035081 ns, Total: 16253788 ns
[26.850s][info ][gc,start       ] GC(60) Pause Young (Allocation Failure)
[26.867s][debug][gc,phases      ] GC(60) Scavenge 16.787ms
[26.867s][debug][gc,ref         ] GC(60) Skipped phase 1 of Reference Processing: no references
[26.867s][debug][gc,ref         ] GC(60) Skipped phase 3 of Reference Processing: no references
[26.867s][debug][gc,ref         ] GC(60) Skipped phase 4 of Reference Processing: no references
[26.867s][debug][gc,phases      ] GC(60) Reference Processing 0.032ms
[26.868s][debug][gc,phases      ] GC(60) Weak Processing 0.541ms
[26.868s][debug][gc,age         ] GC(60) Desired survivor size 87556096 bytes, new threshold 15 (max threshold 15)
[26.868s][info ][gc,heap        ] GC(60) PSYoungGen: 1935988K(1995264K)->36116K(2011648K) Eden: 1899520K(1899520K)->0K(1921536K) From: 36468K(95744K)->36116K(90112K)
[26.868s][info ][gc,heap        ] GC(60) ParOldGen: 246433K(293376K)->247217K(293376K)
[26.868s][info ][gc,metaspace   ] GC(60) Metaspace: 73346K(73920K)->73346K(73920K) NonClass: 63121K(63424K)->63121K(63424K) Class: 10224K(10496K)->10224K(10496K)
[26.868s][info ][gc             ] GC(60) Pause Young (Allocation Failure) 2131M->276M(2251M) 17.494ms
[26.868s][info ][gc,cpu         ] GC(60) User=0.07s Sys=0.02s Real=0.02s
[26.868s][info ][safepoint      ] Safepoint "ParallelGCFailedAllocation", Time since last: 427559635 ns, Reaching safepoint: 263408 ns, At safepoint: 17610028 ns, Total: 17873436 ns
[27.284s][info ][gc,start       ] GC(61) Pause Young (Allocation Failure)
[27.298s][debug][gc,phases      ] GC(61) Scavenge 14.061ms
[27.298s][debug][gc,ref         ] GC(61) Skipped phase 1 of Reference Processing: no references
[27.298s][debug][gc,ref         ] GC(61) Skipped phase 3 of Reference Processing: no references
[27.298s][debug][gc,ref         ] GC(61) Skipped phase 4 of Reference Processing: no references
[27.298s][debug][gc,phases      ] GC(61) Reference Processing 0.027ms
[27.298s][debug][gc,phases      ] GC(61) Weak Processing 0.539ms
[27.298s][debug][gc,age         ] GC(61) Desired survivor size 85983232 bytes, new threshold 15 (max threshold 15)
[27.298s][info ][gc,heap        ] GC(61) PSYoungGen: 1957652K(2011648K)->19092K(2007040K) Eden: 1921536K(1921536K)->0K(1921536K) From: 36116K(90112K)->19092K(85504K)
[27.298s][info ][gc,heap        ] GC(61) ParOldGen: 247217K(293376K)->264902K(293376K)
[27.298s][info ][gc,metaspace   ] GC(61) Metaspace: 73381K(73984K)->73381K(73984K) NonClass: 63156K(63488K)->63156K(63488K) Class: 10224K(10496K)->10224K(10496K)
[27.298s][info ][gc             ] GC(61) Pause Young (Allocation Failure) 2153M->277M(2246M) 14.769ms
[27.298s][info ][gc,cpu         ] GC(61) User=0.06s Sys=0.01s Real=0.02s
[27.298s][info ][safepoint      ] Safepoint "ParallelGCFailedAllocation", Time since last: 414337836 ns, Reaching safepoint: 1137434 ns, At safepoint: 14877947 ns, Total: 16015381 ns
[27.719s][info ][gc,start       ] GC(62) Pause Young (Allocation Failure)
[27.732s][debug][gc,phases      ] GC(62) Scavenge 13.082ms
[27.732s][debug][gc,ref         ] GC(62) Skipped phase 1 of Reference Processing: no references
[27.732s][debug][gc,ref         ] GC(62) Skipped phase 3 of Reference Processing: no references
[27.732s][debug][gc,ref         ] GC(62) Skipped phase 4 of Reference Processing: no references
[27.732s][debug][gc,phases      ] GC(62) Reference Processing 0.026ms
[27.733s][debug][gc,phases      ] GC(62) Weak Processing 0.538ms
[27.733s][debug][gc,age         ] GC(62) Desired survivor size 84410368 bytes, new threshold 15 (max threshold 15)
[27.733s][info ][gc,heap        ] GC(62) PSYoungGen: 1940628K(2007040K)->17860K(2014720K) Eden: 1921536K(1921536K)->0K(1930752K) From: 19092K(85504K)->17860K(83968K)
[27.733s][info ][gc,heap        ] GC(62) ParOldGen: 264902K(293376K)->266574K(293376K)
[27.733s][info ][gc,metaspace   ] GC(62) Metaspace: 73390K(73984K)->73390K(73984K) NonClass: 63165K(63488K)->63165K(63488K) Class: 10224K(10496K)->10224K(10496K)
[27.733s][info ][gc             ] GC(62) Pause Young (Allocation Failure) 2153M->277M(2254M) 13.807ms
[27.733s][info ][gc,cpu         ] GC(62) User=0.05s Sys=0.00s Real=0.01s
[27.733s][info ][safepoint      ] Safepoint "ParallelGCFailedAllocation", Time since last: 420254211 ns, Reaching safepoint: 156305 ns, At safepoint: 13914018 ns, Total: 14070323 ns
[28.141s][info ][gc,start       ] GC(63) Pause Young (Allocation Failure)
[28.153s][debug][gc,phases      ] GC(63) Scavenge 11.512ms
[28.153s][debug][gc,ref         ] GC(63) Skipped phase 1 of Reference Processing: no references
[28.153s][debug][gc,ref         ] GC(63) Skipped phase 3 of Reference Processing: no references
[28.153s][debug][gc,ref         ] GC(63) Skipped phase 4 of Reference Processing: no references
[28.153s][debug][gc,phases      ] GC(63) Reference Processing 0.025ms
[28.153s][debug][gc,phases      ] GC(63) Weak Processing 0.533ms
[28.153s][debug][gc,age         ] GC(63) Desired survivor size 82313216 bytes, new threshold 15 (max threshold 15)
[28.153s][info ][gc,heap        ] GC(63) PSYoungGen: 1948612K(2014720K)->17904K(2013184K) Eden: 1930752K(1930752K)->0K(1930752K) From: 17860K(83968K)->17904K(82432K)
[28.153s][info ][gc,heap        ] GC(63) ParOldGen: 266574K(293376K)->266870K(293376K)
[28.153s][info ][gc,metaspace   ] GC(63) Metaspace: 73395K(73984K)->73395K(73984K) NonClass: 63170K(63488K)->63170K(63488K) Class: 10224K(10496K)->10224K(10496K)
[28.153s][info ][gc             ] GC(63) Pause Young (Allocation Failure) 2163M->278M(2252M) 12.195ms
[28.153s][info ][gc,cpu         ] GC(63) User=0.04s Sys=0.00s Real=0.02s
[28.153s][info ][safepoint      ] Safepoint "ParallelGCFailedAllocation", Time since last: 407476427 ns, Reaching safepoint: 705021 ns, At safepoint: 12301369 ns, Total: 13006390 ns
[28.583s][info ][gc,start       ] GC(64) Pause Young (Allocation Failure)
[28.596s][debug][gc,phases      ] GC(64) Scavenge 12.697ms
[28.596s][debug][gc,ref         ] GC(64) Skipped phase 1 of Reference Processing: no references
[28.596s][debug][gc,ref         ] GC(64) Skipped phase 3 of Reference Processing: no references
[28.596s][debug][gc,ref         ] GC(64) Skipped phase 4 of Reference Processing: no references
[28.596s][debug][gc,phases      ] GC(64) Reference Processing 0.024ms
[28.596s][debug][gc,phases      ] GC(64) Weak Processing 0.480ms
[28.596s][debug][gc,age         ] GC(64) Desired survivor size 79691776 bytes, new threshold 15 (max threshold 15)
[28.596s][info ][gc,heap        ] GC(64) PSYoungGen: 1948656K(2013184K)->18128K(2019328K) Eden: 1930752K(1930752K)->0K(1938944K) From: 17904K(82432K)->18128K(80384K)
[28.596s][info ][gc,heap        ] GC(64) ParOldGen: 266870K(293376K)->267126K(293376K)
[28.596s][info ][gc,metaspace   ] GC(64) Metaspace: 73422K(73984K)->73422K(73984K) NonClass: 63197K(63488K)->63197K(63488K) Class: 10224K(10496K)->10224K(10496K)
[28.596s][info ][gc             ] GC(64) Pause Young (Allocation Failure) 2163M->278M(2258M) 13.334ms
[28.596s][info ][gc,cpu         ] GC(64) User=0.05s Sys=0.00s Real=0.02s
[28.597s][info ][safepoint      ] Safepoint "ParallelGCFailedAllocation", Time since last: 429522786 ns, Reaching safepoint: 287809 ns, At safepoint: 13468404 ns, Total: 13756213 ns
[29.003s][info ][gc,start       ] GC(65) Pause Young (Allocation Failure)
[29.015s][debug][gc,phases      ] GC(65) Scavenge 12.517ms
[29.015s][debug][gc,ref         ] GC(65) Skipped phase 1 of Reference Processing: no references
[29.015s][debug][gc,ref         ] GC(65) Skipped phase 3 of Reference Processing: no references
[29.015s][debug][gc,ref         ] GC(65) Skipped phase 4 of Reference Processing: no references
[29.015s][debug][gc,phases      ] GC(65) Reference Processing 0.026ms
[29.016s][debug][gc,phases      ] GC(65) Weak Processing 0.515ms
[29.016s][debug][gc,age         ] GC(65) Desired survivor size 77594624 bytes, new threshold 15 (max threshold 15)
[29.016s][info ][gc,heap        ] GC(65) PSYoungGen: 1957072K(2019328K)->18320K(2016768K) Eden: 1938944K(1938944K)->0K(1938944K) From: 18128K(80384K)->18320K(77824K)
[29.016s][info ][gc,heap        ] GC(65) ParOldGen: 267126K(293376K)->267358K(293376K)
[29.016s][info ][gc,metaspace   ] GC(65) Metaspace: 73477K(74048K)->73477K(74048K) NonClass: 63252K(63552K)->63252K(63552K) Class: 10224K(10496K)->10224K(10496K)
[29.016s][info ][gc             ] GC(65) Pause Young (Allocation Failure) 2172M->278M(2256M) 13.197ms
[29.016s][info ][gc,cpu         ] GC(65) User=0.04s Sys=0.00s Real=0.02s
[29.016s][info ][safepoint      ] Safepoint "ParallelGCFailedAllocation", Time since last: 406182685 ns, Reaching safepoint: 51202 ns, At safepoint: 13314199 ns, Total: 13365401 ns
[29.441s][info ][gc,start       ] GC(66) Pause Young (Allocation Failure)
[29.454s][debug][gc,phases      ] GC(66) Scavenge 12.857ms
[29.454s][debug][gc,ref         ] GC(66) Skipped phase 1 of Reference Processing: no references
[29.454s][debug][gc,ref         ] GC(66) Skipped phase 3 of Reference Processing: no references
[29.454s][debug][gc,ref         ] GC(66) Skipped phase 4 of Reference Processing: no references
[29.454s][debug][gc,phases      ] GC(66) Reference Processing 0.025ms
[29.455s][debug][gc,phases      ] GC(66) Weak Processing 0.535ms
[29.455s][debug][gc,age         ] GC(66) Desired survivor size 74448896 bytes, new threshold 15 (max threshold 15)
[29.455s][info ][gc,heap        ] GC(66) PSYoungGen: 1957264K(2016768K)->18688K(2024448K) Eden: 1938944K(1938944K)->0K(1948672K) From: 18320K(77824K)->18688K(75776K)
[29.455s][info ][gc,heap        ] GC(66) ParOldGen: 267358K(293376K)->267686K(293376K)
[29.455s][info ][gc,metaspace   ] GC(66) Metaspace: 73489K(74048K)->73489K(74048K) NonClass: 63264K(63552K)->63264K(63552K) Class: 10224K(10496K)->10224K(10496K)
[29.455s][info ][gc             ] GC(66) Pause Young (Allocation Failure) 2172M->279M(2263M) 13.571ms
[29.455s][info ][gc,cpu         ] GC(66) User=0.04s Sys=0.00s Real=0.02s
[29.455s][info ][safepoint      ] Safepoint "ParallelGCFailedAllocation", Time since last: 424053318 ns, Reaching safepoint: 885927 ns, At safepoint: 13694411 ns, Total: 14580338 ns
[29.893s][info ][gc,start       ] GC(67) Pause Young (Allocation Failure)
[29.906s][debug][gc,phases      ] GC(67) Scavenge 13.392ms
[29.906s][debug][gc,ref         ] GC(67) Skipped phase 1 of Reference Processing: no references
[29.906s][debug][gc,ref         ] GC(67) Skipped phase 3 of Reference Processing: no references
[29.906s][debug][gc,ref         ] GC(67) Skipped phase 4 of Reference Processing: no references
[29.906s][debug][gc,phases      ] GC(67) Reference Processing 0.025ms
[29.907s][debug][gc,phases      ] GC(67) Weak Processing 0.478ms
[29.907s][debug][gc,age         ] GC(67) Desired survivor size 72351744 bytes, new threshold 15 (max threshold 15)
[29.907s][info ][gc,heap        ] GC(67) PSYoungGen: 1967360K(2024448K)->17936K(2021376K) Eden: 1948672K(1948672K)->0K(1948672K) From: 18688K(75776K)->17936K(72704K)
[29.907s][info ][gc,heap        ] GC(67) ParOldGen: 267686K(293376K)->268742K(293376K)
[29.907s][info ][gc,metaspace   ] GC(67) Metaspace: 73514K(74048K)->73514K(74048K) NonClass: 63289K(63552K)->63289K(63552K) Class: 10224K(10496K)->10224K(10496K)
[29.907s][info ][gc             ] GC(67) Pause Young (Allocation Failure) 2182M->279M(2260M) 14.042ms
[29.907s][info ][gc,cpu         ] GC(67) User=0.05s Sys=0.01s Real=0.02s
[29.907s][info ][safepoint      ] Safepoint "ParallelGCFailedAllocation", Time since last: 437739128 ns, Reaching safepoint: 153605 ns, At safepoint: 14148924 ns, Total: 14302529 ns
[30.347s][info ][gc,start       ] GC(68) Pause Young (Allocation Failure)
[30.358s][debug][gc,phases      ] GC(68) Scavenge 11.709ms
[30.358s][debug][gc,ref         ] GC(68) Skipped phase 1 of Reference Processing: no references
[30.358s][debug][gc,ref         ] GC(68) Skipped phase 3 of Reference Processing: no references
[30.358s][debug][gc,phases      ] GC(68) Reference Processing 0.024ms
[30.359s][debug][gc,phases      ] GC(68) Weak Processing 0.490ms
[30.359s][debug][gc,age         ] GC(68) Desired survivor size 69730304 bytes, new threshold 15 (max threshold 15)
[30.359s][info ][gc,heap        ] GC(68) PSYoungGen: 1966608K(2021376K)->17568K(2029056K) Eden: 1948672K(1948672K)->0K(1958400K) From: 17936K(72704K)->17568K(70656K)
[30.359s][info ][gc,heap        ] GC(68) ParOldGen: 268742K(293376K)->269670K(293376K)
[30.359s][info ][gc,metaspace   ] GC(68) Metaspace: 73553K(74176K)->73553K(74176K) NonClass: 63325K(63680K)->63325K(63680K) Class: 10228K(10496K)->10228K(10496K)
[30.359s][info ][gc             ] GC(68) Pause Young (Allocation Failure) 2182M->280M(2268M) 12.348ms
[30.359s][info ][gc,cpu         ] GC(68) User=0.04s Sys=0.00s Real=0.01s
[30.359s][info ][safepoint      ] Safepoint "ParallelGCFailedAllocation", Time since last: 438950362 ns, Reaching safepoint: 939028 ns, At safepoint: 12451674 ns, Total: 13390702 ns
[30.796s][info ][gc,start       ] GC(69) Pause Young (Allocation Failure)
[30.808s][debug][gc,phases      ] GC(69) Scavenge 11.528ms
[30.808s][debug][gc,ref         ] GC(69) Skipped phase 1 of Reference Processing: no references
[30.808s][debug][gc,ref         ] GC(69) Skipped phase 3 of Reference Processing: no references
[30.808s][debug][gc,ref         ] GC(69) Skipped phase 4 of Reference Processing: no references
[30.808s][debug][gc,phases      ] GC(69) Reference Processing 0.026ms
[30.809s][debug][gc,phases      ] GC(69) Weak Processing 0.545ms
[30.809s][debug][gc,age         ] GC(69) Desired survivor size 67108864 bytes, new threshold 15 (max threshold 15)
[30.809s][info ][gc,heap        ] GC(69) PSYoungGen: 1975968K(2029056K)->17360K(2026496K) Eden: 1958400K(1958400K)->0K(1958400K) From: 17568K(70656K)->17360K(68096K)
[30.809s][info ][gc,heap        ] GC(69) ParOldGen: 269670K(293376K)->270558K(293376K)
[30.809s][info ][gc,metaspace   ] GC(69) Metaspace: 73553K(74176K)->73553K(74176K) NonClass: 63325K(63680K)->63325K(63680K) Class: 10228K(10496K)->10228K(10496K)
[30.809s][info ][gc             ] GC(69) Pause Young (Allocation Failure) 2193M->281M(2265M) 12.247ms
[30.809s][info ][gc,cpu         ] GC(69) User=0.04s Sys=0.00s Real=0.01s
[30.809s][info ][safepoint      ] Safepoint "ParallelGCFailedAllocation", Time since last: 436948400 ns, Reaching safepoint: 321310 ns, At safepoint: 12366871 ns, Total: 12688181 ns
[31.248s][info ][gc,start       ] GC(70) Pause Young (Allocation Failure)
[31.259s][debug][gc,phases      ] GC(70) Scavenge 11.327ms
[31.259s][debug][gc,ref         ] GC(70) Skipped phase 1 of Reference Processing: no references
[31.259s][debug][gc,ref         ] GC(70) Skipped phase 3 of Reference Processing: no references
[31.259s][debug][gc,ref         ] GC(70) Skipped phase 4 of Reference Processing: no references
[31.259s][debug][gc,phases      ] GC(70) Reference Processing 0.026ms
[31.260s][debug][gc,phases      ] GC(70) Weak Processing 0.548ms
[31.260s][debug][gc,age         ] GC(70) Desired survivor size 64487424 bytes, new threshold 15 (max threshold 15)
[31.260s][info ][gc,heap        ] GC(70) PSYoungGen: 1975760K(2026496K)->17088K(2034176K) Eden: 1958400K(1958400K)->0K(1968640K) From: 17360K(68096K)->17088K(65536K)
[31.260s][info ][gc,heap        ] GC(70) ParOldGen: 270558K(293376K)->271526K(293376K)
[31.260s][info ][gc,metaspace   ] GC(70) Metaspace: 73562K(74176K)->73562K(74176K) NonClass: 63333K(63680K)->63333K(63680K) Class: 10228K(10496K)->10228K(10496K)
[31.260s][info ][gc             ] GC(70) Pause Young (Allocation Failure) 2193M->281M(2273M) 12.057ms
[31.260s][info ][gc,cpu         ] GC(70) User=0.04s Sys=0.00s Real=0.01s
[31.260s][info ][safepoint      ] Safepoint "ParallelGCFailedAllocation", Time since last: 439036461 ns, Reaching safepoint: 129204 ns, At safepoint: 12161165 ns, Total: 12290369 ns
[31.693s][info ][gc,start       ] GC(71) Pause Young (Allocation Failure)
[31.706s][debug][gc,phases      ] GC(71) Scavenge 13.701ms
[31.707s][debug][gc,ref         ] GC(71) Skipped phase 1 of Reference Processing: no references
[31.707s][debug][gc,ref         ] GC(71) Skipped phase 3 of Reference Processing: no references
[31.707s][debug][gc,ref         ] GC(71) Skipped phase 4 of Reference Processing: no references
[31.707s][debug][gc,phases      ] GC(71) Reference Processing 0.028ms
[31.707s][debug][gc,phases      ] GC(71) Weak Processing 0.535ms
[31.707s][debug][gc,age         ] GC(71) Desired survivor size 63438848 bytes, new threshold 15 (max threshold 15)
[31.707s][info ][gc,heap        ] GC(71) PSYoungGen: 1985728K(2034176K)->8976K(2031616K) Eden: 1968640K(1968640K)->0K(1968640K) From: 17088K(65536K)->8976K(62976K)
[31.707s][info ][gc,heap        ] GC(71) ParOldGen: 271526K(293376K)->280574K(293376K)
[31.707s][info ][gc,metaspace   ] GC(71) Metaspace: 73580K(74176K)->73580K(74176K) NonClass: 63351K(63680K)->63351K(63680K) Class: 10228K(10496K)->10228K(10496K)
[31.707s][info ][gc             ] GC(71) Pause Young (Allocation Failure) 2204M->282M(2270M) 14.400ms
[31.707s][info ][gc,cpu         ] GC(71) User=0.05s Sys=0.00s Real=0.02s
[31.707s][info ][safepoint      ] Safepoint "ParallelGCFailedAllocation", Time since last: 432492763 ns, Reaching safepoint: 154504 ns, At safepoint: 14511435 ns, Total: 14665939 ns
[32.707s][info ][safepoint      ] Safepoint "Cleanup", Time since last: 1000083870 ns, Reaching safepoint: 60002 ns, At safepoint: 6600 ns, Total: 66602 ns
[33.708s][info ][safepoint      ] Safepoint "Cleanup", Time since last: 1000099862 ns, Reaching safepoint: 82502 ns, At safepoint: 5800 ns, Total: 88302 ns
[34.708s][info ][safepoint      ] Safepoint "Cleanup", Time since last: 1000104653 ns, Reaching safepoint: 79602 ns, At safepoint: 11100 ns, Total: 90702 ns
[35.708s][info ][safepoint      ] Safepoint "Cleanup", Time since last: 1000094344 ns, Reaching safepoint: 68902 ns, At safepoint: 13700 ns, Total: 82602 ns
[36.708s][info ][safepoint      ] Safepoint "Cleanup", Time since last: 1000059833 ns, Reaching safepoint: 88803 ns, At safepoint: 11800 ns, Total: 100603 ns
[37.708s][info ][safepoint      ] Safepoint "Cleanup", Time since last: 1000069925 ns, Reaching safepoint: 57402 ns, At safepoint: 6300 ns, Total: 63702 ns
[38.708s][info ][safepoint      ] Safepoint "Cleanup", Time since last: 1000092417 ns, Reaching safepoint: 75302 ns, At safepoint: 5400 ns, Total: 80702 ns
[39.709s][info ][safepoint      ] Safepoint "Cleanup", Time since last: 1000106308 ns, Reaching safepoint: 104603 ns, At safepoint: 6800 ns, Total: 111403 ns
[40.709s][info ][safepoint      ] Safepoint "Cleanup", Time since last: 1000103099 ns, Reaching safepoint: 73003 ns, At safepoint: 6100 ns, Total: 79103 ns
[41.709s][info ][safepoint      ] Safepoint "Cleanup", Time since last: 1000121491 ns, Reaching safepoint: 55301 ns, At safepoint: 7800 ns, Total: 63101 ns
[42.709s][info ][safepoint      ] Safepoint "Cleanup", Time since last: 1000112382 ns, Reaching safepoint: 74802 ns, At safepoint: 9101 ns, Total: 83903 ns
[43.709s][info ][safepoint      ] Safepoint "Cleanup", Time since last: 1000104972 ns, Reaching safepoint: 72302 ns, At safepoint: 14201 ns, Total: 86503 ns
[44.710s][info ][safepoint      ] Safepoint "Cleanup", Time since last: 1000104464 ns, Reaching safepoint: 53901 ns, At safepoint: 8601 ns, Total: 62502 ns
[45.710s][info ][safepoint      ] Safepoint "Cleanup", Time since last: 1000100155 ns, Reaching safepoint: 61701 ns, At safepoint: 6801 ns, Total: 68502 ns
[46.710s][info ][safepoint      ] Safepoint "Cleanup", Time since last: 1000117546 ns, Reaching safepoint: 64502 ns, At safepoint: 6100 ns, Total: 70602 ns
[47.710s][info ][safepoint      ] Safepoint "Cleanup", Time since last: 1000072137 ns, Reaching safepoint: 66102 ns, At safepoint: 9600 ns, Total: 75702 ns
[48.780s][info ][safepoint      ] Safepoint "Cleanup", Time since last: 1070301023 ns, Reaching safepoint: 138604 ns, At safepoint: 8800 ns, Total: 147404 ns
[50.385s][info ][safepoint      ] Safepoint "Cleanup", Time since last: 1604877848 ns, Reaching safepoint: 57001 ns, At safepoint: 9901 ns, Total: 66902 ns
[51.403s][info ][safepoint      ] Safepoint "Cleanup", Time since last: 1017900636 ns, Reaching safepoint: 53801 ns, At safepoint: 9100 ns, Total: 62901 ns
[52.404s][info ][safepoint      ] Safepoint "Cleanup", Time since last: 1000105597 ns, Reaching safepoint: 72102 ns, At safepoint: 7301 ns, Total: 79403 ns
[53.404s][info ][safepoint      ] Safepoint "Cleanup", Time since last: 1000103488 ns, Reaching safepoint: 62702 ns, At safepoint: 7400 ns, Total: 70102 ns
[54.404s][info ][safepoint      ] Safepoint "Cleanup", Time since last: 1000102279 ns, Reaching safepoint: 50702 ns, At safepoint: 2500 ns, Total: 53202 ns
[55.404s][info ][safepoint      ] Safepoint "Cleanup", Time since last: 1000114971 ns, Reaching safepoint: 47702 ns, At safepoint: 13000 ns, Total: 60702 ns
[56.404s][info ][safepoint      ] Safepoint "Cleanup", Time since last: 1000109362 ns, Reaching safepoint: 52302 ns, At safepoint: 3700 ns, Total: 56002 ns
[57.404s][info ][safepoint      ] Safepoint "Cleanup", Time since last: 1000107054 ns, Reaching safepoint: 55401 ns, At safepoint: 8201 ns, Total: 63602 ns
[58.405s][info ][safepoint      ] Safepoint "Cleanup", Time since last: 1000109445 ns, Reaching safepoint: 61902 ns, At safepoint: 8800 ns, Total: 70702 ns
[59.405s][info ][safepoint      ] Safepoint "Cleanup", Time since last: 1000104937 ns, Reaching safepoint: 42401 ns, At safepoint: 3200 ns, Total: 45601 ns
[60.405s][info ][safepoint      ] Safepoint "Cleanup", Time since last: 1000122629 ns, Reaching safepoint: 56001 ns, At safepoint: 7101 ns, Total: 63102 ns
[62.405s][info ][safepoint      ] Safepoint "Cleanup", Time since last: 2000173029 ns, Reaching safepoint: 74303 ns, At safepoint: 11200 ns, Total: 85503 ns
[62.879s][info ][gc,start       ] GC(72) Pause Young (Allocation Failure)
[62.887s][debug][gc,phases      ] GC(72) Scavenge 7.608ms
[62.887s][debug][gc,ref         ] GC(72) Skipped phase 1 of Reference Processing: no references
[62.887s][debug][gc,ref         ] GC(72) Skipped phase 3 of Reference Processing: no references
[62.887s][debug][gc,phases      ] GC(72) Reference Processing 0.033ms
[62.888s][debug][gc,phases      ] GC(72) Weak Processing 0.487ms
[62.888s][debug][gc,age         ] GC(72) Desired survivor size 61865984 bytes, new threshold 15 (max threshold 15)
[62.888s][info ][gc,heap        ] GC(72) PSYoungGen: 1977616K(2031616K)->9232K(2036736K) Eden: 1968640K(1968640K)->0K(1974784K) From: 8976K(62976K)->9232K(61952K)
[62.888s][info ][gc,heap        ] GC(72) ParOldGen: 280574K(293376K)->282110K(293376K)
[62.888s][info ][gc,metaspace   ] GC(72) Metaspace: 73883K(74496K)->73883K(74496K) NonClass: 63649K(64000K)->63649K(64000K) Class: 10234K(10496K)->10234K(10496K)
[62.888s][info ][gc             ] GC(72) Pause Young (Allocation Failure) 2205M->284M(2275M) 8.260ms
[62.888s][info ][gc,cpu         ] GC(72) User=0.02s Sys=0.00s Real=0.01s
[62.888s][info ][safepoint      ] Safepoint "ParallelGCFailedAllocation", Time since last: 474097982 ns, Reaching safepoint: 52901 ns, At safepoint: 8336348 ns, Total: 8389249 ns
[63.888s][info ][safepoint      ] Safepoint "Cleanup", Time since last: 1000080898 ns, Reaching safepoint: 101603 ns, At safepoint: 6300 ns, Total: 107903 ns
[64.888s][info ][safepoint      ] Safepoint "Cleanup", Time since last: 1000109490 ns, Reaching safepoint: 52602 ns, At safepoint: 9500 ns, Total: 62102 ns
[66.888s][info ][safepoint      ] Safepoint "Cleanup", Time since last: 2000214755 ns, Reaching safepoint: 61302 ns, At safepoint: 10700 ns, Total: 72002 ns
[69.889s][info ][safepoint      ] Safepoint "Cleanup", Time since last: 3000247968 ns, Reaching safepoint: 72802 ns, At safepoint: 10700 ns, Total: 83502 ns
[71.889s][info ][safepoint      ] Safepoint "Cleanup", Time since last: 2000184870 ns, Reaching safepoint: 61302 ns, At safepoint: 7301 ns, Total: 68603 ns
[76.540s][info ][safepoint      ] Safepoint "ICBufferFull", Time since last: 4650446475 ns, Reaching safepoint: 185205 ns, At safepoint: 8601 ns, Total: 193806 ns
[77.082s][info ][safepoint      ] Safepoint "ICBufferFull", Time since last: 541932733 ns, Reaching safepoint: 170105 ns, At safepoint: 9200 ns, Total: 179305 ns
[78.082s][info ][safepoint      ] Safepoint "Cleanup", Time since last: 1000107580 ns, Reaching safepoint: 51202 ns, At safepoint: 6900 ns, Total: 58102 ns
[79.082s][info ][safepoint      ] Safepoint "Cleanup", Time since last: 1000113172 ns, Reaching safepoint: 60002 ns, At safepoint: 10600 ns, Total: 70602 ns
[80.082s][info ][safepoint      ] Safepoint "Cleanup", Time since last: 1000118765 ns, Reaching safepoint: 65501 ns, At safepoint: 6201 ns, Total: 71702 ns
[81.082s][info ][safepoint      ] Safepoint "Cleanup", Time since last: 1000124356 ns, Reaching safepoint: 38901 ns, At safepoint: 2800 ns, Total: 41701 ns
[82.083s][info ][safepoint      ] Safepoint "Cleanup", Time since last: 1000125548 ns, Reaching safepoint: 61802 ns, At safepoint: 10700 ns, Total: 72502 ns
[84.083s][info ][safepoint      ] Safepoint "Cleanup", Time since last: 2000192370 ns, Reaching safepoint: 68402 ns, At safepoint: 9000 ns, Total: 77402 ns
[85.083s][info ][safepoint      ] Safepoint "Cleanup", Time since last: 1000133624 ns, Reaching safepoint: 48501 ns, At safepoint: 3501 ns, Total: 52002 ns
[86.083s][info ][safepoint      ] Safepoint "Cleanup", Time since last: 1000118815 ns, Reaching safepoint: 64602 ns, At safepoint: 3600 ns, Total: 68202 ns
[87.083s][info ][safepoint      ] Safepoint "Cleanup", Time since last: 1000136108 ns, Reaching safepoint: 69302 ns, At safepoint: 6300 ns, Total: 75602 ns
[90.084s][info ][safepoint      ] Safepoint "Cleanup", Time since last: 3000264370 ns, Reaching safepoint: 52702 ns, At safepoint: 4400 ns, Total: 57102 ns
[91.084s][info ][safepoint      ] Safepoint "Cleanup", Time since last: 1000066273 ns, Reaching safepoint: 47702 ns, At safepoint: 8000 ns, Total: 55702 ns
[92.084s][info ][safepoint      ] Safepoint "Cleanup", Time since last: 1000112967 ns, Reaching safepoint: 55101 ns, At safepoint: 29201 ns, Total: 84302 ns
[95.684s][info ][safepoint      ] Safepoint "Cleanup", Time since last: 3599354482 ns, Reaching safepoint: 155405 ns, At safepoint: 9300 ns, Total: 164705 ns
[98.684s][info ][safepoint      ] Safepoint "Cleanup", Time since last: 3000256064 ns, Reaching safepoint: 54302 ns, At safepoint: 7900 ns, Total: 62202 ns
[105.684s][info ][safepoint      ] Safepoint "Cleanup", Time since last: 7000518572 ns, Reaching safepoint: 54602 ns, At safepoint: 2900 ns, Total: 57502 ns
[107.685s][info ][safepoint      ] Safepoint "Cleanup", Time since last: 2000189894 ns, Reaching safepoint: 57102 ns, At safepoint: 5000 ns, Total: 62102 ns
[108.694s][info ][safepoint      ] Safepoint "Cleanup", Time since last: 1009209103 ns, Reaching safepoint: 67202 ns, At safepoint: 23000 ns, Total: 90202 ns
[110.694s][info ][safepoint      ] Safepoint "Cleanup", Time since last: 2000162047 ns, Reaching safepoint: 57902 ns, At safepoint: 11900 ns, Total: 69802 ns
[112.694s][info ][safepoint      ] Safepoint "Cleanup", Time since last: 2000180417 ns, Reaching safepoint: 54701 ns, At safepoint: 6100 ns, Total: 60801 ns
[113.695s][info ][safepoint      ] Safepoint "Cleanup", Time since last: 1000105098 ns, Reaching safepoint: 33701 ns, At safepoint: 3200 ns, Total: 36901 ns
[116.695s][info ][safepoint      ] Safepoint "Cleanup", Time since last: 3000252943 ns, Reaching safepoint: 52702 ns, At safepoint: 3000 ns, Total: 55702 ns
[124.696s][info ][safepoint      ] Safepoint "Cleanup", Time since last: 8000591813 ns, Reaching safepoint: 72302 ns, At safepoint: 9201 ns, Total: 81503 ns
[128.696s][info ][safepoint      ] Safepoint "Cleanup", Time since last: 4000340377 ns, Reaching safepoint: 66802 ns, At safepoint: 7900 ns, Total: 74702 ns
[137.697s][info ][safepoint      ] Safepoint "Cleanup", Time since last: 9000636811 ns, Reaching safepoint: 52802 ns, At safepoint: 7000 ns, Total: 59802 ns
[139.697s][info ][safepoint      ] Safepoint "Cleanup", Time since last: 2000167311 ns, Reaching safepoint: 51502 ns, At safepoint: 3100 ns, Total: 54602 ns
[140.697s][info ][safepoint      ] Safepoint "Cleanup", Time since last: 1000081495 ns, Reaching safepoint: 50301 ns, At safepoint: 3500 ns, Total: 53801 ns
[147.698s][info ][safepoint      ] Safepoint "Cleanup", Time since last: 7000512058 ns, Reaching safepoint: 65102 ns, At safepoint: 14900 ns, Total: 80002 ns
[148.130s][info ][gc,start       ] GC(73) Pause Young (Allocation Failure)
[148.137s][debug][gc,phases      ] GC(73) Scavenge 6.613ms
[148.137s][debug][gc,ref         ] GC(73) Skipped phase 1 of Reference Processing: no references
[148.137s][debug][gc,ref         ] GC(73) Skipped phase 3 of Reference Processing: no references
[148.137s][debug][gc,phases      ] GC(73) Reference Processing 0.034ms
[148.137s][debug][gc,phases      ] GC(73) Weak Processing 0.541ms
[148.137s][debug][gc,age         ] GC(73) Desired survivor size 60293120 bytes, new threshold 15 (max threshold 15)
[148.138s][info ][gc,heap        ] GC(73) PSYoungGen: 1984016K(2036736K)->9040K(2035200K) Eden: 1974784K(1974784K)->0K(1974784K) From: 9232K(61952K)->9040K(60416K)
[148.138s][info ][gc,heap        ] GC(73) ParOldGen: 282110K(293376K)->282478K(293376K)
[148.138s][info ][gc,metaspace   ] GC(73) Metaspace: 74246K(74880K)->74246K(74880K) NonClass: 63979K(64320K)->63979K(64320K) Class: 10267K(10560K)->10267K(10560K)
[148.138s][info ][gc             ] GC(73) Pause Young (Allocation Failure) 2213M->284M(2274M) 7.324ms
[148.138s][info ][gc,cpu         ] GC(73) User=0.02s Sys=0.00s Real=0.01s
[148.138s][info ][safepoint      ] Safepoint "ParallelGCFailedAllocation", Time since last: 432477759 ns, Reaching safepoint: 33001 ns, At safepoint: 7399115 ns, Total: 7432116 ns
[151.138s][info ][safepoint      ] Safepoint "Cleanup", Time since last: 3000215778 ns, Reaching safepoint: 59202 ns, At safepoint: 7200 ns, Total: 66402 ns
[157.138s][info ][safepoint      ] Safepoint "Cleanup", Time since last: 6000446267 ns, Reaching safepoint: 80502 ns, At safepoint: 7500 ns, Total: 88002 ns
[159.139s][info ][safepoint      ] Safepoint "Cleanup", Time since last: 2000163733 ns, Reaching safepoint: 47301 ns, At safepoint: 7700 ns, Total: 55001 ns
[162.139s][info ][safepoint      ] Safepoint "Cleanup", Time since last: 3000239447 ns, Reaching safepoint: 55501 ns, At safepoint: 2900 ns, Total: 58401 ns
[166.139s][info ][safepoint      ] Safepoint "Cleanup", Time since last: 4000259596 ns, Reaching safepoint: 56202 ns, At safepoint: 9500 ns, Total: 65702 ns
[177.140s][info ][safepoint      ] Safepoint "Cleanup", Time since last: 11000740996 ns, Reaching safepoint: 60001 ns, At safepoint: 7100 ns, Total: 67101 ns
[179.140s][info ][safepoint      ] Safepoint "Cleanup", Time since last: 2000178758 ns, Reaching safepoint: 63502 ns, At safepoint: 9000 ns, Total: 72502 ns
[180.140s][info ][safepoint      ] Safepoint "Cleanup", Time since last: 1000115219 ns, Reaching safepoint: 72102 ns, At safepoint: 7301 ns, Total: 79403 ns
[184.141s][info ][safepoint      ] Safepoint "Cleanup", Time since last: 4000277404 ns, Reaching safepoint: 103903 ns, At safepoint: 8901 ns, Total: 112804 ns
[184.611s][info ][safepoint      ] Safepoint "ICBufferFull", Time since last: 470349838 ns, Reaching safepoint: 136004 ns, At safepoint: 8800 ns, Total: 144804 ns
[184.613s][info ][safepoint      ] Safepoint "ICBufferFull", Time since last: 1132432 ns, Reaching safepoint: 31701 ns, At safepoint: 1900 ns, Total: 33601 ns
[184.614s][info ][safepoint      ] Safepoint "ICBufferFull", Time since last: 1104032 ns, Reaching safepoint: 29901 ns, At safepoint: 1100 ns, Total: 31001 ns
[184.625s][info ][safepoint      ] Safepoint "ICBufferFull", Time since last: 11054018 ns, Reaching safepoint: 54002 ns, At safepoint: 32401 ns, Total: 86403 ns
[184.626s][info ][safepoint      ] Safepoint "ICBufferFull", Time since last: 1267436 ns, Reaching safepoint: 40601 ns, At safepoint: 6100 ns, Total: 46701 ns
[184.627s][info ][safepoint      ] Safepoint "ICBufferFull", Time since last: 888926 ns, Reaching safepoint: 44301 ns, At safepoint: 2100 ns, Total: 46401 ns
[184.628s][info ][safepoint      ] Safepoint "ICBufferFull", Time since last: 922427 ns, Reaching safepoint: 34401 ns, At safepoint: 1400 ns, Total: 35801 ns
[184.629s][info ][safepoint      ] Safepoint "ICBufferFull", Time since last: 877925 ns, Reaching safepoint: 33501 ns, At safepoint: 3100 ns, Total: 36601 ns
[184.636s][info ][safepoint      ] Safepoint "ICBufferFull", Time since last: 6799096 ns, Reaching safepoint: 60302 ns, At safepoint: 7600 ns, Total: 67902 ns
[184.637s][info ][safepoint      ] Safepoint "ICBufferFull", Time since last: 793923 ns, Reaching safepoint: 34201 ns, At safepoint: 2200 ns, Total: 36401 ns
[184.637s][info ][safepoint      ] Safepoint "ICBufferFull", Time since last: 791523 ns, Reaching safepoint: 26200 ns, At safepoint: 1900 ns, Total: 28100 ns
[184.638s][info ][safepoint      ] Safepoint "ICBufferFull", Time since last: 777623 ns, Reaching safepoint: 29801 ns, At safepoint: 2100 ns, Total: 31901 ns
[184.645s][info ][safepoint      ] Safepoint "ICBufferFull", Time since last: 6241479 ns, Reaching safepoint: 43502 ns, At safepoint: 5900 ns, Total: 49402 ns
[184.645s][info ][safepoint      ] Safepoint "ICBufferFull", Time since last: 787522 ns, Reaching safepoint: 27601 ns, At safepoint: 1100 ns, Total: 28701 ns
[184.646s][info ][safepoint      ] Safepoint "ICBufferFull", Time since last: 715021 ns, Reaching safepoint: 33001 ns, At safepoint: 2700 ns, Total: 35701 ns
[184.652s][info ][safepoint      ] Safepoint "ICBufferFull", Time since last: 6193478 ns, Reaching safepoint: 31501 ns, At safepoint: 2400 ns, Total: 33901 ns
[184.653s][info ][safepoint      ] Safepoint "ICBufferFull", Time since last: 753422 ns, Reaching safepoint: 15000 ns, At safepoint: 1300 ns, Total: 16300 ns
[184.654s][info ][safepoint      ] Safepoint "ICBufferFull", Time since last: 733221 ns, Reaching safepoint: 21801 ns, At safepoint: 1400 ns, Total: 23201 ns
[184.660s][info ][safepoint      ] Safepoint "ICBufferFull", Time since last: 6210079 ns, Reaching safepoint: 27001 ns, At safepoint: 1400 ns, Total: 28401 ns
[184.661s][info ][safepoint      ] Safepoint "ICBufferFull", Time since last: 771822 ns, Reaching safepoint: 25501 ns, At safepoint: 1300 ns, Total: 26801 ns
[184.662s][info ][safepoint      ] Safepoint "ICBufferFull", Time since last: 758321 ns, Reaching safepoint: 16401 ns, At safepoint: 1000 ns, Total: 17401 ns
[184.669s][info ][safepoint      ] Safepoint "ICBufferFull", Time since last: 7499716 ns, Reaching safepoint: 37701 ns, At safepoint: 2500 ns, Total: 40201 ns
[184.670s][info ][safepoint      ] Safepoint "ICBufferFull", Time since last: 818424 ns, Reaching safepoint: 33701 ns, At safepoint: 1400 ns, Total: 35101 ns
[184.671s][info ][safepoint      ] Safepoint "ICBufferFull", Time since last: 796322 ns, Reaching safepoint: 32701 ns, At safepoint: 1500 ns, Total: 34201 ns
[184.672s][info ][safepoint      ] Safepoint "ICBufferFull", Time since last: 788123 ns, Reaching safepoint: 33701 ns, At safepoint: 1000 ns, Total: 34701 ns
[184.678s][info ][safepoint      ] Safepoint "ICBufferFull", Time since last: 6567989 ns, Reaching safepoint: 28601 ns, At safepoint: 2100 ns, Total: 30701 ns
[184.679s][info ][safepoint      ] Safepoint "ICBufferFull", Time since last: 784923 ns, Reaching safepoint: 20500 ns, At safepoint: 1900 ns, Total: 22400 ns
[184.680s][info ][safepoint      ] Safepoint "ICBufferFull", Time since last: 778723 ns, Reaching safepoint: 29301 ns, At safepoint: 1600 ns, Total: 30901 ns
[184.688s][info ][safepoint      ] Safepoint "ICBufferFull", Time since last: 7526016 ns, Reaching safepoint: 37701 ns, At safepoint: 3000 ns, Total: 40701 ns
[184.688s][info ][safepoint      ] Safepoint "ICBufferFull", Time since last: 805624 ns, Reaching safepoint: 47701 ns, At safepoint: 1900 ns, Total: 49601 ns
[184.689s][info ][safepoint      ] Safepoint "ICBufferFull", Time since last: 794223 ns, Reaching safepoint: 35701 ns, At safepoint: 1400 ns, Total: 37101 ns
[184.690s][info ][safepoint      ] Safepoint "ICBufferFull", Time since last: 814023 ns, Reaching safepoint: 29401 ns, At safepoint: 1400 ns, Total: 30801 ns
[184.696s][info ][safepoint      ] Safepoint "ICBufferFull", Time since last: 6179078 ns, Reaching safepoint: 27101 ns, At safepoint: 3200 ns, Total: 30301 ns
[184.697s][info ][safepoint      ] Safepoint "ICBufferFull", Time since last: 790223 ns, Reaching safepoint: 22100 ns, At safepoint: 2000 ns, Total: 24100 ns
[184.698s][info ][safepoint      ] Safepoint "ICBufferFull", Time since last: 749222 ns, Reaching safepoint: 36701 ns, At safepoint: 1600 ns, Total: 38301 ns
[184.699s][info ][safepoint      ] Safepoint "ICBufferFull", Time since last: 710421 ns, Reaching safepoint: 27900 ns, At safepoint: 1100 ns, Total: 29000 ns
[184.705s][info ][safepoint      ] Safepoint "ICBufferFull", Time since last: 6324982 ns, Reaching safepoint: 42802 ns, At safepoint: 2000 ns, Total: 44802 ns
[184.706s][info ][safepoint      ] Safepoint "ICBufferFull", Time since last: 729321 ns, Reaching safepoint: 20400 ns, At safepoint: 1800 ns, Total: 22200 ns
[184.706s][info ][safepoint      ] Safepoint "ICBufferFull", Time since last: 697220 ns, Reaching safepoint: 17401 ns, At safepoint: 1900 ns, Total: 19301 ns
[184.713s][info ][safepoint      ] Safepoint "ICBufferFull", Time since last: 6170078 ns, Reaching safepoint: 29200 ns, At safepoint: 6701 ns, Total: 35901 ns
[184.713s][info ][safepoint      ] Safepoint "ICBufferFull", Time since last: 769922 ns, Reaching safepoint: 31701 ns, At safepoint: 2100 ns, Total: 33801 ns
[184.714s][info ][safepoint      ] Safepoint "ICBufferFull", Time since last: 701220 ns, Reaching safepoint: 26201 ns, At safepoint: 1400 ns, Total: 27601 ns
[184.715s][info ][safepoint      ] Safepoint "ICBufferFull", Time since last: 708020 ns, Reaching safepoint: 31401 ns, At safepoint: 1600 ns, Total: 33001 ns
[184.721s][info ][safepoint      ] Safepoint "ICBufferFull", Time since last: 6240380 ns, Reaching safepoint: 49101 ns, At safepoint: 1700 ns, Total: 50801 ns
[184.722s][info ][safepoint      ] Safepoint "ICBufferFull", Time since last: 742121 ns, Reaching safepoint: 32601 ns, At safepoint: 2700 ns, Total: 35301 ns
[184.723s][info ][safepoint      ] Safepoint "ICBufferFull", Time since last: 712221 ns, Reaching safepoint: 25101 ns, At safepoint: 1600 ns, Total: 26701 ns
[184.723s][info ][safepoint      ] Safepoint "ICBufferFull", Time since last: 716020 ns, Reaching safepoint: 24201 ns, At safepoint: 1500 ns, Total: 25701 ns
[184.730s][info ][safepoint      ] Safepoint "ICBufferFull", Time since last: 6655192 ns, Reaching safepoint: 54301 ns, At safepoint: 4400 ns, Total: 58701 ns
[184.731s][info ][safepoint      ] Safepoint "ICBufferFull", Time since last: 785123 ns, Reaching safepoint: 27401 ns, At safepoint: 2400 ns, Total: 29801 ns
[184.732s][info ][safepoint      ] Safepoint "ICBufferFull", Time since last: 757522 ns, Reaching safepoint: 37101 ns, At safepoint: 2600 ns, Total: 39701 ns
[184.733s][info ][safepoint      ] Safepoint "ICBufferFull", Time since last: 744421 ns, Reaching safepoint: 41001 ns, At safepoint: 7001 ns, Total: 48002 ns
[184.739s][info ][safepoint      ] Safepoint "ICBufferFull", Time since last: 6584589 ns, Reaching safepoint: 36201 ns, At safepoint: 3800 ns, Total: 40001 ns
[184.740s][info ][safepoint      ] Safepoint "ICBufferFull", Time since last: 744722 ns, Reaching safepoint: 31001 ns, At safepoint: 1200 ns, Total: 32201 ns
[184.741s][info ][safepoint      ] Safepoint "ICBufferFull", Time since last: 748421 ns, Reaching safepoint: 19001 ns, At safepoint: 1800 ns, Total: 20801 ns
[184.747s][info ][safepoint      ] Safepoint "ICBufferFull", Time since last: 6302981 ns, Reaching safepoint: 44201 ns, At safepoint: 3301 ns, Total: 47502 ns
[184.748s][info ][safepoint      ] Safepoint "ICBufferFull", Time since last: 778722 ns, Reaching safepoint: 33101 ns, At safepoint: 1800 ns, Total: 34901 ns
[184.749s][info ][safepoint      ] Safepoint "ICBufferFull", Time since last: 727621 ns, Reaching safepoint: 31901 ns, At safepoint: 1800 ns, Total: 33701 ns
[184.749s][info ][safepoint      ] Safepoint "ICBufferFull", Time since last: 746121 ns, Reaching safepoint: 36401 ns, At safepoint: 1400 ns, Total: 37801 ns
[184.756s][info ][safepoint      ] Safepoint "ICBufferFull", Time since last: 6229780 ns, Reaching safepoint: 37601 ns, At safepoint: 2200 ns, Total: 39801 ns
[184.756s][info ][safepoint      ] Safepoint "ICBufferFull", Time since last: 729321 ns, Reaching safepoint: 17600 ns, At safepoint: 1300 ns, Total: 18900 ns
[184.757s][info ][safepoint      ] Safepoint "ICBufferFull", Time since last: 714821 ns, Reaching safepoint: 17300 ns, At safepoint: 1701 ns, Total: 19001 ns
[184.758s][info ][safepoint      ] Safepoint "ICBufferFull", Time since last: 715220 ns, Reaching safepoint: 33701 ns, At safepoint: 2300 ns, Total: 36001 ns
[184.764s][info ][safepoint      ] Safepoint "ICBufferFull", Time since last: 6273681 ns, Reaching safepoint: 35401 ns, At safepoint: 3800 ns, Total: 39201 ns
[184.765s][info ][safepoint      ] Safepoint "ICBufferFull", Time since last: 818323 ns, Reaching safepoint: 28301 ns, At safepoint: 1100 ns, Total: 29401 ns
[184.766s][info ][safepoint      ] Safepoint "ICBufferFull", Time since last: 757322 ns, Reaching safepoint: 15800 ns, At safepoint: 1601 ns, Total: 17401 ns
[184.767s][info ][safepoint      ] Safepoint "ICBufferFull", Time since last: 748521 ns, Reaching safepoint: 31001 ns, At safepoint: 1500 ns, Total: 32501 ns
[184.773s][info ][safepoint      ] Safepoint "ICBufferFull", Time since last: 6412785 ns, Reaching safepoint: 36901 ns, At safepoint: 1700 ns, Total: 38601 ns
[184.774s][info ][safepoint      ] Safepoint "ICBufferFull", Time since last: 726221 ns, Reaching safepoint: 22800 ns, At safepoint: 1200 ns, Total: 24000 ns
[184.775s][info ][safepoint      ] Safepoint "ICBufferFull", Time since last: 701720 ns, Reaching safepoint: 28601 ns, At safepoint: 2600 ns, Total: 31201 ns
[184.781s][info ][safepoint      ] Safepoint "ICBufferFull", Time since last: 6171978 ns, Reaching safepoint: 63202 ns, At safepoint: 3400 ns, Total: 66602 ns
[184.782s][info ][safepoint      ] Safepoint "ICBufferFull", Time since last: 747621 ns, Reaching safepoint: 46202 ns, At safepoint: 2200 ns, Total: 48402 ns
[184.782s][info ][safepoint      ] Safepoint "ICBufferFull", Time since last: 750421 ns, Reaching safepoint: 33201 ns, At safepoint: 1400 ns, Total: 34601 ns
[184.791s][info ][safepoint      ] Safepoint "ICBufferFull", Time since last: 8123934 ns, Reaching safepoint: 51802 ns, At safepoint: 2700 ns, Total: 54502 ns
[184.791s][info ][safepoint      ] Safepoint "ICBufferFull", Time since last: 820623 ns, Reaching safepoint: 27401 ns, At safepoint: 1500 ns, Total: 28901 ns
[184.792s][info ][safepoint      ] Safepoint "ICBufferFull", Time since last: 720721 ns, Reaching safepoint: 31201 ns, At safepoint: 1400 ns, Total: 32601 ns
[184.793s][info ][safepoint      ] Safepoint "ICBufferFull", Time since last: 733621 ns, Reaching safepoint: 156405 ns, At safepoint: 5400 ns, Total: 161805 ns
[184.794s][info ][safepoint      ] Safepoint "ICBufferFull", Time since last: 753021 ns, Reaching safepoint: 30901 ns, At safepoint: 4100 ns, Total: 35001 ns
[184.800s][info ][safepoint      ] Safepoint "ICBufferFull", Time since last: 6375684 ns, Reaching safepoint: 35101 ns, At safepoint: 2100 ns, Total: 37201 ns
[184.801s][info ][safepoint      ] Safepoint "ICBufferFull", Time since last: 910926 ns, Reaching safepoint: 17401 ns, At safepoint: 1400 ns, Total: 18801 ns
[184.802s][info ][safepoint      ] Safepoint "ICBufferFull", Time since last: 826324 ns, Reaching safepoint: 28200 ns, At safepoint: 4201 ns, Total: 32401 ns
[184.808s][info ][safepoint      ] Safepoint "ICBufferFull", Time since last: 6243579 ns, Reaching safepoint: 105003 ns, At safepoint: 5200 ns, Total: 110203 ns
[184.809s][info ][safepoint      ] Safepoint "ICBufferFull", Time since last: 747822 ns, Reaching safepoint: 31501 ns, At safepoint: 5900 ns, Total: 37401 ns
[184.810s][info ][safepoint      ] Safepoint "ICBufferFull", Time since last: 717321 ns, Reaching safepoint: 18700 ns, At safepoint: 2100 ns, Total: 20800 ns
[184.816s][info ][safepoint      ] Safepoint "ICBufferFull", Time since last: 6048474 ns, Reaching safepoint: 21301 ns, At safepoint: 5600 ns, Total: 26901 ns
[184.822s][info ][safepoint      ] Safepoint "ICBufferFull", Time since last: 6011673 ns, Reaching safepoint: 20601 ns, At safepoint: 5100 ns, Total: 25701 ns
[184.828s][info ][safepoint      ] Safepoint "ICBufferFull", Time since last: 6315282 ns, Reaching safepoint: 32701 ns, At safepoint: 4400 ns, Total: 37101 ns
[184.829s][info ][safepoint      ] Safepoint "ICBufferFull", Time since last: 878825 ns, Reaching safepoint: 17601 ns, At safepoint: 1400 ns, Total: 19001 ns
[184.837s][info ][safepoint      ] Safepoint "ICBufferFull", Time since last: 7884326 ns, Reaching safepoint: 38902 ns, At safepoint: 2800 ns, Total: 41702 ns
[184.838s][info ][safepoint      ] Safepoint "ICBufferFull", Time since last: 823523 ns, Reaching safepoint: 17601 ns, At safepoint: 3800 ns, Total: 21401 ns
[184.844s][info ][safepoint      ] Safepoint "ICBufferFull", Time since last: 6328282 ns, Reaching safepoint: 38101 ns, At safepoint: 2700 ns, Total: 40801 ns
[184.851s][info ][safepoint      ] Safepoint "ICBufferFull", Time since last: 6379484 ns, Reaching safepoint: 27501 ns, At safepoint: 2400 ns, Total: 29901 ns
[184.852s][info ][safepoint      ] Safepoint "ICBufferFull", Time since last: 833324 ns, Reaching safepoint: 19300 ns, At safepoint: 2400 ns, Total: 21700 ns
[184.888s][info ][safepoint      ] Safepoint "ICBufferFull", Time since last: 35602125 ns, Reaching safepoint: 161505 ns, At safepoint: 7900 ns, Total: 169405 ns
[185.888s][info ][safepoint      ] Safepoint "Cleanup", Time since last: 1000100980 ns, Reaching safepoint: 118104 ns, At safepoint: 5400 ns, Total: 123504 ns
[186.888s][info ][safepoint      ] Safepoint "Cleanup", Time since last: 1000109674 ns, Reaching safepoint: 67402 ns, At safepoint: 16800 ns, Total: 84202 ns
[187.888s][info ][safepoint      ] Safepoint "Cleanup", Time since last: 1000106268 ns, Reaching safepoint: 81702 ns, At safepoint: 9400 ns, Total: 91102 ns
[188.888s][info ][safepoint      ] Safepoint "Cleanup", Time since last: 1000124261 ns, Reaching safepoint: 63402 ns, At safepoint: 8701 ns, Total: 72103 ns
[189.889s][info ][safepoint      ] Safepoint "Cleanup", Time since last: 1000117954 ns, Reaching safepoint: 69102 ns, At safepoint: 6600 ns, Total: 75702 ns
[190.889s][info ][safepoint      ] Safepoint "Cleanup", Time since last: 1000112548 ns, Reaching safepoint: 66802 ns, At safepoint: 7600 ns, Total: 74402 ns
[191.889s][info ][safepoint      ] Safepoint "Cleanup", Time since last: 1000104340 ns, Reaching safepoint: 42402 ns, At safepoint: 3100 ns, Total: 45502 ns
[192.889s][info ][safepoint      ] Safepoint "Cleanup", Time since last: 1000111734 ns, Reaching safepoint: 49502 ns, At safepoint: 5500 ns, Total: 55002 ns
[194.239s][info ][safepoint      ] Safepoint "Cleanup", Time since last: 1349287956 ns, Reaching safepoint: 215506 ns, At safepoint: 9201 ns, Total: 224707 ns
[195.239s][info ][safepoint      ] Safepoint "Cleanup", Time since last: 1000105918 ns, Reaching safepoint: 74402 ns, At safepoint: 10001 ns, Total: 84403 ns
[196.239s][info ][safepoint      ] Safepoint "Cleanup", Time since last: 1000131013 ns, Reaching safepoint: 51901 ns, At safepoint: 3200 ns, Total: 55101 ns
[197.239s][info ][safepoint      ] Safepoint "Cleanup", Time since last: 1000114706 ns, Reaching safepoint: 78003 ns, At safepoint: 11500 ns, Total: 89503 ns
[198.239s][info ][safepoint      ] Safepoint "Cleanup", Time since last: 1000103999 ns, Reaching safepoint: 60202 ns, At safepoint: 15400 ns, Total: 75602 ns
[199.239s][info ][safepoint      ] Safepoint "Cleanup", Time since last: 1000116993 ns, Reaching safepoint: 53202 ns, At safepoint: 10000 ns, Total: 63202 ns
[200.240s][info ][safepoint      ] Safepoint "Cleanup", Time since last: 1000108686 ns, Reaching safepoint: 61902 ns, At safepoint: 5600 ns, Total: 67502 ns
[201.240s][info ][safepoint      ] Safepoint "Cleanup", Time since last: 1000114380 ns, Reaching safepoint: 53802 ns, At safepoint: 8100 ns, Total: 61902 ns
[202.240s][info ][safepoint      ] Safepoint "Cleanup", Time since last: 1000108573 ns, Reaching safepoint: 57202 ns, At safepoint: 7400 ns, Total: 64602 ns
[203.240s][info ][safepoint      ] Safepoint "Cleanup", Time since last: 1000109267 ns, Reaching safepoint: 60102 ns, At safepoint: 7400 ns, Total: 67502 ns
[204.240s][info ][safepoint      ] Safepoint "Cleanup", Time since last: 1000104161 ns, Reaching safepoint: 48801 ns, At safepoint: 5300 ns, Total: 54101 ns
[205.241s][info ][safepoint      ] Safepoint "Cleanup", Time since last: 1000108154 ns, Reaching safepoint: 61802 ns, At safepoint: 5600 ns, Total: 67402 ns
[206.241s][info ][safepoint      ] Safepoint "Cleanup", Time since last: 1000102248 ns, Reaching safepoint: 105903 ns, At safepoint: 7200 ns, Total: 113103 ns
[207.241s][info ][safepoint      ] Safepoint "Cleanup", Time since last: 1000114341 ns, Reaching safepoint: 49302 ns, At safepoint: 7000 ns, Total: 56302 ns
[208.241s][info ][safepoint      ] Safepoint "Cleanup", Time since last: 1000107235 ns, Reaching safepoint: 53501 ns, At safepoint: 8600 ns, Total: 62101 ns
[210.241s][info ][safepoint      ] Safepoint "Cleanup", Time since last: 2000147549 ns, Reaching safepoint: 62902 ns, At safepoint: 7500 ns, Total: 70402 ns
[212.241s][info ][safepoint      ] Safepoint "Cleanup", Time since last: 2000136023 ns, Reaching safepoint: 46401 ns, At safepoint: 3500 ns, Total: 49901 ns
[213.242s][info ][safepoint      ] Safepoint "Cleanup", Time since last: 1000106003 ns, Reaching safepoint: 68502 ns, At safepoint: 12401 ns, Total: 80903 ns
[214.242s][info ][safepoint      ] Safepoint "Cleanup", Time since last: 1000115297 ns, Reaching safepoint: 52301 ns, At safepoint: 3700 ns, Total: 56001 ns
[215.242s][info ][safepoint      ] Safepoint "Cleanup", Time since last: 1000108891 ns, Reaching safepoint: 75102 ns, At safepoint: 6200 ns, Total: 81302 ns
[216.242s][info ][safepoint      ] Safepoint "Cleanup", Time since last: 1000097984 ns, Reaching safepoint: 80302 ns, At safepoint: 5601 ns, Total: 85903 ns
[217.242s][info ][safepoint      ] Safepoint "Cleanup", Time since last: 1000112078 ns, Reaching safepoint: 65402 ns, At safepoint: 9300 ns, Total: 74702 ns
[218.243s][info ][safepoint      ] Safepoint "Cleanup", Time since last: 1000116472 ns, Reaching safepoint: 127703 ns, At safepoint: 13701 ns, Total: 141404 ns
[219.130s][info ][gc,start       ] GC(74) Pause Young (Allocation Failure)
[219.146s][debug][gc,phases      ] GC(74) Scavenge 16.136ms
[219.146s][debug][gc,ref         ] GC(74) Skipped phase 1 of Reference Processing: no references
[219.146s][debug][gc,phases      ] GC(74) Reference Processing 0.092ms
[219.147s][debug][gc,phases      ] GC(74) Weak Processing 0.602ms
[219.147s][debug][gc,age         ] GC(74) Desired survivor size 63963136 bytes, new threshold 15 (max threshold 15)
[219.147s][info ][gc,heap        ] GC(74) PSYoungGen: 1983824K(2035200K)->41477K(2031104K) Eden: 1974784K(1974784K)->0K(1972224K) From: 9040K(60416K)->41477K(58880K)
[219.147s][info ][gc,heap        ] GC(74) ParOldGen: 282478K(293376K)->282790K(293376K)
[219.147s][info ][gc,metaspace   ] GC(74) Metaspace: 74706K(75264K)->74706K(75264K) NonClass: 64376K(64640K)->64376K(64640K) Class: 10330K(10624K)->10330K(10624K)
[219.147s][info ][gc             ] GC(74) Pause Young (Allocation Failure) 2213M->316M(2270M) 16.980ms
[219.147s][info ][gc,cpu         ] GC(74) User=0.02s Sys=0.05s Real=0.02s
[219.147s][info ][safepoint      ] Safepoint "ParallelGCFailedAllocation", Time since last: 887081238 ns, Reaching safepoint: 44501 ns, At safepoint: 17067587 ns, Total: 17112088 ns
[220.147s][info ][safepoint      ] Safepoint "Cleanup", Time since last: 1000076359 ns, Reaching safepoint: 55802 ns, At safepoint: 7900 ns, Total: 63702 ns
[221.147s][info ][safepoint      ] Safepoint "Cleanup", Time since last: 1000062852 ns, Reaching safepoint: 51702 ns, At safepoint: 8700 ns, Total: 60402 ns
[222.147s][info ][safepoint      ] Safepoint "Cleanup", Time since last: 1000100047 ns, Reaching safepoint: 60302 ns, At safepoint: 4400 ns, Total: 64702 ns
[223.147s][info ][safepoint      ] Safepoint "Cleanup", Time since last: 1000103241 ns, Reaching safepoint: 51401 ns, At safepoint: 5200 ns, Total: 56601 ns
[224.148s][info ][safepoint      ] Safepoint "Cleanup", Time since last: 1000119136 ns, Reaching safepoint: 64602 ns, At safepoint: 11900 ns, Total: 76502 ns
[225.148s][info ][safepoint      ] Safepoint "Cleanup", Time since last: 1000116629 ns, Reaching safepoint: 68302 ns, At safepoint: 20701 ns, Total: 89003 ns
[226.197s][info ][safepoint      ] Safepoint "Cleanup", Time since last: 1049006716 ns, Reaching safepoint: 123404 ns, At safepoint: 10100 ns, Total: 133504 ns
[227.197s][info ][safepoint      ] Safepoint "Cleanup", Time since last: 1000081716 ns, Reaching safepoint: 78402 ns, At safepoint: 6400 ns, Total: 84802 ns
[228.197s][info ][safepoint      ] Safepoint "Cleanup", Time since last: 1000108310 ns, Reaching safepoint: 53502 ns, At safepoint: 5200 ns, Total: 58702 ns
[229.197s][info ][safepoint      ] Safepoint "Cleanup", Time since last: 1000110504 ns, Reaching safepoint: 48301 ns, At safepoint: 2200 ns, Total: 50501 ns
[230.198s][info ][safepoint      ] Safepoint "Cleanup", Time since last: 1000113398 ns, Reaching safepoint: 57102 ns, At safepoint: 8300 ns, Total: 65402 ns
[231.198s][info ][safepoint      ] Safepoint "Cleanup", Time since last: 1000115792 ns, Reaching safepoint: 48101 ns, At safepoint: 10700 ns, Total: 58801 ns
[232.198s][info ][safepoint      ] Safepoint "Cleanup", Time since last: 1000109086 ns, Reaching safepoint: 65702 ns, At safepoint: 3800 ns, Total: 69502 ns
[233.198s][info ][safepoint      ] Safepoint "Cleanup", Time since last: 1000111780 ns, Reaching safepoint: 60701 ns, At safepoint: 5301 ns, Total: 66002 ns
[234.198s][info ][safepoint      ] Safepoint "Cleanup", Time since last: 1000115973 ns, Reaching safepoint: 58402 ns, At safepoint: 6100 ns, Total: 64502 ns
[236.199s][info ][safepoint      ] Safepoint "Cleanup", Time since last: 2000198228 ns, Reaching safepoint: 67702 ns, At safepoint: 3700 ns, Total: 71402 ns
[238.199s][info ][safepoint      ] Safepoint "Cleanup", Time since last: 2000149703 ns, Reaching safepoint: 48301 ns, At safepoint: 9100 ns, Total: 57401 ns
[239.199s][info ][safepoint      ] Safepoint "Cleanup", Time since last: 1000119744 ns, Reaching safepoint: 60502 ns, At safepoint: 13500 ns, Total: 74002 ns
[240.199s][info ][safepoint      ] Safepoint "Cleanup", Time since last: 1000078037 ns, Reaching safepoint: 52301 ns, At safepoint: 5100 ns, Total: 57401 ns
[241.199s][info ][safepoint      ] Safepoint "Cleanup", Time since last: 1000080731 ns, Reaching safepoint: 47801 ns, At safepoint: 2400 ns, Total: 50201 ns
[242.199s][info ][safepoint      ] Safepoint "Cleanup", Time since last: 1000114726 ns, Reaching safepoint: 44901 ns, At safepoint: 7100 ns, Total: 52001 ns
[245.200s][info ][safepoint      ] Safepoint "Cleanup", Time since last: 3000267439 ns, Reaching safepoint: 45901 ns, At safepoint: 5700 ns, Total: 51601 ns
[247.200s][info ][safepoint      ] Safepoint "Cleanup", Time since last: 2000185596 ns, Reaching safepoint: 77602 ns, At safepoint: 7401 ns, Total: 85003 ns
[251.200s][info ][safepoint      ] Safepoint "Cleanup", Time since last: 4000243318 ns, Reaching safepoint: 61201 ns, At safepoint: 8901 ns, Total: 70102 ns
[252.201s][info ][safepoint      ] Safepoint "Cleanup", Time since last: 1000097266 ns, Reaching safepoint: 63201 ns, At safepoint: 8201 ns, Total: 71402 ns
[253.201s][info ][safepoint      ] Safepoint "Cleanup", Time since last: 1000110460 ns, Reaching safepoint: 80302 ns, At safepoint: 5600 ns, Total: 85902 ns
[254.201s][info ][safepoint      ] Safepoint "Cleanup", Time since last: 1000130656 ns, Reaching safepoint: 49601 ns, At safepoint: 10200 ns, Total: 59801 ns
[255.201s][info ][safepoint      ] Safepoint "Cleanup", Time since last: 1000106549 ns, Reaching safepoint: 55001 ns, At safepoint: 7401 ns, Total: 62402 ns
[256.201s][info ][safepoint      ] Safepoint "Cleanup", Time since last: 1000104142 ns, Reaching safepoint: 56602 ns, At safepoint: 5100 ns, Total: 61702 ns
[258.201s][info ][safepoint      ] Safepoint "Cleanup", Time since last: 2000163267 ns, Reaching safepoint: 47001 ns, At safepoint: 2700 ns, Total: 49701 ns
[260.202s][info ][safepoint      ] Safepoint "Cleanup", Time since last: 2000170944 ns, Reaching safepoint: 54802 ns, At safepoint: 6300 ns, Total: 61102 ns
[262.202s][info ][safepoint      ] Safepoint "Cleanup", Time since last: 2000168821 ns, Reaching safepoint: 113503 ns, At safepoint: 11900 ns, Total: 125403 ns
[265.202s][info ][safepoint      ] Safepoint "Cleanup", Time since last: 3000217188 ns, Reaching safepoint: 49801 ns, At safepoint: 8100 ns, Total: 57901 ns
[267.203s][info ][safepoint      ] Safepoint "Cleanup", Time since last: 2000169264 ns, Reaching safepoint: 60102 ns, At safepoint: 8200 ns, Total: 68302 ns
[268.203s][info ][safepoint      ] Safepoint "Cleanup", Time since last: 1000102874 ns, Reaching safepoint: 57301 ns, At safepoint: 11101 ns, Total: 68402 ns
[269.203s][info ][safepoint      ] Safepoint "Cleanup", Time since last: 1000124468 ns, Reaching safepoint: 52602 ns, At safepoint: 5900 ns, Total: 58502 ns
[270.203s][info ][safepoint      ] Safepoint "Cleanup", Time since last: 1000110263 ns, Reaching safepoint: 56001 ns, At safepoint: 4100 ns, Total: 60101 ns
[273.203s][info ][safepoint      ] Safepoint "Cleanup", Time since last: 3000227752 ns, Reaching safepoint: 74302 ns, At safepoint: 6100 ns, Total: 80402 ns
[274.204s][info ][safepoint      ] Safepoint "Cleanup", Time since last: 1000107040 ns, Reaching safepoint: 64602 ns, At safepoint: 4100 ns, Total: 68702 ns
[275.204s][info ][safepoint      ] Safepoint "Cleanup", Time since last: 1000107335 ns, Reaching safepoint: 57601 ns, At safepoint: 8000 ns, Total: 65601 ns
[277.204s][info ][safepoint      ] Safepoint "Cleanup", Time since last: 2000146851 ns, Reaching safepoint: 88302 ns, At safepoint: 6400 ns, Total: 94702 ns
[279.204s][info ][safepoint      ] Safepoint "Cleanup", Time since last: 2000164529 ns, Reaching safepoint: 44601 ns, At safepoint: 10900 ns, Total: 55501 ns
[281.204s][info ][safepoint      ] Safepoint "Cleanup", Time since last: 2000161507 ns, Reaching safepoint: 56801 ns, At safepoint: 8801 ns, Total: 65602 ns
[284.205s][info ][safepoint      ] Safepoint "Cleanup", Time since last: 3000241768 ns, Reaching safepoint: 73902 ns, At safepoint: 7900 ns, Total: 81802 ns
[285.205s][info ][safepoint      ] Safepoint "Cleanup", Time since last: 1000066078 ns, Reaching safepoint: 59201 ns, At safepoint: 5901 ns, Total: 65102 ns
[287.480s][info ][gc,start       ] GC(75) Pause Young (Allocation Failure)
[287.490s][debug][gc,phases      ] GC(75) Scavenge 10.466ms
[287.490s][debug][gc,ref         ] GC(75) Skipped phase 1 of Reference Processing: no references
[287.490s][debug][gc,ref         ] GC(75) Skipped phase 3 of Reference Processing: no references
[287.490s][debug][gc,phases      ] GC(75) Reference Processing 0.038ms
[287.491s][debug][gc,phases      ] GC(75) Weak Processing 0.545ms
[287.491s][debug][gc,age         ] GC(75) Desired survivor size 65011712 bytes, new threshold 15 (max threshold 15)
[287.491s][info ][gc,heap        ] GC(75) PSYoungGen: 2013701K(2031104K)->35971K(2008576K) Eden: 1972224K(1972224K)->0K(1972224K) From: 41477K(58880K)->35971K(36352K)
[287.491s][info ][gc,heap        ] GC(75) ParOldGen: 282790K(293376K)->283174K(293376K)
[287.491s][info ][gc,metaspace   ] GC(75) Metaspace: 74819K(75456K)->74819K(75456K) NonClass: 64483K(64832K)->64483K(64832K) Class: 10335K(10624K)->10335K(10624K)
[287.491s][info ][gc             ] GC(75) Pause Young (Allocation Failure) 2242M->311M(2248M) 11.196ms
[287.491s][info ][gc,cpu         ] GC(75) User=0.04s Sys=0.00s Real=0.01s
[287.491s][info ][safepoint      ] Safepoint "ParallelGCFailedAllocation", Time since last: 2274832775 ns, Reaching safepoint: 39701 ns, At safepoint: 11324019 ns, Total: 11363720 ns
[288.491s][info ][safepoint      ] Safepoint "Cleanup", Time since last: 1000038659 ns, Reaching safepoint: 50701 ns, At safepoint: 8300 ns, Total: 59001 ns
[289.616s][info ][safepoint      ] Safepoint "Cleanup", Time since last: 1124747965 ns, Reaching safepoint: 85402 ns, At safepoint: 7000 ns, Total: 92402 ns
[291.280s][info ][safepoint      ] Safepoint "Cleanup", Time since last: 1664445746 ns, Reaching safepoint: 36101 ns, At safepoint: 9000 ns, Total: 45101 ns
[292.281s][info ][safepoint      ] Safepoint "Cleanup", Time since last: 1000116941 ns, Reaching safepoint: 106303 ns, At safepoint: 13600 ns, Total: 119903 ns
[293.881s][info ][safepoint      ] Safepoint "Cleanup", Time since last: 1599841505 ns, Reaching safepoint: 129103 ns, At safepoint: 8200 ns, Total: 137303 ns
[295.881s][info ][safepoint      ] Safepoint "Cleanup", Time since last: 2000114745 ns, Reaching safepoint: 58802 ns, At safepoint: 3000 ns, Total: 61802 ns
[298.881s][info ][safepoint      ] Safepoint "Cleanup", Time since last: 3000254329 ns, Reaching safepoint: 126504 ns, At safepoint: 7300 ns, Total: 133804 ns
[299.881s][info ][safepoint      ] Safepoint "Cleanup", Time since last: 1000123300 ns, Reaching safepoint: 69402 ns, At safepoint: 6600 ns, Total: 76002 ns
[300.882s][info ][safepoint      ] Safepoint "Cleanup", Time since last: 1000110395 ns, Reaching safepoint: 61101 ns, At safepoint: 4600 ns, Total: 65701 ns
[301.882s][info ][safepoint      ] Safepoint "Cleanup", Time since last: 1000121790 ns, Reaching safepoint: 59302 ns, At safepoint: 7800 ns, Total: 67102 ns
[303.882s][info ][safepoint      ] Safepoint "Cleanup", Time since last: 2000195461 ns, Reaching safepoint: 61402 ns, At safepoint: 8400 ns, Total: 69802 ns
[304.882s][info ][safepoint      ] Safepoint "Cleanup", Time since last: 1000112874 ns, Reaching safepoint: 65102 ns, At safepoint: 3300 ns, Total: 68402 ns
[305.882s][info ][safepoint      ] Safepoint "Cleanup", Time since last: 1000118268 ns, Reaching safepoint: 54401 ns, At safepoint: 7301 ns, Total: 61702 ns
[307.883s][info ][safepoint      ] Safepoint "Cleanup", Time since last: 2000214120 ns, Reaching safepoint: 85702 ns, At safepoint: 9000 ns, Total: 94702 ns
[308.883s][info ][safepoint      ] Safepoint "Cleanup", Time since last: 1000114652 ns, Reaching safepoint: 64502 ns, At safepoint: 6300 ns, Total: 70802 ns
[309.883s][info ][safepoint      ] Safepoint "Cleanup", Time since last: 1000123548 ns, Reaching safepoint: 56101 ns, At safepoint: 3300 ns, Total: 59401 ns
[312.883s][info ][safepoint      ] Safepoint "Cleanup", Time since last: 3000251508 ns, Reaching safepoint: 63702 ns, At safepoint: 9400 ns, Total: 73102 ns
[313.884s][info ][safepoint      ] Safepoint "Cleanup", Time since last: 1000118026 ns, Reaching safepoint: 70602 ns, At safepoint: 10900 ns, Total: 81502 ns
[316.884s][info ][safepoint      ] Safepoint "Cleanup", Time since last: 3000254046 ns, Reaching safepoint: 137603 ns, At safepoint: 13601 ns, Total: 151204 ns
[317.884s][info ][safepoint      ] Safepoint "Cleanup", Time since last: 1000124306 ns, Reaching safepoint: 57001 ns, At safepoint: 3100 ns, Total: 60101 ns
[320.885s][info ][safepoint      ] Safepoint "Cleanup", Time since last: 3000247484 ns, Reaching safepoint: 63601 ns, At safepoint: 8301 ns, Total: 71902 ns
[321.885s][info ][safepoint      ] Safepoint "Cleanup", Time since last: 1000115185 ns, Reaching safepoint: 83202 ns, At safepoint: 7900 ns, Total: 91102 ns
[322.885s][info ][safepoint      ] Safepoint "Cleanup", Time since last: 1000117680 ns, Reaching safepoint: 73402 ns, At safepoint: 10801 ns, Total: 84203 ns
[324.885s][info ][safepoint      ] Safepoint "Cleanup", Time since last: 2000196343 ns, Reaching safepoint: 52302 ns, At safepoint: 5300 ns, Total: 57602 ns
[325.885s][info ][safepoint      ] Safepoint "Cleanup", Time since last: 1000112265 ns, Reaching safepoint: 51601 ns, At safepoint: 8500 ns, Total: 60101 ns
[326.886s][info ][safepoint      ] Safepoint "Cleanup", Time since last: 1000113960 ns, Reaching safepoint: 77002 ns, At safepoint: 7600 ns, Total: 84602 ns
[327.886s][info ][safepoint      ] Safepoint "Cleanup", Time since last: 1000110955 ns, Reaching safepoint: 59601 ns, At safepoint: 8801 ns, Total: 68402 ns
[328.886s][info ][safepoint      ] Safepoint "Cleanup", Time since last: 1000105349 ns, Reaching safepoint: 101203 ns, At safepoint: 6400 ns, Total: 107603 ns
[329.886s][info ][safepoint      ] Safepoint "Cleanup", Time since last: 1000106944 ns, Reaching safepoint: 55902 ns, At safepoint: 8500 ns, Total: 64402 ns
[331.886s][info ][safepoint      ] Safepoint "Cleanup", Time since last: 2000175273 ns, Reaching safepoint: 57401 ns, At safepoint: 12200 ns, Total: 69601 ns
[333.887s][info ][safepoint      ] Safepoint "Cleanup", Time since last: 2000172353 ns, Reaching safepoint: 57301 ns, At safepoint: 7301 ns, Total: 64602 ns
[337.887s][info ][safepoint      ] Safepoint "Cleanup", Time since last: 4000323544 ns, Reaching safepoint: 85002 ns, At safepoint: 16801 ns, Total: 101803 ns
[338.887s][info ][safepoint      ] Safepoint "Cleanup", Time since last: 1000112999 ns, Reaching safepoint: 52202 ns, At safepoint: 3000 ns, Total: 55202 ns
[339.887s][info ][safepoint      ] Safepoint "Cleanup", Time since last: 1000113395 ns, Reaching safepoint: 53501 ns, At safepoint: 2900 ns, Total: 56401 ns
[340.888s][info ][safepoint      ] Safepoint "Cleanup", Time since last: 1000100590 ns, Reaching safepoint: 54201 ns, At safepoint: 2700 ns, Total: 56901 ns
[341.888s][info ][safepoint      ] Safepoint "Cleanup", Time since last: 1000109585 ns, Reaching safepoint: 52201 ns, At safepoint: 3700 ns, Total: 55901 ns
[345.889s][info ][safepoint      ] Safepoint "Cleanup", Time since last: 4000926304 ns, Reaching safepoint: 49901 ns, At safepoint: 3600 ns, Total: 53501 ns
[346.889s][info ][safepoint      ] Safepoint "Cleanup", Time since last: 1000141662 ns, Reaching safepoint: 49301 ns, At safepoint: 12400 ns, Total: 61701 ns
[347.889s][info ][safepoint      ] Safepoint "Cleanup", Time since last: 1000094655 ns, Reaching safepoint: 60502 ns, At safepoint: 2800 ns, Total: 63302 ns
[348.889s][info ][safepoint      ] Safepoint "Cleanup", Time since last: 1000102550 ns, Reaching safepoint: 55202 ns, At safepoint: 4200 ns, Total: 59402 ns
[349.889s][info ][safepoint      ] Safepoint "Cleanup", Time since last: 1000116346 ns, Reaching safepoint: 60602 ns, At safepoint: 16100 ns, Total: 76702 ns
[350.890s][info ][safepoint      ] Safepoint "Cleanup", Time since last: 1000109941 ns, Reaching safepoint: 56702 ns, At safepoint: 6800 ns, Total: 63502 ns
[351.890s][info ][safepoint      ] Safepoint "Cleanup", Time since last: 1000105336 ns, Reaching safepoint: 50101 ns, At safepoint: 4200 ns, Total: 54301 ns
[352.890s][info ][safepoint      ] Safepoint "Cleanup", Time since last: 1000119632 ns, Reaching safepoint: 62701 ns, At safepoint: 3201 ns, Total: 65902 ns
[353.890s][info ][safepoint      ] Safepoint "Cleanup", Time since last: 1000114026 ns, Reaching safepoint: 57002 ns, At safepoint: 5200 ns, Total: 62202 ns
[356.890s][info ][safepoint      ] Safepoint "Cleanup", Time since last: 3000239048 ns, Reaching safepoint: 55102 ns, At safepoint: 3100 ns, Total: 58202 ns
[357.891s][info ][safepoint      ] Safepoint "Cleanup", Time since last: 1000110707 ns, Reaching safepoint: 45101 ns, At safepoint: 2900 ns, Total: 48001 ns
[358.330s][info ][gc,start       ] GC(76) Pause Young (Allocation Failure)
[358.341s][debug][gc,phases      ] GC(76) Scavenge 10.253ms
[358.341s][debug][gc,ref         ] GC(76) Skipped phase 1 of Reference Processing: no references
[358.341s][debug][gc,ref         ] GC(76) Skipped phase 3 of Reference Processing: no references
[358.341s][debug][gc,phases      ] GC(76) Reference Processing 0.058ms
[358.342s][debug][gc,phases      ] GC(76) Weak Processing 0.699ms
[358.342s][debug][gc,age         ] GC(76) Desired survivor size 65536000 bytes, new threshold 15 (max threshold 15)
[358.342s][info ][gc,heap        ] GC(76) PSYoungGen: 2008195K(2008576K)->35538K(2032640K) Eden: 1972224K(1972224K)->0K(1969152K) From: 35971K(36352K)->35538K(63488K)
[358.342s][info ][gc,heap        ] GC(76) ParOldGen: 283174K(293376K)->283750K(293376K)
[358.342s][info ][gc,metaspace   ] GC(76) Metaspace: 74927K(75520K)->74927K(75520K) NonClass: 64587K(64896K)->64587K(64896K) Class: 10340K(10624K)->10340K(10624K)
[358.342s][info ][gc             ] GC(76) Pause Young (Allocation Failure) 2237M->311M(2271M) 11.209ms
[358.342s][info ][gc,cpu         ] GC(76) User=0.04s Sys=0.00s Real=0.01s
[358.342s][info ][safepoint      ] Safepoint "ParallelGCFailedAllocation", Time since last: 439833428 ns, Reaching safepoint: 47001 ns, At safepoint: 11296714 ns, Total: 11343715 ns
[359.342s][info ][safepoint      ] Safepoint "Cleanup", Time since last: 1000092800 ns, Reaching safepoint: 53102 ns, At safepoint: 9400 ns, Total: 62502 ns
[360.342s][info ][safepoint      ] Safepoint "Cleanup", Time since last: 1000108996 ns, Reaching safepoint: 62901 ns, At safepoint: 7901 ns, Total: 70802 ns
[363.342s][info ][safepoint      ] Safepoint "Cleanup", Time since last: 3000250256 ns, Reaching safepoint: 49902 ns, At safepoint: 9900 ns, Total: 59802 ns
[367.343s][info ][safepoint      ] Safepoint "Cleanup", Time since last: 4000275674 ns, Reaching safepoint: 49102 ns, At safepoint: 2900 ns, Total: 52002 ns
[373.343s][info ][safepoint      ] Safepoint "Cleanup", Time since last: 6000409172 ns, Reaching safepoint: 77502 ns, At safepoint: 3800 ns, Total: 81302 ns
[380.344s][info ][safepoint      ] Safepoint "Cleanup", Time since last: 7000409105 ns, Reaching safepoint: 50102 ns, At safepoint: 10500 ns, Total: 60602 ns
[384.344s][info ][safepoint      ] Safepoint "Cleanup", Time since last: 4000317562 ns, Reaching safepoint: 49202 ns, At safepoint: 9400 ns, Total: 58602 ns
[385.344s][info ][safepoint      ] Safepoint "Cleanup", Time since last: 1000115580 ns, Reaching safepoint: 136304 ns, At safepoint: 8900 ns, Total: 145204 ns
[386.344s][info ][safepoint      ] Safepoint "Cleanup", Time since last: 1000105176 ns, Reaching safepoint: 50501 ns, At safepoint: 2700 ns, Total: 53201 ns
[388.347s][info ][safepoint      ] Safepoint "Cleanup", Time since last: 2002595304 ns, Reaching safepoint: 86102 ns, At safepoint: 21101 ns, Total: 107203 ns
[390.347s][info ][safepoint      ] Safepoint "Cleanup", Time since last: 2000189018 ns, Reaching safepoint: 73302 ns, At safepoint: 8801 ns, Total: 82103 ns
[392.348s][info ][safepoint      ] Safepoint "Cleanup", Time since last: 2000143499 ns, Reaching safepoint: 45402 ns, At safepoint: 2800 ns, Total: 48202 ns
[393.348s][info ][safepoint      ] Safepoint "Cleanup", Time since last: 1000103544 ns, Reaching safepoint: 52501 ns, At safepoint: 8201 ns, Total: 60702 ns
[394.348s][info ][safepoint      ] Safepoint "Cleanup", Time since last: 1000105039 ns, Reaching safepoint: 43701 ns, At safepoint: 3601 ns, Total: 47302 ns
[396.348s][info ][safepoint      ] Safepoint "Cleanup", Time since last: 2000180065 ns, Reaching safepoint: 52701 ns, At safepoint: 5100 ns, Total: 57801 ns
[400.349s][info ][safepoint      ] Safepoint "Cleanup", Time since last: 4000844091 ns, Reaching safepoint: 60002 ns, At safepoint: 6000 ns, Total: 66002 ns
[403.349s][info ][safepoint      ] Safepoint "Cleanup", Time since last: 3000239712 ns, Reaching safepoint: 49101 ns, At safepoint: 3300 ns, Total: 52401 ns
[409.350s][info ][safepoint      ] Safepoint "Cleanup", Time since last: 6000431604 ns, Reaching safepoint: 59002 ns, At safepoint: 9800 ns, Total: 68802 ns
[410.350s][info ][safepoint      ] Safepoint "Cleanup", Time since last: 1000105670 ns, Reaching safepoint: 48001 ns, At safepoint: 2801 ns, Total: 50802 ns
[416.351s][info ][safepoint      ] Safepoint "Cleanup", Time since last: 6000430723 ns, Reaching safepoint: 49002 ns, At safepoint: 8500 ns, Total: 57502 ns
[418.351s][info ][safepoint      ] Safepoint "Cleanup", Time since last: 2000166474 ns, Reaching safepoint: 51802 ns, At safepoint: 5800 ns, Total: 57602 ns
[421.351s][info ][safepoint      ] Safepoint "Cleanup", Time since last: 3000259280 ns, Reaching safepoint: 48702 ns, At safepoint: 6700 ns, Total: 55402 ns
[427.352s][info ][safepoint      ] Safepoint "Cleanup", Time since last: 6000449045 ns, Reaching safepoint: 43802 ns, At safepoint: 21000 ns, Total: 64802 ns
[428.352s][info ][safepoint      ] Safepoint "Cleanup", Time since last: 1000106694 ns, Reaching safepoint: 68302 ns, At safepoint: 9500 ns, Total: 77802 ns
[429.352s][info ][safepoint      ] Safepoint "Cleanup", Time since last: 1000104890 ns, Reaching safepoint: 55502 ns, At safepoint: 2900 ns, Total: 58402 ns
[431.352s][info ][safepoint      ] Safepoint "Cleanup", Time since last: 2000169766 ns, Reaching safepoint: 72602 ns, At safepoint: 7400 ns, Total: 80002 ns
[431.430s][info ][gc,start       ] GC(77) Pause Young (Allocation Failure)
[431.440s][debug][gc,phases      ] GC(77) Scavenge 9.786ms
[431.440s][debug][gc,ref         ] GC(77) Skipped phase 1 of Reference Processing: no references
[431.440s][debug][gc,ref         ] GC(77) Skipped phase 3 of Reference Processing: no references
[431.440s][debug][gc,phases      ] GC(77) Reference Processing 0.042ms
[431.440s][debug][gc,phases      ] GC(77) Weak Processing 0.657ms
[431.440s][debug][gc,age         ] GC(77) Desired survivor size 65536000 bytes, new threshold 15 (max threshold 15)
[431.440s][info ][gc,heap        ] GC(77) PSYoungGen: 2004690K(2032640K)->35301K(2033152K) Eden: 1969152K(1969152K)->0K(1969152K) From: 35538K(63488K)->35301K(64000K)
[431.440s][info ][gc,heap        ] GC(77) ParOldGen: 283750K(293376K)->284182K(293376K)
[431.440s][info ][gc,metaspace   ] GC(77) Metaspace: 75088K(75712K)->75088K(75712K) NonClass: 64732K(65088K)->64732K(65088K) Class: 10356K(10624K)->10356K(10624K)
[431.440s][info ][gc             ] GC(77) Pause Young (Allocation Failure) 2234M->311M(2272M) 10.639ms
[431.440s][info ][gc,cpu         ] GC(77) User=0.04s Sys=0.00s Real=0.01s
[431.441s][info ][safepoint      ] Safepoint "ParallelGCFailedAllocation", Time since last: 77560431 ns, Reaching safepoint: 51901 ns, At safepoint: 10728095 ns, Total: 10779996 ns
[439.441s][info ][safepoint      ] Safepoint "Cleanup", Time since last: 8000491091 ns, Reaching safepoint: 53102 ns, At safepoint: 7500 ns, Total: 60602 ns
[440.441s][info ][safepoint      ] Safepoint "Cleanup", Time since last: 1000093144 ns, Reaching safepoint: 58402 ns, At safepoint: 3000 ns, Total: 61402 ns
[448.442s][info ][safepoint      ] Safepoint "Cleanup", Time since last: 8000553001 ns, Reaching safepoint: 53402 ns, At safepoint: 7700 ns, Total: 61102 ns
[455.442s][info ][safepoint      ] Safepoint "Cleanup", Time since last: 7000457866 ns, Reaching safepoint: 68802 ns, At safepoint: 11200 ns, Total: 80002 ns
[458.443s][info ][safepoint      ] Safepoint "Cleanup", Time since last: 3000245928 ns, Reaching safepoint: 51201 ns, At safepoint: 2900 ns, Total: 54101 ns
[471.444s][info ][safepoint      ] Safepoint "Cleanup", Time since last: 13000854178 ns, Reaching safepoint: 86202 ns, At safepoint: 9301 ns, Total: 95503 ns
[473.444s][info ][safepoint      ] Safepoint "Cleanup", Time since last: 2000179432 ns, Reaching safepoint: 58102 ns, At safepoint: 8600 ns, Total: 66702 ns
[478.444s][info ][safepoint      ] Safepoint "Cleanup", Time since last: 5000381514 ns, Reaching safepoint: 50801 ns, At safepoint: 3200 ns, Total: 54001 ns
[479.444s][info ][safepoint      ] Safepoint "Cleanup", Time since last: 1000113693 ns, Reaching safepoint: 51001 ns, At safepoint: 7300 ns, Total: 58301 ns
[480.445s][info ][safepoint      ] Safepoint "Cleanup", Time since last: 1000102488 ns, Reaching safepoint: 46402 ns, At safepoint: 2700 ns, Total: 49102 ns
[497.448s][info ][safepoint      ] Safepoint "Cleanup", Time since last: 17003672488 ns, Reaching safepoint: 81402 ns, At safepoint: 8900 ns, Total: 90302 ns
[504.480s][info ][gc,start       ] GC(78) Pause Young (Allocation Failure)
[504.490s][debug][gc,phases      ] GC(78) Scavenge 10.396ms
[504.491s][debug][gc,ref         ] GC(78) Skipped phase 1 of Reference Processing: no references
[504.491s][debug][gc,ref         ] GC(78) Skipped phase 3 of Reference Processing: no references
[504.491s][debug][gc,phases      ] GC(78) Reference Processing 0.064ms
[504.491s][debug][gc,phases      ] GC(78) Weak Processing 0.568ms
[504.491s][debug][gc,age         ] GC(78) Desired survivor size 65011712 bytes, new threshold 15 (max threshold 15)
[504.491s][info ][gc,heap        ] GC(78) PSYoungGen: 2004453K(2033152K)->34885K(2033664K) Eden: 1969152K(1969152K)->0K(1969664K) From: 35301K(64000K)->34885K(64000K)
[504.491s][info ][gc,heap        ] GC(78) ParOldGen: 284182K(293376K)->284566K(293376K)
[504.491s][info ][gc,metaspace   ] GC(78) Metaspace: 75107K(75712K)->75107K(75712K) NonClass: 64751K(65088K)->64751K(65088K) Class: 10356K(10624K)->10356K(10624K)
[504.491s][info ][gc             ] GC(78) Pause Young (Allocation Failure) 2234M->311M(2272M) 11.165ms
[504.491s][info ][gc,cpu         ] GC(78) User=0.04s Sys=0.00s Real=0.01s
[504.491s][info ][safepoint      ] Safepoint "ParallelGCFailedAllocation", Time since last: 7031546117 ns, Reaching safepoint: 48102 ns, At safepoint: 11255506 ns, Total: 11303608 ns
[512.492s][info ][safepoint      ] Safepoint "Cleanup", Time since last: 8000554167 ns, Reaching safepoint: 49202 ns, At safepoint: 2700 ns, Total: 51902 ns
[513.492s][info ][safepoint      ] Safepoint "Cleanup", Time since last: 1000113468 ns, Reaching safepoint: 85103 ns, At safepoint: 10400 ns, Total: 95503 ns
[514.895s][info ][safepoint      ] Safepoint "Cleanup", Time since last: 1402501594 ns, Reaching safepoint: 101503 ns, At safepoint: 10500 ns, Total: 112003 ns
[515.895s][info ][safepoint      ] Safepoint "Cleanup", Time since last: 1000117161 ns, Reaching safepoint: 51001 ns, At safepoint: 5900 ns, Total: 56901 ns
[519.895s][info ][safepoint      ] Safepoint "Cleanup", Time since last: 4000323103 ns, Reaching safepoint: 56602 ns, At safepoint: 4700 ns, Total: 61302 ns
[522.896s][info ][safepoint      ] Safepoint "Cleanup", Time since last: 3000240016 ns, Reaching safepoint: 77702 ns, At safepoint: 7300 ns, Total: 85002 ns
[531.896s][info ][safepoint      ] Safepoint "Cleanup", Time since last: 9000626659 ns, Reaching safepoint: 50702 ns, At safepoint: 2500 ns, Total: 53202 ns
[557.898s][info ][safepoint      ] Safepoint "Cleanup", Time since last: 26001669033 ns, Reaching safepoint: 54602 ns, At safepoint: 11100 ns, Total: 65702 ns
[571.900s][info ][safepoint      ] Safepoint "Cleanup", Time since last: 14002135351 ns, Reaching safepoint: 54402 ns, At safepoint: 5300 ns, Total: 59702 ns
[576.513s][info ][gc,start       ] GC(79) Pause Young (Allocation Failure)
[576.522s][debug][gc,phases      ] GC(79) Scavenge 9.266ms
[576.522s][debug][gc,ref         ] GC(79) Skipped phase 1 of Reference Processing: no references
[576.522s][debug][gc,ref         ] GC(79) Skipped phase 3 of Reference Processing: no references
[576.522s][debug][gc,phases      ] GC(79) Reference Processing 0.038ms
[576.523s][debug][gc,phases      ] GC(79) Weak Processing 0.530ms
[576.523s][debug][gc,age         ] GC(79) Desired survivor size 63963136 bytes, new threshold 15 (max threshold 15)
[576.523s][info ][gc,heap        ] GC(79) PSYoungGen: 2004549K(2033664K)->34690K(2033152K) Eden: 1969664K(1969664K)->0K(1969664K) From: 34885K(64000K)->34690K(63488K)
[576.523s][info ][gc,heap        ] GC(79) ParOldGen: 284566K(293376K)->284998K(293376K)
[576.523s][info ][gc,metaspace   ] GC(79) Metaspace: 75135K(75712K)->75135K(75712K) NonClass: 64778K(65088K)->64778K(65088K) Class: 10356K(10624K)->10356K(10624K)
[576.523s][info ][gc             ] GC(79) Pause Young (Allocation Failure) 2235M->312M(2272M) 9.974ms
[576.523s][info ][gc,cpu         ] GC(79) User=0.04s Sys=0.00s Real=0.00s
[576.523s][info ][safepoint      ] Safepoint "ParallelGCFailedAllocation", Time since last: 4612664471 ns, Reaching safepoint: 108303 ns, At safepoint: 10087172 ns, Total: 10195475 ns
[583.524s][info ][safepoint      ] Safepoint "Cleanup", Time since last: 7000413727 ns, Reaching safepoint: 76602 ns, At safepoint: 12500 ns, Total: 89102 ns
[602.525s][info ][safepoint      ] Safepoint "Cleanup", Time since last: 19001204840 ns, Reaching safepoint: 69601 ns, At safepoint: 7301 ns, Total: 76902 ns
[606.525s][info ][safepoint      ] Safepoint "Cleanup", Time since last: 4000294993 ns, Reaching safepoint: 45801 ns, At safepoint: 7601 ns, Total: 53402 ns
[607.525s][info ][safepoint      ] Safepoint "Cleanup", Time since last: 1000103166 ns, Reaching safepoint: 68402 ns, At safepoint: 3700 ns, Total: 72102 ns
[608.525s][info ][safepoint      ] Safepoint "Cleanup", Time since last: 1000100164 ns, Reaching safepoint: 50801 ns, At safepoint: 11001 ns, Total: 61802 ns
[610.526s][info ][safepoint      ] Safepoint "Cleanup", Time since last: 2000131017 ns, Reaching safepoint: 79202 ns, At safepoint: 12600 ns, Total: 91802 ns
[614.526s][info ][safepoint      ] Safepoint "Cleanup", Time since last: 4000317401 ns, Reaching safepoint: 80702 ns, At safepoint: 10301 ns, Total: 91003 ns
[616.526s][info ][safepoint      ] Safepoint "Cleanup", Time since last: 2000166183 ns, Reaching safepoint: 70502 ns, At safepoint: 8100 ns, Total: 78602 ns
[618.123s][info ][safepoint      ] Safepoint "ICBufferFull", Time since last: 1596756448 ns, Reaching safepoint: 199705 ns, At safepoint: 14201 ns, Total: 213906 ns
[619.124s][info ][safepoint      ] Safepoint "Cleanup", Time since last: 1000113333 ns, Reaching safepoint: 67602 ns, At safepoint: 11401 ns, Total: 79003 ns
[622.124s][info ][safepoint      ] Safepoint "Cleanup", Time since last: 3000238881 ns, Reaching safepoint: 59401 ns, At safepoint: 11800 ns, Total: 71201 ns
[623.124s][info ][safepoint      ] Safepoint "Cleanup", Time since last: 1000111223 ns, Reaching safepoint: 44901 ns, At safepoint: 7000 ns, Total: 51901 ns
[628.124s][info ][safepoint      ] Safepoint "Cleanup", Time since last: 5000360163 ns, Reaching safepoint: 55202 ns, At safepoint: 4000 ns, Total: 59202 ns
[629.125s][info ][safepoint      ] Safepoint "Cleanup", Time since last: 1000102205 ns, Reaching safepoint: 48401 ns, At safepoint: 8400 ns, Total: 56801 ns
[630.125s][info ][safepoint      ] Safepoint "Cleanup", Time since last: 1000101402 ns, Reaching safepoint: 44702 ns, At safepoint: 4100 ns, Total: 48802 ns
[638.125s][info ][safepoint      ] Safepoint "Cleanup", Time since last: 8000570511 ns, Reaching safepoint: 44001 ns, At safepoint: 6700 ns, Total: 50701 ns
[641.126s][info ][safepoint      ] Safepoint "Cleanup", Time since last: 3000231821 ns, Reaching safepoint: 43702 ns, At safepoint: 3900 ns, Total: 47602 ns
[642.581s][info ][gc,start       ] GC(80) Pause Young (Allocation Failure)
[642.593s][debug][gc,phases      ] GC(80) Scavenge 12.175ms
[642.593s][debug][gc,ref         ] GC(80) Skipped phase 1 of Reference Processing: no references
[642.593s][debug][gc,phases      ] GC(80) Reference Processing 0.073ms
[642.593s][debug][gc,phases      ] GC(80) Weak Processing 0.537ms
[642.593s][debug][gc,age         ] GC(80) Desired survivor size 69730304 bytes, new threshold 15 (max threshold 15)
[642.593s][info ][gc,heap        ] GC(80) PSYoungGen: 2004354K(2033152K)->51531K(2023424K) Eden: 1969664K(1969664K)->0K(1960960K) From: 34690K(63488K)->51531K(62464K)
[642.593s][info ][gc,heap        ] GC(80) ParOldGen: 284998K(293376K)->285406K(293376K)
[642.593s][info ][gc,metaspace   ] GC(80) Metaspace: 75212K(75776K)->75212K(75776K) NonClass: 64852K(65152K)->64852K(65152K) Class: 10360K(10624K)->10360K(10624K)
[642.594s][info ][gc             ] GC(80) Pause Young (Allocation Failure) 2235M->329M(2262M) 12.945ms
[642.594s][info ][gc,cpu         ] GC(80) User=0.04s Sys=0.01s Real=0.02s
[642.594s][info ][safepoint      ] Safepoint "ParallelGCFailedAllocation", Time since last: 1454850840 ns, Reaching safepoint: 46701 ns, At safepoint: 13032949 ns, Total: 13079650 ns
[643.594s][info ][safepoint      ] Safepoint "Cleanup", Time since last: 1000094264 ns, Reaching safepoint: 47602 ns, At safepoint: 3200 ns, Total: 50802 ns
[651.594s][info ][safepoint      ] Safepoint "Cleanup", Time since last: 8000530515 ns, Reaching safepoint: 87002 ns, At safepoint: 3600 ns, Total: 90602 ns
[659.595s][info ][safepoint      ] Safepoint "Cleanup", Time since last: 8000590046 ns, Reaching safepoint: 52601 ns, At safepoint: 3000 ns, Total: 55601 ns
[661.595s][info ][safepoint      ] Safepoint "Cleanup", Time since last: 2000181036 ns, Reaching safepoint: 47301 ns, At safepoint: 4000 ns, Total: 51301 ns
[664.596s][info ][safepoint      ] Safepoint "Cleanup", Time since last: 3000248733 ns, Reaching safepoint: 49902 ns, At safepoint: 6900 ns, Total: 56802 ns
[665.596s][info ][safepoint      ] Safepoint "Cleanup", Time since last: 1000114207 ns, Reaching safepoint: 54101 ns, At safepoint: 6500 ns, Total: 60601 ns
[670.596s][info ][safepoint      ] Safepoint "Cleanup", Time since last: 5000388190 ns, Reaching safepoint: 57402 ns, At safepoint: 9400 ns, Total: 66802 ns
[676.597s][info ][safepoint      ] Safepoint "Cleanup", Time since last: 6000423001 ns, Reaching safepoint: 30601 ns, At safepoint: 6000 ns, Total: 36601 ns
[693.598s][info ][safepoint      ] Safepoint "Cleanup", Time since last: 17001038521 ns, Reaching safepoint: 46502 ns, At safepoint: 5800 ns, Total: 52302 ns
[696.598s][info ][safepoint      ] Safepoint "Cleanup", Time since last: 3000227389 ns, Reaching safepoint: 113003 ns, At safepoint: 7200 ns, Total: 120203 ns
[699.598s][info ][safepoint      ] Safepoint "Cleanup", Time since last: 3000233167 ns, Reaching safepoint: 50201 ns, At safepoint: 9901 ns, Total: 60102 ns
[704.599s][info ][safepoint      ] Safepoint "Cleanup", Time since last: 5000335961 ns, Reaching safepoint: 46702 ns, At safepoint: 8300 ns, Total: 55002 ns
[709.279s][info ][gc,start       ] GC(81) Pause Young (Allocation Failure)
[709.291s][debug][gc,phases      ] GC(81) Scavenge 11.781ms
[709.291s][debug][gc,ref         ] GC(81) Skipped phase 1 of Reference Processing: no references
[709.291s][debug][gc,ref         ] GC(81) Skipped phase 3 of Reference Processing: no references
[709.291s][debug][gc,phases      ] GC(81) Reference Processing 0.043ms
[709.292s][debug][gc,phases      ] GC(81) Weak Processing 0.517ms
[709.292s][debug][gc,age         ] GC(81) Desired survivor size 73400320 bytes, new threshold 15 (max threshold 15)
[709.292s][info ][gc,heap        ] GC(81) PSYoungGen: 2012491K(2023424K)->50923K(2012160K) Eden: 1960960K(1960960K)->0K(1960960K) From: 51531K(62464K)->50923K(51200K)
[709.292s][info ][gc,heap        ] GC(81) ParOldGen: 285406K(293376K)->285942K(293376K)
[709.292s][info ][gc,metaspace   ] GC(81) Metaspace: 75220K(75776K)->75220K(75776K) NonClass: 64860K(65152K)->64860K(65152K) Class: 10360K(10624K)->10360K(10624K)
[709.292s][info ][gc             ] GC(81) Pause Young (Allocation Failure) 2244M->328M(2251M) 12.486ms
[709.292s][info ][gc,cpu         ] GC(81) User=0.05s Sys=0.00s Real=0.01s
[709.292s][info ][safepoint      ] Safepoint "ParallelGCFailedAllocation", Time since last: 4680204788 ns, Reaching safepoint: 142804 ns, At safepoint: 12582735 ns, Total: 12725539 ns
[711.292s][info ][safepoint      ] Safepoint "Cleanup", Time since last: 2000151785 ns, Reaching safepoint: 54002 ns, At safepoint: 2400 ns, Total: 56402 ns
[712.292s][info ][safepoint      ] Safepoint "Cleanup", Time since last: 1000121090 ns, Reaching safepoint: 47202 ns, At safepoint: 3500 ns, Total: 50702 ns
[723.295s][info ][safepoint      ] Safepoint "Cleanup", Time since last: 11002646374 ns, Reaching safepoint: 55201 ns, At safepoint: 11401 ns, Total: 66602 ns
[725.299s][info ][safepoint      ] Safepoint "Cleanup", Time since last: 2004315130 ns, Reaching safepoint: 46801 ns, At safepoint: 4300 ns, Total: 51101 ns
[728.299s][info ][safepoint      ] Safepoint "Cleanup", Time since last: 3000249863 ns, Reaching safepoint: 49101 ns, At safepoint: 12501 ns, Total: 61602 ns
[733.302s][info ][safepoint      ] Safepoint "Cleanup", Time since last: 5002336376 ns, Reaching safepoint: 50301 ns, At safepoint: 5900 ns, Total: 56201 ns
[734.302s][info ][safepoint      ] Safepoint "Cleanup", Time since last: 1000114340 ns, Reaching safepoint: 120903 ns, At safepoint: 5900 ns, Total: 126803 ns
[735.302s][info ][safepoint      ] Safepoint "Cleanup", Time since last: 1000103836 ns, Reaching safepoint: 53302 ns, At safepoint: 2900 ns, Total: 56202 ns
[743.303s][info ][safepoint      ] Safepoint "Cleanup", Time since last: 8000533102 ns, Reaching safepoint: 73002 ns, At safepoint: 9300 ns, Total: 82302 ns
[760.304s][info ][safepoint      ] Safepoint "Cleanup", Time since last: 17001060155 ns, Reaching safepoint: 55602 ns, At safepoint: 7900 ns, Total: 63502 ns
[764.304s][info ][safepoint      ] Safepoint "Cleanup", Time since last: 4000277898 ns, Reaching safepoint: 42901 ns, At safepoint: 3600 ns, Total: 46501 ns
[765.304s][info ][safepoint      ] Safepoint "Cleanup", Time since last: 1000120671 ns, Reaching safepoint: 57701 ns, At safepoint: 3001 ns, Total: 60702 ns
[769.305s][info ][safepoint      ] Safepoint "Cleanup", Time since last: 4000258655 ns, Reaching safepoint: 55301 ns, At safepoint: 6900 ns, Total: 62201 ns
[773.305s][info ][safepoint      ] Safepoint "Cleanup", Time since last: 4000311923 ns, Reaching safepoint: 49501 ns, At safepoint: 10400 ns, Total: 59901 ns
[773.730s][info ][gc,start       ] GC(82) Pause Young (Allocation Failure)
[773.741s][debug][gc,phases      ] GC(82) Scavenge 11.390ms
[773.741s][debug][gc,ref         ] GC(82) Skipped phase 1 of Reference Processing: no references
[773.741s][debug][gc,ref         ] GC(82) Skipped phase 3 of Reference Processing: no references
[773.741s][debug][gc,phases      ] GC(82) Reference Processing 0.056ms
[773.742s][debug][gc,phases      ] GC(82) Weak Processing 0.727ms
[773.742s][debug][gc,age         ] GC(82) Desired survivor size 76546048 bytes, new threshold 15 (max threshold 15)
[773.742s][info ][gc,heap        ] GC(82) PSYoungGen: 2011883K(2012160K)->50440K(2019328K) Eden: 1960960K(1960960K)->0K(1947648K) From: 50923K(51200K)->50440K(71680K)
[773.742s][info ][gc,heap        ] GC(82) ParOldGen: 285942K(293376K)->286446K(293376K)
[773.742s][info ][gc,metaspace   ] GC(82) Metaspace: 75228K(75776K)->75228K(75776K) NonClass: 64867K(65152K)->64867K(65152K) Class: 10360K(10624K)->10360K(10624K)
[773.742s][info ][gc             ] GC(82) Pause Young (Allocation Failure) 2243M->328M(2258M) 12.341ms
[773.742s][info ][gc,cpu         ] GC(82) User=0.04s Sys=0.01s Real=0.01s
[773.742s][info ][safepoint      ] Safepoint "ParallelGCFailedAllocation", Time since last: 424455726 ns, Reaching safepoint: 39201 ns, At safepoint: 12426329 ns, Total: 12465530 ns
[775.742s][info ][safepoint      ] Safepoint "Cleanup", Time since last: 2000155497 ns, Reaching safepoint: 51701 ns, At safepoint: 4200 ns, Total: 55901 ns
[776.742s][info ][safepoint      ] Safepoint "Cleanup", Time since last: 1000108446 ns, Reaching safepoint: 63402 ns, At safepoint: 6000 ns, Total: 69402 ns
[779.743s][info ][safepoint      ] Safepoint "Cleanup", Time since last: 3000241123 ns, Reaching safepoint: 49801 ns, At safepoint: 7501 ns, Total: 57302 ns
[787.743s][info ][safepoint      ] Safepoint "Cleanup", Time since last: 8000576135 ns, Reaching safepoint: 63801 ns, At safepoint: 8101 ns, Total: 71902 ns
[788.744s][info ][safepoint      ] Safepoint "Cleanup", Time since last: 1000118621 ns, Reaching safepoint: 50601 ns, At safepoint: 7400 ns, Total: 58001 ns
[790.744s][info ][safepoint      ] Safepoint "Cleanup", Time since last: 2000180236 ns, Reaching safepoint: 50701 ns, At safepoint: 3800 ns, Total: 54501 ns
[796.744s][info ][safepoint      ] Safepoint "Cleanup", Time since last: 6000455254 ns, Reaching safepoint: 51001 ns, At safepoint: 7601 ns, Total: 58602 ns
[809.745s][info ][safepoint      ] Safepoint "Cleanup", Time since last: 13000844665 ns, Reaching safepoint: 72102 ns, At safepoint: 8000 ns, Total: 80102 ns
[826.746s][info ][safepoint      ] Safepoint "Cleanup", Time since last: 17000997821 ns, Reaching safepoint: 44601 ns, At safepoint: 14600 ns, Total: 59201 ns
[834.747s][info ][safepoint      ] Safepoint "Cleanup", Time since last: 8000545092 ns, Reaching safepoint: 78002 ns, At safepoint: 5600 ns, Total: 83602 ns
[837.747s][info ][safepoint      ] Safepoint "Cleanup", Time since last: 3000239679 ns, Reaching safepoint: 49601 ns, At safepoint: 13301 ns, Total: 62902 ns
[838.747s][info ][safepoint      ] Safepoint "Cleanup", Time since last: 1000122623 ns, Reaching safepoint: 48802 ns, At safepoint: 2900 ns, Total: 51702 ns
[838.992s][info ][gc,start       ] GC(83) Pause Young (Allocation Failure)
[839.003s][debug][gc,phases      ] GC(83) Scavenge 10.704ms
[839.003s][debug][gc,ref         ] GC(83) Skipped phase 1 of Reference Processing: no references
[839.003s][debug][gc,ref         ] GC(83) Skipped phase 3 of Reference Processing: no references
[839.003s][debug][gc,phases      ] GC(83) Reference Processing 0.051ms
[839.004s][debug][gc,phases      ] GC(83) Weak Processing 0.586ms
[839.004s][debug][gc,age         ] GC(83) Desired survivor size 78118912 bytes, new threshold 15 (max threshold 15)
[839.004s][info ][gc,heap        ] GC(83) PSYoungGen: 1998088K(2019328K)->50120K(1997824K) Eden: 1947648K(1947648K)->0K(1947648K) From: 50440K(71680K)->50120K(50176K)
[839.004s][info ][gc,heap        ] GC(83) ParOldGen: 286446K(293376K)->287030K(293376K)
[839.004s][info ][gc,metaspace   ] GC(83) Metaspace: 75242K(75840K)->75242K(75840K) NonClass: 64880K(65216K)->64880K(65216K) Class: 10362K(10624K)->10362K(10624K)
[839.004s][info ][gc             ] GC(83) Pause Young (Allocation Failure) 2230M->329M(2237M) 11.509ms
[839.004s][info ][gc,cpu         ] GC(83) User=0.04s Sys=0.00s Real=0.01s
[839.004s][info ][safepoint      ] Safepoint "ParallelGCFailedAllocation", Time since last: 244675940 ns, Reaching safepoint: 38501 ns, At safepoint: 11587405 ns, Total: 11625906 ns
[857.005s][info ][safepoint      ] Safepoint "Cleanup", Time since last: 18001157377 ns, Reaching safepoint: 47601 ns, At safepoint: 3101 ns, Total: 50702 ns
[858.005s][info ][safepoint      ] Safepoint "Cleanup", Time since last: 1000110588 ns, Reaching safepoint: 44101 ns, At safepoint: 4100 ns, Total: 48201 ns
[876.008s][info ][safepoint      ] Safepoint "Cleanup", Time since last: 18003171418 ns, Reaching safepoint: 48301 ns, At safepoint: 7001 ns, Total: 55302 ns
[884.009s][info ][safepoint      ] Safepoint "Cleanup", Time since last: 8000546582 ns, Reaching safepoint: 42801 ns, At safepoint: 2700 ns, Total: 45501 ns
[896.010s][info ][safepoint      ] Safepoint "Cleanup", Time since last: 12000796469 ns, Reaching safepoint: 69902 ns, At safepoint: 2500 ns, Total: 72402 ns
[905.430s][info ][gc,start       ] GC(84) Pause Young (Allocation Failure)
[905.441s][debug][gc,phases      ] GC(84) Scavenge 10.971ms
[905.441s][debug][gc,ref         ] GC(84) Skipped phase 1 of Reference Processing: no references
[905.441s][debug][gc,ref         ] GC(84) Skipped phase 3 of Reference Processing: no references
[905.441s][debug][gc,phases      ] GC(84) Reference Processing 0.042ms
[905.441s][debug][gc,phases      ] GC(84) Weak Processing 0.583ms
[905.441s][debug][gc,age         ] GC(84) Desired survivor size 79167488 bytes, new threshold 15 (max threshold 15)
[905.441s][info ][gc,heap        ] GC(84) PSYoungGen: 1997768K(1997824K)->49320K(2018816K) Eden: 1947648K(1947648K)->0K(1942528K) From: 50120K(50176K)->49320K(76288K)
[905.441s][info ][gc,heap        ] GC(84) ParOldGen: 287030K(293376K)->287710K(293376K)
[905.441s][info ][gc,metaspace   ] GC(84) Metaspace: 75261K(75840K)->75261K(75840K) NonClass: 64898K(65216K)->64898K(65216K) Class: 10363K(10624K)->10363K(10624K)
[905.441s][info ][gc             ] GC(84) Pause Young (Allocation Failure) 2231M->329M(2258M) 11.719ms
[905.441s][info ][gc,cpu         ] GC(84) User=0.04s Sys=0.01s Real=0.01s
[905.441s][info ][safepoint      ] Safepoint "ParallelGCFailedAllocation", Time since last: 9419639100 ns, Reaching safepoint: 46402 ns, At safepoint: 11801409 ns, Total: 11847811 ns
[915.442s][info ][safepoint      ] Safepoint "Cleanup", Time since last: 10000642570 ns, Reaching safepoint: 56302 ns, At safepoint: 7500 ns, Total: 63802 ns
[916.442s][info ][safepoint      ] Safepoint "Cleanup", Time since last: 1000110890 ns, Reaching safepoint: 91502 ns, At safepoint: 6700 ns, Total: 98202 ns
[920.443s][info ][safepoint      ] Safepoint "Cleanup", Time since last: 4000308538 ns, Reaching safepoint: 125104 ns, At safepoint: 10800 ns, Total: 135904 ns
[924.443s][info ][safepoint      ] Safepoint "Cleanup", Time since last: 4000280812 ns, Reaching safepoint: 78802 ns, At safepoint: 5900 ns, Total: 84702 ns
[926.443s][info ][safepoint      ] Safepoint "Cleanup", Time since last: 2000169048 ns, Reaching safepoint: 58701 ns, At safepoint: 10401 ns, Total: 69102 ns
[930.444s][info ][safepoint      ] Safepoint "Cleanup", Time since last: 4000502080 ns, Reaching safepoint: 59902 ns, At safepoint: 9100 ns, Total: 69002 ns
[933.444s][info ][safepoint      ] Safepoint "Cleanup", Time since last: 3000186889 ns, Reaching safepoint: 49801 ns, At safepoint: 5500 ns, Total: 55301 ns
[934.444s][info ][safepoint      ] Safepoint "Cleanup", Time since last: 1000116862 ns, Reaching safepoint: 57201 ns, At safepoint: 6900 ns, Total: 64101 ns
[935.444s][info ][safepoint      ] Safepoint "Cleanup", Time since last: 1000119760 ns, Reaching safepoint: 54601 ns, At safepoint: 6201 ns, Total: 60802 ns
[939.445s][info ][safepoint      ] Safepoint "Cleanup", Time since last: 4000296019 ns, Reaching safepoint: 52201 ns, At safepoint: 4000 ns, Total: 56201 ns
[941.445s][info ][safepoint      ] Safepoint "Cleanup", Time since last: 2000185802 ns, Reaching safepoint: 47001 ns, At safepoint: 5700 ns, Total: 52701 ns
[942.445s][info ][safepoint      ] Safepoint "Cleanup", Time since last: 1000056248 ns, Reaching safepoint: 47401 ns, At safepoint: 9800 ns, Total: 57201 ns
[944.445s][info ][safepoint      ] Safepoint "Cleanup", Time since last: 2000131391 ns, Reaching safepoint: 50402 ns, At safepoint: 2900 ns, Total: 53302 ns
[947.446s][info ][safepoint      ] Safepoint "Cleanup", Time since last: 3000240526 ns, Reaching safepoint: 48101 ns, At safepoint: 6100 ns, Total: 54201 ns
[954.446s][info ][safepoint      ] Safepoint "Cleanup", Time since last: 7000509441 ns, Reaching safepoint: 73602 ns, At safepoint: 9300 ns, Total: 82902 ns
[963.447s][info ][safepoint      ] Safepoint "Cleanup", Time since last: 9000634103 ns, Reaching safepoint: 47301 ns, At safepoint: 3600 ns, Total: 50901 ns
[966.447s][info ][safepoint      ] Safepoint "Cleanup", Time since last: 3000226042 ns, Reaching safepoint: 51401 ns, At safepoint: 7400 ns, Total: 58801 ns
[968.480s][info ][gc,start       ] GC(85) Pause Young (Allocation Failure)
[968.490s][debug][gc,phases      ] GC(85) Scavenge 10.148ms
[968.490s][debug][gc,ref         ] GC(85) Skipped phase 1 of Reference Processing: no references
[968.490s][debug][gc,ref         ] GC(85) Skipped phase 3 of Reference Processing: no references
[968.490s][debug][gc,phases      ] GC(85) Reference Processing 0.049ms
[968.491s][debug][gc,phases      ] GC(85) Weak Processing 0.556ms
[968.491s][debug][gc,age         ] GC(85) Desired survivor size 79691776 bytes, new threshold 15 (max threshold 15)
[968.491s][info ][gc,heap        ] GC(85) PSYoungGen: 1991848K(2018816K)->48827K(1991680K) Eden: 1942528K(1942528K)->0K(1942528K) From: 49320K(76288K)->48827K(49152K)
[968.491s][info ][gc,heap        ] GC(85) ParOldGen: 287710K(293376K)->288414K(293376K)
[968.491s][info ][gc,metaspace   ] GC(85) Metaspace: 75286K(75840K)->75286K(75840K) NonClass: 64923K(65216K)->64923K(65216K) Class: 10363K(10624K)->10363K(10624K)
[968.491s][info ][gc             ] GC(85) Pause Young (Allocation Failure) 2226M->329M(2231M) 10.890ms
[968.491s][info ][gc,cpu         ] GC(85) User=0.04s Sys=0.00s Real=0.01s
[968.491s][info ][safepoint      ] Safepoint "ParallelGCFailedAllocation", Time since last: 2032843174 ns, Reaching safepoint: 124603 ns, At safepoint: 10979287 ns, Total: 11103890 ns
[976.492s][info ][safepoint      ] Safepoint "Cleanup", Time since last: 8000540922 ns, Reaching safepoint: 51002 ns, At safepoint: 2900 ns, Total: 53902 ns
[987.493s][info ][safepoint      ] Safepoint "Cleanup", Time since last: 11000822285 ns, Reaching safepoint: 82902 ns, At safepoint: 2700 ns, Total: 85602 ns
[988.493s][info ][safepoint      ] Safepoint "Cleanup", Time since last: 1000108382 ns, Reaching safepoint: 59301 ns, At safepoint: 7501 ns, Total: 66802 ns
[993.493s][info ][safepoint      ] Safepoint "Cleanup", Time since last: 5000389485 ns, Reaching safepoint: 49801 ns, At safepoint: 4000 ns, Total: 53801 ns
[999.494s][info ][safepoint      ] Safepoint "Cleanup", Time since last: 6000427316 ns, Reaching safepoint: 48602 ns, At safepoint: 3100 ns, Total: 51702 ns
[1005.494s][info ][safepoint      ] Safepoint "Cleanup", Time since last: 6000411467 ns, Reaching safepoint: 53901 ns, At safepoint: 11100 ns, Total: 65001 ns
[1021.495s][info ][safepoint      ] Safepoint "Cleanup", Time since last: 16001014842 ns, Reaching safepoint: 86202 ns, At safepoint: 5800 ns, Total: 92002 ns
[1024.496s][info ][safepoint      ] Safepoint "Cleanup", Time since last: 3000243203 ns, Reaching safepoint: 54002 ns, At safepoint: 2900 ns, Total: 56902 ns
[1025.496s][info ][safepoint      ] Safepoint "Cleanup", Time since last: 1000103932 ns, Reaching safepoint: 47301 ns, At safepoint: 5501 ns, Total: 52802 ns
[1032.230s][info ][gc,start       ] GC(86) Pause Young (Allocation Failure)
[1032.242s][debug][gc,phases      ] GC(86) Scavenge 11.840ms
[1032.242s][debug][gc,ref         ] GC(86) Skipped phase 1 of Reference Processing: no references
[1032.242s][debug][gc,ref         ] GC(86) Skipped phase 3 of Reference Processing: no references
[1032.242s][debug][gc,phases      ] GC(86) Reference Processing 0.042ms
[1032.242s][debug][gc,phases      ] GC(86) Weak Processing 0.558ms
[1032.242s][debug][gc,age         ] GC(86) Desired survivor size 79167488 bytes, new threshold 15 (max threshold 15)
[1032.242s][info ][gc,heap        ] GC(86) PSYoungGen: 1991355K(1991680K)->47976K(2019840K) Eden: 1942528K(1942528K)->0K(1942016K) From: 48827K(49152K)->47976K(77824K)
[1032.242s][info ][gc,heap        ] GC(86) ParOldGen: 288414K(293376K)->289366K(293376K)
[1032.242s][info ][gc,metaspace   ] GC(86) Metaspace: 75334K(75904K)->75334K(75904K) NonClass: 64967K(65280K)->64967K(65280K) Class: 10367K(10624K)->10367K(10624K)
[1032.242s][info ][gc             ] GC(86) Pause Young (Allocation Failure) 2226M->329M(2259M) 12.576ms
[1032.242s][info ][gc,cpu         ] GC(86) User=0.04s Sys=0.00s Real=0.01s
[1032.242s][debug][gc,phases      ] GC(87) Pre Compact 0.010ms
[1032.242s][info ][gc,start       ] GC(87) Pause Full (Ergonomics)
[1032.242s][info ][gc,phases,start] GC(87) Marking Phase
[1032.371s][debug][gc,phases      ] GC(87) Par Mark 128.208ms
[1032.371s][debug][gc,ref         ] GC(87) Skipped phase 1 of Reference Processing: no references
[1032.371s][debug][gc,phases      ] GC(87) Reference Processing 0.395ms
[1032.372s][debug][gc,phases      ] GC(87) Weak Processing 0.550ms
[1032.372s][debug][gc,phases      ] GC(87) ClassLoaderData 0.058ms
[1032.372s][debug][gc,phases      ] GC(87) Trigger cleanups 0.000ms
[1032.386s][debug][gc,phases      ] GC(87) Class Unloading 14.222ms
[1032.386s][info ][gc,phases      ] GC(87) Marking Phase 143.534ms
[1032.386s][info ][gc,phases,start] GC(87) Summary Phase
[1032.386s][info ][gc,phases      ] GC(87) Summary Phase 0.010ms
[1032.386s][info ][gc,phases,start] GC(87) Adjust Roots
[1032.410s][info ][gc,phases      ] GC(87) Adjust Roots 23.753ms
[1032.410s][info ][gc,phases,start] GC(87) Compaction Phase
[1032.625s][info ][gc,phases      ] GC(87) Compaction Phase 215.641ms
[1032.625s][info ][gc,phases,start] GC(87) Post Compact
[1032.627s][info ][gc,phases      ] GC(87) Post Compact 1.130ms
[1032.627s][info ][gc,heap        ] GC(87) PSYoungGen: 47976K(2019840K)->28279K(2019840K) Eden: 0K(1942016K)->0K(1942016K) From: 47976K(77824K)->28279K(77824K)
[1032.627s][info ][gc,heap        ] GC(87) ParOldGen: 289366K(293376K)->293242K(351232K)
[1032.627s][info ][gc,metaspace   ] GC(87) Metaspace: 75334K(75904K)->75334K(75904K) NonClass: 64967K(65280K)->64967K(65280K) Class: 10367K(10624K)->10367K(10624K)
[1032.627s][info ][gc             ] GC(87) Pause Full (Ergonomics) 329M->313M(2315M) 384.379ms
[1032.627s][info ][gc,cpu         ] GC(87) User=1.38s Sys=0.01s Real=0.39s
[1032.627s][info ][safepoint      ] Safepoint "ParallelGCFailedAllocation", Time since last: 6733929448 ns, Reaching safepoint: 104403 ns, At safepoint: 397123633 ns, Total: 397228036 ns
[1044.628s][info ][safepoint      ] Safepoint "Cleanup", Time since last: 12000857270 ns, Reaching safepoint: 91302 ns, At safepoint: 11301 ns, Total: 102603 ns
[1047.628s][info ][safepoint      ] Safepoint "Cleanup", Time since last: 3000222114 ns, Reaching safepoint: 58502 ns, At safepoint: 11200 ns, Total: 69702 ns
[1049.628s][info ][safepoint      ] Safepoint "Cleanup", Time since last: 2000172104 ns, Reaching safepoint: 103303 ns, At safepoint: 7300 ns, Total: 110603 ns
[1055.629s][info ][safepoint      ] Safepoint "Cleanup", Time since last: 6000493983 ns, Reaching safepoint: 45701 ns, At safepoint: 3300 ns, Total: 49001 ns
[1056.629s][info ][safepoint      ] Safepoint "Cleanup", Time since last: 1000127194 ns, Reaching safepoint: 79902 ns, At safepoint: 9500 ns, Total: 89402 ns
[1066.630s][info ][safepoint      ] Safepoint "Cleanup", Time since last: 10000733160 ns, Reaching safepoint: 129303 ns, At safepoint: 13001 ns, Total: 142304 ns
[1069.630s][info ][safepoint      ] Safepoint "Cleanup", Time since last: 3000226134 ns, Reaching safepoint: 126204 ns, At safepoint: 13300 ns, Total: 139504 ns
[1073.631s][info ][safepoint      ] Safepoint "Cleanup", Time since last: 4000278996 ns, Reaching safepoint: 50801 ns, At safepoint: 7700 ns, Total: 58501 ns
[1079.879s][info ][safepoint      ] Safepoint "Cleanup", Time since last: 6247941735 ns, Reaching safepoint: 173105 ns, At safepoint: 19600 ns, Total: 192705 ns
[1080.879s][info ][safepoint      ] Safepoint "Cleanup", Time since last: 1000117565 ns, Reaching safepoint: 63002 ns, At safepoint: 13200 ns, Total: 76202 ns
[1082.382s][info ][safepoint      ] Safepoint "Cleanup", Time since last: 1502626509 ns, Reaching safepoint: 70102 ns, At safepoint: 11200 ns, Total: 81302 ns
[1083.382s][info ][safepoint      ] Safepoint "Cleanup", Time since last: 1000123862 ns, Reaching safepoint: 54102 ns, At safepoint: 5300 ns, Total: 59402 ns
[1087.382s][info ][safepoint      ] Safepoint "Cleanup", Time since last: 4000337233 ns, Reaching safepoint: 62302 ns, At safepoint: 8600 ns, Total: 70902 ns
[1092.596s][info ][safepoint      ] Safepoint "Cleanup", Time since last: 5213370892 ns, Reaching safepoint: 102903 ns, At safepoint: 8300 ns, Total: 111203 ns
[1093.596s][info ][safepoint      ] Safepoint "Cleanup", Time since last: 1000089549 ns, Reaching safepoint: 85103 ns, At safepoint: 5900 ns, Total: 91003 ns
[1094.596s][info ][safepoint      ] Safepoint "Cleanup", Time since last: 1000118549 ns, Reaching safepoint: 56402 ns, At safepoint: 9200 ns, Total: 65602 ns
[1095.596s][info ][safepoint      ] Safepoint "Cleanup", Time since last: 1000104248 ns, Reaching safepoint: 66101 ns, At safepoint: 9301 ns, Total: 75402 ns
[1096.597s][info ][safepoint      ] Safepoint "Cleanup", Time since last: 1000122747 ns, Reaching safepoint: 43901 ns, At safepoint: 5600 ns, Total: 49501 ns
[1099.130s][info ][gc,start       ] GC(88) Pause Young (Allocation Failure)
[1099.174s][debug][gc,phases      ] GC(88) Scavenge 44.228ms
[1099.174s][debug][gc,ref         ] GC(88) Skipped phase 1 of Reference Processing: no references
[1099.174s][debug][gc,ref         ] GC(88) Skipped phase 3 of Reference Processing: no references
[1099.174s][debug][gc,phases      ] GC(88) Reference Processing 0.031ms
[1099.175s][debug][gc,phases      ] GC(88) Weak Processing 0.539ms
[1099.175s][debug][gc,age         ] GC(88) Desired survivor size 77594624 bytes, new threshold 15 (max threshold 15)
[1099.175s][info ][gc,heap        ] GC(88) PSYoungGen: 1970295K(2019840K)->27803K(2019328K) Eden: 1942016K(1942016K)->0K(1942016K) From: 28279K(77824K)->27803K(77312K)
[1099.175s][info ][gc,heap        ] GC(88) ParOldGen: 293242K(351232K)->294082K(351232K)
[1099.175s][info ][gc,metaspace   ] GC(88) Metaspace: 75543K(76160K)->75543K(76160K) NonClass: 65150K(65472K)->65150K(65472K) Class: 10393K(10688K)->10393K(10688K)
[1099.175s][info ][gc             ] GC(88) Pause Young (Allocation Failure) 2210M->314M(2315M) 44.932ms
[1099.175s][info ][gc,cpu         ] GC(88) User=0.16s Sys=0.00s Real=0.05s
[1099.175s][info ][safepoint      ] Safepoint "ParallelGCFailedAllocation", Time since last: 2533167316 ns, Reaching safepoint: 45001 ns, At safepoint: 45030768 ns, Total: 45075769 ns
[1105.175s][info ][safepoint      ] Safepoint "Cleanup", Time since last: 6000352232 ns, Reaching safepoint: 48102 ns, At safepoint: 7100 ns, Total: 55202 ns
[1113.176s][info ][safepoint      ] Safepoint "Cleanup", Time since last: 8000581951 ns, Reaching safepoint: 71402 ns, At safepoint: 2900 ns, Total: 74302 ns
[1119.176s][info ][safepoint      ] Safepoint "Cleanup", Time since last: 6000368941 ns, Reaching safepoint: 48001 ns, At safepoint: 5600 ns, Total: 53601 ns
[1127.177s][info ][safepoint      ] Safepoint "Cleanup", Time since last: 8000532029 ns, Reaching safepoint: 61602 ns, At safepoint: 10400 ns, Total: 72002 ns
[1129.177s][info ][safepoint      ] Safepoint "Cleanup", Time since last: 2000183023 ns, Reaching safepoint: 48601 ns, At safepoint: 6400 ns, Total: 55001 ns
[1131.177s][info ][safepoint      ] Safepoint "Cleanup", Time since last: 2000184519 ns, Reaching safepoint: 53501 ns, At safepoint: 5300 ns, Total: 58801 ns
[1132.178s][info ][safepoint      ] Safepoint "Cleanup", Time since last: 1000109109 ns, Reaching safepoint: 63201 ns, At safepoint: 5800 ns, Total: 69001 ns
[1134.178s][info ][safepoint      ] Safepoint "Cleanup", Time since last: 2000192013 ns, Reaching safepoint: 65302 ns, At safepoint: 7700 ns, Total: 73002 ns
[1135.178s][info ][safepoint      ] Safepoint "Cleanup", Time since last: 1000073204 ns, Reaching safepoint: 51301 ns, At safepoint: 2800 ns, Total: 54101 ns
[1139.178s][info ][safepoint      ] Safepoint "Cleanup", Time since last: 4000324808 ns, Reaching safepoint: 147403 ns, At safepoint: 6901 ns, Total: 154304 ns
[1140.179s][info ][safepoint      ] Safepoint "Cleanup", Time since last: 1000109099 ns, Reaching safepoint: 50602 ns, At safepoint: 6000 ns, Total: 56602 ns
[1144.179s][info ][safepoint      ] Safepoint "Cleanup", Time since last: 4000349287 ns, Reaching safepoint: 101203 ns, At safepoint: 10900 ns, Total: 112103 ns
[1152.180s][info ][safepoint      ] Safepoint "Cleanup", Time since last: 8000569222 ns, Reaching safepoint: 51101 ns, At safepoint: 8600 ns, Total: 59701 ns
[1161.181s][info ][safepoint      ] Safepoint "Cleanup", Time since last: 9000643435 ns, Reaching safepoint: 133204 ns, At safepoint: 9300 ns, Total: 142504 ns
[1162.181s][info ][safepoint      ] Safepoint "Cleanup", Time since last: 1000122378 ns, Reaching safepoint: 123703 ns, At safepoint: 7701 ns, Total: 131404 ns
[1162.224s][info ][gc,start       ] GC(89) Pause Young (Allocation Failure)
[1162.231s][debug][gc,phases      ] GC(89) Scavenge 7.902ms
[1162.231s][debug][gc,ref         ] GC(89) Skipped phase 1 of Reference Processing: no references
[1162.232s][debug][gc,ref         ] GC(89) Skipped phase 3 of Reference Processing: no references
[1162.232s][debug][gc,phases      ] GC(89) Reference Processing 0.036ms
[1162.232s][debug][gc,phases      ] GC(89) Weak Processing 0.659ms
[1162.232s][debug][gc,age         ] GC(89) Desired survivor size 74448896 bytes, new threshold 15 (max threshold 15)
[1162.232s][info ][gc,heap        ] GC(89) PSYoungGen: 1969819K(2019328K)->32984K(2024448K) Eden: 1942016K(1942016K)->0K(1948672K) From: 27803K(77312K)->32984K(75776K)
[1162.232s][info ][gc,heap        ] GC(89) ParOldGen: 294082K(351232K)->294186K(351232K)
[1162.232s][info ][gc,metaspace   ] GC(89) Metaspace: 75623K(76224K)->75623K(76224K) NonClass: 65227K(65536K)->65227K(65536K) Class: 10396K(10688K)->10396K(10688K)
[1162.232s][info ][gc             ] GC(89) Pause Young (Allocation Failure) 2210M->319M(2320M) 8.737ms
[1162.232s][info ][gc,cpu         ] GC(89) User=0.03s Sys=0.01s Real=0.01s
[1162.232s][info ][safepoint      ] Safepoint "ParallelGCFailedAllocation", Time since last: 42676704 ns, Reaching safepoint: 29701 ns, At safepoint: 8821528 ns, Total: 8851229 ns
[1167.233s][info ][safepoint      ] Safepoint "Cleanup", Time since last: 5000368569 ns, Reaching safepoint: 75402 ns, At safepoint: 3400 ns, Total: 78802 ns
[1172.233s][info ][safepoint      ] Safepoint "Cleanup", Time since last: 5000340843 ns, Reaching safepoint: 82303 ns, At safepoint: 8500 ns, Total: 90803 ns
[1173.233s][info ][safepoint      ] Safepoint "Cleanup", Time since last: 1000115967 ns, Reaching safepoint: 110403 ns, At safepoint: 15200 ns, Total: 125603 ns
[1175.234s][info ][safepoint      ] Safepoint "Cleanup", Time since last: 2000200731 ns, Reaching safepoint: 58901 ns, At safepoint: 3500 ns, Total: 62401 ns
[1176.234s][info ][safepoint      ] Safepoint "Cleanup", Time since last: 1000112364 ns, Reaching safepoint: 57102 ns, At safepoint: 12100 ns, Total: 69202 ns
[1177.234s][info ][safepoint      ] Safepoint "Cleanup", Time since last: 1000114863 ns, Reaching safepoint: 57202 ns, At safepoint: 11200 ns, Total: 68402 ns
[1179.234s][info ][safepoint      ] Safepoint "Cleanup", Time since last: 2000181822 ns, Reaching safepoint: 51902 ns, At safepoint: 7300 ns, Total: 59202 ns
[1184.235s][info ][safepoint      ] Safepoint "Cleanup", Time since last: 5000351286 ns, Reaching safepoint: 36401 ns, At safepoint: 3000 ns, Total: 39401 ns
[1189.235s][info ][safepoint      ] Safepoint "Cleanup", Time since last: 5000388564 ns, Reaching safepoint: 58101 ns, At safepoint: 3400 ns, Total: 61501 ns
[1192.235s][info ][safepoint      ] Safepoint "Cleanup", Time since last: 3000252748 ns, Reaching safepoint: 56201 ns, At safepoint: 8700 ns, Total: 64901 ns
[1203.236s][info ][safepoint      ] Safepoint "Cleanup", Time since last: 11000767666 ns, Reaching safepoint: 77602 ns, At safepoint: 9500 ns, Total: 87102 ns
[1213.237s][info ][safepoint      ] Safepoint "Cleanup", Time since last: 10000795429 ns, Reaching safepoint: 47402 ns, At safepoint: 6900 ns, Total: 54302 ns
[1216.237s][info ][safepoint      ] Safepoint "Cleanup", Time since last: 3000188480 ns, Reaching safepoint: 77202 ns, At safepoint: 10400 ns, Total: 87602 ns
[1218.238s][info ][safepoint      ] Safepoint "Cleanup", Time since last: 2000180351 ns, Reaching safepoint: 54401 ns, At safepoint: 8700 ns, Total: 63101 ns
[1219.238s][info ][safepoint      ] Safepoint "Cleanup", Time since last: 1000115825 ns, Reaching safepoint: 76402 ns, At safepoint: 8300 ns, Total: 84702 ns
[1231.186s][info ][gc,start       ] GC(90) Pause Young (Allocation Failure)
[1231.197s][debug][gc,phases      ] GC(90) Scavenge 10.630ms
[1231.197s][debug][gc,ref         ] GC(90) Skipped phase 1 of Reference Processing: no references
[1231.197s][debug][gc,ref         ] GC(90) Skipped phase 3 of Reference Processing: no references
[1231.197s][debug][gc,phases      ] GC(90) Reference Processing 0.037ms
[1231.198s][debug][gc,phases      ] GC(90) Weak Processing 0.656ms
[1231.198s][debug][gc,age         ] GC(90) Desired survivor size 76021760 bytes, new threshold 15 (max threshold 15)
[1231.198s][info ][gc,heap        ] GC(90) PSYoungGen: 1981656K(2024448K)->7986K(2021376K) Eden: 1948672K(1948672K)->0K(1948672K) From: 32984K(75776K)->7986K(72704K)
[1231.198s][info ][gc,heap        ] GC(90) ParOldGen: 294186K(351232K)->319452K(351232K)
[1231.198s][info ][gc,metaspace   ] GC(90) Metaspace: 75698K(76288K)->75698K(76288K) NonClass: 65292K(65600K)->65292K(65600K) Class: 10406K(10688K)->10406K(10688K)
[1231.198s][info ][gc             ] GC(90) Pause Young (Allocation Failure) 2222M->319M(2317M) 11.461ms
[1231.198s][info ][gc,cpu         ] GC(90) User=0.05s Sys=0.00s Real=0.01s
[1231.198s][info ][safepoint      ] Safepoint "ParallelGCFailedAllocation", Time since last: 11948189853 ns, Reaching safepoint: 70902 ns, At safepoint: 11557098 ns, Total: 11628000 ns
[1232.198s][info ][safepoint      ] Safepoint "Cleanup", Time since last: 1000059412 ns, Reaching safepoint: 48601 ns, At safepoint: 3400 ns, Total: 52001 ns
[1233.198s][info ][safepoint      ] Safepoint "Cleanup", Time since last: 1000104512 ns, Reaching safepoint: 48601 ns, At safepoint: 6301 ns, Total: 54902 ns
[1244.199s][info ][safepoint      ] Safepoint "Cleanup", Time since last: 11000739665 ns, Reaching safepoint: 55202 ns, At safepoint: 7200 ns, Total: 62402 ns
[1248.199s][info ][safepoint      ] Safepoint "Cleanup", Time since last: 4000289299 ns, Reaching safepoint: 50601 ns, At safepoint: 2700 ns, Total: 53301 ns
[1251.199s][info ][safepoint      ] Safepoint "Cleanup", Time since last: 3000249992 ns, Reaching safepoint: 51701 ns, At safepoint: 5600 ns, Total: 57301 ns
[1253.200s][info ][safepoint      ] Safepoint "Cleanup", Time since last: 2000172690 ns, Reaching safepoint: 51602 ns, At safepoint: 8600 ns, Total: 60202 ns
[1256.200s][info ][safepoint      ] Safepoint "Cleanup", Time since last: 3000234179 ns, Reaching safepoint: 42601 ns, At safepoint: 5500 ns, Total: 48101 ns
[1258.200s][info ][safepoint      ] Safepoint "Cleanup", Time since last: 2000162182 ns, Reaching safepoint: 54601 ns, At safepoint: 9700 ns, Total: 64301 ns
[1259.200s][info ][safepoint      ] Safepoint "Cleanup", Time since last: 1000104091 ns, Reaching safepoint: 84402 ns, At safepoint: 16300 ns, Total: 100702 ns
[1264.201s][info ][safepoint      ] Safepoint "Cleanup", Time since last: 5000350735 ns, Reaching safepoint: 47201 ns, At safepoint: 2500 ns, Total: 49701 ns
[1267.201s][info ][safepoint      ] Safepoint "Cleanup", Time since last: 3000211651 ns, Reaching safepoint: 57802 ns, At safepoint: 3100 ns, Total: 60902 ns
[1271.201s][info ][safepoint      ] Safepoint "Cleanup", Time since last: 4000311424 ns, Reaching safepoint: 56602 ns, At safepoint: 5700 ns, Total: 62302 ns
[1272.202s][info ][safepoint      ] Safepoint "Cleanup", Time since last: 1000100079 ns, Reaching safepoint: 45601 ns, At safepoint: 3701 ns, Total: 49302 ns
[1273.202s][info ][safepoint      ] Safepoint "Cleanup", Time since last: 1000101178 ns, Reaching safepoint: 44902 ns, At safepoint: 3200 ns, Total: 48102 ns
[1277.202s][info ][safepoint      ] Safepoint "Cleanup", Time since last: 4000312105 ns, Reaching safepoint: 38801 ns, At safepoint: 3100 ns, Total: 41901 ns
[1280.202s][info ][safepoint      ] Safepoint "Cleanup", Time since last: 3000257421 ns, Reaching safepoint: 49502 ns, At safepoint: 6700 ns, Total: 56202 ns
[1283.203s][info ][safepoint      ] Safepoint "Cleanup", Time since last: 3000239513 ns, Reaching safepoint: 56502 ns, At safepoint: 7400 ns, Total: 63902 ns
[1284.203s][info ][safepoint      ] Safepoint "Cleanup", Time since last: 1000108470 ns, Reaching safepoint: 35401 ns, At safepoint: 3000 ns, Total: 38401 ns
[1294.204s][info ][safepoint      ] Safepoint "Cleanup", Time since last: 10000734853 ns, Reaching safepoint: 98703 ns, At safepoint: 7000 ns, Total: 105703 ns
[1296.204s][info ][safepoint      ] Safepoint "Cleanup", Time since last: 2000172122 ns, Reaching safepoint: 51101 ns, At safepoint: 9400 ns, Total: 60501 ns
[1297.931s][info ][gc,start       ] GC(91) Pause Young (Allocation Failure)
[1297.935s][debug][gc,phases      ] GC(91) Scavenge 4.742ms
[1297.935s][debug][gc,ref         ] GC(91) Skipped phase 1 of Reference Processing: no references
[1297.935s][debug][gc,ref         ] GC(91) Skipped phase 3 of Reference Processing: no references
[1297.935s][debug][gc,phases      ] GC(91) Reference Processing 0.026ms
[1297.936s][debug][gc,phases      ] GC(91) Weak Processing 0.522ms
[1297.936s][debug][gc,age         ] GC(91) Desired survivor size 76546048 bytes, new threshold 15 (max threshold 15)
[1297.936s][info ][gc,heap        ] GC(91) PSYoungGen: 1956658K(2021376K)->7605K(2021888K) Eden: 1948672K(1948672K)->0K(1947648K) From: 7986K(72704K)->7605K(74240K)
[1297.936s][info ][gc,heap        ] GC(91) ParOldGen: 319452K(351232K)->319916K(351232K)
[1297.936s][info ][gc,metaspace   ] GC(91) Metaspace: 75728K(76352K)->75728K(76352K) NonClass: 65321K(65664K)->65321K(65664K) Class: 10406K(10688K)->10406K(10688K)
[1297.936s][info ][gc             ] GC(91) Pause Young (Allocation Failure) 2222M->319M(2317M) 5.427ms
[1297.936s][info ][gc,cpu         ] GC(91) User=0.02s Sys=0.01s Real=0.01s
[1297.936s][info ][safepoint      ] Safepoint "ParallelGCFailedAllocation", Time since last: 1726543072 ns, Reaching safepoint: 69701 ns, At safepoint: 5518342 ns, Total: 5588043 ns
[1298.936s][info ][safepoint      ] Safepoint "Cleanup", Time since last: 1000087259 ns, Reaching safepoint: 47101 ns, At safepoint: 3400 ns, Total: 50501 ns
[1300.936s][info ][safepoint      ] Safepoint "Cleanup", Time since last: 2000215316 ns, Reaching safepoint: 49902 ns, At safepoint: 3400 ns, Total: 53302 ns
[1301.937s][info ][safepoint      ] Safepoint "Cleanup", Time since last: 1000111157 ns, Reaching safepoint: 51201 ns, At safepoint: 3600 ns, Total: 54801 ns
[1305.937s][info ][safepoint      ] Safepoint "Cleanup", Time since last: 4000312617 ns, Reaching safepoint: 71902 ns, At safepoint: 7200 ns, Total: 79102 ns
[1306.937s][info ][safepoint      ] Safepoint "Cleanup", Time since last: 1000112853 ns, Reaching safepoint: 53301 ns, At safepoint: 3700 ns, Total: 57001 ns
[1307.937s][info ][safepoint      ] Safepoint "Cleanup", Time since last: 1000121253 ns, Reaching safepoint: 61302 ns, At safepoint: 3600 ns, Total: 64902 ns
[1308.938s][info ][safepoint      ] Safepoint "Cleanup", Time since last: 1000112852 ns, Reaching safepoint: 55501 ns, At safepoint: 3600 ns, Total: 59101 ns
[1309.938s][info ][safepoint      ] Safepoint "Cleanup", Time since last: 1000069050 ns, Reaching safepoint: 119203 ns, At safepoint: 9200 ns, Total: 128403 ns
[1311.903s][info ][safepoint      ] Safepoint "Cleanup", Time since last: 1965558308 ns, Reaching safepoint: 114602 ns, At safepoint: 10201 ns, Total: 124803 ns
[1320.904s][info ][safepoint      ] Safepoint "Cleanup", Time since last: 9000557401 ns, Reaching safepoint: 77002 ns, At safepoint: 8000 ns, Total: 85002 ns
[1321.904s][info ][safepoint      ] Safepoint "Cleanup", Time since last: 1000108842 ns, Reaching safepoint: 52702 ns, At safepoint: 6800 ns, Total: 59502 ns
[1327.905s][info ][safepoint      ] Safepoint "Cleanup", Time since last: 6000425632 ns, Reaching safepoint: 44901 ns, At safepoint: 3200 ns, Total: 48101 ns
[1329.905s][info ][safepoint      ] Safepoint "Cleanup", Time since last: 2000176172 ns, Reaching safepoint: 52402 ns, At safepoint: 5500 ns, Total: 57902 ns
[1332.905s][info ][safepoint      ] Safepoint "Cleanup", Time since last: 3000235102 ns, Reaching safepoint: 44801 ns, At safepoint: 3701 ns, Total: 48502 ns
[1334.905s][info ][safepoint      ] Safepoint "Cleanup", Time since last: 2000140664 ns, Reaching safepoint: 45701 ns, At safepoint: 3100 ns, Total: 48801 ns
[1336.906s][info ][safepoint      ] Safepoint "Cleanup", Time since last: 2000170063 ns, Reaching safepoint: 48101 ns, At safepoint: 3600 ns, Total: 51701 ns
[1339.906s][info ][safepoint      ] Safepoint "Cleanup", Time since last: 3000225588 ns, Reaching safepoint: 41401 ns, At safepoint: 3300 ns, Total: 44701 ns
[1341.906s][info ][safepoint      ] Safepoint "Cleanup", Time since last: 2000131754 ns, Reaching safepoint: 48001 ns, At safepoint: 2700 ns, Total: 50701 ns
[1347.907s][info ][safepoint      ] Safepoint "Cleanup", Time since last: 6000426148 ns, Reaching safepoint: 52301 ns, At safepoint: 3200 ns, Total: 55501 ns
[1358.907s][info ][safepoint      ] Safepoint "Cleanup", Time since last: 11000656203 ns, Reaching safepoint: 69602 ns, At safepoint: 5300 ns, Total: 74902 ns
[1361.522s][info ][gc,start       ] GC(92) Pause Young (Allocation Failure)
[1361.525s][debug][gc,phases      ] GC(92) Scavenge 3.226ms
[1361.526s][debug][gc,ref         ] GC(92) Skipped phase 1 of Reference Processing: no references
[1361.526s][debug][gc,ref         ] GC(92) Skipped phase 3 of Reference Processing: no references
[1361.526s][debug][gc,phases      ] GC(92) Reference Processing 0.022ms
[1361.526s][debug][gc,phases      ] GC(92) Weak Processing 0.488ms
[1361.526s][debug][gc,age         ] GC(92) Desired survivor size 76546048 bytes, new threshold 15 (max threshold 15)
[1361.526s][info ][gc,heap        ] GC(92) PSYoungGen: 1955253K(2021888K)->7557K(2022400K) Eden: 1947648K(1947648K)->0K(1947648K) From: 7605K(74240K)->7557K(74752K)
[1361.526s][info ][gc,heap        ] GC(92) ParOldGen: 319916K(351232K)->319980K(351232K)
[1361.526s][info ][gc,metaspace   ] GC(92) Metaspace: 75758K(76416K)->75758K(76416K) NonClass: 65351K(65728K)->65351K(65728K) Class: 10406K(10688K)->10406K(10688K)
[1361.526s][info ][gc             ] GC(92) Pause Young (Allocation Failure) 2221M->319M(2318M) 3.878ms
[1361.526s][info ][gc,cpu         ] GC(92) User=0.01s Sys=0.00s Real=0.01s
[1361.526s][info ][safepoint      ] Safepoint "ParallelGCFailedAllocation", Time since last: 2614895335 ns, Reaching safepoint: 23701 ns, At safepoint: 3954901 ns, Total: 3978602 ns
[1366.527s][info ][safepoint      ] Safepoint "Cleanup", Time since last: 5000347358 ns, Reaching safepoint: 52702 ns, At safepoint: 2700 ns, Total: 55402 ns
[1367.527s][info ][safepoint      ] Safepoint "Cleanup", Time since last: 1000104610 ns, Reaching safepoint: 46801 ns, At safepoint: 2800 ns, Total: 49601 ns
[1372.528s][info ][safepoint      ] Safepoint "Cleanup", Time since last: 5001509968 ns, Reaching safepoint: 122503 ns, At safepoint: 10001 ns, Total: 132504 ns
[1373.529s][info ][safepoint      ] Safepoint "Cleanup", Time since last: 1000103906 ns, Reaching safepoint: 115703 ns, At safepoint: 8300 ns, Total: 124003 ns
[1379.529s][info ][safepoint      ] Safepoint "Cleanup", Time since last: 6000495922 ns, Reaching safepoint: 119603 ns, At safepoint: 26401 ns, Total: 146004 ns
[1385.530s][info ][safepoint      ] Safepoint "Cleanup", Time since last: 6000450498 ns, Reaching safepoint: 75502 ns, At safepoint: 5800 ns, Total: 81302 ns
[1386.530s][info ][safepoint      ] Safepoint "Cleanup", Time since last: 1000067897 ns, Reaching safepoint: 113303 ns, At safepoint: 9000 ns, Total: 122303 ns
[1388.530s][info ][safepoint      ] Safepoint "Cleanup", Time since last: 2000176594 ns, Reaching safepoint: 124903 ns, At safepoint: 10500 ns, Total: 135403 ns
[1390.531s][info ][safepoint      ] Safepoint "Cleanup", Time since last: 2000180191 ns, Reaching safepoint: 119203 ns, At safepoint: 8501 ns, Total: 127704 ns
[1393.531s][info ][safepoint      ] Safepoint "Cleanup", Time since last: 3000237881 ns, Reaching safepoint: 49801 ns, At safepoint: 3000 ns, Total: 52801 ns
[1395.531s][info ][safepoint      ] Safepoint "Cleanup", Time since last: 2000182585 ns, Reaching safepoint: 51901 ns, At safepoint: 3800 ns, Total: 55701 ns
[1405.532s][info ][safepoint      ] Safepoint "Cleanup", Time since last: 10000736583 ns, Reaching safepoint: 48901 ns, At safepoint: 3300 ns, Total: 52201 ns
[1408.532s][info ][safepoint      ] Safepoint "Cleanup", Time since last: 3000249253 ns, Reaching safepoint: 60802 ns, At safepoint: 7000 ns, Total: 67802 ns
[1409.532s][info ][safepoint      ] Safepoint "Cleanup", Time since last: 1000119084 ns, Reaching safepoint: 45902 ns, At safepoint: 3000 ns, Total: 48902 ns
[1413.533s][info ][safepoint      ] Safepoint "Cleanup", Time since last: 4000358027 ns, Reaching safepoint: 97103 ns, At safepoint: 22000 ns, Total: 119103 ns
[1424.534s][info ][safepoint      ] Safepoint "Cleanup", Time since last: 11000779146 ns, Reaching safepoint: 60802 ns, At safepoint: 10800 ns, Total: 71602 ns
[1424.742s][info ][gc,start       ] GC(93) Pause Young (Allocation Failure)
[1424.746s][debug][gc,phases      ] GC(93) Scavenge 4.204ms
[1424.746s][debug][gc,ref         ] GC(93) Skipped phase 1 of Reference Processing: no references
[1424.746s][debug][gc,ref         ] GC(93) Skipped phase 3 of Reference Processing: no references
[1424.746s][debug][gc,phases      ] GC(93) Reference Processing 0.023ms
[1424.746s][debug][gc,phases      ] GC(93) Weak Processing 0.499ms
[1424.746s][debug][gc,age         ] GC(93) Desired survivor size 74973184 bytes, new threshold 15 (max threshold 15)
[1424.746s][info ][gc,heap        ] GC(93) PSYoungGen: 1955205K(2022400K)->11029K(2023936K) Eden: 1947648K(1947648K)->0K(1949184K) From: 7557K(74752K)->11029K(74752K)
[1424.746s][info ][gc,heap        ] GC(93) ParOldGen: 319980K(351232K)->320100K(351232K)
[1424.746s][info ][gc,metaspace   ] GC(93) Metaspace: 75784K(76416K)->75784K(76416K) NonClass: 65377K(65728K)->65377K(65728K) Class: 10406K(10688K)->10406K(10688K)
[1424.746s][info ][gc             ] GC(93) Pause Young (Allocation Failure) 2221M->323M(2319M) 4.856ms
[1424.746s][info ][gc,cpu         ] GC(93) User=0.01s Sys=0.00s Real=0.01s
[1424.747s][info ][safepoint      ] Safepoint "ParallelGCFailedAllocation", Time since last: 207850536 ns, Reaching safepoint: 34601 ns, At safepoint: 4949927 ns, Total: 4984528 ns
[1425.747s][info ][safepoint      ] Safepoint "Cleanup", Time since last: 1000090674 ns, Reaching safepoint: 55101 ns, At safepoint: 9400 ns, Total: 64501 ns
[1441.748s][info ][safepoint      ] Safepoint "Cleanup", Time since last: 16001084891 ns, Reaching safepoint: 45801 ns, At safepoint: 21101 ns, Total: 66902 ns
[1465.749s][info ][safepoint      ] Safepoint "Cleanup", Time since last: 24001576662 ns, Reaching safepoint: 69002 ns, At safepoint: 7400 ns, Total: 76402 ns
[1467.750s][info ][safepoint      ] Safepoint "Cleanup", Time since last: 2000153999 ns, Reaching safepoint: 48402 ns, At safepoint: 7300 ns, Total: 55702 ns
[1469.750s][info ][safepoint      ] Safepoint "Cleanup", Time since last: 2000187498 ns, Reaching safepoint: 41901 ns, At safepoint: 3900 ns, Total: 45801 ns
[1471.750s][info ][safepoint      ] Safepoint "Cleanup", Time since last: 2000166596 ns, Reaching safepoint: 56702 ns, At safepoint: 11100 ns, Total: 67802 ns
[1472.750s][info ][safepoint      ] Safepoint "Cleanup", Time since last: 1000122648 ns, Reaching safepoint: 69502 ns, At safepoint: 10700 ns, Total: 80202 ns
[1477.751s][info ][safepoint      ] Safepoint "Cleanup", Time since last: 5000335525 ns, Reaching safepoint: 72402 ns, At safepoint: 5200 ns, Total: 77602 ns
[1480.751s][info ][safepoint      ] Safepoint "Cleanup", Time since last: 3000248330 ns, Reaching safepoint: 43501 ns, At safepoint: 2700 ns, Total: 46201 ns
[1487.752s][info ][safepoint      ] Safepoint "Cleanup", Time since last: 7000509283 ns, Reaching safepoint: 43701 ns, At safepoint: 3100 ns, Total: 46801 ns
[1489.580s][info ][gc,start       ] GC(94) Pause Young (Allocation Failure)
[1489.585s][debug][gc,phases      ] GC(94) Scavenge 4.299ms
[1489.585s][debug][gc,ref         ] GC(94) Skipped phase 1 of Reference Processing: no references
[1489.585s][debug][gc,ref         ] GC(94) Skipped phase 3 of Reference Processing: no references
[1489.585s][debug][gc,phases      ] GC(94) Reference Processing 0.025ms
[1489.585s][debug][gc,phases      ] GC(94) Weak Processing 0.543ms
[1489.585s][debug][gc,age         ] GC(94) Desired survivor size 73400320 bytes, new threshold 15 (max threshold 15)
[1489.585s][info ][gc,heap        ] GC(94) PSYoungGen: 1960213K(2023936K)->11029K(2022400K) Eden: 1949184K(1949184K)->0K(1949184K) From: 11029K(74752K)->11029K(73216K)
[1489.585s][info ][gc,heap        ] GC(94) ParOldGen: 320100K(351232K)->320132K(351232K)
[1489.585s][info ][gc,metaspace   ] GC(94) Metaspace: 75795K(76416K)->75795K(76416K) NonClass: 65388K(65728K)->65388K(65728K) Class: 10406K(10688K)->10406K(10688K)
[1489.585s][info ][gc             ] GC(94) Pause Young (Allocation Failure) 2226M->323M(2318M) 5.008ms
[1489.585s][info ][gc,cpu         ] GC(94) User=0.02s Sys=0.00s Real=0.01s
[1489.585s][info ][safepoint      ] Safepoint "ParallelGCFailedAllocation", Time since last: 1828475475 ns, Reaching safepoint: 135203 ns, At safepoint: 5109431 ns, Total: 5244634 ns
[1491.586s][info ][safepoint      ] Safepoint "Cleanup", Time since last: 2000173075 ns, Reaching safepoint: 49802 ns, At safepoint: 6800 ns, Total: 56602 ns
[1499.586s][info ][safepoint      ] Safepoint "Cleanup", Time since last: 8000564075 ns, Reaching safepoint: 52001 ns, At safepoint: 9501 ns, Total: 61502 ns
[1509.587s][info ][safepoint      ] Safepoint "Cleanup", Time since last: 10000690398 ns, Reaching safepoint: 55001 ns, At safepoint: 10200 ns, Total: 65201 ns
[1510.587s][info ][safepoint      ] Safepoint "Cleanup", Time since last: 1000122429 ns, Reaching safepoint: 47201 ns, At safepoint: 7900 ns, Total: 55101 ns
[1511.587s][info ][safepoint      ] Safepoint "Cleanup", Time since last: 1000116328 ns, Reaching safepoint: 108603 ns, At safepoint: 16200 ns, Total: 124803 ns
[1516.588s][info ][safepoint      ] Safepoint "Cleanup", Time since last: 5000368826 ns, Reaching safepoint: 68102 ns, At safepoint: 6400 ns, Total: 74502 ns
[1517.588s][info ][safepoint      ] Safepoint "Cleanup", Time since last: 1000135425 ns, Reaching safepoint: 58702 ns, At safepoint: 8200 ns, Total: 66902 ns
[1519.588s][info ][safepoint      ] Safepoint "Cleanup", Time since last: 2000156646 ns, Reaching safepoint: 46101 ns, At safepoint: 7000 ns, Total: 53101 ns
[1521.588s][info ][safepoint      ] Safepoint "Cleanup", Time since last: 2000138344 ns, Reaching safepoint: 56401 ns, At safepoint: 6001 ns, Total: 62402 ns
[1531.589s][info ][safepoint      ] Safepoint "Cleanup", Time since last: 10000658988 ns, Reaching safepoint: 59502 ns, At safepoint: 5400 ns, Total: 64902 ns
[1540.590s][info ][safepoint      ] Safepoint "Cleanup", Time since last: 9000610329 ns, Reaching safepoint: 74702 ns, At safepoint: 11700 ns, Total: 86402 ns
[1551.030s][info ][gc,start       ] GC(95) Pause Young (Allocation Failure)
[1551.035s][debug][gc,phases      ] GC(95) Scavenge 5.036ms
[1551.035s][debug][gc,ref         ] GC(95) Skipped phase 1 of Reference Processing: no references
[1551.035s][debug][gc,ref         ] GC(95) Skipped phase 3 of Reference Processing: no references
[1551.035s][debug][gc,phases      ] GC(95) Reference Processing 0.024ms
[1551.035s][debug][gc,phases      ] GC(95) Weak Processing 0.559ms
[1551.035s][debug][gc,age         ] GC(95) Desired survivor size 70778880 bytes, new threshold 15 (max threshold 15)
[1551.035s][info ][gc,heap        ] GC(95) PSYoungGen: 1960213K(2022400K)->14178K(2028032K) Eden: 1949184K(1949184K)->0K(1956352K) From: 11029K(73216K)->14178K(71680K)
[1551.035s][info ][gc,heap        ] GC(95) ParOldGen: 320132K(351232K)->320164K(351232K)
[1551.035s][info ][gc,metaspace   ] GC(95) Metaspace: 75824K(76480K)->75824K(76480K) NonClass: 65417K(65792K)->65417K(65792K) Class: 10406K(10688K)->10406K(10688K)
[1551.035s][info ][gc             ] GC(95) Pause Young (Allocation Failure) 2226M->326M(2323M) 5.750ms
[1551.035s][info ][gc,cpu         ] GC(95) User=0.02s Sys=0.00s Real=0.01s
[1551.035s][info ][safepoint      ] Safepoint "ParallelGCFailedAllocation", Time since last: 10439727041 ns, Reaching safepoint: 61701 ns, At safepoint: 5846450 ns, Total: 5908151 ns
[1554.039s][info ][safepoint      ] Safepoint "Cleanup", Time since last: 3003396102 ns, Reaching safepoint: 62501 ns, At safepoint: 5700 ns, Total: 68201 ns
[1561.039s][info ][safepoint      ] Safepoint "Cleanup", Time since last: 7000497131 ns, Reaching safepoint: 49802 ns, At safepoint: 4000 ns, Total: 53802 ns
[1578.041s][info ][safepoint      ] Safepoint "Cleanup", Time since last: 17001071780 ns, Reaching safepoint: 48101 ns, At safepoint: 6500 ns, Total: 54601 ns
[1580.041s][info ][safepoint      ] Safepoint "Cleanup", Time since last: 2000149790 ns, Reaching safepoint: 50901 ns, At safepoint: 3300 ns, Total: 54201 ns
[1588.041s][info ][safepoint      ] Safepoint "Cleanup", Time since last: 8000515440 ns, Reaching safepoint: 54302 ns, At safepoint: 11300 ns, Total: 65602 ns
[1592.042s][info ][safepoint      ] Safepoint "Cleanup", Time since last: 4000301561 ns, Reaching safepoint: 47501 ns, At safepoint: 5600 ns, Total: 53101 ns
[1608.045s][info ][safepoint      ] Safepoint "Cleanup", Time since last: 16003568236 ns, Reaching safepoint: 40801 ns, At safepoint: 3300 ns, Total: 44101 ns
[1616.180s][info ][gc,start       ] GC(96) Pause Young (Allocation Failure)
[1616.185s][debug][gc,phases      ] GC(96) Scavenge 4.482ms
[1616.185s][debug][gc,ref         ] GC(96) Skipped phase 1 of Reference Processing: no references
[1616.185s][debug][gc,ref         ] GC(96) Skipped phase 3 of Reference Processing: no references
[1616.185s][debug][gc,phases      ] GC(96) Reference Processing 0.026ms
[1616.185s][debug][gc,phases      ] GC(96) Weak Processing 0.587ms
[1616.185s][debug][gc,age         ] GC(96) Desired survivor size 68157440 bytes, new threshold 15 (max threshold 15)
[1616.185s][info ][gc,heap        ] GC(96) PSYoungGen: 1970530K(2028032K)->13040K(2025472K) Eden: 1956352K(1956352K)->0K(1956352K) From: 14178K(71680K)->13040K(69120K)
[1616.185s][info ][gc,heap        ] GC(96) ParOldGen: 320164K(351232K)->321185K(351232K)
[1616.185s][info ][gc,metaspace   ] GC(96) Metaspace: 75853K(76480K)->75853K(76480K) NonClass: 65441K(65792K)->65441K(65792K) Class: 10412K(10688K)->10412K(10688K)
[1616.185s][info ][gc             ] GC(96) Pause Young (Allocation Failure) 2237M->326M(2321M) 5.254ms
[1616.185s][info ][gc,cpu         ] GC(96) User=0.02s Sys=0.00s Real=0.01s
[1616.185s][info ][safepoint      ] Safepoint "ParallelGCFailedAllocation", Time since last: 8134558574 ns, Reaching safepoint: 47501 ns, At safepoint: 5339137 ns, Total: 5386638 ns
[1618.185s][info ][safepoint      ] Safepoint "Cleanup", Time since last: 2000111657 ns, Reaching safepoint: 49501 ns, At safepoint: 3700 ns, Total: 53201 ns
[1622.186s][info ][safepoint      ] Safepoint "Cleanup", Time since last: 4000259110 ns, Reaching safepoint: 44501 ns, At safepoint: 6200 ns, Total: 50701 ns
[1623.186s][info ][safepoint      ] Safepoint "Cleanup", Time since last: 1000104477 ns, Reaching safepoint: 45102 ns, At safepoint: 3300 ns, Total: 48402 ns
[1624.186s][info ][safepoint      ] Safepoint "Cleanup", Time since last: 1000102777 ns, Reaching safepoint: 30500 ns, At safepoint: 7101 ns, Total: 37601 ns
[1628.186s][info ][safepoint      ] Safepoint "Cleanup", Time since last: 4000268500 ns, Reaching safepoint: 74402 ns, At safepoint: 23800 ns, Total: 98202 ns
[1645.188s][info ][safepoint      ] Safepoint "Cleanup", Time since last: 17001018403 ns, Reaching safepoint: 58201 ns, At safepoint: 7601 ns, Total: 65802 ns
[1669.189s][info ][safepoint      ] Safepoint "Cleanup", Time since last: 24001530512 ns, Reaching safepoint: 52301 ns, At safepoint: 5900 ns, Total: 58201 ns
[1671.189s][info ][safepoint      ] Safepoint "Cleanup", Time since last: 2000125516 ns, Reaching safepoint: 54202 ns, At safepoint: 5200 ns, Total: 59402 ns
[1678.580s][info ][gc,start       ] GC(97) Pause Young (Allocation Failure)
[1678.584s][debug][gc,phases      ] GC(97) Scavenge 3.876ms
[1678.584s][debug][gc,ref         ] GC(97) Skipped phase 1 of Reference Processing: no references
[1678.584s][debug][gc,ref         ] GC(97) Skipped phase 3 of Reference Processing: no references
[1678.584s][debug][gc,phases      ] GC(97) Reference Processing 0.023ms
[1678.585s][debug][gc,phases      ] GC(97) Weak Processing 0.534ms
[1678.585s][debug][gc,age         ] GC(97) Desired survivor size 66060288 bytes, new threshold 15 (max threshold 15)
[1678.585s][info ][gc,heap        ] GC(97) PSYoungGen: 1969392K(2025472K)->10736K(2032640K) Eden: 1956352K(1956352K)->0K(1966080K) From: 13040K(69120K)->10736K(66560K)
[1678.585s][info ][gc,heap        ] GC(97) ParOldGen: 321185K(351232K)->321217K(351232K)
[1678.585s][info ][gc,metaspace   ] GC(97) Metaspace: 75882K(76480K)->75882K(76480K) NonClass: 65469K(65792K)->65469K(65792K) Class: 10412K(10688K)->10412K(10688K)
[1678.585s][info ][gc             ] GC(97) Pause Young (Allocation Failure) 2236M->324M(2328M) 4.568ms
[1678.585s][info ][gc,cpu         ] GC(97) User=0.02s Sys=0.00s Real=0.00s
[1678.585s][info ][safepoint      ] Safepoint "ParallelGCFailedAllocation", Time since last: 7390646567 ns, Reaching safepoint: 83502 ns, At safepoint: 4666019 ns, Total: 4749521 ns
[1689.585s][info ][safepoint      ] Safepoint "Cleanup", Time since last: 11000706585 ns, Reaching safepoint: 71302 ns, At safepoint: 10100 ns, Total: 81402 ns
[1694.586s][info ][safepoint      ] Safepoint "Cleanup", Time since last: 5000353353 ns, Reaching safepoint: 56901 ns, At safepoint: 8400 ns, Total: 65301 ns
[1697.586s][info ][safepoint      ] Safepoint "Cleanup", Time since last: 3000219048 ns, Reaching safepoint: 52101 ns, At safepoint: 8000 ns, Total: 60101 ns
[1720.588s][info ][safepoint      ] Safepoint "Cleanup", Time since last: 23001437123 ns, Reaching safepoint: 73302 ns, At safepoint: 5800 ns, Total: 79102 ns
[1723.588s][info ][safepoint      ] Safepoint "Cleanup", Time since last: 3000222221 ns, Reaching safepoint: 53401 ns, At safepoint: 7901 ns, Total: 61302 ns
[1724.588s][info ][safepoint      ] Safepoint "Cleanup", Time since last: 1000104440 ns, Reaching safepoint: 47901 ns, At safepoint: 2600 ns, Total: 50501 ns
[1725.588s][info ][safepoint      ] Safepoint "Cleanup", Time since last: 1000128441 ns, Reaching safepoint: 47701 ns, At safepoint: 2700 ns, Total: 50401 ns
[1740.379s][info ][gc,start       ] GC(98) Pause Young (Allocation Failure)
[1740.383s][debug][gc,phases      ] GC(98) Scavenge 4.073ms
[1740.383s][debug][gc,ref         ] GC(98) Skipped phase 1 of Reference Processing: no references
[1740.383s][debug][gc,ref         ] GC(98) Skipped phase 3 of Reference Processing: no references
[1740.383s][debug][gc,phases      ] GC(98) Reference Processing 0.026ms
[1740.383s][debug][gc,phases      ] GC(98) Weak Processing 0.531ms
[1740.383s][debug][gc,age         ] GC(98) Desired survivor size 63963136 bytes, new threshold 15 (max threshold 15)
[1740.383s][info ][gc,heap        ] GC(98) PSYoungGen: 1976816K(2032640K)->10912K(2030592K) Eden: 1966080K(1966080K)->0K(1966080K) From: 10736K(66560K)->10912K(64512K)
[1740.383s][info ][gc,heap        ] GC(98) ParOldGen: 321217K(351232K)->321265K(351232K)
[1740.383s][info ][gc,metaspace   ] GC(98) Metaspace: 75912K(76544K)->75912K(76544K) NonClass: 65498K(65856K)->65498K(65856K) Class: 10414K(10688K)->10414K(10688K)
[1740.383s][info ][gc             ] GC(98) Pause Young (Allocation Failure) 2244M->324M(2326M) 4.758ms
[1740.383s][info ][gc,cpu         ] GC(98) User=0.01s Sys=0.00s Real=0.00s
[1740.383s][info ][safepoint      ] Safepoint "ParallelGCFailedAllocation", Time since last: 14790162566 ns, Reaching safepoint: 107203 ns, At safepoint: 4850224 ns, Total: 4957427 ns
[1746.384s][info ][safepoint      ] Safepoint "Cleanup", Time since last: 6000420300 ns, Reaching safepoint: 40401 ns, At safepoint: 2601 ns, Total: 43002 ns
[1750.384s][info ][safepoint      ] Safepoint "Cleanup", Time since last: 4000211425 ns, Reaching safepoint: 47701 ns, At safepoint: 3600 ns, Total: 51301 ns
[1756.385s][info ][safepoint      ] Safepoint "Cleanup", Time since last: 6000438082 ns, Reaching safepoint: 62802 ns, At safepoint: 2700 ns, Total: 65502 ns
[1772.386s][info ][safepoint      ] Safepoint "Cleanup", Time since last: 16001315835 ns, Reaching safepoint: 53102 ns, At safepoint: 12100 ns, Total: 65202 ns
[1776.386s][info ][safepoint      ] Safepoint "Cleanup", Time since last: 4000333897 ns, Reaching safepoint: 55101 ns, At safepoint: 13200 ns, Total: 68301 ns
[1780.387s][info ][safepoint      ] Safepoint "Cleanup", Time since last: 4000283691 ns, Reaching safepoint: 48301 ns, At safepoint: 7501 ns, Total: 55802 ns
[1802.630s][info ][gc,start       ] GC(99) Pause Young (Allocation Failure)
[1802.635s][debug][gc,phases      ] GC(99) Scavenge 4.657ms
[1802.635s][debug][gc,ref         ] GC(99) Skipped phase 1 of Reference Processing: no references
[1802.635s][debug][gc,ref         ] GC(99) Skipped phase 3 of Reference Processing: no references
[1802.635s][debug][gc,phases      ] GC(99) Reference Processing 0.023ms
[1802.635s][debug][gc,phases      ] GC(99) Weak Processing 0.528ms
[1802.635s][debug][gc,age         ] GC(99) Desired survivor size 61341696 bytes, new threshold 15 (max threshold 15)
[1802.635s][info ][gc,heap        ] GC(99) PSYoungGen: 1976992K(2030592K)->13088K(2037248K) Eden: 1966080K(1966080K)->0K(1974784K) From: 10912K(64512K)->13088K(62464K)
[1802.635s][info ][gc,heap        ] GC(99) ParOldGen: 321265K(351232K)->321313K(351232K)
[1802.635s][info ][gc,metaspace   ] GC(99) Metaspace: 75923K(76544K)->75923K(76544K) NonClass: 65508K(65856K)->65508K(65856K) Class: 10414K(10688K)->10414K(10688K)
[1802.635s][info ][gc             ] GC(99) Pause Young (Allocation Failure) 2244M->326M(2332M) 5.350ms
[1802.635s][info ][gc,cpu         ] GC(99) User=0.02s Sys=0.00s Real=0.01s
[1802.635s][info ][safepoint      ] Safepoint "ParallelGCFailedAllocation", Time since last: 22243158280 ns, Reaching safepoint: 41901 ns, At safepoint: 5428038 ns, Total: 5469939 ns
[1808.636s][info ][safepoint      ] Safepoint "Cleanup", Time since last: 6000408889 ns, Reaching safepoint: 42601 ns, At safepoint: 3100 ns, Total: 45701 ns
[1816.636s][info ][safepoint      ] Safepoint "Cleanup", Time since last: 8000523702 ns, Reaching safepoint: 57302 ns, At safepoint: 8900 ns, Total: 66202 ns
[1832.638s][info ][safepoint      ] Safepoint "Cleanup", Time since last: 16001031651 ns, Reaching safepoint: 48202 ns, At safepoint: 2700 ns, Total: 50902 ns
[1838.638s][info ][safepoint      ] Safepoint "Cleanup", Time since last: 6000374238 ns, Reaching safepoint: 56102 ns, At safepoint: 6300 ns, Total: 62402 ns
[1843.638s][info ][safepoint      ] Safepoint "Cleanup", Time since last: 5000349026 ns, Reaching safepoint: 74402 ns, At safepoint: 5900 ns, Total: 80302 ns
[1844.639s][info ][safepoint      ] Safepoint "Cleanup", Time since last: 1000101705 ns, Reaching safepoint: 49402 ns, At safepoint: 6200 ns, Total: 55602 ns
[1847.639s][info ][safepoint      ] Safepoint "Cleanup", Time since last: 3000235212 ns, Reaching safepoint: 50301 ns, At safepoint: 6101 ns, Total: 56402 ns
[1849.639s][info ][safepoint      ] Safepoint "Cleanup", Time since last: 2000179007 ns, Reaching safepoint: 51401 ns, At safepoint: 11401 ns, Total: 62802 ns
[1850.639s][info ][safepoint      ] Safepoint "Cleanup", Time since last: 1000112704 ns, Reaching safepoint: 44501 ns, At safepoint: 6800 ns, Total: 51301 ns
[1851.639s][info ][safepoint      ] Safepoint "Cleanup", Time since last: 1000118804 ns, Reaching safepoint: 60201 ns, At safepoint: 11401 ns, Total: 71602 ns
[1852.640s][info ][safepoint      ] Safepoint "Cleanup", Time since last: 1000108403 ns, Reaching safepoint: 45601 ns, At safepoint: 2700 ns, Total: 48301 ns
[1868.696s][info ][safepoint      ] Safepoint "ParallelGCFailedAllocation", Time since last: 16056639619 ns, Reaching safepoint: 57401 ns, At safepoint: 16101 ns, Total: 73502 ns
[1868.696s][info ][gc,start       ] GC(100) Pause Young (GCLocker Initiated GC)
[1868.700s][debug][gc,phases      ] GC(100) Scavenge 3.714ms
[1868.700s][debug][gc,ref         ] GC(100) Skipped phase 1 of Reference Processing: no references
[1868.700s][debug][gc,ref         ] GC(100) Skipped phase 3 of Reference Processing: no references
[1868.700s][debug][gc,phases      ] GC(100) Reference Processing 0.028ms
[1868.701s][debug][gc,phases      ] GC(100) Weak Processing 0.591ms
[1868.701s][debug][gc,age         ] GC(100) Desired survivor size 58195968 bytes, new threshold 15 (max threshold 15)
[1868.701s][info ][gc,heap        ] GC(100) PSYoungGen: 1987872K(2037248K)->12784K(2034688K) Eden: 1974784K(1974784K)->0K(1974784K) From: 13088K(62464K)->12784K(59904K)
[1868.701s][info ][gc,heap        ] GC(100) ParOldGen: 321315K(351232K)->321355K(351232K)
[1868.701s][info ][gc,metaspace   ] GC(100) Metaspace: 75938K(76544K)->75938K(76544K) NonClass: 65523K(65856K)->65523K(65856K) Class: 10415K(10688K)->10415K(10688K)
[1868.701s][info ][gc             ] GC(100) Pause Young (GCLocker Initiated GC) 2255M->326M(2330M) 4.459ms
[1868.701s][info ][gc,cpu         ] GC(100) User=0.01s Sys=0.00s Real=0.00s
[1868.701s][info ][safepoint      ] Safepoint "ParallelGCSystemGC", Time since last: 76902 ns, Reaching safepoint: 14500 ns, At safepoint: 4524916 ns, Total: 4539416 ns
[1877.702s][info ][safepoint      ] Safepoint "Cleanup", Time since last: 9000696375 ns, Reaching safepoint: 58501 ns, At safepoint: 16401 ns, Total: 74902 ns
[1912.704s][info ][safepoint      ] Safepoint "Cleanup", Time since last: 35002159705 ns, Reaching safepoint: 56802 ns, At safepoint: 5600 ns, Total: 62402 ns
[1918.704s][info ][safepoint      ] Safepoint "Cleanup", Time since last: 6000416722 ns, Reaching safepoint: 43001 ns, At safepoint: 3800 ns, Total: 46801 ns
[1935.279s][info ][gc,start       ] GC(101) Pause Young (Allocation Failure)
[1935.283s][debug][gc,phases      ] GC(101) Scavenge 4.256ms
[1935.283s][debug][gc,ref         ] GC(101) Skipped phase 1 of Reference Processing: no references
[1935.283s][debug][gc,ref         ] GC(101) Skipped phase 3 of Reference Processing: no references
[1935.283s][debug][gc,phases      ] GC(101) Reference Processing 0.031ms
[1935.284s][debug][gc,phases      ] GC(101) Weak Processing 0.542ms
[1935.284s][debug][gc,age         ] GC(101) Desired survivor size 56623104 bytes, new threshold 15 (max threshold 15)
[1935.284s][info ][gc,heap        ] GC(101) PSYoungGen: 1987568K(2034688K)->8960K(2041856K) Eden: 1974784K(1974784K)->0K(1985024K) From: 12784K(59904K)->8960K(56832K)
[1935.284s][info ][gc,heap        ] GC(101) ParOldGen: 321357K(351232K)->321565K(351232K)
[1935.284s][info ][gc,metaspace   ] GC(101) Metaspace: 75951K(76544K)->75951K(76544K) NonClass: 65536K(65856K)->65536K(65856K) Class: 10415K(10688K)->10415K(10688K)
[1935.284s][info ][gc             ] GC(101) Pause Young (Allocation Failure) 2254M->322M(2337M) 4.982ms
[1935.284s][info ][gc,cpu         ] GC(101) User=0.02s Sys=0.00s Real=0.00s
[1935.284s][info ][safepoint      ] Safepoint "ParallelGCFailedAllocation", Time since last: 16574430362 ns, Reaching safepoint: 76602 ns, At safepoint: 5073229 ns, Total: 5149831 ns
[1938.284s][info ][safepoint      ] Safepoint "Cleanup", Time since last: 3000215648 ns, Reaching safepoint: 41601 ns, At safepoint: 2900 ns, Total: 44501 ns
[1942.285s][info ][safepoint      ] Safepoint "Cleanup", Time since last: 4000307727 ns, Reaching safepoint: 53601 ns, At safepoint: 2901 ns, Total: 56502 ns
[1974.287s][info ][safepoint      ] Safepoint "Cleanup", Time since last: 32002103342 ns, Reaching safepoint: 79702 ns, At safepoint: 6801 ns, Total: 86503 ns
[1996.288s][info ][safepoint      ] Safepoint "Cleanup", Time since last: 22001408722 ns, Reaching safepoint: 45401 ns, At safepoint: 4200 ns, Total: 49601 ns
[2001.282s][info ][gc,start       ] GC(102) Pause Young (Allocation Failure)
[2001.286s][debug][gc,phases      ] GC(102) Scavenge 3.595ms
[2001.286s][debug][gc,ref         ] GC(102) Skipped phase 1 of Reference Processing: no references
[2001.286s][debug][gc,ref         ] GC(102) Skipped phase 3 of Reference Processing: no references
[2001.286s][debug][gc,phases      ] GC(102) Reference Processing 0.023ms
[2001.286s][debug][gc,phases      ] GC(102) Weak Processing 0.561ms
[2001.286s][debug][gc,age         ] GC(102) Desired survivor size 54525952 bytes, new threshold 15 (max threshold 15)
[2001.286s][info ][gc,heap        ] GC(102) PSYoungGen: 1993984K(2041856K)->9008K(2040320K) Eden: 1985024K(1985024K)->0K(1985024K) From: 8960K(56832K)->9008K(55296K)
[2001.286s][info ][gc,heap        ] GC(102) ParOldGen: 321565K(351232K)->321677K(351232K)
[2001.286s][info ][gc,metaspace   ] GC(102) Metaspace: 75965K(76544K)->75965K(76544K) NonClass: 65550K(65856K)->65550K(65856K) Class: 10415K(10688K)->10415K(10688K)
[2001.286s][info ][gc             ] GC(102) Pause Young (Allocation Failure) 2261M->322M(2335M) 4.338ms
[2001.286s][info ][gc,cpu         ] GC(102) User=0.01s Sys=0.00s Real=0.01s
[2001.286s][info ][safepoint      ] Safepoint "ParallelGCFailedAllocation", Time since last: 4993580918 ns, Reaching safepoint: 46301 ns, At safepoint: 4428836 ns, Total: 4475137 ns
[2007.287s][info ][safepoint      ] Safepoint "Cleanup", Time since last: 6000394252 ns, Reaching safepoint: 79402 ns, At safepoint: 7300 ns, Total: 86702 ns
[2013.287s][info ][safepoint      ] Safepoint "Cleanup", Time since last: 6000451133 ns, Reaching safepoint: 60102 ns, At safepoint: 4200 ns, Total: 64302 ns
[2018.289s][info ][safepoint      ] Safepoint "Cleanup", Time since last: 5001808712 ns, Reaching safepoint: 56301 ns, At safepoint: 8001 ns, Total: 64302 ns
[2023.290s][info ][safepoint      ] Safepoint "Cleanup", Time since last: 5000397050 ns, Reaching safepoint: 59902 ns, At safepoint: 7100 ns, Total: 67002 ns
[2030.836s][info ][safepoint      ] Safepoint "Cleanup", Time since last: 7546327209 ns, Reaching safepoint: 118804 ns, At safepoint: 8300 ns, Total: 127104 ns
[2031.840s][info ][safepoint      ] Safepoint "Cleanup", Time since last: 1003216635 ns, Reaching safepoint: 1045931 ns, At safepoint: 4800 ns, Total: 1050731 ns
[2034.841s][info ][safepoint      ] Safepoint "Cleanup", Time since last: 3000261969 ns, Reaching safepoint: 65002 ns, At safepoint: 3800 ns, Total: 68802 ns
[2037.841s][info ][safepoint      ] Safepoint "Cleanup", Time since last: 3000254592 ns, Reaching safepoint: 92202 ns, At safepoint: 5701 ns, Total: 97903 ns
[2048.842s][info ][safepoint      ] Safepoint "Cleanup", Time since last: 11000807723 ns, Reaching safepoint: 53102 ns, At safepoint: 10200 ns, Total: 63302 ns
[2049.842s][info ][safepoint      ] Safepoint "Cleanup", Time since last: 1000117490 ns, Reaching safepoint: 34001 ns, At safepoint: 3100 ns, Total: 37101 ns
[2057.843s][info ][safepoint      ] Safepoint "Cleanup", Time since last: 8000560917 ns, Reaching safepoint: 42901 ns, At safepoint: 4100 ns, Total: 47001 ns
[2062.843s][info ][safepoint      ] Safepoint "Cleanup", Time since last: 5000333197 ns, Reaching safepoint: 47901 ns, At safepoint: 7100 ns, Total: 55001 ns
[2063.843s][info ][safepoint      ] Safepoint "Cleanup", Time since last: 1000105377 ns, Reaching safepoint: 31901 ns, At safepoint: 2800 ns, Total: 34701 ns
[2067.429s][info ][gc,start       ] GC(103) Pause Young (Allocation Failure)
[2067.433s][debug][gc,phases      ] GC(103) Scavenge 3.732ms
[2067.433s][debug][gc,ref         ] GC(103) Skipped phase 1 of Reference Processing: no references
[2067.433s][debug][gc,ref         ] GC(103) Skipped phase 3 of Reference Processing: no references
[2067.433s][debug][gc,phases      ] GC(103) Reference Processing 0.030ms
[2067.434s][debug][gc,phases      ] GC(103) Weak Processing 0.672ms
[2067.434s][debug][gc,age         ] GC(103) Desired survivor size 52428800 bytes, new threshold 15 (max threshold 15)
[2067.434s][info ][gc,heap        ] GC(103) PSYoungGen: 1994032K(2040320K)->9008K(2045952K) Eden: 1985024K(1985024K)->0K(1992704K) From: 9008K(55296K)->9008K(53248K)
[2067.434s][info ][gc,heap        ] GC(103) ParOldGen: 321677K(351232K)->321749K(351232K)
[2067.434s][info ][gc,metaspace   ] GC(103) Metaspace: 76008K(76608K)->76008K(76608K) NonClass: 65592K(65920K)->65592K(65920K) Class: 10415K(10688K)->10415K(10688K)
[2067.434s][info ][gc             ] GC(103) Pause Young (Allocation Failure) 2261M->323M(2341M) 4.612ms
[2067.434s][info ][gc,cpu         ] GC(103) User=0.02s Sys=0.00s Real=0.01s
[2067.434s][info ][safepoint      ] Safepoint "ParallelGCFailedAllocation", Time since last: 3585960076 ns, Reaching safepoint: 115003 ns, At safepoint: 4719642 ns, Total: 4834645 ns
[2074.435s][info ][safepoint      ] Safepoint "Cleanup", Time since last: 7000484207 ns, Reaching safepoint: 86502 ns, At safepoint: 6900 ns, Total: 93402 ns
[2077.435s][info ][safepoint      ] Safepoint "Cleanup", Time since last: 3000240130 ns, Reaching safepoint: 58601 ns, At safepoint: 10801 ns, Total: 69402 ns
[2079.435s][info ][safepoint      ] Safepoint "Cleanup", Time since last: 2000122912 ns, Reaching safepoint: 48102 ns, At safepoint: 3300 ns, Total: 51402 ns
[2081.435s][info ][safepoint      ] Safepoint "Cleanup", Time since last: 2000196284 ns, Reaching safepoint: 52401 ns, At safepoint: 6901 ns, Total: 59302 ns
[2087.436s][info ][safepoint      ] Safepoint "Cleanup", Time since last: 6000431862 ns, Reaching safepoint: 50402 ns, At safepoint: 9900 ns, Total: 60302 ns
[2090.436s][info ][safepoint      ] Safepoint "Cleanup", Time since last: 3000249929 ns, Reaching safepoint: 59702 ns, At safepoint: 5200 ns, Total: 64902 ns
[2095.437s][info ][safepoint      ] Safepoint "Cleanup", Time since last: 5000399230 ns, Reaching safepoint: 51302 ns, At safepoint: 4400 ns, Total: 55702 ns
[2098.437s][info ][safepoint      ] Safepoint "Cleanup", Time since last: 3000250648 ns, Reaching safepoint: 88003 ns, At safepoint: 10600 ns, Total: 98603 ns
[2104.437s][info ][safepoint      ] Safepoint "Cleanup", Time since last: 6000422094 ns, Reaching safepoint: 53601 ns, At safepoint: 5900 ns, Total: 59501 ns
[2109.438s][info ][safepoint      ] Safepoint "Cleanup", Time since last: 5000352409 ns, Reaching safepoint: 46001 ns, At safepoint: 2900 ns, Total: 48901 ns
[2116.096s][info ][safepoint      ] Safepoint "Cleanup", Time since last: 6658123528 ns, Reaching safepoint: 108403 ns, At safepoint: 13700 ns, Total: 122103 ns
[2117.096s][info ][safepoint      ] Safepoint "Cleanup", Time since last: 1000106273 ns, Reaching safepoint: 112603 ns, At safepoint: 5900 ns, Total: 118503 ns
[2121.097s][info ][safepoint      ] Safepoint "Cleanup", Time since last: 4000333216 ns, Reaching safepoint: 50501 ns, At safepoint: 3301 ns, Total: 53802 ns
[2125.097s][info ][safepoint      ] Safepoint "Cleanup", Time since last: 4000369802 ns, Reaching safepoint: 46101 ns, At safepoint: 8801 ns, Total: 54902 ns
[2132.330s][info ][gc,start       ] GC(104) Pause Young (Allocation Failure)
[2132.335s][debug][gc,phases      ] GC(104) Scavenge 4.630ms
[2132.335s][debug][gc,ref         ] GC(104) Skipped phase 1 of Reference Processing: no references
[2132.335s][debug][gc,ref         ] GC(104) Skipped phase 3 of Reference Processing: no references
[2132.335s][debug][gc,phases      ] GC(104) Reference Processing 0.025ms
[2132.336s][debug][gc,phases      ] GC(104) Weak Processing 0.501ms
[2132.336s][debug][gc,age         ] GC(104) Desired survivor size 50855936 bytes, new threshold 15 (max threshold 15)
[2132.336s][info ][gc,heap        ] GC(104) PSYoungGen: 2001712K(2045952K)->3792K(2043904K) Eden: 1992704K(1992704K)->0K(1992704K) From: 9008K(53248K)->3792K(51200K)
[2132.336s][info ][gc,heap        ] GC(104) ParOldGen: 321749K(351232K)->326795K(351232K)
[2132.336s][info ][gc,metaspace   ] GC(104) Metaspace: 76024K(76608K)->76024K(76608K) NonClass: 65609K(65920K)->65609K(65920K) Class: 10415K(10688K)->10415K(10688K)
[2132.336s][info ][gc             ] GC(104) Pause Young (Allocation Failure) 2269M->322M(2339M) 5.302ms
[2132.336s][info ][gc,cpu         ] GC(104) User=0.02s Sys=0.00s Real=0.01s
[2132.336s][info ][safepoint      ] Safepoint "ParallelGCFailedAllocation", Time since last: 7233153779 ns, Reaching safepoint: 65602 ns, At safepoint: 5389759 ns, Total: 5455361 ns
[2135.336s][info ][safepoint      ] Safepoint "Cleanup", Time since last: 3000190948 ns, Reaching safepoint: 50502 ns, At safepoint: 3700 ns, Total: 54202 ns
[2150.337s][info ][safepoint      ] Safepoint "Cleanup", Time since last: 15001115114 ns, Reaching safepoint: 47401 ns, At safepoint: 6701 ns, Total: 54102 ns
[2181.347s][info ][safepoint      ] Safepoint "Cleanup", Time since last: 31010067987 ns, Reaching safepoint: 43201 ns, At safepoint: 2500 ns, Total: 45701 ns
[2187.348s][info ][safepoint      ] Safepoint "Cleanup", Time since last: 6000524592 ns, Reaching safepoint: 75502 ns, At safepoint: 12500 ns, Total: 88002 ns
[2188.348s][info ][safepoint      ] Safepoint "Cleanup", Time since last: 1000134795 ns, Reaching safepoint: 56702 ns, At safepoint: 4000 ns, Total: 60702 ns
[2197.349s][info ][safepoint      ] Safepoint "Cleanup", Time since last: 9000654655 ns, Reaching safepoint: 90103 ns, At safepoint: 6900 ns, Total: 97003 ns
[2198.980s][info ][gc,start       ] GC(105) Pause Young (Allocation Failure)
[2198.982s][debug][gc,phases      ] GC(105) Scavenge 2.678ms
[2198.982s][debug][gc,ref         ] GC(105) Skipped phase 1 of Reference Processing: no references
[2198.982s][debug][gc,ref         ] GC(105) Skipped phase 3 of Reference Processing: no references
[2198.982s][debug][gc,ref         ] GC(105) Skipped phase 4 of Reference Processing: no references
[2198.982s][debug][gc,phases      ] GC(105) Reference Processing 0.024ms
[2198.983s][debug][gc,phases      ] GC(105) Weak Processing 0.516ms
[2198.983s][debug][gc,age         ] GC(105) Desired survivor size 49807360 bytes, new threshold 15 (max threshold 15)
[2198.983s][info ][gc,heap        ] GC(105) PSYoungGen: 1996496K(2043904K)->3728K(2048512K) Eden: 1992704K(1992704K)->0K(1998848K) From: 3792K(51200K)->3728K(49664K)
[2198.983s][info ][gc,heap        ] GC(105) ParOldGen: 326795K(351232K)->326847K(351232K)
[2198.983s][info ][gc,metaspace   ] GC(105) Metaspace: 76036K(76608K)->76036K(76608K) NonClass: 65620K(65920K)->65620K(65920K) Class: 10415K(10688K)->10415K(10688K)
[2198.983s][info ][gc             ] GC(105) Pause Young (Allocation Failure) 2268M->322M(2343M) 3.349ms
[2198.983s][info ][gc,cpu         ] GC(105) User=0.01s Sys=0.00s Real=0.00s
[2198.983s][info ][safepoint      ] Safepoint "ParallelGCFailedAllocation", Time since last: 1630766499 ns, Reaching safepoint: 97503 ns, At safepoint: 3431700 ns, Total: 3529203 ns
[2210.984s][info ][safepoint      ] Safepoint "Cleanup", Time since last: 12000884149 ns, Reaching safepoint: 51701 ns, At safepoint: 2800 ns, Total: 54501 ns
[2221.738s][info ][safepoint      ] Safepoint "Cleanup", Time since last: 10753401133 ns, Reaching safepoint: 130204 ns, At safepoint: 11400 ns, Total: 141604 ns
[2222.738s][info ][safepoint      ] Safepoint "Cleanup", Time since last: 1000100785 ns, Reaching safepoint: 45702 ns, At safepoint: 5900 ns, Total: 51602 ns
[2225.738s][info ][safepoint      ] Safepoint "Cleanup", Time since last: 3000244519 ns, Reaching safepoint: 112804 ns, At safepoint: 5200 ns, Total: 118004 ns
[2227.738s][info ][safepoint      ] Safepoint "Cleanup", Time since last: 2000182817 ns, Reaching safepoint: 48502 ns, At safepoint: 2300 ns, Total: 50802 ns
[2229.739s][info ][safepoint      ] Safepoint "Cleanup", Time since last: 2000179894 ns, Reaching safepoint: 50702 ns, At safepoint: 3700 ns, Total: 54402 ns
[2254.740s][info ][safepoint      ] Safepoint "Cleanup", Time since last: 25001811950 ns, Reaching safepoint: 116804 ns, At safepoint: 6400 ns, Total: 123204 ns
[2263.741s][info ][safepoint      ] Safepoint "Cleanup", Time since last: 9000604979 ns, Reaching safepoint: 115804 ns, At safepoint: 12200 ns, Total: 128004 ns
[2263.746s][info ][gc,start       ] GC(106) Pause Young (Allocation Failure)
[2263.750s][debug][gc,phases      ] GC(106) Scavenge 4.526ms
[2263.750s][debug][gc,ref         ] GC(106) Skipped phase 1 of Reference Processing: no references
[2263.750s][debug][gc,ref         ] GC(106) Skipped phase 3 of Reference Processing: no references
[2263.750s][debug][gc,phases      ] GC(106) Reference Processing 0.025ms
[2263.751s][debug][gc,phases      ] GC(106) Weak Processing 0.570ms
[2263.751s][debug][gc,age         ] GC(106) Desired survivor size 48758784 bytes, new threshold 15 (max threshold 15)
[2263.751s][info ][gc,heap        ] GC(106) PSYoungGen: 2002576K(2048512K)->20576K(2047488K) Eden: 1998848K(1998848K)->0K(1998848K) From: 3728K(49664K)->20576K(48640K)
[2263.751s][info ][gc,heap        ] GC(106) ParOldGen: 326847K(351232K)->326887K(351232K)
[2263.751s][info ][gc,metaspace   ] GC(106) Metaspace: 76085K(76672K)->76085K(76672K) NonClass: 65667K(65984K)->65667K(65984K) Class: 10417K(10688K)->10417K(10688K)
[2263.751s][info ][gc             ] GC(106) Pause Young (Allocation Failure) 2274M->339M(2342M) 5.242ms
[2263.751s][info ][gc,cpu         ] GC(106) User=0.02s Sys=0.00s Real=0.00s
[2263.751s][info ][safepoint      ] Safepoint "ParallelGCFailedAllocation", Time since last: 4464628 ns, Reaching safepoint: 101303 ns, At safepoint: 5355454 ns, Total: 5456757 ns
[2264.751s][info ][safepoint      ] Safepoint "Cleanup", Time since last: 1000089749 ns, Reaching safepoint: 46201 ns, At safepoint: 13601 ns, Total: 59802 ns
[2265.751s][info ][safepoint      ] Safepoint "Cleanup", Time since last: 1000108444 ns, Reaching safepoint: 48401 ns, At safepoint: 10901 ns, Total: 59302 ns
[2268.752s][info ][safepoint      ] Safepoint "Cleanup", Time since last: 3000218897 ns, Reaching safepoint: 56501 ns, At safepoint: 3600 ns, Total: 60101 ns
[2271.752s][info ][safepoint      ] Safepoint "Cleanup", Time since last: 3000251150 ns, Reaching safepoint: 48601 ns, At safepoint: 5401 ns, Total: 54002 ns
[2272.752s][info ][safepoint      ] Safepoint "Cleanup", Time since last: 1000114106 ns, Reaching safepoint: 59302 ns, At safepoint: 5800 ns, Total: 65102 ns
[2278.753s][info ][safepoint      ] Safepoint "Cleanup", Time since last: 6000397222 ns, Reaching safepoint: 46401 ns, At safepoint: 3201 ns, Total: 49602 ns
[2279.753s][info ][safepoint      ] Safepoint "Cleanup", Time since last: 1000124770 ns, Reaching safepoint: 45701 ns, At safepoint: 2700 ns, Total: 48401 ns
[2296.754s][info ][safepoint      ] Safepoint "Cleanup", Time since last: 17001053671 ns, Reaching safepoint: 71302 ns, At safepoint: 4600 ns, Total: 75902 ns
[2299.754s][info ][safepoint      ] Safepoint "Cleanup", Time since last: 3000231714 ns, Reaching safepoint: 54501 ns, At safepoint: 7000 ns, Total: 61501 ns
[2303.755s][info ][safepoint      ] Safepoint "Cleanup", Time since last: 4000294614 ns, Reaching safepoint: 45702 ns, At safepoint: 3400 ns, Total: 49102 ns
[2307.755s][info ][safepoint      ] Safepoint "Cleanup", Time since last: 4000268533 ns, Reaching safepoint: 55301 ns, At safepoint: 10001 ns, Total: 65302 ns
[2329.737s][info ][gc,start       ] GC(107) Pause Young (Allocation Failure)
[2329.742s][debug][gc,phases      ] GC(107) Scavenge 5.086ms
[2329.742s][debug][gc,ref         ] GC(107) Skipped phase 1 of Reference Processing: no references
[2329.742s][debug][gc,phases      ] GC(107) Reference Processing 0.054ms
[2329.743s][debug][gc,phases      ] GC(107) Weak Processing 0.497ms
[2329.743s][debug][gc,age         ] GC(107) Desired survivor size 47710208 bytes, new threshold 15 (max threshold 15)
[2329.743s][info ][gc,heap        ] GC(107) PSYoungGen: 2019417K(2047488K)->21120K(2050560K) Eden: 1998840K(1998848K)->0K(2002944K) From: 20576K(48640K)->21120K(47616K)
[2329.743s][info ][gc,heap        ] GC(107) ParOldGen: 326887K(351232K)->326927K(351232K)
[2329.743s][info ][gc,metaspace   ] GC(107) Metaspace: 76087K(76672K)->76087K(76672K) NonClass: 65670K(65984K)->65670K(65984K) Class: 10417K(10688K)->10417K(10688K)
[2329.743s][info ][gc             ] GC(107) Pause Young (Allocation Failure) 2291M->339M(2345M) 5.758ms
[2329.743s][info ][gc,cpu         ] GC(107) User=0.01s Sys=0.00s Real=0.00s
[2329.743s][info ][safepoint      ] Safepoint "ParallelGCFailedAllocation", Time since last: 21982041180 ns, Reaching safepoint: 53902 ns, At safepoint: 5859766 ns, Total: 5913668 ns
[2339.744s][info ][safepoint      ] Safepoint "Cleanup", Time since last: 10000704433 ns, Reaching safepoint: 41901 ns, At safepoint: 3701 ns, Total: 45602 ns
[2343.744s][info ][safepoint      ] Safepoint "Cleanup", Time since last: 4000299343 ns, Reaching safepoint: 40901 ns, At safepoint: 6500 ns, Total: 47401 ns
[2347.744s][info ][safepoint      ] Safepoint "Cleanup", Time since last: 4000307469 ns, Reaching safepoint: 144504 ns, At safepoint: 12001 ns, Total: 156505 ns
[2375.746s][info ][safepoint      ] Safepoint "Cleanup", Time since last: 28001794654 ns, Reaching safepoint: 51601 ns, At safepoint: 7801 ns, Total: 59402 ns
[2379.747s][info ][safepoint      ] Safepoint "Cleanup", Time since last: 4000304698 ns, Reaching safepoint: 55602 ns, At safepoint: 3400 ns, Total: 59002 ns
[2385.747s][info ][safepoint      ] Safepoint "Cleanup", Time since last: 6000442368 ns, Reaching safepoint: 122304 ns, At safepoint: 9500 ns, Total: 131804 ns
[2399.748s][info ][safepoint      ] Safepoint "Cleanup", Time since last: 14000949599 ns, Reaching safepoint: 58001 ns, At safepoint: 7701 ns, Total: 65702 ns
[2400.748s][info ][safepoint      ] Safepoint "Cleanup", Time since last: 1000109905 ns, Reaching safepoint: 79202 ns, At safepoint: 7401 ns, Total: 86603 ns
[2401.380s][info ][gc,start       ] GC(108) Pause Young (Allocation Failure)
[2401.384s][debug][gc,phases      ] GC(108) Scavenge 4.547ms
[2401.384s][debug][gc,ref         ] GC(108) Skipped phase 1 of Reference Processing: no references
[2401.384s][debug][gc,ref         ] GC(108) Skipped phase 3 of Reference Processing: no references
[2401.384s][debug][gc,phases      ] GC(108) Reference Processing 0.027ms
[2401.385s][debug][gc,phases      ] GC(108) Weak Processing 0.537ms
[2401.385s][debug][gc,age         ] GC(108) Desired survivor size 46137344 bytes, new threshold 15 (max threshold 15)
[2401.385s][info ][gc,heap        ] GC(108) PSYoungGen: 2024064K(2050560K)->19392K(2049536K) Eden: 2002944K(2002944K)->0K(2002944K) From: 21120K(47616K)->19392K(46592K)
[2401.385s][info ][gc,heap        ] GC(108) ParOldGen: 326927K(351232K)->327964K(351232K)
[2401.385s][info ][gc,metaspace   ] GC(108) Metaspace: 76095K(76672K)->76095K(76672K) NonClass: 65675K(65984K)->65675K(65984K) Class: 10419K(10688K)->10419K(10688K)
[2401.385s][info ][gc             ] GC(108) Pause Young (Allocation Failure) 2295M->339M(2344M) 5.262ms
[2401.385s][info ][gc,cpu         ] GC(108) User=0.02s Sys=0.00s Real=0.01s
[2401.385s][info ][safepoint      ] Safepoint "ParallelGCFailedAllocation", Time since last: 631070332 ns, Reaching safepoint: 63702 ns, At safepoint: 5354150 ns, Total: 5417852 ns
[2402.385s][info ][safepoint      ] Safepoint "Cleanup", Time since last: 1000084298 ns, Reaching safepoint: 54202 ns, At safepoint: 9100 ns, Total: 63302 ns
[2403.385s][info ][safepoint      ] Safepoint "Cleanup", Time since last: 1000111695 ns, Reaching safepoint: 47001 ns, At safepoint: 9200 ns, Total: 56201 ns
[2406.386s][info ][safepoint      ] Safepoint "Cleanup", Time since last: 3000249757 ns, Reaching safepoint: 84203 ns, At safepoint: 7800 ns, Total: 92003 ns
[2411.386s][info ][safepoint      ] Safepoint "Cleanup", Time since last: 5000346545 ns, Reaching safepoint: 49401 ns, At safepoint: 8500 ns, Total: 57901 ns
[2412.386s][info ][safepoint      ] Safepoint "Cleanup", Time since last: 1000112558 ns, Reaching safepoint: 44602 ns, At safepoint: 7000 ns, Total: 51602 ns
[2416.387s][info ][safepoint      ] Safepoint "Cleanup", Time since last: 4000286687 ns, Reaching safepoint: 54002 ns, At safepoint: 3400 ns, Total: 57402 ns
[2417.387s][info ][safepoint      ] Safepoint "Cleanup", Time since last: 1000113338 ns, Reaching safepoint: 50401 ns, At safepoint: 10000 ns, Total: 60401 ns
[2420.387s][info ][safepoint      ] Safepoint "Cleanup", Time since last: 3000182686 ns, Reaching safepoint: 46401 ns, At safepoint: 3200 ns, Total: 49601 ns
[2425.387s][info ][safepoint      ] Safepoint "Cleanup", Time since last: 5000366465 ns, Reaching safepoint: 55601 ns, At safepoint: 6201 ns, Total: 61802 ns
[2426.388s][info ][safepoint      ] Safepoint "Cleanup", Time since last: 1000095601 ns, Reaching safepoint: 46202 ns, At safepoint: 3000 ns, Total: 49202 ns
[2428.388s][info ][safepoint      ] Safepoint "Cleanup", Time since last: 2000167791 ns, Reaching safepoint: 67002 ns, At safepoint: 6800 ns, Total: 73802 ns
[2433.388s][info ][safepoint      ] Safepoint "Cleanup", Time since last: 5000368008 ns, Reaching safepoint: 68901 ns, At safepoint: 9201 ns, Total: 78102 ns
[2442.389s][info ][safepoint      ] Safepoint "Cleanup", Time since last: 9000618589 ns, Reaching safepoint: 83302 ns, At safepoint: 14601 ns, Total: 97903 ns
[2464.390s][info ][safepoint      ] Safepoint "Cleanup", Time since last: 22001380705 ns, Reaching safepoint: 52501 ns, At safepoint: 3200 ns, Total: 55701 ns
[2465.391s][info ][safepoint      ] Safepoint "Cleanup", Time since last: 1000110755 ns, Reaching safepoint: 43601 ns, At safepoint: 2600 ns, Total: 46201 ns
[2467.391s][info ][safepoint      ] Safepoint "Cleanup", Time since last: 2000171697 ns, Reaching safepoint: 69102 ns, At safepoint: 15200 ns, Total: 84302 ns
[2471.391s][info ][safepoint      ] Safepoint "Cleanup", Time since last: 4000281848 ns, Reaching safepoint: 41101 ns, At safepoint: 7801 ns, Total: 48902 ns
[2472.391s][info ][safepoint      ] Safepoint "Cleanup", Time since last: 1000106729 ns, Reaching safepoint: 49101 ns, At safepoint: 3000 ns, Total: 52101 ns
[2475.392s][info ][safepoint      ] Safepoint "Cleanup", Time since last: 3000202463 ns, Reaching safepoint: 42101 ns, At safepoint: 7300 ns, Total: 49401 ns
[2476.392s][info ][safepoint      ] Safepoint "Cleanup", Time since last: 1000101415 ns, Reaching safepoint: 47801 ns, At safepoint: 3700 ns, Total: 51501 ns
[2477.392s][info ][safepoint      ] Safepoint "Cleanup", Time since last: 1000119311 ns, Reaching safepoint: 45902 ns, At safepoint: 2700 ns, Total: 48602 ns
[2481.392s][info ][safepoint      ] Safepoint "Cleanup", Time since last: 4000315806 ns, Reaching safepoint: 50401 ns, At safepoint: 2900 ns, Total: 53301 ns
[2481.780s][info ][gc,start       ] GC(109) Pause Young (Allocation Failure)
[2481.793s][debug][gc,phases      ] GC(109) Scavenge 13.500ms
[2481.793s][debug][gc,ref         ] GC(109) Skipped phase 1 of Reference Processing: no references
[2481.794s][debug][gc,ref         ] GC(109) Skipped phase 3 of Reference Processing: no references
[2481.794s][debug][gc,phases      ] GC(109) Reference Processing 0.036ms
[2481.794s][debug][gc,phases      ] GC(109) Weak Processing 0.596ms
[2481.794s][debug][gc,age         ] GC(109) Desired survivor size 44040192 bytes, new threshold 15 (max threshold 15)
[2481.794s][info ][gc,heap        ] GC(109) PSYoungGen: 2022336K(2049536K)->19360K(2054144K) Eden: 2002944K(2002944K)->0K(2009088K) From: 19392K(46592K)->19360K(45056K)
[2481.794s][info ][gc,heap        ] GC(109) ParOldGen: 327964K(351232K)->327996K(351232K)
[2481.794s][info ][gc,metaspace   ] GC(109) Metaspace: 76105K(76672K)->76105K(76672K) NonClass: 65686K(65984K)->65686K(65984K) Class: 10419K(10688K)->10419K(10688K)
[2481.794s][info ][gc             ] GC(109) Pause Young (Allocation Failure) 2295M->339M(2349M) 14.301ms
[2481.794s][info ][gc,cpu         ] GC(109) User=0.02s Sys=0.00s Real=0.02s
[2481.794s][info ][safepoint      ] Safepoint "ParallelGCFailedAllocation", Time since last: 387611473 ns, Reaching safepoint: 57601 ns, At safepoint: 14390600 ns, Total: 14448201 ns
[2482.794s][info ][safepoint      ] Safepoint "Cleanup", Time since last: 1000083792 ns, Reaching safepoint: 47601 ns, At safepoint: 7600 ns, Total: 55201 ns
[2494.795s][info ][safepoint      ] Safepoint "Cleanup", Time since last: 12000732217 ns, Reaching safepoint: 45901 ns, At safepoint: 4701 ns, Total: 50602 ns
[2502.796s][info ][safepoint      ] Safepoint "Cleanup", Time since last: 8000538870 ns, Reaching safepoint: 75802 ns, At safepoint: 3600 ns, Total: 79402 ns
[2516.802s][info ][safepoint      ] Safepoint "Cleanup", Time since last: 14005691586 ns, Reaching safepoint: 45401 ns, At safepoint: 3800 ns, Total: 49201 ns
[2517.802s][info ][safepoint      ] Safepoint "Cleanup", Time since last: 1000111773 ns, Reaching safepoint: 54002 ns, At safepoint: 5900 ns, Total: 59902 ns
[2519.802s][info ][safepoint      ] Safepoint "Cleanup", Time since last: 2000147034 ns, Reaching safepoint: 72002 ns, At safepoint: 8100 ns, Total: 80102 ns
[2537.803s][info ][safepoint      ] Safepoint "Cleanup", Time since last: 18001157620 ns, Reaching safepoint: 79202 ns, At safepoint: 3000 ns, Total: 82202 ns
[2560.229s][info ][gc,start       ] GC(110) Pause Young (Allocation Failure)
[2560.234s][debug][gc,phases      ] GC(110) Scavenge 4.311ms
[2560.234s][debug][gc,ref         ] GC(110) Skipped phase 1 of Reference Processing: no references
[2560.234s][debug][gc,ref         ] GC(110) Skipped phase 3 of Reference Processing: no references
[2560.234s][debug][gc,phases      ] GC(110) Reference Processing 0.047ms
[2560.234s][debug][gc,phases      ] GC(110) Weak Processing 0.674ms
[2560.234s][debug][gc,age         ] GC(110) Desired survivor size 42467328 bytes, new threshold 15 (max threshold 15)
[2560.234s][info ][gc,heap        ] GC(110) PSYoungGen: 2028448K(2054144K)->18304K(2052096K) Eden: 2009088K(2009088K)->0K(2009088K) From: 19360K(45056K)->18304K(43008K)
[2560.234s][info ][gc,heap        ] GC(110) ParOldGen: 327996K(351232K)->329101K(351232K)
[2560.234s][info ][gc,metaspace   ] GC(110) Metaspace: 76108K(76672K)->76108K(76672K) NonClass: 65689K(65984K)->65689K(65984K) Class: 10419K(10688K)->10419K(10688K)
[2560.234s][info ][gc             ] GC(110) Pause Young (Allocation Failure) 2301M->339M(2347M) 5.185ms
[2560.235s][info ][gc,cpu         ] GC(110) User=0.01s Sys=0.01s Real=0.01s
[2560.235s][info ][safepoint      ] Safepoint "ParallelGCFailedAllocation", Time since last: 22426035563 ns, Reaching safepoint: 69002 ns, At safepoint: 5262345 ns, Total: 5331347 ns
[2639.429s][info ][gc,start       ] GC(111) Pause Young (Allocation Failure)
[2639.433s][debug][gc,phases      ] GC(111) Scavenge 4.275ms
[2639.433s][debug][gc,ref         ] GC(111) Skipped phase 1 of Reference Processing: no references
[2639.433s][debug][gc,ref         ] GC(111) Skipped phase 3 of Reference Processing: no references
[2639.433s][debug][gc,phases      ] GC(111) Reference Processing 0.025ms
[2639.434s][debug][gc,phases      ] GC(111) Weak Processing 0.561ms
[2639.434s][debug][gc,age         ] GC(111) Desired survivor size 40370176 bytes, new threshold 15 (max threshold 15)
[2639.434s][info ][gc,heap        ] GC(111) PSYoungGen: 2027392K(2052096K)->18288K(2057728K) Eden: 2009088K(2009088K)->0K(2016256K) From: 18304K(43008K)->18288K(41472K)
[2639.434s][info ][gc,heap        ] GC(111) ParOldGen: 329101K(351232K)->329149K(351232K)
[2639.434s][info ][gc,metaspace   ] GC(111) Metaspace: 76109K(76672K)->76109K(76672K) NonClass: 65690K(65984K)->65690K(65984K) Class: 10419K(10688K)->10419K(10688K)
[2639.434s][info ][gc             ] GC(111) Pause Young (Allocation Failure) 2301M->339M(2352M) 5.009ms
[2639.434s][info ][gc,cpu         ] GC(111) User=0.02s Sys=0.00s Real=0.01s
[2639.434s][info ][safepoint      ] Safepoint "ParallelGCFailedAllocation", Time since last: 79193961561 ns, Reaching safepoint: 140704 ns, At safepoint: 5098839 ns, Total: 5239543 ns
[2645.434s][info ][safepoint      ] Safepoint "Cleanup", Time since last: 6000404741 ns, Reaching safepoint: 69002 ns, At safepoint: 7400 ns, Total: 76402 ns
[2716.439s][info ][safepoint      ] Safepoint "Cleanup", Time since last: 71004404765 ns, Reaching safepoint: 50602 ns, At safepoint: 2900 ns, Total: 53502 ns
[2717.879s][info ][gc,start       ] GC(112) Pause Young (Allocation Failure)
[2717.884s][debug][gc,phases      ] GC(112) Scavenge 4.166ms
[2717.884s][debug][gc,ref         ] GC(112) Skipped phase 1 of Reference Processing: no references
[2717.884s][debug][gc,ref         ] GC(112) Skipped phase 3 of Reference Processing: no references
[2717.884s][debug][gc,phases      ] GC(112) Reference Processing 0.027ms
[2717.884s][debug][gc,phases      ] GC(112) Weak Processing 0.550ms
[2717.884s][debug][gc,age         ] GC(112) Desired survivor size 38797312 bytes, new threshold 15 (max threshold 15)
[2717.884s][info ][gc,heap        ] GC(112) PSYoungGen: 2034544K(2057728K)->18256K(2055680K) Eden: 2016256K(2016256K)->0K(2016256K) From: 18288K(41472K)->18256K(39424K)
[2717.884s][info ][gc,heap        ] GC(112) ParOldGen: 329149K(351232K)->329189K(351232K)
[2717.884s][info ][gc,metaspace   ] GC(112) Metaspace: 76119K(76672K)->76119K(76672K) NonClass: 65699K(65984K)->65699K(65984K) Class: 10419K(10688K)->10419K(10688K)
[2717.884s][info ][gc             ] GC(112) Pause Young (Allocation Failure) 2308M->339M(2350M) 4.878ms
[2717.884s][info ][gc,cpu         ] GC(112) User=0.01s Sys=0.00s Real=0.00s
[2717.884s][info ][safepoint      ] Safepoint "ParallelGCFailedAllocation", Time since last: 1440546576 ns, Reaching safepoint: 98403 ns, At safepoint: 4984035 ns, Total: 5082438 ns
[2777.888s][info ][safepoint      ] Safepoint "Cleanup", Time since last: 60003638716 ns, Reaching safepoint: 49201 ns, At safepoint: 4200 ns, Total: 53401 ns
[2794.346s][info ][gc,start       ] GC(113) Pause Young (Allocation Failure)
[2794.350s][debug][gc,phases      ] GC(113) Scavenge 4.253ms
[2794.350s][debug][gc,ref         ] GC(113) Skipped phase 1 of Reference Processing: no references
[2794.350s][debug][gc,ref         ] GC(113) Skipped phase 3 of Reference Processing: no references
[2794.350s][debug][gc,phases      ] GC(113) Reference Processing 0.039ms
[2794.351s][debug][gc,phases      ] GC(113) Weak Processing 0.542ms
[2794.351s][debug][gc,age         ] GC(113) Desired survivor size 37224448 bytes, new threshold 15 (max threshold 15)
[2794.351s][info ][gc,heap        ] GC(113) PSYoungGen: 2034512K(2055680K)->18320K(2060800K) Eden: 2016256K(2016256K)->0K(2022912K) From: 18256K(39424K)->18320K(37888K)
[2794.351s][info ][gc,heap        ] GC(113) ParOldGen: 329189K(351232K)->329221K(351232K)
[2794.351s][info ][gc,metaspace   ] GC(113) Metaspace: 76122K(76672K)->76122K(76672K) NonClass: 65703K(65984K)->65703K(65984K) Class: 10419K(10688K)->10419K(10688K)
[2794.351s][info ][gc             ] GC(113) Pause Young (Allocation Failure) 2308M->339M(2355M) 4.968ms
[2794.351s][info ][gc,cpu         ] GC(113) User=0.02s Sys=0.00s Real=0.00s
[2794.351s][info ][safepoint      ] Safepoint "ParallelGCFailedAllocation", Time since last: 16457869175 ns, Reaching safepoint: 116603 ns, At safepoint: 5083738 ns, Total: 5200341 ns
[2804.381s][info ][safepoint      ] Safepoint "Cleanup", Time since last: 10029650170 ns, Reaching safepoint: 137403 ns, At safepoint: 15301 ns, Total: 152704 ns
[2805.381s][info ][safepoint      ] Safepoint "Cleanup", Time since last: 1000121750 ns, Reaching safepoint: 124703 ns, At safepoint: 8400 ns, Total: 133103 ns
[2839.384s][info ][safepoint      ] Safepoint "Cleanup", Time since last: 34002512265 ns, Reaching safepoint: 76602 ns, At safepoint: 7500 ns, Total: 84102 ns
[2840.384s][info ][safepoint      ] Safepoint "Cleanup", Time since last: 1000098886 ns, Reaching safepoint: 49202 ns, At safepoint: 7100 ns, Total: 56302 ns
[2843.384s][info ][safepoint      ] Safepoint "Cleanup", Time since last: 3000223645 ns, Reaching safepoint: 41601 ns, At safepoint: 2901 ns, Total: 44502 ns
[2850.385s][info ][safepoint      ] Safepoint "Cleanup", Time since last: 7000476210 ns, Reaching safepoint: 61302 ns, At safepoint: 12300 ns, Total: 73602 ns
[2854.385s][info ][safepoint      ] Safepoint "Cleanup", Time since last: 4000262454 ns, Reaching safepoint: 51901 ns, At safepoint: 10101 ns, Total: 62002 ns
[2855.385s][info ][safepoint      ] Safepoint "Cleanup", Time since last: 1000106060 ns, Reaching safepoint: 54301 ns, At safepoint: 6301 ns, Total: 60602 ns
[2857.385s][info ][safepoint      ] Safepoint "Cleanup", Time since last: 2000174314 ns, Reaching safepoint: 49201 ns, At safepoint: 7301 ns, Total: 56502 ns
[2858.386s][info ][safepoint      ] Safepoint "Cleanup", Time since last: 1000107855 ns, Reaching safepoint: 61301 ns, At safepoint: 11901 ns, Total: 73202 ns
[2871.386s][info ][safepoint      ] Safepoint "Cleanup", Time since last: 13000778249 ns, Reaching safepoint: 59601 ns, At safepoint: 3000 ns, Total: 62601 ns
[2872.429s][info ][gc,start       ] GC(114) Pause Young (Allocation Failure)
[2872.434s][debug][gc,phases      ] GC(114) Scavenge 4.255ms
[2872.434s][debug][gc,ref         ] GC(114) Skipped phase 1 of Reference Processing: no references
[2872.434s][debug][gc,ref         ] GC(114) Skipped phase 3 of Reference Processing: no references
[2872.434s][debug][gc,phases      ] GC(114) Reference Processing 0.023ms
[2872.434s][debug][gc,phases      ] GC(114) Weak Processing 0.504ms
[2872.434s][debug][gc,age         ] GC(114) Desired survivor size 35651584 bytes, new threshold 15 (max threshold 15)
[2872.434s][info ][gc,heap        ] GC(114) PSYoungGen: 2041232K(2060800K)->17968K(2059264K) Eden: 2022912K(2022912K)->0K(2022912K) From: 18320K(37888K)->17968K(36352K)
[2872.434s][info ][gc,heap        ] GC(114) ParOldGen: 329221K(351232K)->329557K(351232K)
[2872.434s][info ][gc,metaspace   ] GC(114) Metaspace: 76135K(76672K)->76135K(76672K) NonClass: 65716K(65984K)->65716K(65984K) Class: 10419K(10688K)->10419K(10688K)
[2872.434s][info ][gc             ] GC(114) Pause Young (Allocation Failure) 2314M->339M(2354M) 4.918ms
[2872.434s][info ][gc,cpu         ] GC(114) User=0.02s Sys=0.01s Real=0.01s
[2872.434s][info ][safepoint      ] Safepoint "ParallelGCFailedAllocation", Time since last: 1042756276 ns, Reaching safepoint: 101303 ns, At safepoint: 5003134 ns, Total: 5104437 ns
[2874.434s][info ][safepoint      ] Safepoint "Cleanup", Time since last: 2000145657 ns, Reaching safepoint: 33301 ns, At safepoint: 3100 ns, Total: 36401 ns
[2899.436s][info ][safepoint      ] Safepoint "Cleanup", Time since last: 25001586103 ns, Reaching safepoint: 72102 ns, At safepoint: 9300 ns, Total: 81402 ns
[2907.437s][info ][safepoint      ] Safepoint "Cleanup", Time since last: 8000455758 ns, Reaching safepoint: 28801 ns, At safepoint: 2400 ns, Total: 31201 ns
[2950.447s][info ][safepoint      ] Safepoint "Cleanup", Time since last: 43010098194 ns, Reaching safepoint: 93003 ns, At safepoint: 11500 ns, Total: 104503 ns
[2953.447s][info ][safepoint      ] Safepoint "Cleanup", Time since last: 3000252671 ns, Reaching safepoint: 68702 ns, At safepoint: 11300 ns, Total: 80002 ns
[2954.679s][info ][gc,start       ] GC(115) Pause Young (Allocation Failure)
[2954.684s][debug][gc,phases      ] GC(115) Scavenge 4.675ms
[2954.684s][debug][gc,ref         ] GC(115) Skipped phase 1 of Reference Processing: no references
[2954.684s][debug][gc,ref         ] GC(115) Skipped phase 3 of Reference Processing: no references
[2954.684s][debug][gc,phases      ] GC(115) Reference Processing 0.054ms
[2954.684s][debug][gc,phases      ] GC(115) Weak Processing 0.724ms
[2954.684s][debug][gc,age         ] GC(115) Desired survivor size 34078720 bytes, new threshold 15 (max threshold 15)
[2954.684s][info ][gc,heap        ] GC(115) PSYoungGen: 2040880K(2059264K)->17952K(2063872K) Eden: 2022912K(2022912K)->0K(2029056K) From: 17968K(36352K)->17952K(34816K)
[2954.684s][info ][gc,heap        ] GC(115) ParOldGen: 329557K(351232K)->329597K(351232K)
[2954.684s][info ][gc,metaspace   ] GC(115) Metaspace: 76148K(76736K)->76148K(76736K) NonClass: 65726K(66048K)->65726K(66048K) Class: 10421K(10688K)->10421K(10688K)
[2954.684s][info ][gc             ] GC(115) Pause Young (Allocation Failure) 2314M->339M(2358M) 5.612ms
[2954.684s][info ][gc,cpu         ] GC(115) User=0.01s Sys=0.00s Real=0.00s
[2954.685s][info ][safepoint      ] Safepoint "ParallelGCFailedAllocation", Time since last: 1231500847 ns, Reaching safepoint: 124404 ns, At safepoint: 5720675 ns, Total: 5845079 ns
[2955.685s][info ][safepoint      ] Safepoint "Cleanup", Time since last: 1000086063 ns, Reaching safepoint: 54001 ns, At safepoint: 3401 ns, Total: 57402 ns
[2958.685s][info ][safepoint      ] Safepoint "Cleanup", Time since last: 3000223137 ns, Reaching safepoint: 55502 ns, At safepoint: 4300 ns, Total: 59802 ns
[2962.685s][info ][safepoint      ] Safepoint "Cleanup", Time since last: 4000252966 ns, Reaching safepoint: 49702 ns, At safepoint: 198206 ns, Total: 247908 ns
[2985.687s][info ][safepoint      ] Safepoint "Cleanup", Time since last: 23001507840 ns, Reaching safepoint: 42401 ns, At safepoint: 7601 ns, Total: 50002 ns
[3013.689s][info ][safepoint      ] Safepoint "Cleanup", Time since last: 28001804836 ns, Reaching safepoint: 75803 ns, At safepoint: 6200 ns, Total: 82003 ns
[3016.693s][info ][safepoint      ] Safepoint "Cleanup", Time since last: 3003957574 ns, Reaching safepoint: 50901 ns, At safepoint: 7400 ns, Total: 58301 ns
[3019.693s][info ][safepoint      ] Safepoint "Cleanup", Time since last: 3000209894 ns, Reaching safepoint: 63402 ns, At safepoint: 5600 ns, Total: 69002 ns
[3021.694s][info ][safepoint      ] Safepoint "Cleanup", Time since last: 2000165993 ns, Reaching safepoint: 792624 ns, At safepoint: 7900 ns, Total: 800524 ns
[3030.130s][info ][gc,start       ] GC(116) Pause Young (Allocation Failure)
[3030.135s][debug][gc,phases      ] GC(116) Scavenge 4.959ms
[3030.135s][debug][gc,ref         ] GC(116) Skipped phase 1 of Reference Processing: no references
[3030.135s][debug][gc,ref         ] GC(116) Skipped phase 3 of Reference Processing: no references
[3030.135s][debug][gc,phases      ] GC(116) Reference Processing 0.029ms
[3030.136s][debug][gc,phases      ] GC(116) Weak Processing 0.825ms
[3030.136s][debug][gc,age         ] GC(116) Desired survivor size 33030144 bytes, new threshold 15 (max threshold 15)
[3030.136s][info ][gc,heap        ] GC(116) PSYoungGen: 2047008K(2063872K)->17888K(2062336K) Eden: 2029056K(2029056K)->0K(2029056K) From: 17952K(34816K)->17888K(33280K)
[3030.136s][info ][gc,heap        ] GC(116) ParOldGen: 329597K(351232K)->329629K(351232K)
[3030.136s][info ][gc,metaspace   ] GC(116) Metaspace: 76166K(76736K)->76166K(76736K) NonClass: 65745K(66048K)->65745K(66048K) Class: 10421K(10688K)->10421K(10688K)
[3030.136s][info ][gc             ] GC(116) Pause Young (Allocation Failure) 2320M->339M(2357M) 5.986ms
[3030.136s][info ][gc,cpu         ] GC(116) User=0.01s Sys=0.00s Real=0.01s
[3030.136s][info ][safepoint      ] Safepoint "ParallelGCFailedAllocation", Time since last: 8435264707 ns, Reaching safepoint: 140304 ns, At safepoint: 6112983 ns, Total: 6253287 ns
[3061.138s][info ][safepoint      ] Safepoint "Cleanup", Time since last: 31001998063 ns, Reaching safepoint: 67702 ns, At safepoint: 2900 ns, Total: 70602 ns
[3066.138s][info ][safepoint      ] Safepoint "Cleanup", Time since last: 5000380609 ns, Reaching safepoint: 52302 ns, At safepoint: 10100 ns, Total: 62402 ns
[3083.139s][info ][safepoint      ] Safepoint "Cleanup", Time since last: 17001086150 ns, Reaching safepoint: 51602 ns, At safepoint: 4300 ns, Total: 55902 ns
[3089.140s][info ][safepoint      ] Safepoint "Cleanup", Time since last: 6000467354 ns, Reaching safepoint: 45201 ns, At safepoint: 11300 ns, Total: 56501 ns
[3095.140s][info ][safepoint      ] Safepoint "Cleanup", Time since last: 6000432020 ns, Reaching safepoint: 32801 ns, At safepoint: 3001 ns, Total: 35802 ns
[3096.140s][info ][safepoint      ] Safepoint "Cleanup", Time since last: 1000112432 ns, Reaching safepoint: 51101 ns, At safepoint: 2700 ns, Total: 53801 ns
[3098.141s][info ][safepoint      ] Safepoint "Cleanup", Time since last: 2000170344 ns, Reaching safepoint: 32301 ns, At safepoint: 2800 ns, Total: 35101 ns
[3104.141s][info ][safepoint      ] Safepoint "Cleanup", Time since last: 6000429476 ns, Reaching safepoint: 74102 ns, At safepoint: 2900 ns, Total: 77002 ns
[3105.480s][info ][gc,start       ] GC(117) Pause Young (Allocation Failure)
[3105.484s][debug][gc,phases      ] GC(117) Scavenge 3.922ms
[3105.484s][debug][gc,ref         ] GC(117) Skipped phase 1 of Reference Processing: no references
[3105.484s][debug][gc,ref         ] GC(117) Skipped phase 3 of Reference Processing: no references
[3105.484s][debug][gc,phases      ] GC(117) Reference Processing 0.024ms
[3105.485s][debug][gc,phases      ] GC(117) Weak Processing 0.592ms
[3105.485s][debug][gc,age         ] GC(117) Desired survivor size 31457280 bytes, new threshold 15 (max threshold 15)
[3105.485s][info ][gc,heap        ] GC(117) PSYoungGen: 2046944K(2062336K)->18080K(2066432K) Eden: 2029056K(2029056K)->0K(2034176K) From: 17888K(33280K)->18080K(32256K)
[3105.485s][info ][gc,heap        ] GC(117) ParOldGen: 329629K(351232K)->329661K(351232K)
[3105.485s][info ][gc,metaspace   ] GC(117) Metaspace: 76191K(76736K)->76191K(76736K) NonClass: 65769K(66048K)->65769K(66048K) Class: 10421K(10688K)->10421K(10688K)
[3105.485s][info ][gc             ] GC(117) Pause Young (Allocation Failure) 2320M->339M(2361M) 4.679ms
[3105.485s][info ][gc,cpu         ] GC(117) User=0.02s Sys=0.00s Real=0.01s
[3105.485s][info ][safepoint      ] Safepoint "ParallelGCFailedAllocation", Time since last: 1339020761 ns, Reaching safepoint: 39601 ns, At safepoint: 4759041 ns, Total: 4798642 ns
[3120.486s][info ][safepoint      ] Safepoint "Cleanup", Time since last: 15000841525 ns, Reaching safepoint: 50702 ns, At safepoint: 12700 ns, Total: 63402 ns
[3123.486s][info ][safepoint      ] Safepoint "Cleanup", Time since last: 3000219001 ns, Reaching safepoint: 53302 ns, At safepoint: 4900 ns, Total: 58202 ns
[3125.486s][info ][safepoint      ] Safepoint "Cleanup", Time since last: 2000127303 ns, Reaching safepoint: 52302 ns, At safepoint: 3700 ns, Total: 56002 ns
[3128.487s][info ][safepoint      ] Safepoint "Cleanup", Time since last: 3000226911 ns, Reaching safepoint: 45201 ns, At safepoint: 12800 ns, Total: 58001 ns
[3149.488s][info ][safepoint      ] Safepoint "Cleanup", Time since last: 21001359778 ns, Reaching safepoint: 78802 ns, At safepoint: 9701 ns, Total: 88503 ns
[3155.489s][info ][safepoint      ] Safepoint "Cleanup", Time since last: 6000484726 ns, Reaching safepoint: 53902 ns, At safepoint: 7300 ns, Total: 61202 ns
[3162.489s][info ][safepoint      ] Safepoint "Cleanup", Time since last: 7000468053 ns, Reaching safepoint: 60302 ns, At safepoint: 4900 ns, Total: 65202 ns
[3174.490s][info ][safepoint      ] Safepoint "Cleanup", Time since last: 12000837470 ns, Reaching safepoint: 101003 ns, At safepoint: 3200 ns, Total: 104203 ns
[3176.490s][info ][safepoint      ] Safepoint "Cleanup", Time since last: 2000192919 ns, Reaching safepoint: 34901 ns, At safepoint: 2800 ns, Total: 37701 ns
[3178.429s][info ][gc,start       ] GC(118) Pause Young (Allocation Failure)
[3178.433s][debug][gc,phases      ] GC(118) Scavenge 4.095ms
[3178.433s][debug][gc,ref         ] GC(118) Skipped phase 1 of Reference Processing: no references
[3178.433s][debug][gc,ref         ] GC(118) Skipped phase 3 of Reference Processing: no references
[3178.433s][debug][gc,phases      ] GC(118) Reference Processing 0.031ms
[3178.433s][debug][gc,phases      ] GC(118) Weak Processing 0.496ms
[3178.433s][debug][gc,age         ] GC(118) Desired survivor size 30408704 bytes, new threshold 15 (max threshold 15)
[3178.433s][info ][gc,heap        ] GC(118) PSYoungGen: 2052256K(2066432K)->18112K(2064896K) Eden: 2034176K(2034176K)->0K(2034176K) From: 18080K(32256K)->18112K(30720K)
[3178.433s][info ][gc,heap        ] GC(118) ParOldGen: 329661K(351232K)->329693K(351232K)
[3178.433s][info ][gc,metaspace   ] GC(118) Metaspace: 76240K(76800K)->76240K(76800K) NonClass: 65809K(66112K)->65809K(66112K) Class: 10430K(10688K)->10430K(10688K)
[3178.433s][info ][gc             ] GC(118) Pause Young (Allocation Failure) 2326M->339M(2359M) 4.800ms
[3178.433s][info ][gc,cpu         ] GC(118) User=0.01s Sys=0.00s Real=0.01s
[3178.433s][info ][safepoint      ] Safepoint "ParallelGCFailedAllocation", Time since last: 1938173897 ns, Reaching safepoint: 26501 ns, At safepoint: 4880441 ns, Total: 4906942 ns
[3192.434s][info ][safepoint      ] Safepoint "Cleanup", Time since last: 14000907272 ns, Reaching safepoint: 35101 ns, At safepoint: 2500 ns, Total: 37601 ns
[3251.138s][info ][gc,start       ] GC(119) Pause Young (Allocation Failure)
[3251.142s][debug][gc,phases      ] GC(119) Scavenge 4.531ms
[3251.142s][debug][gc,ref         ] GC(119) Skipped phase 1 of Reference Processing: no references
[3251.142s][debug][gc,ref         ] GC(119) Skipped phase 3 of Reference Processing: no references
[3251.142s][debug][gc,phases      ] GC(119) Reference Processing 0.023ms
[3251.143s][debug][gc,phases      ] GC(119) Weak Processing 0.525ms
[3251.143s][debug][gc,age         ] GC(119) Desired survivor size 29360128 bytes, new threshold 15 (max threshold 15)
[3251.143s][info ][gc,heap        ] GC(119) PSYoungGen: 2052288K(2064896K)->18080K(2068480K) Eden: 2034176K(2034176K)->0K(2038784K) From: 18112K(30720K)->18080K(29696K)
[3251.143s][info ][gc,heap        ] GC(119) ParOldGen: 329693K(351232K)->329801K(351232K)
[3251.143s][info ][gc,metaspace   ] GC(119) Metaspace: 76244K(76800K)->76244K(76800K) NonClass: 65814K(66112K)->65814K(66112K) Class: 10430K(10688K)->10430K(10688K)
[3251.143s][info ][gc             ] GC(119) Pause Young (Allocation Failure) 2326M->339M(2363M) 5.221ms
[3251.143s][info ][gc,cpu         ] GC(119) User=0.02s Sys=0.00s Real=0.00s
[3251.143s][info ][safepoint      ] Safepoint "ParallelGCFailedAllocation", Time since last: 58703098925 ns, Reaching safepoint: 28501 ns, At safepoint: 5307952 ns, Total: 5336453 ns
[3257.143s][info ][safepoint      ] Safepoint "Cleanup", Time since last: 6000366663 ns, Reaching safepoint: 66302 ns, At safepoint: 4700 ns, Total: 71002 ns
[3316.147s][info ][safepoint      ] Safepoint "Cleanup", Time since last: 59003567218 ns, Reaching safepoint: 51602 ns, At safepoint: 8300 ns, Total: 59902 ns
[3319.629s][info ][gc,start       ] GC(120) Pause Young (Allocation Failure)
[3319.633s][debug][gc,phases      ] GC(120) Scavenge 3.900ms
[3319.633s][debug][gc,ref         ] GC(120) Skipped phase 1 of Reference Processing: no references
[3319.633s][debug][gc,ref         ] GC(120) Skipped phase 3 of Reference Processing: no references
[3319.633s][debug][gc,phases      ] GC(120) Reference Processing 0.025ms
[3319.633s][debug][gc,phases      ] GC(120) Weak Processing 0.553ms
[3319.633s][debug][gc,age         ] GC(120) Desired survivor size 28835840 bytes, new threshold 15 (max threshold 15)
[3319.633s][info ][gc,heap        ] GC(120) PSYoungGen: 2056864K(2068480K)->18064K(2067456K) Eden: 2038784K(2038784K)->0K(2038784K) From: 18080K(29696K)->18064K(28672K)
[3319.633s][info ][gc,heap        ] GC(120) ParOldGen: 329801K(351232K)->329825K(351232K)
[3319.633s][info ][gc,metaspace   ] GC(120) Metaspace: 76255K(76800K)->76255K(76800K) NonClass: 65824K(66112K)->65824K(66112K) Class: 10430K(10688K)->10430K(10688K)
[3319.633s][info ][gc             ] GC(120) Pause Young (Allocation Failure) 2330M->339M(2362M) 4.620ms
[3319.633s][info ][gc,cpu         ] GC(120) User=0.01s Sys=0.00s Real=0.01s
[3319.633s][info ][safepoint      ] Safepoint "ParallelGCFailedAllocation", Time since last: 3481592796 ns, Reaching safepoint: 108003 ns, At safepoint: 4705724 ns, Total: 4813727 ns
[3345.635s][info ][safepoint      ] Safepoint "Cleanup", Time since last: 26001597034 ns, Reaching safepoint: 65602 ns, At safepoint: 8900 ns, Total: 74502 ns
[3390.450s][info ][gc,start       ] GC(121) Pause Young (Allocation Failure)
[3390.454s][debug][gc,phases      ] GC(121) Scavenge 4.579ms
[3390.454s][debug][gc,ref         ] GC(121) Skipped phase 1 of Reference Processing: no references
[3390.454s][debug][gc,ref         ] GC(121) Skipped phase 3 of Reference Processing: no references
[3390.454s][debug][gc,ref         ] GC(121) Skipped phase 4 of Reference Processing: no references
[3390.454s][debug][gc,phases      ] GC(121) Reference Processing 0.035ms
[3390.455s][debug][gc,phases      ] GC(121) Weak Processing 0.698ms
[3390.455s][debug][gc,age         ] GC(121) Desired survivor size 30408704 bytes, new threshold 15 (max threshold 15)
[3390.455s][info ][gc,heap        ] GC(121) PSYoungGen: 2056848K(2067456K)->1440K(2065920K) Eden: 2038784K(2038784K)->0K(2037760K) From: 18064K(28672K)->1440K(28160K)
[3390.455s][info ][gc,heap        ] GC(121) ParOldGen: 329825K(351232K)->346557K(351232K)
[3390.455s][info ][gc,metaspace   ] GC(121) Metaspace: 76255K(76800K)->76255K(76800K) NonClass: 65825K(66112K)->65825K(66112K) Class: 10430K(10688K)->10430K(10688K)
[3390.455s][info ][gc             ] GC(121) Pause Young (Allocation Failure) 2330M->339M(2360M) 5.461ms
[3390.455s][info ][gc,cpu         ] GC(121) User=0.01s Sys=0.01s Real=0.01s
[3390.455s][debug][gc,phases      ] GC(122) Pre Compact 0.013ms
[3390.455s][info ][gc,start       ] GC(122) Pause Full (Ergonomics)
[3390.455s][info ][gc,phases,start] GC(122) Marking Phase
[3390.564s][debug][gc,phases      ] GC(122) Par Mark 108.615ms
[3390.565s][debug][gc,ref         ] GC(122) Skipped phase 3 of Reference Processing: no references
[3390.565s][debug][gc,phases      ] GC(122) Reference Processing 0.789ms
[3390.565s][debug][gc,phases      ] GC(122) Weak Processing 0.528ms
[3390.566s][debug][gc,phases      ] GC(122) ClassLoaderData 0.403ms
[3390.566s][debug][gc,phases      ] GC(122) Trigger cleanups 0.007ms
[3390.590s][debug][gc,phases      ] GC(122) Class Unloading 24.363ms
[3390.590s][info ][gc,phases      ] GC(122) Marking Phase 134.461ms
[3390.590s][info ][gc,phases,start] GC(122) Summary Phase
[3390.590s][info ][gc,phases      ] GC(122) Summary Phase 0.015ms
[3390.590s][info ][gc,phases,start] GC(122) Adjust Roots
[3390.609s][info ][gc,phases      ] GC(122) Adjust Roots 19.530ms
[3390.609s][info ][gc,phases,start] GC(122) Compaction Phase
[3390.753s][info ][gc,phases      ] GC(122) Compaction Phase 143.849ms
[3390.753s][info ][gc,phases,start] GC(122) Post Compact
[3390.754s][info ][gc,phases      ] GC(122) Post Compact 1.119ms
[3390.754s][info ][gc,heap        ] GC(122) PSYoungGen: 1440K(2065920K)->0K(2067456K) Eden: 0K(2037760K)->0K(2037760K) From: 1440K(28160K)->0K(29696K)
[3390.754s][info ][gc,heap        ] GC(122) ParOldGen: 346557K(351232K)->334595K(418816K)
[3390.754s][info ][gc,metaspace   ] GC(122) Metaspace: 76255K(76800K)->76101K(76800K) NonClass: 65825K(66112K)->65706K(66112K) Class: 10430K(10688K)->10395K(10688K)
[3390.754s][info ][gc             ] GC(122) Pause Full (Ergonomics) 339M->326M(2428M) 299.233ms
[3390.754s][info ][gc,cpu         ] GC(122) User=1.03s Sys=0.01s Real=0.30s
[3390.755s][info ][safepoint      ] Safepoint "ParallelGCFailedAllocation", Time since last: 44814526226 ns, Reaching safepoint: 65902 ns, At safepoint: 305052324 ns, Total: 305118226 ns
[3391.755s][info ][safepoint      ] Safepoint "Cleanup", Time since last: 1000098905 ns, Reaching safepoint: 230906 ns, At safepoint: 7000 ns, Total: 237906 ns
[3392.755s][info ][safepoint      ] Safepoint "Cleanup", Time since last: 1000102006 ns, Reaching safepoint: 48201 ns, At safepoint: 2800 ns, Total: 51001 ns
[3393.755s][info ][safepoint      ] Safepoint "Cleanup", Time since last: 1000114005 ns, Reaching safepoint: 69602 ns, At safepoint: 3200 ns, Total: 72802 ns
[3394.755s][info ][safepoint      ] Safepoint "Cleanup", Time since last: 1000120106 ns, Reaching safepoint: 54002 ns, At safepoint: 5700 ns, Total: 59702 ns
[3395.756s][info ][safepoint      ] Safepoint "Cleanup", Time since last: 1000109305 ns, Reaching safepoint: 62002 ns, At safepoint: 3500 ns, Total: 65502 ns
[3396.758s][info ][safepoint      ] Safepoint "Cleanup", Time since last: 1001842751 ns, Reaching safepoint: 424311 ns, At safepoint: 7500 ns, Total: 431811 ns
[3398.758s][info ][safepoint      ] Safepoint "Cleanup", Time since last: 2000181709 ns, Reaching safepoint: 59902 ns, At safepoint: 3700 ns, Total: 63602 ns
[3402.759s][info ][safepoint      ] Safepoint "Cleanup", Time since last: 4000292016 ns, Reaching safepoint: 62202 ns, At safepoint: 7900 ns, Total: 70102 ns
[3405.759s][info ][safepoint      ] Safepoint "Cleanup", Time since last: 3000245612 ns, Reaching safepoint: 48601 ns, At safepoint: 5800 ns, Total: 54401 ns
[3408.759s][info ][safepoint      ] Safepoint "Cleanup", Time since last: 3000238111 ns, Reaching safepoint: 42201 ns, At safepoint: 2400 ns, Total: 44601 ns
[3409.759s][info ][safepoint      ] Safepoint "Cleanup", Time since last: 1000111705 ns, Reaching safepoint: 115203 ns, At safepoint: 4900 ns, Total: 120103 ns
[3410.760s][info ][safepoint      ] Safepoint "Cleanup", Time since last: 1000111004 ns, Reaching safepoint: 72202 ns, At safepoint: 2500 ns, Total: 74702 ns
[3411.760s][info ][safepoint      ] Safepoint "Cleanup", Time since last: 1000106104 ns, Reaching safepoint: 54402 ns, At safepoint: 2200 ns, Total: 56602 ns
[3416.760s][info ][safepoint      ] Safepoint "Cleanup", Time since last: 5000374615 ns, Reaching safepoint: 77702 ns, At safepoint: 9200 ns, Total: 86902 ns
[3419.760s][info ][safepoint      ] Safepoint "Cleanup", Time since last: 3000221809 ns, Reaching safepoint: 60801 ns, At safepoint: 2600 ns, Total: 63401 ns
[3423.761s][info ][safepoint      ] Safepoint "Cleanup", Time since last: 4000291310 ns, Reaching safepoint: 82902 ns, At safepoint: 7800 ns, Total: 90702 ns
[3425.761s][info ][safepoint      ] Safepoint "Cleanup", Time since last: 2000178306 ns, Reaching safepoint: 63702 ns, At safepoint: 3600 ns, Total: 67302 ns
[3434.762s][info ][safepoint      ] Safepoint "Cleanup", Time since last: 9000603715 ns, Reaching safepoint: 62502 ns, At safepoint: 8400 ns, Total: 70902 ns
[3435.762s][info ][safepoint      ] Safepoint "Cleanup", Time since last: 1000104502 ns, Reaching safepoint: 58502 ns, At safepoint: 5900 ns, Total: 64402 ns
[3443.762s][info ][safepoint      ] Safepoint "Cleanup", Time since last: 8000505608 ns, Reaching safepoint: 42701 ns, At safepoint: 4400 ns, Total: 47101 ns
[3447.763s][info ][safepoint      ] Safepoint "Cleanup", Time since last: 4000305604 ns, Reaching safepoint: 69202 ns, At safepoint: 7500 ns, Total: 76702 ns
[3454.765s][info ][safepoint      ] Safepoint "Cleanup", Time since last: 7001728835 ns, Reaching safepoint: 80802 ns, At safepoint: 5500 ns, Total: 86302 ns
[3463.480s][info ][gc,start       ] GC(123) Pause Young (Allocation Failure)
[3463.481s][debug][gc,phases      ] GC(123) Scavenge 1.239ms
[3463.481s][debug][gc,ref         ] GC(123) Skipped phase 1 of Reference Processing: no references
[3463.481s][debug][gc,ref         ] GC(123) Skipped phase 3 of Reference Processing: no references
[3463.481s][debug][gc,phases      ] GC(123) Reference Processing 0.019ms
[3463.481s][debug][gc,phases      ] GC(123) Weak Processing 0.529ms
[3463.481s][debug][gc,age         ] GC(123) Desired survivor size 31981568 bytes, new threshold 15 (max threshold 15)
[3463.481s][info ][gc,heap        ] GC(123) PSYoungGen: 2037760K(2067456K)->432K(2064384K) Eden: 2037760K(2037760K)->0K(2034688K) From: 0K(29696K)->432K(29696K)
[3463.481s][info ][gc,heap        ] GC(123) ParOldGen: 334595K(418816K)->334603K(418816K)
[3463.481s][info ][gc,metaspace   ] GC(123) Metaspace: 76114K(76800K)->76114K(76800K) NonClass: 65718K(66112K)->65718K(66112K) Class: 10395K(10688K)->10395K(10688K)
[3463.481s][info ][gc             ] GC(123) Pause Young (Allocation Failure) 2316M->327M(2425M) 1.896ms
[3463.482s][info ][gc,cpu         ] GC(123) User=0.01s Sys=0.00s Real=0.00s
[3463.482s][info ][safepoint      ] Safepoint "ParallelGCFailedAllocation", Time since last: 8714790582 ns, Reaching safepoint: 116903 ns, At safepoint: 1994253 ns, Total: 2111156 ns
[3473.482s][info ][safepoint      ] Safepoint "Cleanup", Time since last: 10000654591 ns, Reaching safepoint: 41301 ns, At safepoint: 4900 ns, Total: 46201 ns
[3480.483s][info ][safepoint      ] Safepoint "Cleanup", Time since last: 7000494192 ns, Reaching safepoint: 79102 ns, At safepoint: 8300 ns, Total: 87402 ns
[3484.483s][info ][safepoint      ] Safepoint "Cleanup", Time since last: 4000280693 ns, Reaching safepoint: 28301 ns, At safepoint: 2800 ns, Total: 31101 ns
[3520.485s][info ][safepoint      ] Safepoint "Cleanup", Time since last: 36002252991 ns, Reaching safepoint: 76202 ns, At safepoint: 8700 ns, Total: 84902 ns
[3539.487s][info ][safepoint      ] Safepoint "Cleanup", Time since last: 19001265314 ns, Reaching safepoint: 88302 ns, At safepoint: 5300 ns, Total: 93602 ns
[3540.487s][info ][safepoint      ] Safepoint "Cleanup", Time since last: 1000091996 ns, Reaching safepoint: 43501 ns, At safepoint: 3000 ns, Total: 46501 ns
[3540.508s][info ][gc,start       ] GC(124) Pause Young (Allocation Failure)
[3540.510s][debug][gc,phases      ] GC(124) Scavenge 1.103ms
[3540.510s][debug][gc,ref         ] GC(124) Skipped phase 1 of Reference Processing: no references
[3540.510s][debug][gc,ref         ] GC(124) Skipped phase 3 of Reference Processing: no references
[3540.510s][debug][gc,phases      ] GC(124) Reference Processing 0.020ms
[3540.510s][debug][gc,phases      ] GC(124) Weak Processing 0.575ms
[3540.510s][debug][gc,age         ] GC(124) Desired survivor size 32505856 bytes, new threshold 15 (max threshold 15)
[3540.510s][info ][gc,heap        ] GC(124) PSYoungGen: 2035120K(2064384K)->624K(2035712K) Eden: 2034688K(2034688K)->0K(2034688K) From: 432K(29696K)->624K(1024K)
[3540.510s][info ][gc,heap        ] GC(124) ParOldGen: 334603K(418816K)->334603K(418816K)
[3540.510s][info ][gc,metaspace   ] GC(124) Metaspace: 76127K(76800K)->76127K(76800K) NonClass: 65731K(66112K)->65731K(66112K) Class: 10395K(10688K)->10395K(10688K)
[3540.510s][info ][gc             ] GC(124) Pause Young (Allocation Failure) 2314M->327M(2397M) 1.802ms
[3540.510s][info ][gc,cpu         ] GC(124) User=0.00s Sys=0.00s Real=0.00s
[3540.510s][info ][safepoint      ] Safepoint "ParallelGCFailedAllocation", Time since last: 21344761 ns, Reaching safepoint: 26901 ns, At safepoint: 1890850 ns, Total: 1917751 ns
[3592.514s][info ][safepoint      ] Safepoint "Cleanup", Time since last: 52003320256 ns, Reaching safepoint: 78302 ns, At safepoint: 7300 ns, Total: 85602 ns
[3602.514s][info ][safepoint      ] Safepoint "Cleanup", Time since last: 10000610117 ns, Reaching safepoint: 75702 ns, At safepoint: 8901 ns, Total: 84603 ns
[3607.515s][info ][safepoint      ] Safepoint "Cleanup", Time since last: 5000363058 ns, Reaching safepoint: 45201 ns, At safepoint: 3900 ns, Total: 49101 ns
[3608.515s][info ][safepoint      ] Safepoint "Cleanup", Time since last: 1000112793 ns, Reaching safepoint: 37701 ns, At safepoint: 7100 ns, Total: 44801 ns
[3609.515s][info ][safepoint      ] Safepoint "Cleanup", Time since last: 1000108992 ns, Reaching safepoint: 46401 ns, At safepoint: 3201 ns, Total: 49602 ns
[3610.515s][info ][safepoint      ] Safepoint "Cleanup", Time since last: 1000106792 ns, Reaching safepoint: 48601 ns, At safepoint: 3500 ns, Total: 52101 ns
[3612.515s][info ][safepoint      ] Safepoint "Cleanup", Time since last: 2000152983 ns, Reaching safepoint: 53501 ns, At safepoint: 4001 ns, Total: 57502 ns
[3616.127s][info ][gc,start       ] GC(125) Pause Young (Allocation Failure)
[3616.129s][debug][gc,phases      ] GC(125) Scavenge 2.430ms
[3616.129s][debug][gc,ref         ] GC(125) Skipped phase 1 of Reference Processing: no references
[3616.129s][debug][gc,ref         ] GC(125) Skipped phase 3 of Reference Processing: no references
[3616.129s][debug][gc,phases      ] GC(125) Reference Processing 0.040ms
[3616.130s][debug][gc,phases      ] GC(125) Weak Processing 0.531ms
[3616.130s][debug][gc,age         ] GC(125) Desired survivor size 31457280 bytes, new threshold 15 (max threshold 15)
[3616.130s][info ][gc,heap        ] GC(125) PSYoungGen: 2035312K(2035712K)->7104K(2066432K) Eden: 2034688K(2034688K)->0K(2034688K) From: 624K(1024K)->7104K(31744K)
[3616.130s][info ][gc,heap        ] GC(125) ParOldGen: 334603K(418816K)->334603K(418816K)
[3616.130s][info ][gc,metaspace   ] GC(125) Metaspace: 76133K(76800K)->76133K(76800K) NonClass: 65738K(66112K)->65738K(66112K) Class: 10395K(10688K)->10395K(10688K)
[3616.130s][info ][gc             ] GC(125) Pause Young (Allocation Failure) 2314M->333M(2427M) 3.118ms
[3616.130s][info ][gc,cpu         ] GC(125) User=0.01s Sys=0.00s Real=0.00s
[3616.130s][info ][safepoint      ] Safepoint "ParallelGCFailedAllocation", Time since last: 3611334639 ns, Reaching safepoint: 124103 ns, At safepoint: 3196584 ns, Total: 3320687 ns
[3617.130s][info ][safepoint      ] Safepoint "Cleanup", Time since last: 1000087492 ns, Reaching safepoint: 67802 ns, At safepoint: 12800 ns, Total: 80602 ns
[3640.132s][info ][safepoint      ] Safepoint "Cleanup", Time since last: 23001425875 ns, Reaching safepoint: 72502 ns, At safepoint: 3400 ns, Total: 75902 ns
[3642.132s][info ][safepoint      ] Safepoint "Cleanup", Time since last: 2000149380 ns, Reaching safepoint: 41901 ns, At safepoint: 2500 ns, Total: 44401 ns
[3645.132s][info ][safepoint      ] Safepoint "Cleanup", Time since last: 3000207670 ns, Reaching safepoint: 37501 ns, At safepoint: 2600 ns, Total: 40101 ns
[3665.134s][info ][safepoint      ] Safepoint "Cleanup", Time since last: 20001316282 ns, Reaching safepoint: 61602 ns, At safepoint: 6500 ns, Total: 68102 ns
[3666.134s][info ][safepoint      ] Safepoint "Cleanup", Time since last: 1000099989 ns, Reaching safepoint: 31601 ns, At safepoint: 2800 ns, Total: 34401 ns
[3667.134s][info ][safepoint      ] Safepoint "Cleanup", Time since last: 1000075089 ns, Reaching safepoint: 52502 ns, At safepoint: 5900 ns, Total: 58402 ns
[3670.135s][info ][safepoint      ] Safepoint "Cleanup", Time since last: 3001441598 ns, Reaching safepoint: 59802 ns, At safepoint: 3800 ns, Total: 63602 ns
[3672.136s][info ][safepoint      ] Safepoint "Cleanup", Time since last: 2000165277 ns, Reaching safepoint: 47602 ns, At safepoint: 7000 ns, Total: 54602 ns
[3674.136s][info ][safepoint      ] Safepoint "Cleanup", Time since last: 2000171878 ns, Reaching safepoint: 63901 ns, At safepoint: 7000 ns, Total: 70901 ns
[3675.136s][info ][safepoint      ] Safepoint "Cleanup", Time since last: 1000108090 ns, Reaching safepoint: 53201 ns, At safepoint: 7100 ns, Total: 60301 ns
[3677.136s][info ][safepoint      ] Safepoint "Cleanup", Time since last: 2000167578 ns, Reaching safepoint: 42501 ns, At safepoint: 12300 ns, Total: 54801 ns
[3678.136s][info ][safepoint      ] Safepoint "Cleanup", Time since last: 1000106689 ns, Reaching safepoint: 54002 ns, At safepoint: 9600 ns, Total: 63602 ns
[3680.137s][info ][safepoint      ] Safepoint "Cleanup", Time since last: 2000134176 ns, Reaching safepoint: 45302 ns, At safepoint: 5500 ns, Total: 50802 ns
[3681.137s][info ][safepoint      ] Safepoint "Cleanup", Time since last: 1000104589 ns, Reaching safepoint: 57101 ns, At safepoint: 9300 ns, Total: 66401 ns
[3684.137s][info ][safepoint      ] Safepoint "Cleanup", Time since last: 3000155863 ns, Reaching safepoint: 49301 ns, At safepoint: 6601 ns, Total: 55902 ns
[3686.137s][info ][safepoint      ] Safepoint "Cleanup", Time since last: 2000173276 ns, Reaching safepoint: 47402 ns, At safepoint: 5400 ns, Total: 52802 ns
[3692.138s][info ][safepoint      ] Safepoint "Cleanup", Time since last: 6000429327 ns, Reaching safepoint: 74902 ns, At safepoint: 9000 ns, Total: 83902 ns
[3694.138s][info ][safepoint      ] Safepoint "Cleanup", Time since last: 2000130375 ns, Reaching safepoint: 57001 ns, At safepoint: 14101 ns, Total: 71102 ns
[3696.138s][info ][safepoint      ] Safepoint "Cleanup", Time since last: 2000178776 ns, Reaching safepoint: 48701 ns, At safepoint: 2400 ns, Total: 51101 ns
[3698.229s][info ][gc,start       ] GC(126) Pause Young (Allocation Failure)
[3698.230s][debug][gc,phases      ] GC(126) Scavenge 1.076ms
[3698.230s][debug][gc,ref         ] GC(126) Skipped phase 1 of Reference Processing: no references
[3698.230s][debug][gc,ref         ] GC(126) Skipped phase 3 of Reference Processing: no references
[3698.230s][debug][gc,phases      ] GC(126) Reference Processing 0.026ms
[3698.230s][debug][gc,phases      ] GC(126) Weak Processing 0.521ms
[3698.230s][debug][gc,age         ] GC(126) Desired survivor size 31981568 bytes, new threshold 15 (max threshold 15)
[3698.230s][info ][gc,heap        ] GC(126) PSYoungGen: 2041792K(2066432K)->768K(2065408K) Eden: 2034688K(2034688K)->0K(2034688K) From: 7104K(31744K)->768K(30720K)
[3698.230s][info ][gc,heap        ] GC(126) ParOldGen: 334603K(418816K)->334611K(418816K)
[3698.230s][info ][gc,metaspace   ] GC(126) Metaspace: 76154K(76864K)->76154K(76864K) NonClass: 65758K(66176K)->65758K(66176K) Class: 10395K(10688K)->10395K(10688K)
[3698.230s][info ][gc             ] GC(126) Pause Young (Allocation Failure) 2320M->327M(2426M) 1.726ms
[3698.230s][info ][gc,cpu         ] GC(126) User=0.00s Sys=0.00s Real=0.00s
[3698.230s][info ][safepoint      ] Safepoint "ParallelGCFailedAllocation", Time since last: 2090458449 ns, Reaching safepoint: 64202 ns, At safepoint: 1797147 ns, Total: 1861349 ns
[3712.231s][info ][safepoint      ] Safepoint "Cleanup", Time since last: 14000900917 ns, Reaching safepoint: 50902 ns, At safepoint: 4000 ns, Total: 54902 ns
[3742.233s][info ][safepoint      ] Safepoint "Cleanup", Time since last: 30001922682 ns, Reaching safepoint: 36901 ns, At safepoint: 36701 ns, Total: 73602 ns
[3743.234s][info ][safepoint      ] Safepoint "Cleanup", Time since last: 1000097587 ns, Reaching safepoint: 48401 ns, At safepoint: 3100 ns, Total: 51501 ns
[3753.234s][info ][safepoint      ] Safepoint "Cleanup", Time since last: 10000592452 ns, Reaching safepoint: 69301 ns, At safepoint: 3101 ns, Total: 72402 ns
[3775.330s][info ][gc,start       ] GC(127) Pause Young (Allocation Failure)
[3775.331s][debug][gc,phases      ] GC(127) Scavenge 1.073ms
[3775.331s][debug][gc,ref         ] GC(127) Skipped phase 1 of Reference Processing: no references
[3775.331s][debug][gc,ref         ] GC(127) Skipped phase 2 of Reference Processing: no references
[3775.331s][debug][gc,ref         ] GC(127) Skipped phase 3 of Reference Processing: no references
[3775.331s][debug][gc,ref         ] GC(127) Skipped phase 4 of Reference Processing: no references
[3775.331s][debug][gc,phases      ] GC(127) Reference Processing 0.021ms
[3775.331s][debug][gc,phases      ] GC(127) Weak Processing 0.522ms
[3775.331s][debug][gc,age         ] GC(127) Desired survivor size 31457280 bytes, new threshold 15 (max threshold 15)
[3775.331s][info ][gc,heap        ] GC(127) PSYoungGen: 2035456K(2065408K)->752K(2066432K) Eden: 2034688K(2034688K)->0K(2035200K) From: 768K(30720K)->752K(31232K)
[3775.331s][info ][gc,heap        ] GC(127) ParOldGen: 334611K(418816K)->334611K(418816K)
[3775.331s][info ][gc,metaspace   ] GC(127) Metaspace: 76154K(76864K)->76154K(76864K) NonClass: 65759K(66176K)->65759K(66176K) Class: 10395K(10688K)->10395K(10688K)
[3775.331s][info ][gc             ] GC(127) Pause Young (Allocation Failure) 2314M->327M(2427M) 1.722ms
[3775.331s][info ][gc,cpu         ] GC(127) User=0.00s Sys=0.00s Real=0.00s
[3775.331s][info ][safepoint      ] Safepoint "ParallelGCFailedAllocation", Time since last: 22095170327 ns, Reaching safepoint: 118003 ns, At safepoint: 1791047 ns, Total: 1909050 ns
[3784.332s][info ][safepoint      ] Safepoint "Cleanup", Time since last: 9000627559 ns, Reaching safepoint: 74902 ns, At safepoint: 7700 ns, Total: 82602 ns
[3788.332s][info ][safepoint      ] Safepoint "Cleanup", Time since last: 4000282637 ns, Reaching safepoint: 47201 ns, At safepoint: 7100 ns, Total: 54301 ns
[3827.335s][info ][safepoint      ] Safepoint "Cleanup", Time since last: 39002306640 ns, Reaching safepoint: 69702 ns, At safepoint: 7700 ns, Total: 77402 ns
[3836.335s][info ][safepoint      ] Safepoint "Cleanup", Time since last: 9000536541 ns, Reaching safepoint: 46901 ns, At safepoint: 3300 ns, Total: 50201 ns
[3847.663s][info ][gc,start       ] GC(128) Pause Young (Allocation Failure)
[3847.664s][debug][gc,phases      ] GC(128) Scavenge 1.539ms
[3847.664s][debug][gc,ref         ] GC(128) Skipped phase 1 of Reference Processing: no references
[3847.664s][debug][gc,ref         ] GC(128) Skipped phase 3 of Reference Processing: no references
[3847.664s][debug][gc,phases      ] GC(128) Reference Processing 0.019ms
[3847.665s][debug][gc,phases      ] GC(128) Weak Processing 0.507ms
[3847.665s][debug][gc,age         ] GC(128) Desired survivor size 30932992 bytes, new threshold 15 (max threshold 15)
[3847.665s][info ][gc,heap        ] GC(128) PSYoungGen: 2035952K(2066432K)->1216K(2065920K) Eden: 2035200K(2035200K)->0K(2035200K) From: 752K(31232K)->1216K(30720K)
[3847.665s][info ][gc,heap        ] GC(128) ParOldGen: 334611K(418816K)->334611K(418816K)
[3847.665s][info ][gc,metaspace   ] GC(128) Metaspace: 76163K(76864K)->76163K(76864K) NonClass: 65767K(66176K)->65767K(66176K) Class: 10395K(10688K)->10395K(10688K)
[3847.665s][info ][gc             ] GC(128) Pause Young (Allocation Failure) 2315M->327M(2426M) 2.175ms
[3847.665s][info ][gc,cpu         ] GC(128) User=0.01s Sys=0.00s Real=0.00s
[3847.665s][info ][safepoint      ] Safepoint "ParallelGCFailedAllocation", Time since last: 11327077081 ns, Reaching safepoint: 153904 ns, At safepoint: 2308060 ns, Total: 2461964 ns
[3853.665s][info ][safepoint      ] Safepoint "Cleanup", Time since last: 6000419292 ns, Reaching safepoint: 64102 ns, At safepoint: 10700 ns, Total: 74802 ns
[3865.667s][info ][safepoint      ] Safepoint "Cleanup", Time since last: 12000770779 ns, Reaching safepoint: 935125 ns, At safepoint: 8500 ns, Total: 943625 ns
[3867.667s][info ][safepoint      ] Safepoint "Cleanup", Time since last: 2000170664 ns, Reaching safepoint: 48201 ns, At safepoint: 8300 ns, Total: 56501 ns
[3895.674s][info ][safepoint      ] Safepoint "Cleanup", Time since last: 28006384387 ns, Reaching safepoint: 41201 ns, At safepoint: 2700 ns, Total: 43901 ns
[3898.674s][info ][safepoint      ] Safepoint "Cleanup", Time since last: 3000226442 ns, Reaching safepoint: 44202 ns, At safepoint: 6400 ns, Total: 50602 ns
[3900.674s][info ][safepoint      ] Safepoint "Cleanup", Time since last: 2000198862 ns, Reaching safepoint: 47002 ns, At safepoint: 2800 ns, Total: 49802 ns
[3914.480s][info ][gc,start       ] GC(129) Pause Young (Allocation Failure)
[3914.481s][debug][gc,phases      ] GC(129) Scavenge 1.190ms
[3914.481s][debug][gc,ref         ] GC(129) Skipped phase 1 of Reference Processing: no references
[3914.481s][debug][gc,ref         ] GC(129) Skipped phase 3 of Reference Processing: no references
[3914.481s][debug][gc,phases      ] GC(129) Reference Processing 0.180ms
[3914.482s][debug][gc,phases      ] GC(129) Weak Processing 0.482ms
[3914.482s][debug][gc,age         ] GC(129) Desired survivor size 30408704 bytes, new threshold 15 (max threshold 15)
[3914.482s][info ][gc,heap        ] GC(129) PSYoungGen: 2036416K(2065920K)->1024K(2067456K) Eden: 2035200K(2035200K)->0K(2037248K) From: 1216K(30720K)->1024K(30208K)
[3914.482s][info ][gc,heap        ] GC(129) ParOldGen: 334611K(418816K)->334611K(418816K)
[3914.482s][info ][gc,metaspace   ] GC(129) Metaspace: 76168K(76864K)->76168K(76864K) NonClass: 65772K(66176K)->65772K(66176K) Class: 10395K(10688K)->10395K(10688K)
[3914.482s][info ][gc             ] GC(129) Pause Young (Allocation Failure) 2315M->327M(2428M) 1.943ms
[3914.482s][info ][gc,cpu         ] GC(129) User=0.00s Sys=0.00s Real=0.00s
[3914.482s][info ][safepoint      ] Safepoint "ParallelGCFailedAllocation", Time since last: 13805222781 ns, Reaching safepoint: 136503 ns, At safepoint: 2012753 ns, Total: 2149256 ns
[3916.482s][info ][safepoint      ] Safepoint "Cleanup", Time since last: 2000137360 ns, Reaching safepoint: 39601 ns, At safepoint: 3200 ns, Total: 42801 ns
[3918.482s][info ][safepoint      ] Safepoint "Cleanup", Time since last: 2000197662 ns, Reaching safepoint: 45201 ns, At safepoint: 7600 ns, Total: 52801 ns
[3932.483s][info ][safepoint      ] Safepoint "Cleanup", Time since last: 14000858916 ns, Reaching safepoint: 57301 ns, At safepoint: 10700 ns, Total: 68001 ns
[3939.484s][info ][safepoint      ] Safepoint "Cleanup", Time since last: 7000437556 ns, Reaching safepoint: 117303 ns, At safepoint: 14201 ns, Total: 131504 ns
[3941.484s][info ][safepoint      ] Safepoint "Cleanup", Time since last: 2000166559 ns, Reaching safepoint: 30801 ns, At safepoint: 2700 ns, Total: 33501 ns
[3962.485s][info ][safepoint      ] Safepoint "Cleanup", Time since last: 21001320660 ns, Reaching safepoint: 49701 ns, At safepoint: 5000 ns, Total: 54701 ns
[3969.486s][info ][safepoint      ] Safepoint "Cleanup", Time since last: 7000473652 ns, Reaching safepoint: 76802 ns, At safepoint: 7400 ns, Total: 84202 ns
[3977.486s][info ][safepoint      ] Safepoint "Cleanup", Time since last: 8000513628 ns, Reaching safepoint: 31301 ns, At safepoint: 2700 ns, Total: 34001 ns
[3978.442s][info ][gc,start       ] GC(130) Pause Young (Allocation Failure)
[3978.443s][debug][gc,phases      ] GC(130) Scavenge 1.258ms
[3978.443s][debug][gc,ref         ] GC(130) Skipped phase 1 of Reference Processing: no references
[3978.443s][debug][gc,ref         ] GC(130) Skipped phase 3 of Reference Processing: no references
[3978.443s][debug][gc,phases      ] GC(130) Reference Processing 0.019ms
[3978.444s][debug][gc,phases      ] GC(130) Weak Processing 0.471ms
[3978.444s][debug][gc,age         ] GC(130) Desired survivor size 29360128 bytes, new threshold 15 (max threshold 15)
[3978.444s][info ][gc,heap        ] GC(130) PSYoungGen: 2038272K(2067456K)->1184K(2066944K) Eden: 2037248K(2037248K)->0K(2037248K) From: 1024K(30208K)->1184K(29696K)
[3978.444s][info ][gc,heap        ] GC(130) ParOldGen: 334611K(418816K)->334611K(418816K)
[3978.444s][info ][gc,metaspace   ] GC(130) Metaspace: 76183K(76864K)->76183K(76864K) NonClass: 65787K(66176K)->65787K(66176K) Class: 10395K(10688K)->10395K(10688K)
[3978.444s][info ][gc             ] GC(130) Pause Young (Allocation Failure) 2317M->327M(2427M) 1.860ms
[3978.444s][info ][gc,cpu         ] GC(130) User=0.01s Sys=0.00s Real=0.00s
[3978.444s][info ][safepoint      ] Safepoint "ParallelGCFailedAllocation", Time since last: 955435306 ns, Reaching safepoint: 39701 ns, At safepoint: 1937751 ns, Total: 1977452 ns
[3998.445s][info ][safepoint      ] Safepoint "Cleanup", Time since last: 20001253063 ns, Reaching safepoint: 79902 ns, At safepoint: 8300 ns, Total: 88202 ns
[4061.429s][info ][gc,start       ] GC(131) Pause Young (Allocation Failure)
[4061.431s][debug][gc,phases      ] GC(131) Scavenge 1.124ms
[4061.431s][debug][gc,ref         ] GC(131) Skipped phase 1 of Reference Processing: no references
[4061.431s][debug][gc,ref         ] GC(131) Skipped phase 3 of Reference Processing: no references
[4061.431s][debug][gc,phases      ] GC(131) Reference Processing 0.018ms
[4061.431s][debug][gc,phases      ] GC(131) Weak Processing 0.544ms
[4061.431s][debug][gc,age         ] GC(131) Desired survivor size 28835840 bytes, new threshold 15 (max threshold 15)
[4061.431s][info ][gc,heap        ] GC(131) PSYoungGen: 2038432K(2066944K)->720K(2068992K) Eden: 2037248K(2037248K)->0K(2040320K) From: 1184K(29696K)->720K(28672K)
[4061.431s][info ][gc,heap        ] GC(131) ParOldGen: 334611K(418816K)->334611K(418816K)
[4061.431s][info ][gc,metaspace   ] GC(131) Metaspace: 76185K(76864K)->76185K(76864K) NonClass: 65789K(66176K)->65789K(66176K) Class: 10395K(10688K)->10395K(10688K)
[4061.431s][info ][gc             ] GC(131) Pause Young (Allocation Failure) 2317M->327M(2429M) 1.782ms
[4061.431s][info ][gc,cpu         ] GC(131) User=0.01s Sys=0.00s Real=0.00s
[4061.431s][info ][safepoint      ] Safepoint "ParallelGCFailedAllocation", Time since last: 62984185845 ns, Reaching safepoint: 140904 ns, At safepoint: 1853949 ns, Total: 1994853 ns
[4137.436s][info ][safepoint      ] Safepoint "Cleanup", Time since last: 76004504056 ns, Reaching safepoint: 65002 ns, At safepoint: 7500 ns, Total: 72502 ns
[4156.129s][info ][gc,start       ] GC(132) Pause Young (Allocation Failure)
[4156.130s][debug][gc,phases      ] GC(132) Scavenge 0.962ms
[4156.130s][debug][gc,ref         ] GC(132) Skipped phase 1 of Reference Processing: no references
[4156.130s][debug][gc,ref         ] GC(132) Skipped phase 2 of Reference Processing: no references
[4156.130s][debug][gc,ref         ] GC(132) Skipped phase 3 of Reference Processing: no references
[4156.130s][debug][gc,ref         ] GC(132) Skipped phase 4 of Reference Processing: no references
[4156.130s][debug][gc,phases      ] GC(132) Reference Processing 0.019ms
[4156.131s][debug][gc,phases      ] GC(132) Weak Processing 0.574ms
[4156.131s][debug][gc,age         ] GC(132) Desired survivor size 27787264 bytes, new threshold 15 (max threshold 15)
[4156.131s][info ][gc,heap        ] GC(132) PSYoungGen: 2041040K(2068992K)->704K(2068480K) Eden: 2040319K(2040320K)->0K(2040320K) From: 720K(28672K)->704K(28160K)
[4156.131s][info ][gc,heap        ] GC(132) ParOldGen: 334611K(418816K)->334611K(418816K)
[4156.131s][info ][gc,metaspace   ] GC(132) Metaspace: 76185K(76864K)->76185K(76864K) NonClass: 65789K(66176K)->65789K(66176K) Class: 10395K(10688K)->10395K(10688K)
[4156.131s][info ][gc             ] GC(132) Pause Young (Allocation Failure) 2319M->327M(2429M) 1.651ms
[4156.131s][info ][gc,cpu         ] GC(132) User=0.00s Sys=0.00s Real=0.00s
[4156.131s][info ][safepoint      ] Safepoint "ParallelGCFailedAllocation", Time since last: 18693452039 ns, Reaching safepoint: 39601 ns, At safepoint: 1709345 ns, Total: 1748946 ns
[4248.480s][info ][gc,start       ] GC(133) Pause Young (Allocation Failure)
[4248.481s][debug][gc,phases      ] GC(133) Scavenge 1.004ms
[4248.481s][debug][gc,ref         ] GC(133) Skipped phase 1 of Reference Processing: no references
[4248.481s][debug][gc,ref         ] GC(133) Skipped phase 3 of Reference Processing: no references
[4248.481s][debug][gc,phases      ] GC(133) Reference Processing 0.018ms
[4248.481s][debug][gc,phases      ] GC(133) Weak Processing 0.496ms
[4248.481s][debug][gc,age         ] GC(133) Desired survivor size 26738688 bytes, new threshold 15 (max threshold 15)
[4248.481s][info ][gc,heap        ] GC(133) PSYoungGen: 2041024K(2068480K)->736K(2071040K) Eden: 2040320K(2040320K)->0K(2043904K) From: 704K(28160K)->736K(27136K)
[4248.481s][info ][gc,heap        ] GC(133) ParOldGen: 334611K(418816K)->334611K(418816K)
[4248.481s][info ][gc,metaspace   ] GC(133) Metaspace: 76190K(76864K)->76190K(76864K) NonClass: 65794K(66176K)->65794K(66176K) Class: 10395K(10688K)->10395K(10688K)
[4248.482s][info ][gc             ] GC(133) Pause Young (Allocation Failure) 2319M->327M(2431M) 1.605ms
[4248.482s][info ][gc,cpu         ] GC(133) User=0.00s Sys=0.00s Real=0.00s
[4248.482s][info ][safepoint      ] Safepoint "ParallelGCFailedAllocation", Time since last: 92348847010 ns, Reaching safepoint: 67602 ns, At safepoint: 1676746 ns, Total: 1744348 ns
[4263.483s][info ][safepoint      ] Safepoint "Cleanup", Time since last: 15000976819 ns, Reaching safepoint: 58902 ns, At safepoint: 6400 ns, Total: 65302 ns
[4264.483s][info ][safepoint      ] Safepoint "Cleanup", Time since last: 1000107174 ns, Reaching safepoint: 262307 ns, At safepoint: 7900 ns, Total: 270207 ns
[4265.483s][info ][safepoint      ] Safepoint "Cleanup", Time since last: 1000065070 ns, Reaching safepoint: 45502 ns, At safepoint: 2800 ns, Total: 48302 ns
[4279.484s][info ][safepoint      ] Safepoint "Cleanup", Time since last: 14000953989 ns, Reaching safepoint: 48301 ns, At safepoint: 26901 ns, Total: 75202 ns
[4319.487s][info ][safepoint      ] Safepoint "Cleanup", Time since last: 40002664675 ns, Reaching safepoint: 48001 ns, At safepoint: 13300 ns, Total: 61301 ns
[4320.487s][info ][safepoint      ] Safepoint "Cleanup", Time since last: 1000103672 ns, Reaching safepoint: 65702 ns, At safepoint: 5500 ns, Total: 71202 ns
[4330.307s][info ][gc,start       ] GC(134) Pause Young (Allocation Failure)
[4330.313s][debug][gc,phases      ] GC(134) Scavenge 5.523ms
[4330.313s][debug][gc,ref         ] GC(134) Skipped phase 1 of Reference Processing: no references
[4330.313s][debug][gc,phases      ] GC(134) Reference Processing 0.087ms
[4330.314s][debug][gc,phases      ] GC(134) Weak Processing 0.597ms
[4330.314s][debug][gc,age         ] GC(134) Desired survivor size 29360128 bytes, new threshold 15 (max threshold 15)
[4330.314s][info ][gc,heap        ] GC(134) PSYoungGen: 2044640K(2071040K)->18677K(2062848K) Eden: 2043904K(2043904K)->0K(2043904K) From: 736K(27136K)->18677K(18944K)
[4330.314s][info ][gc,heap        ] GC(134) ParOldGen: 334611K(418816K)->351003K(418816K)
[4330.314s][info ][gc,metaspace   ] GC(134) Metaspace: 76262K(76864K)->76262K(76864K) NonClass: 65866K(66176K)->65866K(66176K) Class: 10396K(10688K)->10396K(10688K)
[4330.314s][info ][gc             ] GC(134) Pause Young (Allocation Failure) 2323M->361M(2423M) 6.386ms
[4330.314s][info ][gc,cpu         ] GC(134) User=0.02s Sys=0.00s Real=0.01s
[4330.314s][info ][safepoint      ] Safepoint "ParallelGCFailedAllocation", Time since last: 9820081791 ns, Reaching safepoint: 107603 ns, At safepoint: 6517078 ns, Total: 6624681 ns
[4409.830s][info ][gc,start       ] GC(135) Pause Young (Allocation Failure)
[4409.833s][debug][gc,phases      ] GC(135) Scavenge 3.555ms
[4409.833s][debug][gc,ref         ] GC(135) Skipped phase 1 of Reference Processing: no references
[4409.834s][debug][gc,ref         ] GC(135) Skipped phase 3 of Reference Processing: no references
[4409.834s][debug][gc,phases      ] GC(135) Reference Processing 0.028ms
[4409.834s][debug][gc,phases      ] GC(135) Weak Processing 0.577ms
[4409.834s][debug][gc,age         ] GC(135) Desired survivor size 31457280 bytes, new threshold 15 (max threshold 15)
[4409.834s][info ][gc,heap        ] GC(135) PSYoungGen: 2062581K(2062848K)->18661K(2064384K) Eden: 2043904K(2043904K)->0K(2035712K) From: 18677K(18944K)->18661K(28672K)
[4409.834s][info ][gc,heap        ] GC(135) ParOldGen: 351003K(418816K)->351003K(418816K)
[4409.834s][info ][gc,metaspace   ] GC(135) Metaspace: 76263K(76864K)->76263K(76864K) NonClass: 65867K(66176K)->65867K(66176K) Class: 10396K(10688K)->10396K(10688K)
[4409.834s][info ][gc             ] GC(135) Pause Young (Allocation Failure) 2357M->361M(2425M) 4.310ms
[4409.834s][info ][gc,cpu         ] GC(135) User=0.02s Sys=0.00s Real=0.01s
[4409.834s][info ][safepoint      ] Safepoint "ParallelGCFailedAllocation", Time since last: 79516035645 ns, Reaching safepoint: 65502 ns, At safepoint: 4394319 ns, Total: 4459821 ns
[4487.330s][info ][gc,start       ] GC(136) Pause Young (Allocation Failure)
[4487.333s][debug][gc,phases      ] GC(136) Scavenge 3.004ms
[4487.333s][debug][gc,ref         ] GC(136) Skipped phase 1 of Reference Processing: no references
[4487.333s][debug][gc,ref         ] GC(136) Skipped phase 3 of Reference Processing: no references
[4487.333s][debug][gc,phases      ] GC(136) Reference Processing 0.024ms
[4487.333s][debug][gc,phases      ] GC(136) Weak Processing 0.561ms
[4487.333s][debug][gc,age         ] GC(136) Desired survivor size 33030144 bytes, new threshold 15 (max threshold 15)
[4487.333s][info ][gc,heap        ] GC(136) PSYoungGen: 2054373K(2064384K)->18661K(2054656K) Eden: 2035712K(2035712K)->0K(2035712K) From: 18661K(28672K)->18661K(18944K)
[4487.333s][info ][gc,heap        ] GC(136) ParOldGen: 351003K(418816K)->351003K(418816K)
[4487.333s][info ][gc,metaspace   ] GC(136) Metaspace: 76263K(76864K)->76263K(76864K) NonClass: 65867K(66176K)->65867K(66176K) Class: 10396K(10688K)->10396K(10688K)
[4487.333s][info ][gc             ] GC(136) Pause Young (Allocation Failure) 2349M->361M(2415M) 3.724ms
[4487.333s][info ][gc,cpu         ] GC(136) User=0.01s Sys=0.00s Real=0.01s
[4487.333s][info ][safepoint      ] Safepoint "ParallelGCFailedAllocation", Time since last: 77495257794 ns, Reaching safepoint: 50001 ns, At safepoint: 3802003 ns, Total: 3852004 ns
[4516.335s][info ][safepoint      ] Safepoint "Cleanup", Time since last: 29001761709 ns, Reaching safepoint: 54802 ns, At safepoint: 10400 ns, Total: 65202 ns
[4543.337s][info ][safepoint      ] Safepoint "Cleanup", Time since last: 27001824713 ns, Reaching safepoint: 44601 ns, At safepoint: 3200 ns, Total: 47801 ns
[4544.337s][info ][safepoint      ] Safepoint "Cleanup", Time since last: 1000123860 ns, Reaching safepoint: 53902 ns, At safepoint: 4300 ns, Total: 58202 ns
[4561.338s][info ][safepoint      ] Safepoint "Cleanup", Time since last: 17001066527 ns, Reaching safepoint: 71702 ns, At safepoint: 3400 ns, Total: 75102 ns
[4562.415s][info ][gc,start       ] GC(137) Pause Young (Allocation Failure)
[4562.418s][debug][gc,phases      ] GC(137) Scavenge 3.465ms
[4562.418s][debug][gc,ref         ] GC(137) Skipped phase 1 of Reference Processing: no references
[4562.418s][debug][gc,ref         ] GC(137) Skipped phase 3 of Reference Processing: no references
[4562.418s][debug][gc,phases      ] GC(137) Reference Processing 0.046ms
[4562.419s][debug][gc,phases      ] GC(137) Weak Processing 0.704ms
[4562.419s][debug][gc,age         ] GC(137) Desired survivor size 34603008 bytes, new threshold 15 (max threshold 15)
[4562.419s][info ][gc,heap        ] GC(137) PSYoungGen: 2054373K(2054656K)->18901K(2061824K) Eden: 2035712K(2035712K)->0K(2029568K) From: 18661K(18944K)->18901K(32256K)
[4562.419s][info ][gc,heap        ] GC(137) ParOldGen: 351003K(418816K)->351003K(418816K)
[4562.419s][info ][gc,metaspace   ] GC(137) Metaspace: 76268K(76864K)->76268K(76864K) NonClass: 65872K(66176K)->65872K(66176K) Class: 10396K(10688K)->10396K(10688K)
[4562.419s][info ][gc             ] GC(137) Pause Young (Allocation Failure) 2349M->361M(2422M) 4.420ms
[4562.419s][info ][gc,cpu         ] GC(137) User=0.01s Sys=0.00s Real=0.00s
[4562.419s][info ][safepoint      ] Safepoint "ParallelGCFailedAllocation", Time since last: 1076246891 ns, Reaching safepoint: 109603 ns, At safepoint: 4525622 ns, Total: 4635225 ns
[4638.779s][info ][gc,start       ] GC(138) Pause Young (Allocation Failure)
[4638.783s][debug][gc,phases      ] GC(138) Scavenge 3.293ms
[4638.783s][debug][gc,ref         ] GC(138) Skipped phase 1 of Reference Processing: no references
[4638.783s][debug][gc,ref         ] GC(138) Skipped phase 3 of Reference Processing: no references
[4638.783s][debug][gc,phases      ] GC(138) Reference Processing 0.026ms
[4638.783s][debug][gc,phases      ] GC(138) Weak Processing 0.631ms
[4638.783s][debug][gc,age         ] GC(138) Desired survivor size 35127296 bytes, new threshold 15 (max threshold 15)
[4638.783s][info ][gc,heap        ] GC(138) PSYoungGen: 2048469K(2061824K)->18597K(2048512K) Eden: 2029568K(2029568K)->0K(2029568K) From: 18901K(32256K)->18597K(18944K)
[4638.783s][info ][gc,heap        ] GC(138) ParOldGen: 351003K(418816K)->351067K(418816K)
[4638.783s][info ][gc,metaspace   ] GC(138) Metaspace: 76268K(76864K)->76268K(76864K) NonClass: 65872K(66176K)->65872K(66176K) Class: 10396K(10688K)->10396K(10688K)
[4638.783s][info ][gc             ] GC(138) Pause Young (Allocation Failure) 2343M->361M(2409M) 4.089ms
[4638.783s][info ][gc,cpu         ] GC(138) User=0.01s Sys=0.00s Real=0.00s
[4638.783s][info ][safepoint      ] Safepoint "ParallelGCFailedAllocation", Time since last: 76360032407 ns, Reaching safepoint: 57702 ns, At safepoint: 4164412 ns, Total: 4222114 ns
[4714.629s][info ][gc,start       ] GC(139) Pause Young (Allocation Failure)
[4714.632s][debug][gc,phases      ] GC(139) Scavenge 3.162ms
[4714.632s][debug][gc,ref         ] GC(139) Skipped phase 1 of Reference Processing: no references
[4714.632s][debug][gc,ref         ] GC(139) Skipped phase 3 of Reference Processing: no references
[4714.632s][debug][gc,phases      ] GC(139) Reference Processing 0.026ms
[4714.633s][debug][gc,phases      ] GC(139) Weak Processing 0.596ms
[4714.633s][debug][gc,age         ] GC(139) Desired survivor size 35651584 bytes, new threshold 15 (max threshold 15)
[4714.633s][info ][gc,heap        ] GC(139) PSYoungGen: 2048165K(2048512K)->18501K(2061824K) Eden: 2029568K(2029568K)->0K(2027520K) From: 18597K(18944K)->18501K(34304K)
[4714.633s][info ][gc,heap        ] GC(139) ParOldGen: 351067K(418816K)->351099K(418816K)
[4714.633s][info ][gc,metaspace   ] GC(139) Metaspace: 76268K(76864K)->76268K(76864K) NonClass: 65872K(66176K)->65872K(66176K) Class: 10396K(10688K)->10396K(10688K)
[4714.633s][info ][gc             ] GC(139) Pause Young (Allocation Failure) 2343M->360M(2422M) 3.919ms
[4714.633s][info ][gc,cpu         ] GC(139) User=0.01s Sys=0.00s Real=0.00s
[4714.633s][info ][safepoint      ] Safepoint "ParallelGCFailedAllocation", Time since last: 75845170421 ns, Reaching safepoint: 142004 ns, At safepoint: 4033808 ns, Total: 4175812 ns
[4733.634s][info ][safepoint      ] Safepoint "Cleanup", Time since last: 19001142905 ns, Reaching safepoint: 54001 ns, At safepoint: 6701 ns, Total: 60702 ns
[4738.634s][info ][safepoint      ] Safepoint "Cleanup", Time since last: 5000343903 ns, Reaching safepoint: 44201 ns, At safepoint: 6500 ns, Total: 50701 ns
[4768.636s][info ][safepoint      ] Safepoint "Cleanup", Time since last: 30001940625 ns, Reaching safepoint: 89103 ns, At safepoint: 7500 ns, Total: 96603 ns
[4788.230s][info ][gc,start       ] GC(140) Pause Young (Allocation Failure)
[4788.233s][debug][gc,phases      ] GC(140) Scavenge 3.065ms
[4788.233s][debug][gc,ref         ] GC(140) Skipped phase 1 of Reference Processing: no references
[4788.233s][debug][gc,ref         ] GC(140) Skipped phase 3 of Reference Processing: no references
[4788.233s][debug][gc,phases      ] GC(140) Reference Processing 0.028ms
[4788.233s][debug][gc,phases      ] GC(140) Weak Processing 0.551ms
[4788.233s][debug][gc,age         ] GC(140) Desired survivor size 35651584 bytes, new threshold 15 (max threshold 15)
[4788.233s][info ][gc,heap        ] GC(140) PSYoungGen: 2046021K(2061824K)->18240K(2062336K) Eden: 2027520K(2027520K)->0K(2027520K) From: 18501K(34304K)->18240K(34816K)
[4788.233s][info ][gc,heap        ] GC(140) ParOldGen: 351099K(418816K)->351123K(418816K)
[4788.233s][info ][gc,metaspace   ] GC(140) Metaspace: 76283K(76928K)->76283K(76928K) NonClass: 65887K(66240K)->65887K(66240K) Class: 10396K(10688K)->10396K(10688K)
[4788.233s][info ][gc             ] GC(140) Pause Young (Allocation Failure) 2340M->360M(2423M) 3.784ms
[4788.233s][info ][gc,cpu         ] GC(140) User=0.00s Sys=0.01s Real=0.01s
[4788.233s][info ][safepoint      ] Safepoint "ParallelGCFailedAllocation", Time since last: 19593050873 ns, Reaching safepoint: 42901 ns, At safepoint: 3871403 ns, Total: 3914304 ns
[4816.244s][info ][safepoint      ] Safepoint "Cleanup", Time since last: 28010371662 ns, Reaching safepoint: 66402 ns, At safepoint: 9000 ns, Total: 75402 ns
[4880.529s][info ][gc,start       ] GC(141) Pause Young (Allocation Failure)
[4880.532s][debug][gc,phases      ] GC(141) Scavenge 3.005ms
[4880.532s][debug][gc,ref         ] GC(141) Skipped phase 1 of Reference Processing: no references
[4880.532s][debug][gc,ref         ] GC(141) Skipped phase 3 of Reference Processing: no references
[4880.532s][debug][gc,phases      ] GC(141) Reference Processing 0.026ms
[4880.532s][debug][gc,phases      ] GC(141) Weak Processing 0.529ms
[4880.532s][debug][gc,age         ] GC(141) Desired survivor size 35651584 bytes, new threshold 15 (max threshold 15)
[4880.532s][info ][gc,heap        ] GC(141) PSYoungGen: 2045760K(2062336K)->17664K(2062336K) Eden: 2027520K(2027520K)->0K(2027520K) From: 18240K(34816K)->17664K(34816K)
[4880.532s][info ][gc,heap        ] GC(141) ParOldGen: 351123K(418816K)->351259K(418816K)
[4880.532s][info ][gc,metaspace   ] GC(141) Metaspace: 76285K(76928K)->76285K(76928K) NonClass: 65889K(66240K)->65889K(66240K) Class: 10396K(10688K)->10396K(10688K)
[4880.532s][info ][gc             ] GC(141) Pause Young (Allocation Failure) 2340M->360M(2423M) 3.708ms
[4880.532s][info ][gc,cpu         ] GC(141) User=0.01s Sys=0.01s Real=0.00s
[4880.532s][info ][safepoint      ] Safepoint "ParallelGCFailedAllocation", Time since last: 64284736042 ns, Reaching safepoint: 104703 ns, At safepoint: 3793001 ns, Total: 3897704 ns
[4974.879s][info ][gc,start       ] GC(142) Pause Young (Allocation Failure)
[4974.882s][debug][gc,phases      ] GC(142) Scavenge 2.949ms
[4974.882s][debug][gc,ref         ] GC(142) Skipped phase 1 of Reference Processing: no references
[4974.882s][debug][gc,ref         ] GC(142) Skipped phase 3 of Reference Processing: no references
[4974.882s][debug][gc,phases      ] GC(142) Reference Processing 0.043ms
[4974.883s][debug][gc,phases      ] GC(142) Weak Processing 0.540ms
[4974.883s][debug][gc,age         ] GC(142) Desired survivor size 35127296 bytes, new threshold 15 (max threshold 15)
[4974.883s][info ][gc,heap        ] GC(142) PSYoungGen: 2045184K(2062336K)->17584K(2062336K) Eden: 2027520K(2027520K)->0K(2027520K) From: 17664K(34816K)->17584K(34816K)
[4974.883s][info ][gc,heap        ] GC(142) ParOldGen: 351259K(418816K)->351291K(418816K)
[4974.883s][info ][gc,metaspace   ] GC(142) Metaspace: 76287K(76928K)->76287K(76928K) NonClass: 65891K(66240K)->65891K(66240K) Class: 10396K(10688K)->10396K(10688K)
[4974.883s][info ][gc             ] GC(142) Pause Young (Allocation Failure) 2340M->360M(2423M) 3.680ms
[4974.883s][info ][gc,cpu         ] GC(142) User=0.01s Sys=0.00s Real=0.00s
[4974.883s][info ][safepoint      ] Safepoint "ParallelGCFailedAllocation", Time since last: 94346313022 ns, Reaching safepoint: 37701 ns, At safepoint: 3758701 ns, Total: 3796402 ns
[4987.884s][info ][safepoint      ] Safepoint "Cleanup", Time since last: 13000829715 ns, Reaching safepoint: 77302 ns, At safepoint: 7600 ns, Total: 84902 ns
[4999.884s][info ][safepoint      ] Safepoint "Cleanup", Time since last: 12000849416 ns, Reaching safepoint: 40201 ns, At safepoint: 3000 ns, Total: 43201 ns
[5022.886s][info ][safepoint      ] Safepoint "Cleanup", Time since last: 23001458818 ns, Reaching safepoint: 50402 ns, At safepoint: 3600 ns, Total: 54002 ns
[5068.529s][info ][gc,start       ] GC(143) Pause Young (Allocation Failure)
[5068.532s][debug][gc,phases      ] GC(143) Scavenge 2.923ms
[5068.532s][debug][gc,ref         ] GC(143) Skipped phase 1 of Reference Processing: no references
[5068.532s][debug][gc,ref         ] GC(143) Skipped phase 3 of Reference Processing: no references
[5068.532s][debug][gc,phases      ] GC(143) Reference Processing 0.027ms
[5068.533s][debug][gc,phases      ] GC(143) Weak Processing 0.635ms
[5068.533s][debug][gc,age         ] GC(143) Desired survivor size 34603008 bytes, new threshold 15 (max threshold 15)
[5068.533s][info ][gc,heap        ] GC(143) PSYoungGen: 2045104K(2062336K)->17552K(2063360K) Eden: 2027520K(2027520K)->0K(2029056K) From: 17584K(34816K)->17552K(34304K)
[5068.533s][info ][gc,heap        ] GC(143) ParOldGen: 351291K(418816K)->351323K(418816K)
[5068.533s][info ][gc,metaspace   ] GC(143) Metaspace: 76287K(76928K)->76287K(76928K) NonClass: 65891K(66240K)->65891K(66240K) Class: 10396K(10688K)->10396K(10688K)
[5068.533s][info ][gc             ] GC(143) Pause Young (Allocation Failure) 2340M->360M(2424M) 3.740ms
[5068.533s][info ][gc,cpu         ] GC(143) User=0.01s Sys=0.01s Real=0.01s
[5068.533s][info ][safepoint      ] Safepoint "ParallelGCFailedAllocation", Time since last: 45643337693 ns, Reaching safepoint: 59202 ns, At safepoint: 3820601 ns, Total: 3879803 ns
[5116.536s][info ][safepoint      ] Safepoint "Cleanup", Time since last: 48003076973 ns, Reaching safepoint: 49601 ns, At safepoint: 10901 ns, Total: 60502 ns
[5159.539s][info ][safepoint      ] Safepoint "Cleanup", Time since last: 43002697134 ns, Reaching safepoint: 48501 ns, At safepoint: 2600 ns, Total: 51101 ns
[5161.529s][info ][gc,start       ] GC(144) Pause Young (Allocation Failure)
[5161.532s][debug][gc,phases      ] GC(144) Scavenge 2.901ms
[5161.532s][debug][gc,ref         ] GC(144) Skipped phase 1 of Reference Processing: no references
[5161.532s][debug][gc,ref         ] GC(144) Skipped phase 3 of Reference Processing: no references
[5161.532s][debug][gc,phases      ] GC(144) Reference Processing 0.026ms
[5161.533s][debug][gc,phases      ] GC(144) Weak Processing 0.565ms
[5161.533s][debug][gc,age         ] GC(144) Desired survivor size 34078720 bytes, new threshold 15 (max threshold 15)
[5161.533s][info ][gc,heap        ] GC(144) PSYoungGen: 2046608K(2063360K)->17488K(2062848K) Eden: 2029056K(2029056K)->0K(2029056K) From: 17552K(34304K)->17488K(33792K)
[5161.533s][info ][gc,heap        ] GC(144) ParOldGen: 351323K(418816K)->351363K(418816K)
[5161.533s][info ][gc,metaspace   ] GC(144) Metaspace: 76294K(76928K)->76294K(76928K) NonClass: 65898K(66240K)->65898K(66240K) Class: 10396K(10688K)->10396K(10688K)
[5161.533s][info ][gc             ] GC(144) Pause Young (Allocation Failure) 2341M->360M(2423M) 3.646ms
[5161.533s][info ][gc,cpu         ] GC(144) User=0.00s Sys=0.00s Real=0.01s
[5161.533s][info ][safepoint      ] Safepoint "ParallelGCFailedAllocation", Time since last: 1990138256 ns, Reaching safepoint: 97703 ns, At safepoint: 3725499 ns, Total: 3823202 ns
[5255.479s][info ][gc,start       ] GC(145) Pause Young (Allocation Failure)
[5255.482s][debug][gc,phases      ] GC(145) Scavenge 3.242ms
[5255.482s][debug][gc,ref         ] GC(145) Skipped phase 1 of Reference Processing: no references
[5255.482s][debug][gc,ref         ] GC(145) Skipped phase 3 of Reference Processing: no references
[5255.482s][debug][gc,phases      ] GC(145) Reference Processing 0.026ms
[5255.483s][debug][gc,phases      ] GC(145) Weak Processing 0.524ms
[5255.483s][debug][gc,age         ] GC(145) Desired survivor size 33030144 bytes, new threshold 15 (max threshold 15)
[5255.483s][info ][gc,heap        ] GC(145) PSYoungGen: 2046544K(2062848K)->17344K(2064896K) Eden: 2029056K(2029056K)->0K(2031616K) From: 17488K(33792K)->17344K(33280K)
[5255.483s][info ][gc,heap        ] GC(145) ParOldGen: 351363K(418816K)->351547K(418816K)
[5255.483s][info ][gc,metaspace   ] GC(145) Metaspace: 76294K(76928K)->76294K(76928K) NonClass: 65898K(66240K)->65898K(66240K) Class: 10396K(10688K)->10396K(10688K)
[5255.483s][info ][gc             ] GC(145) Pause Young (Allocation Failure) 2341M->360M(2425M) 3.913ms
[5255.483s][info ][gc,cpu         ] GC(145) User=0.01s Sys=0.00s Real=0.00s
[5255.483s][info ][safepoint      ] Safepoint "ParallelGCFailedAllocation", Time since last: 93945706981 ns, Reaching safepoint: 59402 ns, At safepoint: 3990606 ns, Total: 4050008 ns
[5256.483s][info ][safepoint      ] Safepoint "Cleanup", Time since last: 1000081832 ns, Reaching safepoint: 81102 ns, At safepoint: 10100 ns, Total: 91202 ns
[5258.483s][info ][safepoint      ] Safepoint "Cleanup", Time since last: 2000172864 ns, Reaching safepoint: 42101 ns, At safepoint: 8500 ns, Total: 50601 ns
[5265.484s][info ][safepoint      ] Safepoint "Cleanup", Time since last: 7000507411 ns, Reaching safepoint: 58202 ns, At safepoint: 11500 ns, Total: 69702 ns
[5299.486s][info ][safepoint      ] Safepoint "Cleanup", Time since last: 34002104731 ns, Reaching safepoint: 60002 ns, At safepoint: 5300 ns, Total: 65302 ns
[5333.488s][info ][safepoint      ] Safepoint "Cleanup", Time since last: 34002156439 ns, Reaching safepoint: 73402 ns, At safepoint: 29001 ns, Total: 102403 ns
[5358.229s][info ][gc,start       ] GC(146) Pause Young (Allocation Failure)
[5358.232s][debug][gc,phases      ] GC(146) Scavenge 2.951ms
[5358.232s][debug][gc,ref         ] GC(146) Skipped phase 1 of Reference Processing: no references
[5358.232s][debug][gc,ref         ] GC(146) Skipped phase 3 of Reference Processing: no references
[5358.232s][debug][gc,phases      ] GC(146) Reference Processing 0.024ms
[5358.233s][debug][gc,phases      ] GC(146) Weak Processing 0.525ms
[5358.233s][debug][gc,age         ] GC(146) Desired survivor size 32505856 bytes, new threshold 15 (max threshold 15)
[5358.233s][info ][gc,heap        ] GC(146) PSYoungGen: 2048960K(2064896K)->17488K(2063872K) Eden: 2031616K(2031616K)->0K(2031616K) From: 17344K(33280K)->17488K(32256K)
[5358.233s][info ][gc,heap        ] GC(146) ParOldGen: 351547K(418816K)->351579K(418816K)
[5358.233s][info ][gc,metaspace   ] GC(146) Metaspace: 76297K(76928K)->76297K(76928K) NonClass: 65900K(66240K)->65900K(66240K) Class: 10396K(10688K)->10396K(10688K)
[5358.233s][info ][gc             ] GC(146) Pause Young (Allocation Failure) 2344M->360M(2424M) 3.619ms
[5358.233s][info ][gc,cpu         ] GC(146) User=0.00s Sys=0.01s Real=0.00s
[5358.233s][info ][safepoint      ] Safepoint "ParallelGCFailedAllocation", Time since last: 24740859310 ns, Reaching safepoint: 53101 ns, At safepoint: 3700098 ns, Total: 3753199 ns
[5463.329s][info ][gc,start       ] GC(147) Pause Young (Allocation Failure)
[5463.332s][debug][gc,phases      ] GC(147) Scavenge 2.689ms
[5463.332s][debug][gc,ref         ] GC(147) Skipped phase 1 of Reference Processing: no references
[5463.332s][debug][gc,ref         ] GC(147) Skipped phase 3 of Reference Processing: no references
[5463.332s][debug][gc,phases      ] GC(147) Reference Processing 0.028ms
[5463.333s][debug][gc,phases      ] GC(147) Weak Processing 0.573ms
[5463.333s][debug][gc,age         ] GC(147) Desired survivor size 31981568 bytes, new threshold 15 (max threshold 15)
[5463.333s][info ][gc,heap        ] GC(147) PSYoungGen: 2049104K(2063872K)->17440K(2065920K) Eden: 2031616K(2031616K)->0K(2034176K) From: 17488K(32256K)->17440K(31744K)
[5463.333s][info ][gc,heap        ] GC(147) ParOldGen: 351579K(418816K)->351595K(418816K)
[5463.333s][info ][gc,metaspace   ] GC(147) Metaspace: 76298K(76928K)->76298K(76928K) NonClass: 65902K(66240K)->65902K(66240K) Class: 10396K(10688K)->10396K(10688K)
[5463.333s][info ][gc             ] GC(147) Pause Young (Allocation Failure) 2344M->360M(2426M) 3.437ms
[5463.333s][info ][gc,cpu         ] GC(147) User=0.01s Sys=0.00s Real=0.00s
[5463.333s][info ][safepoint      ] Safepoint "ParallelGCFailedAllocation", Time since last: 105096347241 ns, Reaching safepoint: 63702 ns, At safepoint: 3515793 ns, Total: 3579495 ns
[5478.334s][info ][safepoint      ] Safepoint "Cleanup", Time since last: 15000894746 ns, Reaching safepoint: 46601 ns, At safepoint: 2500 ns, Total: 49101 ns
[5521.336s][info ][safepoint      ] Safepoint "Cleanup", Time since last: 43002682856 ns, Reaching safepoint: 71802 ns, At safepoint: 11900 ns, Total: 83702 ns
[5567.679s][info ][gc,start       ] GC(148) Pause Young (Allocation Failure)
[5567.682s][debug][gc,phases      ] GC(148) Scavenge 2.888ms
[5567.682s][debug][gc,ref         ] GC(148) Skipped phase 1 of Reference Processing: no references
[5567.682s][debug][gc,ref         ] GC(148) Skipped phase 3 of Reference Processing: no references
[5567.682s][debug][gc,phases      ] GC(148) Reference Processing 0.026ms
[5567.682s][debug][gc,phases      ] GC(148) Weak Processing 0.569ms
[5567.682s][debug][gc,age         ] GC(148) Desired survivor size 30932992 bytes, new threshold 15 (max threshold 15)
[5567.682s][info ][gc,heap        ] GC(148) PSYoungGen: 2051616K(2065920K)->17344K(2065408K) Eden: 2034176K(2034176K)->0K(2034176K) From: 17440K(31744K)->17344K(31232K)
[5567.682s][info ][gc,heap        ] GC(148) ParOldGen: 351595K(418816K)->351603K(418816K)
[5567.682s][info ][gc,metaspace   ] GC(148) Metaspace: 76300K(76928K)->76300K(76928K) NonClass: 65904K(66240K)->65904K(66240K) Class: 10396K(10688K)->10396K(10688K)
[5567.682s][info ][gc             ] GC(148) Pause Young (Allocation Failure) 2346M->360M(2426M) 3.623ms
[5567.682s][info ][gc,cpu         ] GC(148) User=0.01s Sys=0.00s Real=0.00s
[5567.682s][info ][safepoint      ] Safepoint "ParallelGCFailedAllocation", Time since last: 46342268836 ns, Reaching safepoint: 53502 ns, At safepoint: 3705698 ns, Total: 3759200 ns
[5597.907s][info ][safepoint      ] Safepoint "Cleanup", Time since last: 30224130929 ns, Reaching safepoint: 52801 ns, At safepoint: 5100 ns, Total: 57901 ns
[5597.909s][info ][gc,heap,exit   ] Heap
[5597.909s][info ][gc,heap,exit   ]  PSYoungGen      total 2065408K, used 683004K [0x0000000780000000, 0x0000000800000000, 0x0000000800000000)
[5597.909s][info ][gc,heap,exit   ]   eden space 2034176K, 32% used [0x0000000780000000,0x00000007a8a0f338,0x00000007fc280000)
[5597.909s][info ][gc,heap,exit   ]   from space 31232K, 55% used [0x00000007fc280000,0x00000007fd370050,0x00000007fe100000)
[5597.909s][info ][gc,heap,exit   ]   to   space 30208K, 0% used [0x00000007fe280000,0x00000007fe280000,0x0000000800000000)
[5597.909s][info ][gc,heap,exit   ]  ParOldGen       total 418816K, used 351603K [0x0000000740000000, 0x0000000759900000, 0x0000000780000000)
[5597.909s][info ][gc,heap,exit   ]   object space 418816K, 83% used [0x0000000740000000,0x000000075575ced8,0x0000000759900000)
[5597.909s][info ][gc,heap,exit   ]  Metaspace       used 76362K, committed 76928K, reserved 1122304K
[5597.909s][info ][gc,heap,exit   ]   class space    used 10402K, committed 10688K, reserved 1048576K
